2026-08-13 11:28:54,386 | [92mINFO[0m: [92mTask:
TaskConfig(db=<DB.ElasticCloud: 'ElasticCloud'>, db_config=ElasticCloudConfig(db_label='elastic-english', version='', note='', cloud_id=None, scheme='http', host=SecretStr('**********'), port=9200, user='elastic', user_name=None, password=SecretStr('**********'), use_ssl=False, verify_certs=True), db_case_config=ElasticCloudFtsConfig(number_of_shards=1, number_of_replicas=0, refresh_interval='30s', use_force_merge=True, metric_type=<MetricType.BM25: 'BM25'>, bm25_k1=None, bm25_b=None), case_config=CaseConfig(case_id=<CaseType.FTSBm25Performance: 503>, custom_case={'dataset_with_size_type': 'MS MARCO Small (100K documents)', 'payload_profile': 'ids_only'}, k=10, concurrency_search_config=ConcurrencySearchConfig(num_concurrency=[1, 5, 10, 20, 30, 40, 60, 80], concurrency_duration=30, concurrency_timeout=3600, serial_cooldown=0.0)), stages=['drop_old', 'load', 'search_serial', 'search_concurrent'], load_concurrency=0)
[0m (cli.py:973) (161274)
2026-08-13 11:28:54,386 | [92mINFO[0m: [92mgenerated uuid for the tasks: 71107c125b04442095d234dbc8914021[0m (interface.py:77) (161274)
2026-08-13 11:28:54,572 | INFO | DB             | CaseType     Dataset               Filter | task_label (task_runner.py:757)
2026-08-13 11:28:54,572 | INFO | -----------    | ------------ -------------------- ------- | -------    (task_runner.py:757)
2026-08-13 11:28:54,572 | INFO | ElasticCloud-elastic-english | FullTextSearchPerformance MS MARCO-SMALL-100K      0.0 | 71107c125b04442095d234dbc8914021 (task_runner.py:757)
2026-08-13 11:28:54,572 | [92mINFO[0m: [92mtask submitted: id=71107c125b04442095d234dbc8914021, 71107c125b04442095d234dbc8914021, case number: 1[0m (interface.py:253) (161274)
2026-08-13 11:28:55,515 | [92mINFO[0m: [92m[1/1] start case: {'label': <CaseLabel.FullTextSearchPerformance: 6>, 'name': 'FTS BM25 Performance - MS MARCO Small (100K documents)', 'dataset': {'data': {'name': 'MS MARCO', 'size': 100000, 'metric_type': <MetricType.BM25: 'BM25'>}}, 'db': 'ElasticCloud-elastic-english'}, drop_old=True[0m (interface.py:185) (161314)
2026-08-13 11:28:55,515 | [92mINFO[0m: [92mStarting run[0m (task_runner.py:268) (161314)
2026-08-13 11:28:55,515 | [92mINFO[0m: [92mPreparing FTS dataset: MS MARCO FTS (SMALL)[0m (dataset.py:1009) (161314)
2026-08-13 11:28:55,515 | [92mINFO[0m: [92mDownloading FTS dataset 'msmarco-passage/dev/small' using ir_datasets[0m (data_source.py:192) (161314)
2026-08-13 11:28:55,515 | [92mINFO[0m: [92mSuccessfully loaded dataset: msmarco-passage/dev/small[0m (data_source.py:199) (161314)
2026-08-13 11:28:55,515 | [92mINFO[0m: [92mSuccessfully loaded ir_datasets dataset: msmarco-passage/dev/small[0m (dataset.py:1022) (161314)
2026-08-13 11:28:55,529 | [92mINFO[0m: [92mLoaded 6980 queries into memory[0m (dataset.py:1027) (161314)
2026-08-13 11:29:20,760 | [92mINFO[0m: [92mLoaded semantic qrels for 6980 queries; recall uses 6980 queries; selected 100000 corpus docs including 7433 qrel docs[0m (dataset.py:1055) (161314)
2026-08-13 11:29:20,761 | [92mINFO[0m: [92mFTS dataset preparation completed: MS MARCO FTS (SMALL)[0m (dataset.py:1080) (161314)
2026-08-13 11:29:21,025 | [92mINFO[0m: [92mElasticsearch client drop_old indices: vdb_bench_indice[0m (elastic_cloud.py:62) (161314)
2026-08-13 11:29:21,133 | [92mINFO[0m: [92mStart performance case[0m (task_runner.py:317) (161314)
2026-08-13 11:29:21,134 | [92mINFO[0m: [92m(SpawnProcess-1  ) Start concurrent insert, batch_size=100, max_workers=4, workload=full_text[0m (concurrent_runner.py:266) (161314)
2026-08-13 11:29:49,621 | [92mINFO[0m: [92m(SpawnProcess-1  ) Finish concurrent insert, count=100000, dur=28.49s[0m (concurrent_runner.py:287) (161314)
2026-08-13 11:29:50,424 | [92mINFO[0m: [92mElasticsearch force merge task id: UaKl2c14T4qbRmG-Wr1qZg:2261997[0m (elastic_cloud.py:335) (161314)
/root/b047/venv/lib/python3.11/site-packages/vectordb_bench/backend/clients/elastic_cloud/elastic_cloud.py:338: GeneralAvailabilityWarning: This API is in technical preview and may be changed or removed in a future release. Elastic will work to fix any issues, but features in technical preview are not subject to the support SLA of official GA features.
  task_status = self.client.tasks.get(task_id=force_merge_task_id)
2026-08-13 11:30:20,478 | [92mINFO[0m: [92mFinish loading the entire dataset into VectorDB, insert_duration=28.487864542999887, optimize_duration=30.85667781400025 load_duration(insert + optimize) = 59.3445[0m (task_runner.py:342) (161314)
2026-08-13 11:30:20,478 | [92mINFO[0m: [92mFTS concurrent test will use 6980 queries for testing[0m (task_runner.py:645) (161314)
2026-08-13 11:30:20,478 | [92mINFO[0m: [92mFTS serial recall will use 6980 queries[0m (task_runner.py:667) (161314)
2026-08-13 11:30:21,397 | [92mINFO[0m: [92mStart search 30s in concurrency 1, filters: type=<FilterOp.NonFilter: 'NonFilter'> filter_rate=0.0 gt_file_name='neighbors.parquet'[0m (mp_runner.py:189) (161314)
2026-08-13 11:30:23,400 | [92mINFO[0m: [92mSyncing all process and start concurrency search, concurrency=1[0m (mp_runner.py:196) (161314)
2026-08-13 11:30:53,402 | [92mINFO[0m: [92mSpawnProcess-1:2 search 30s: actual_dur=30.0005s, count=23777, qps in this process: 792.5535[0m (mp_runner.py:161) (162721)
2026-08-13 11:30:53,407 | [92mINFO[0m: [92mEnd search in concurrency 1: dur=30.00670351899953s, total_count=23777, qps=792.3896[0m (mp_runner.py:212) (161314)
2026-08-13 11:30:53,878 | [92mINFO[0m: [92mUpdate largest qps with concurrency 1: current max_qps=792.3896[0m (mp_runner.py:216) (161314)
2026-08-13 11:30:54,798 | [92mINFO[0m: [92mStart search 30s in concurrency 5, filters: type=<FilterOp.NonFilter: 'NonFilter'> filter_rate=0.0 gt_file_name='neighbors.parquet'[0m (mp_runner.py:189) (161314)
2026-08-13 11:30:59,803 | [92mINFO[0m: [92mSyncing all process and start concurrency search, concurrency=5[0m (mp_runner.py:196) (161314)
2026-08-13 11:31:29,805 | [92mINFO[0m: [92mSpawnProcess-1:6 search 30s: actual_dur=30.0002s, count=18606, qps in this process: 620.1959[0m (mp_runner.py:161) (163263)
2026-08-13 11:31:29,806 | [92mINFO[0m: [92mSpawnProcess-1:5 search 30s: actual_dur=30.0001s, count=18685, qps in this process: 622.8313[0m (mp_runner.py:161) (163262)
2026-08-13 11:31:29,806 | [92mINFO[0m: [92mSpawnProcess-1:4 search 30s: actual_dur=30.0003s, count=18614, qps in this process: 620.4605[0m (mp_runner.py:161) (163259)
2026-08-13 11:31:29,807 | [92mINFO[0m: [92mSpawnProcess-1:8 search 30s: actual_dur=30.0008s, count=18567, qps in this process: 618.8835[0m (mp_runner.py:161) (163265)
2026-08-13 11:31:29,808 | [92mINFO[0m: [92mSpawnProcess-1:7 search 30s: actual_dur=30.0021s, count=18621, qps in this process: 620.6566[0m (mp_runner.py:161) (163264)
2026-08-13 11:31:29,821 | [92mINFO[0m: [92mEnd search in concurrency 5: dur=30.01777154699994s, total_count=93093, qps=3101.2629[0m (mp_runner.py:212) (161314)
2026-08-13 11:31:30,500 | [92mINFO[0m: [92mUpdate largest qps with concurrency 5: current max_qps=3101.2629[0m (mp_runner.py:216) (161314)
2026-08-13 11:31:31,467 | [92mINFO[0m: [92mStart search 30s in concurrency 10, filters: type=<FilterOp.NonFilter: 'NonFilter'> filter_rate=0.0 gt_file_name='neighbors.parquet'[0m (mp_runner.py:189) (161314)
2026-08-13 11:31:41,473 | [92mINFO[0m: [92mSyncing all process and start concurrency search, concurrency=10[0m (mp_runner.py:196) (161314)
2026-08-13 11:32:11,476 | [92mINFO[0m: [92mSpawnProcess-1:10 search 30s: actual_dur=30.0013s, count=14392, qps in this process: 479.7125[0m (mp_runner.py:161) (164076)
2026-08-13 11:32:11,476 | [92mINFO[0m: [92mSpawnProcess-1:14 search 30s: actual_dur=30.0005s, count=14357, qps in this process: 478.5587[0m (mp_runner.py:161) (164082)
2026-08-13 11:32:11,477 | [92mINFO[0m: [92mSpawnProcess-1:17 search 30s: actual_dur=30.0017s, count=14355, qps in this process: 478.4729[0m (mp_runner.py:161) (164085)
2026-08-13 11:32:11,477 | [92mINFO[0m: [92mSpawnProcess-1:11 search 30s: actual_dur=30.0017s, count=14318, qps in this process: 477.2396[0m (mp_runner.py:161) (164079)
2026-08-13 11:32:11,479 | [92mINFO[0m: [92mSpawnProcess-1:13 search 30s: actual_dur=30.0001s, count=14424, qps in this process: 480.7984[0m (mp_runner.py:161) (164081)
2026-08-13 11:32:11,479 | [92mINFO[0m: [92mSpawnProcess-1:12 search 30s: actual_dur=30.0002s, count=14388, qps in this process: 479.5968[0m (mp_runner.py:161) (164080)
2026-08-13 11:32:11,479 | [92mINFO[0m: [92mSpawnProcess-1:18 search 30s: actual_dur=30.0019s, count=14343, qps in this process: 478.0697[0m (mp_runner.py:161) (164086)
2026-08-13 11:32:11,479 | [92mINFO[0m: [92mSpawnProcess-1:16 search 30s: actual_dur=30.0001s, count=14382, qps in this process: 479.3984[0m (mp_runner.py:161) (164084)
2026-08-13 11:32:11,479 | [92mINFO[0m: [92mSpawnProcess-1:19 search 30s: actual_dur=30.0022s, count=14309, qps in this process: 476.9317[0m (mp_runner.py:161) (164087)
2026-08-13 11:32:11,480 | [92mINFO[0m: [92mSpawnProcess-1:15 search 30s: actual_dur=30.0018s, count=14390, qps in this process: 479.6379[0m (mp_runner.py:161) (164083)
2026-08-13 11:32:11,504 | [92mINFO[0m: [92mEnd search in concurrency 10: dur=30.030415135000112s, total_count=143658, qps=4783.7501[0m (mp_runner.py:212) (161314)
2026-08-13 11:32:12,214 | [92mINFO[0m: [92mUpdate largest qps with concurrency 10: current max_qps=4783.7501[0m (mp_runner.py:216) (161314)
2026-08-13 11:32:13,164 | [92mINFO[0m: [92mStart search 30s in concurrency 20, filters: type=<FilterOp.NonFilter: 'NonFilter'> filter_rate=0.0 gt_file_name='neighbors.parquet'[0m (mp_runner.py:189) (161314)
2026-08-13 11:32:23,303 | [92mINFO[0m: [92mSyncing all process and start concurrency search, concurrency=20[0m (mp_runner.py:196) (161314)
2026-08-13 11:32:53,305 | [92mINFO[0m: [92mSpawnProcess-1:38 search 30s: actual_dur=30.0008s, count=8782, qps in this process: 292.7255[0m (mp_runner.py:161) (164979)
2026-08-13 11:32:53,306 | [92mINFO[0m: [92mSpawnProcess-1:21 search 30s: actual_dur=30.0005s, count=9408, qps in this process: 313.5948[0m (mp_runner.py:161) (164960)
2026-08-13 11:32:53,307 | [92mINFO[0m: [92mSpawnProcess-1:23 search 30s: actual_dur=30.0022s, count=8814, qps in this process: 293.7785[0m (mp_runner.py:161) (164964)
2026-08-13 11:32:53,307 | [92mINFO[0m: [92mSpawnProcess-1:37 search 30s: actual_dur=30.0022s, count=8734, qps in this process: 291.112[0m (mp_runner.py:161) (164978)
2026-08-13 11:32:53,307 | [92mINFO[0m: [92mSpawnProcess-1:27 search 30s: actual_dur=30.0016s, count=9313, qps in this process: 310.4168[0m (mp_runner.py:161) (164968)
2026-08-13 11:32:53,307 | [92mINFO[0m: [92mSpawnProcess-1:39 search 30s: actual_dur=30.0011s, count=9341, qps in this process: 311.3553[0m (mp_runner.py:161) (164980)
2026-08-13 11:32:53,308 | [92mINFO[0m: [92mSpawnProcess-1:24 search 30s: actual_dur=30.0009s, count=9389, qps in this process: 312.9573[0m (mp_runner.py:161) (164965)
2026-08-13 11:32:53,309 | [92mINFO[0m: [92mSpawnProcess-1:25 search 30s: actual_dur=30.0008s, count=9327, qps in this process: 310.8917[0m (mp_runner.py:161) (164966)
2026-08-13 11:32:53,309 | [92mINFO[0m: [92mSpawnProcess-1:32 search 30s: actual_dur=30.004s, count=8747, qps in this process: 291.5278[0m (mp_runner.py:161) (164973)
2026-08-13 11:32:53,310 | [92mINFO[0m: [92mSpawnProcess-1:30 search 30s: actual_dur=30.001s, count=9448, qps in this process: 314.9228[0m (mp_runner.py:161) (164971)
2026-08-13 11:32:53,310 | [92mINFO[0m: [92mSpawnProcess-1:22 search 30s: actual_dur=30.0006s, count=9435, qps in this process: 314.4937[0m (mp_runner.py:161) (164963)
2026-08-13 11:32:53,310 | [92mINFO[0m: [92mSpawnProcess-1:31 search 30s: actual_dur=30.002s, count=9348, qps in this process: 311.5792[0m (mp_runner.py:161) (164972)
2026-08-13 11:32:53,310 | [92mINFO[0m: [92mSpawnProcess-1:33 search 30s: actual_dur=30.0019s, count=9368, qps in this process: 312.2469[0m (mp_runner.py:161) (164974)
2026-08-13 11:32:53,310 | [92mINFO[0m: [92mSpawnProcess-1:28 search 30s: actual_dur=30.0015s, count=9312, qps in this process: 310.3845[0m (mp_runner.py:161) (164969)
2026-08-13 11:32:53,311 | [92mINFO[0m: [92mSpawnProcess-1:34 search 30s: actual_dur=30.0006s, count=8687, qps in this process: 289.5609[0m (mp_runner.py:161) (164975)
2026-08-13 11:32:53,312 | [92mINFO[0m: [92mSpawnProcess-1:26 search 30s: actual_dur=30.0006s, count=8750, qps in this process: 291.6608[0m (mp_runner.py:161) (164967)
2026-08-13 11:32:53,313 | [92mINFO[0m: [92mSpawnProcess-1:35 search 30s: actual_dur=30.0012s, count=8721, qps in this process: 290.6884[0m (mp_runner.py:161) (164976)
2026-08-13 11:32:53,313 | [92mINFO[0m: [92mSpawnProcess-1:29 search 30s: actual_dur=30.0032s, count=9381, qps in this process: 312.6666[0m (mp_runner.py:161) (164970)
2026-08-13 11:32:53,313 | [92mINFO[0m: [92mSpawnProcess-1:40 search 30s: actual_dur=30.0004s, count=8706, qps in this process: 290.1961[0m (mp_runner.py:161) (164981)
2026-08-13 11:32:53,317 | [92mINFO[0m: [92mSpawnProcess-1:36 search 30s: actual_dur=30.0106s, count=9377, qps in this process: 312.4563[0m (mp_runner.py:161) (164977)
2026-08-13 11:32:53,346 | [92mINFO[0m: [92mEnd search in concurrency 20: dur=30.042948066999998s, total_count=182388, qps=6070.9089[0m (mp_runner.py:212) (161314)
2026-08-13 11:32:54,303 | [92mINFO[0m: [92mUpdate largest qps with concurrency 20: current max_qps=6070.9089[0m (mp_runner.py:216) (161314)
2026-08-13 11:32:55,239 | [92mINFO[0m: [92mStart search 30s in concurrency 30, filters: type=<FilterOp.NonFilter: 'NonFilter'> filter_rate=0.0 gt_file_name='neighbors.parquet'[0m (mp_runner.py:189) (161314)
2026-08-13 11:33:05,455 | [92mINFO[0m: [92mSyncing all process and start concurrency search, concurrency=30[0m (mp_runner.py:196) (161314)
2026-08-13 11:33:35,457 | [92mINFO[0m: [92mSpawnProcess-1:46 search 30s: actual_dur=30.0002s, count=6609, qps in this process: 220.2985[0m (mp_runner.py:161) (166081)
2026-08-13 11:33:35,457 | [92mINFO[0m: [92mSpawnProcess-1:50 search 30s: actual_dur=30.0008s, count=6541, qps in this process: 218.0275[0m (mp_runner.py:161) (166085)
2026-08-13 11:33:35,458 | [92mINFO[0m: [92mSpawnProcess-1:67 search 30s: actual_dur=30.0013s, count=6549, qps in this process: 218.2905[0m (mp_runner.py:161) (166102)
2026-08-13 11:33:35,458 | [92mINFO[0m: [92mSpawnProcess-1:45 search 30s: actual_dur=30.0009s, count=6593, qps in this process: 219.7601[0m (mp_runner.py:161) (166080)
2026-08-13 11:33:35,459 | [92mINFO[0m: [92mSpawnProcess-1:63 search 30s: actual_dur=30.002s, count=6578, qps in this process: 219.252[0m (mp_runner.py:161) (166098)
2026-08-13 11:33:35,460 | [92mINFO[0m: [92mSpawnProcess-1:70 search 30s: actual_dur=30.0013s, count=6534, qps in this process: 217.7906[0m (mp_runner.py:161) (166107)
2026-08-13 11:33:35,461 | [92mINFO[0m: [92mSpawnProcess-1:43 search 30s: actual_dur=30.0014s, count=6594, qps in this process: 219.7897[0m (mp_runner.py:161) (166078)
2026-08-13 11:33:35,462 | [92mINFO[0m: [92mSpawnProcess-1:54 search 30s: actual_dur=30.0029s, count=6532, qps in this process: 217.7123[0m (mp_runner.py:161) (166089)
2026-08-13 11:33:35,463 | [92mINFO[0m: [92mSpawnProcess-1:49 search 30s: actual_dur=30.0022s, count=6540, qps in this process: 217.984[0m (mp_runner.py:161) (166084)
2026-08-13 11:33:35,464 | [92mINFO[0m: [92mSpawnProcess-1:53 search 30s: actual_dur=30.0036s, count=6536, qps in this process: 217.8405[0m (mp_runner.py:161) (166088)
2026-08-13 11:33:35,464 | [92mINFO[0m: [92mSpawnProcess-1:52 search 30s: actual_dur=30.0038s, count=6505, qps in this process: 216.8059[0m (mp_runner.py:161) (166087)
2026-08-13 11:33:35,464 | [92mINFO[0m: [92mSpawnProcess-1:58 search 30s: actual_dur=30.0047s, count=6503, qps in this process: 216.7327[0m (mp_runner.py:161) (166093)
2026-08-13 11:33:35,465 | [92mINFO[0m: [92mSpawnProcess-1:57 search 30s: actual_dur=30.0074s, count=6630, qps in this process: 220.9455[0m (mp_runner.py:161) (166092)
2026-08-13 11:33:35,465 | [92mINFO[0m: [92mSpawnProcess-1:44 search 30s: actual_dur=30.0035s, count=6586, qps in this process: 219.5077[0m (mp_runner.py:161) (166079)
2026-08-13 11:33:35,466 | [92mINFO[0m: [92mSpawnProcess-1:69 search 30s: actual_dur=30.0042s, count=6619, qps in this process: 220.6024[0m (mp_runner.py:161) (166104)
2026-08-13 11:33:35,466 | [92mINFO[0m: [92mSpawnProcess-1:51 search 30s: actual_dur=30.0037s, count=6576, qps in this process: 219.173[0m (mp_runner.py:161) (166086)
2026-08-13 11:33:35,467 | [92mINFO[0m: [92mSpawnProcess-1:55 search 30s: actual_dur=30.0069s, count=6521, qps in this process: 217.3167[0m (mp_runner.py:161) (166090)
2026-08-13 11:33:35,468 | [92mINFO[0m: [92mSpawnProcess-1:71 search 30s: actual_dur=30.0047s, count=6596, qps in this process: 219.8322[0m (mp_runner.py:161) (166108)
2026-08-13 11:33:35,468 | [92mINFO[0m: [92mSpawnProcess-1:60 search 30s: actual_dur=30.0029s, count=6604, qps in this process: 220.1121[0m (mp_runner.py:161) (166095)
2026-08-13 11:33:35,469 | [92mINFO[0m: [92mSpawnProcess-1:64 search 30s: actual_dur=30.002s, count=6611, qps in this process: 220.352[0m (mp_runner.py:161) (166099)
2026-08-13 11:33:35,469 | [92mINFO[0m: [92mSpawnProcess-1:66 search 30s: actual_dur=30.0009s, count=6628, qps in this process: 220.9267[0m (mp_runner.py:161) (166101)
2026-08-13 11:33:35,469 | [92mINFO[0m: [92mSpawnProcess-1:48 search 30s: actual_dur=30.0007s, count=6554, qps in this process: 218.4616[0m (mp_runner.py:161) (166083)
2026-08-13 11:33:35,470 | [92mINFO[0m: [92mSpawnProcess-1:61 search 30s: actual_dur=30.0027s, count=6503, qps in this process: 216.7472[0m (mp_runner.py:161) (166096)
2026-08-13 11:33:35,470 | [92mINFO[0m: [92mSpawnProcess-1:47 search 30s: actual_dur=30.0006s, count=6573, qps in this process: 219.0956[0m (mp_runner.py:161) (166082)
2026-08-13 11:33:35,472 | [92mINFO[0m: [92mSpawnProcess-1:65 search 30s: actual_dur=30.0013s, count=6555, qps in this process: 218.4905[0m (mp_runner.py:161) (166100)
2026-08-13 11:33:35,472 | [92mINFO[0m: [92mSpawnProcess-1:56 search 30s: actual_dur=30.0003s, count=6485, qps in this process: 216.1645[0m (mp_runner.py:161) (166091)
2026-08-13 11:33:35,474 | [92mINFO[0m: [92mSpawnProcess-1:59 search 30s: actual_dur=30.0006s, count=6498, qps in this process: 216.5957[0m (mp_runner.py:161) (166094)
2026-08-13 11:33:35,474 | [92mINFO[0m: [92mSpawnProcess-1:42 search 30s: actual_dur=30.0021s, count=6560, qps in this process: 218.6514[0m (mp_runner.py:161) (166075)
2026-08-13 11:33:35,474 | [92mINFO[0m: [92mSpawnProcess-1:68 search 30s: actual_dur=30.0007s, count=6582, qps in this process: 219.3949[0m (mp_runner.py:161) (166103)
2026-08-13 11:33:35,477 | [92mINFO[0m: [92mSpawnProcess-1:62 search 30s: actual_dur=30.0018s, count=6577, qps in this process: 219.2202[0m (mp_runner.py:161) (166097)
2026-08-13 11:33:35,516 | [92mINFO[0m: [92mEnd search in concurrency 30: dur=30.06083868299993s, total_count=196872, qps=6549.1187[0m (mp_runner.py:212) (161314)
2026-08-13 11:33:36,784 | [92mINFO[0m: [92mUpdate largest qps with concurrency 30: current max_qps=6549.1187[0m (mp_runner.py:216) (161314)
2026-08-13 11:33:37,735 | [92mINFO[0m: [92mStart search 30s in concurrency 40, filters: type=<FilterOp.NonFilter: 'NonFilter'> filter_rate=0.0 gt_file_name='neighbors.parquet'[0m (mp_runner.py:189) (161314)
2026-08-13 11:33:48,163 | [92mINFO[0m: [92mSyncing all process and start concurrency search, concurrency=40[0m (mp_runner.py:196) (161314)
2026-08-13 11:34:18,166 | [92mINFO[0m: [92mSpawnProcess-1:91 search 30s: actual_dur=30.0017s, count=5065, qps in this process: 168.8238[0m (mp_runner.py:161) (167635)
2026-08-13 11:34:18,168 | [92mINFO[0m: [92mSpawnProcess-1:104 search 30s: actual_dur=30.0037s, count=5074, qps in this process: 169.1125[0m (mp_runner.py:161) (167648)
2026-08-13 11:34:18,168 | [92mINFO[0m: [92mSpawnProcess-1:81 search 30s: actual_dur=30.0012s, count=5145, qps in this process: 171.4931[0m (mp_runner.py:161) (167625)
2026-08-13 11:34:18,170 | [92mINFO[0m: [92mSpawnProcess-1:102 search 30s: actual_dur=30.0009s, count=5126, qps in this process: 170.8615[0m (mp_runner.py:161) (167646)
2026-08-13 11:34:18,170 | [92mINFO[0m: [92mSpawnProcess-1:84 search 30s: actual_dur=30.0035s, count=5075, qps in this process: 169.1469[0m (mp_runner.py:161) (167628)
2026-08-13 11:34:18,170 | [92mINFO[0m: [92mSpawnProcess-1:95 search 30s: actual_dur=30.003s, count=5118, qps in this process: 170.5829[0m (mp_runner.py:161) (167639)
2026-08-13 11:34:18,170 | [92mINFO[0m: [92mSpawnProcess-1:96 search 30s: actual_dur=30.0009s, count=5093, qps in this process: 169.7616[0m (mp_runner.py:161) (167640)
2026-08-13 11:34:18,171 | [92mINFO[0m: [92mSpawnProcess-1:92 search 30s: actual_dur=30.0004s, count=5169, qps in this process: 172.2977[0m (mp_runner.py:161) (167636)
2026-08-13 11:34:18,171 | [92mINFO[0m: [92mSpawnProcess-1:76 search 30s: actual_dur=30.0022s, count=5035, qps in this process: 167.821[0m (mp_runner.py:161) (167620)
2026-08-13 11:34:18,171 | [92mINFO[0m: [92mSpawnProcess-1:103 search 30s: actual_dur=30.0028s, count=5082, qps in this process: 169.3842[0m (mp_runner.py:161) (167647)
2026-08-13 11:34:18,170 | [92mINFO[0m: [92mSpawnProcess-1:83 search 30s: actual_dur=30.0016s, count=5155, qps in this process: 171.8242[0m (mp_runner.py:161) (167627)
2026-08-13 11:34:18,174 | [92mINFO[0m: [92mSpawnProcess-1:109 search 30s: actual_dur=30.0021s, count=5270, qps in this process: 175.6544[0m (mp_runner.py:161) (167653)
2026-08-13 11:34:18,174 | [92mINFO[0m: [92mSpawnProcess-1:85 search 30s: actual_dur=30.0052s, count=5161, qps in this process: 172.0035[0m (mp_runner.py:161) (167629)
2026-08-13 11:34:18,174 | [92mINFO[0m: [92mSpawnProcess-1:82 search 30s: actual_dur=30.007s, count=5130, qps in this process: 170.9601[0m (mp_runner.py:161) (167626)
2026-08-13 11:34:18,174 | [92mINFO[0m: [92mSpawnProcess-1:87 search 30s: actual_dur=30.0034s, count=5249, qps in this process: 174.9468[0m (mp_runner.py:161) (167631)
2026-08-13 11:34:18,174 | [92mINFO[0m: [92mSpawnProcess-1:97 search 30s: actual_dur=30.0019s, count=5058, qps in this process: 168.5893[0m (mp_runner.py:161) (167641)
2026-08-13 11:34:18,175 | [92mINFO[0m: [92mSpawnProcess-1:111 search 30s: actual_dur=30.0037s, count=5198, qps in this process: 173.2453[0m (mp_runner.py:161) (167655)
2026-08-13 11:34:18,176 | [92mINFO[0m: [92mSpawnProcess-1:106 search 30s: actual_dur=30.0008s, count=5174, qps in this process: 172.4621[0m (mp_runner.py:161) (167650)
2026-08-13 11:34:18,176 | [92mINFO[0m: [92mSpawnProcess-1:99 search 30s: actual_dur=30.0008s, count=5138, qps in this process: 171.2621[0m (mp_runner.py:161) (167643)
2026-08-13 11:34:18,177 | [92mINFO[0m: [92mSpawnProcess-1:94 search 30s: actual_dur=30.0015s, count=5148, qps in this process: 171.5914[0m (mp_runner.py:161) (167638)
2026-08-13 11:34:18,178 | [92mINFO[0m: [92mSpawnProcess-1:77 search 30s: actual_dur=30.0028s, count=5102, qps in this process: 170.0508[0m (mp_runner.py:161) (167621)
2026-08-13 11:34:18,179 | [92mINFO[0m: [92mSpawnProcess-1:75 search 30s: actual_dur=30.0021s, count=5181, qps in this process: 172.6879[0m (mp_runner.py:161) (167619)
2026-08-13 11:34:18,180 | [92mINFO[0m: [92mSpawnProcess-1:74 search 30s: actual_dur=30.0011s, count=5189, qps in this process: 172.9603[0m (mp_runner.py:161) (167618)
2026-08-13 11:34:18,182 | [92mINFO[0m: [92mSpawnProcess-1:80 search 30s: actual_dur=30.0027s, count=5124, qps in this process: 170.7846[0m (mp_runner.py:161) (167624)
2026-08-13 11:34:18,183 | [92mINFO[0m: [92mSpawnProcess-1:88 search 30s: actual_dur=30.0022s, count=5123, qps in this process: 170.7541[0m (mp_runner.py:161) (167632)
2026-08-13 11:34:18,184 | [92mINFO[0m: [92mSpawnProcess-1:93 search 30s: actual_dur=30.0012s, count=5159, qps in this process: 171.9598[0m (mp_runner.py:161) (167637)
2026-08-13 11:34:18,186 | [92mINFO[0m: [92mSpawnProcess-1:100 search 30s: actual_dur=30.0026s, count=5131, qps in this process: 171.0185[0m (mp_runner.py:161) (167644)
2026-08-13 11:34:18,187 | [92mINFO[0m: [92mSpawnProcess-1:78 search 30s: actual_dur=30.0065s, count=5025, qps in this process: 167.4637[0m (mp_runner.py:161) (167622)
2026-08-13 11:34:18,187 | [92mINFO[0m: [92mSpawnProcess-1:89 search 30s: actual_dur=30.0013s, count=5125, qps in this process: 170.8259[0m (mp_runner.py:161) (167633)
2026-08-13 11:34:18,188 | [92mINFO[0m: [92mSpawnProcess-1:98 search 30s: actual_dur=30.0002s, count=5171, qps in this process: 172.3655[0m (mp_runner.py:161) (167642)
2026-08-13 11:34:18,189 | [92mINFO[0m: [92mSpawnProcess-1:101 search 30s: actual_dur=30.0035s, count=5165, qps in this process: 172.1466[0m (mp_runner.py:161) (167645)
2026-08-13 11:34:18,190 | [92mINFO[0m: [92mSpawnProcess-1:86 search 30s: actual_dur=30.0054s, count=5172, qps in this process: 172.369[0m (mp_runner.py:161) (167630)
2026-08-13 11:34:18,191 | [92mINFO[0m: [92mSpawnProcess-1:90 search 30s: actual_dur=30.0011s, count=5031, qps in this process: 167.6939[0m (mp_runner.py:161) (167634)
2026-08-13 11:34:18,193 | [92mINFO[0m: [92mSpawnProcess-1:79 search 30s: actual_dur=30.0005s, count=5062, qps in this process: 168.7305[0m (mp_runner.py:161) (167623)
2026-08-13 11:34:18,193 | [92mINFO[0m: [92mSpawnProcess-1:108 search 30s: actual_dur=30.0013s, count=5121, qps in this process: 170.6926[0m (mp_runner.py:161) (167652)
2026-08-13 11:34:18,193 | [92mINFO[0m: [92mSpawnProcess-1:73 search 30s: actual_dur=30.0017s, count=5127, qps in this process: 170.8903[0m (mp_runner.py:161) (167615)
2026-08-13 11:34:18,193 | [92mINFO[0m: [92mSpawnProcess-1:110 search 30s: actual_dur=30.0002s, count=5155, qps in this process: 171.8322[0m (mp_runner.py:161) (167654)
2026-08-13 11:34:18,194 | [92mINFO[0m: [92mSpawnProcess-1:105 search 30s: actual_dur=30.0007s, count=5126, qps in this process: 170.8627[0m (mp_runner.py:161) (167649)
2026-08-13 11:34:18,198 | [92mINFO[0m: [92mSpawnProcess-1:107 search 30s: actual_dur=30.0007s, count=5189, qps in this process: 172.9626[0m (mp_runner.py:161) (167651)
2026-08-13 11:34:18,199 | [92mINFO[0m: [92mSpawnProcess-1:112 search 30s: actual_dur=30.0014s, count=5153, qps in this process: 171.7587[0m (mp_runner.py:161) (167656)
2026-08-13 11:34:18,242 | [92mINFO[0m: [92mEnd search in concurrency 40: dur=30.07857336500001s, total_count=205294, qps=6825.2572[0m (mp_runner.py:212) (161314)
2026-08-13 11:34:19,808 | [92mINFO[0m: [92mUpdate largest qps with concurrency 40: current max_qps=6825.2572[0m (mp_runner.py:216) (161314)
2026-08-13 11:34:20,755 | [92mINFO[0m: [92mStart search 30s in concurrency 60, filters: type=<FilterOp.NonFilter: 'NonFilter'> filter_rate=0.0 gt_file_name='neighbors.parquet'[0m (mp_runner.py:189) (161314)
2026-08-13 11:34:31,598 | [92mINFO[0m: [92mSyncing all process and start concurrency search, concurrency=60[0m (mp_runner.py:196) (161314)
2026-08-13 11:35:01,605 | [92mINFO[0m: [92mSpawnProcess-1:133 search 30s: actual_dur=30.0027s, count=3781, qps in this process: 126.022[0m (mp_runner.py:161) (169258)
2026-08-13 11:35:01,605 | [92mINFO[0m: [92mSpawnProcess-1:169 search 30s: actual_dur=30.0052s, count=3695, qps in this process: 123.1453[0m (mp_runner.py:161) (169294)
2026-08-13 11:35:01,607 | [92mINFO[0m: [92mSpawnProcess-1:127 search 30s: actual_dur=30.0024s, count=3626, qps in this process: 120.857[0m (mp_runner.py:161) (169252)
2026-08-13 11:35:01,607 | [92mINFO[0m: [92mSpawnProcess-1:122 search 30s: actual_dur=30.0017s, count=3682, qps in this process: 122.7264[0m (mp_runner.py:161) (169247)
2026-08-13 11:35:01,607 | [92mINFO[0m: [92mSpawnProcess-1:114 search 30s: actual_dur=30.002s, count=3666, qps in this process: 122.1919[0m (mp_runner.py:161) (169237)
2026-08-13 11:35:01,608 | [92mINFO[0m: [92mSpawnProcess-1:115 search 30s: actual_dur=30.0047s, count=3724, qps in this process: 124.1139[0m (mp_runner.py:161) (169240)
2026-08-13 11:35:01,608 | [92mINFO[0m: [92mSpawnProcess-1:120 search 30s: actual_dur=30.0004s, count=3630, qps in this process: 120.9984[0m (mp_runner.py:161) (169245)
2026-08-13 11:35:01,609 | [92mINFO[0m: [92mSpawnProcess-1:150 search 30s: actual_dur=30.0031s, count=3656, qps in this process: 121.8541[0m (mp_runner.py:161) (169275)
2026-08-13 11:35:01,609 | [92mINFO[0m: [92mSpawnProcess-1:118 search 30s: actual_dur=30.0064s, count=3689, qps in this process: 122.9404[0m (mp_runner.py:161) (169243)
2026-08-13 11:35:01,610 | [92mINFO[0m: [92mSpawnProcess-1:149 search 30s: actual_dur=30.0014s, count=3715, qps in this process: 123.8276[0m (mp_runner.py:161) (169274)
2026-08-13 11:35:01,610 | [92mINFO[0m: [92mSpawnProcess-1:132 search 30s: actual_dur=30.0079s, count=3698, qps in this process: 123.2342[0m (mp_runner.py:161) (169257)
2026-08-13 11:35:01,610 | [92mINFO[0m: [92mSpawnProcess-1:123 search 30s: actual_dur=30.0082s, count=3708, qps in this process: 123.5662[0m (mp_runner.py:161) (169248)
2026-08-13 11:35:01,612 | [92mINFO[0m: [92mSpawnProcess-1:128 search 30s: actual_dur=30.0085s, count=3711, qps in this process: 123.665[0m (mp_runner.py:161) (169253)
2026-08-13 11:35:01,614 | [92mINFO[0m: [92mSpawnProcess-1:144 search 30s: actual_dur=30.0009s, count=3669, qps in this process: 122.2963[0m (mp_runner.py:161) (169269)
2026-08-13 11:35:01,614 | [92mINFO[0m: [92mSpawnProcess-1:157 search 30s: actual_dur=30.0111s, count=3682, qps in this process: 122.6879[0m (mp_runner.py:161) (169282)
2026-08-13 11:35:01,614 | [92mINFO[0m: [92mSpawnProcess-1:139 search 30s: actual_dur=30.0029s, count=3725, qps in this process: 124.1547[0m (mp_runner.py:161) (169264)
2026-08-13 11:35:01,615 | [92mINFO[0m: [92mSpawnProcess-1:156 search 30s: actual_dur=30.0072s, count=3695, qps in this process: 123.1371[0m (mp_runner.py:161) (169281)
2026-08-13 11:35:01,615 | [92mINFO[0m: [92mSpawnProcess-1:147 search 30s: actual_dur=30.0045s, count=3747, qps in this process: 124.8813[0m (mp_runner.py:161) (169272)
2026-08-13 11:35:01,616 | [92mINFO[0m: [92mSpawnProcess-1:143 search 30s: actual_dur=30.0065s, count=3622, qps in this process: 120.7072[0m (mp_runner.py:161) (169268)
2026-08-13 11:35:01,617 | [92mINFO[0m: [92mSpawnProcess-1:161 search 30s: actual_dur=30.0005s, count=3719, qps in this process: 123.9646[0m (mp_runner.py:161) (169286)
2026-08-13 11:35:01,617 | [92mINFO[0m: [92mSpawnProcess-1:158 search 30s: actual_dur=30.0125s, count=3693, qps in this process: 123.0487[0m (mp_runner.py:161) (169283)
2026-08-13 11:35:01,620 | [92mINFO[0m: [92mSpawnProcess-1:165 search 30s: actual_dur=30.0035s, count=3720, qps in this process: 123.9855[0m (mp_runner.py:161) (169290)
2026-08-13 11:35:01,620 | [92mINFO[0m: [92mSpawnProcess-1:134 search 30s: actual_dur=30.0051s, count=3707, qps in this process: 123.5457[0m (mp_runner.py:161) (169259)
2026-08-13 11:35:01,620 | [92mINFO[0m: [92mSpawnProcess-1:130 search 30s: actual_dur=30.0098s, count=3639, qps in this process: 121.2604[0m (mp_runner.py:161) (169255)
2026-08-13 11:35:01,623 | [92mINFO[0m: [92mSpawnProcess-1:162 search 30s: actual_dur=30.0032s, count=3717, qps in this process: 123.8868[0m (mp_runner.py:161) (169287)
2026-08-13 11:35:01,624 | [92mINFO[0m: [92mSpawnProcess-1:146 search 30s: actual_dur=30.0005s, count=3751, qps in this process: 125.0312[0m (mp_runner.py:161) (169271)
2026-08-13 11:35:01,625 | [92mINFO[0m: [92mSpawnProcess-1:125 search 30s: actual_dur=30.0066s, count=3636, qps in this process: 121.1733[0m (mp_runner.py:161) (169250)
2026-08-13 11:35:01,626 | [92mINFO[0m: [92mSpawnProcess-1:131 search 30s: actual_dur=30.0039s, count=3659, qps in this process: 121.9508[0m (mp_runner.py:161) (169256)
2026-08-13 11:35:01,627 | [92mINFO[0m: [92mSpawnProcess-1:136 search 30s: actual_dur=30.0041s, count=3685, qps in this process: 122.8165[0m (mp_runner.py:161) (169261)
2026-08-13 11:35:01,627 | [92mINFO[0m: [92mSpawnProcess-1:121 search 30s: actual_dur=30.0066s, count=3708, qps in this process: 123.5728[0m (mp_runner.py:161) (169246)
2026-08-13 11:35:01,628 | [92mINFO[0m: [92mSpawnProcess-1:168 search 30s: actual_dur=30.002s, count=3677, qps in this process: 122.5585[0m (mp_runner.py:161) (169293)
2026-08-13 11:35:01,629 | [92mINFO[0m: [92mSpawnProcess-1:154 search 30s: actual_dur=30.0024s, count=3692, qps in this process: 123.0568[0m (mp_runner.py:161) (169279)
2026-08-13 11:35:01,631 | [92mINFO[0m: [92mSpawnProcess-1:145 search 30s: actual_dur=30.0068s, count=3711, qps in this process: 123.672[0m (mp_runner.py:161) (169270)
2026-08-13 11:35:01,631 | [92mINFO[0m: [92mSpawnProcess-1:124 search 30s: actual_dur=30.0s, count=3689, qps in this process: 122.9667[0m (mp_runner.py:161) (169249)
2026-08-13 11:35:01,632 | [92mINFO[0m: [92mSpawnProcess-1:137 search 30s: actual_dur=30.0027s, count=3650, qps in this process: 121.6557[0m (mp_runner.py:161) (169262)
2026-08-13 11:35:01,634 | [92mINFO[0m: [92mSpawnProcess-1:151 search 30s: actual_dur=30.0055s, count=3772, qps in this process: 125.7103[0m (mp_runner.py:161) (169276)
2026-08-13 11:35:01,635 | [92mINFO[0m: [92mSpawnProcess-1:135 search 30s: actual_dur=30.0038s, count=3725, qps in this process: 124.1509[0m (mp_runner.py:161) (169260)
2026-08-13 11:35:01,638 | [92mINFO[0m: [92mSpawnProcess-1:148 search 30s: actual_dur=30.0024s, count=3718, qps in this process: 123.9234[0m (mp_runner.py:161) (169273)
2026-08-13 11:35:01,638 | [92mINFO[0m: [92mSpawnProcess-1:140 search 30s: actual_dur=30.004s, count=3687, qps in this process: 122.8836[0m (mp_runner.py:161) (169265)
2026-08-13 11:35:01,640 | [92mINFO[0m: [92mSpawnProcess-1:167 search 30s: actual_dur=30.0037s, count=3726, qps in this process: 124.1847[0m (mp_runner.py:161) (169292)
2026-08-13 11:35:01,640 | [92mINFO[0m: [92mSpawnProcess-1:152 search 30s: actual_dur=30.0006s, count=3686, qps in this process: 122.8642[0m (mp_runner.py:161) (169277)
2026-08-13 11:35:01,642 | [92mINFO[0m: [92mSpawnProcess-1:155 search 30s: actual_dur=30.0001s, count=3704, qps in this process: 123.4663[0m (mp_runner.py:161) (169280)
2026-08-13 11:35:01,642 | [92mINFO[0m: [92mSpawnProcess-1:159 search 30s: actual_dur=30.0032s, count=3676, qps in this process: 122.5203[0m (mp_runner.py:161) (169284)
2026-08-13 11:35:01,643 | [92mINFO[0m: [92mSpawnProcess-1:163 search 30s: actual_dur=30.0005s, count=3633, qps in this process: 121.098[0m (mp_runner.py:161) (169288)
2026-08-13 11:35:01,645 | [92mINFO[0m: [92mSpawnProcess-1:166 search 30s: actual_dur=30.0026s, count=3782, qps in this process: 126.0557[0m (mp_runner.py:161) (169291)
2026-08-13 11:35:01,646 | [92mINFO[0m: [92mSpawnProcess-1:153 search 30s: actual_dur=30.0041s, count=3679, qps in this process: 122.6166[0m (mp_runner.py:161) (169278)
2026-08-13 11:35:01,647 | [92mINFO[0m: [92mSpawnProcess-1:171 search 30s: actual_dur=30.0019s, count=3688, qps in this process: 122.9255[0m (mp_runner.py:161) (169296)
2026-08-13 11:35:01,648 | [92mINFO[0m: [92mSpawnProcess-1:173 search 30s: actual_dur=30.0004s, count=3687, qps in this process: 122.8984[0m (mp_runner.py:161) (169298)
2026-08-13 11:35:01,652 | [92mINFO[0m: [92mSpawnProcess-1:138 search 30s: actual_dur=30.0012s, count=3707, qps in this process: 123.5617[0m (mp_runner.py:161) (169263)
2026-08-13 11:35:01,653 | [92mINFO[0m: [92mSpawnProcess-1:116 search 30s: actual_dur=30.0014s, count=3723, qps in this process: 124.0942[0m (mp_runner.py:161) (169241)
2026-08-13 11:35:01,653 | [92mINFO[0m: [92mSpawnProcess-1:164 search 30s: actual_dur=30.0001s, count=3706, qps in this process: 123.5329[0m (mp_runner.py:161) (169289)
2026-08-13 11:35:01,655 | [92mINFO[0m: [92mSpawnProcess-1:119 search 30s: actual_dur=30.0008s, count=3694, qps in this process: 123.13[0m (mp_runner.py:161) (169244)
2026-08-13 11:35:01,658 | [92mINFO[0m: [92mSpawnProcess-1:129 search 30s: actual_dur=30.0008s, count=3661, qps in this process: 122.0301[0m (mp_runner.py:161) (169254)
2026-08-13 11:35:01,661 | [92mINFO[0m: [92mSpawnProcess-1:170 search 30s: actual_dur=30.0005s, count=3767, qps in this process: 125.5646[0m (mp_runner.py:161) (169295)
2026-08-13 11:35:01,662 | [92mINFO[0m: [92mSpawnProcess-1:142 search 30s: actual_dur=30.0009s, count=3728, qps in this process: 124.2629[0m (mp_runner.py:161) (169267)
2026-08-13 11:35:01,662 | [92mINFO[0m: [92mSpawnProcess-1:117 search 30s: actual_dur=30.0017s, count=3679, qps in this process: 122.6264[0m (mp_runner.py:161) (169242)
2026-08-13 11:35:01,663 | [92mINFO[0m: [92mSpawnProcess-1:160 search 30s: actual_dur=30.0013s, count=3729, qps in this process: 124.2946[0m (mp_runner.py:161) (169285)
2026-08-13 11:35:01,666 | [92mINFO[0m: [92mSpawnProcess-1:141 search 30s: actual_dur=30.0017s, count=3642, qps in this process: 121.3931[0m (mp_runner.py:161) (169266)
2026-08-13 11:35:01,667 | [92mINFO[0m: [92mSpawnProcess-1:126 search 30s: actual_dur=30.0004s, count=3806, qps in this process: 126.865[0m (mp_runner.py:161) (169251)
2026-08-13 11:35:01,671 | [92mINFO[0m: [92mSpawnProcess-1:172 search 30s: actual_dur=30.0015s, count=3698, qps in this process: 123.2605[0m (mp_runner.py:161) (169297)
2026-08-13 11:35:01,726 | [92mINFO[0m: [92mEnd search in concurrency 60: dur=30.126437615000214s, total_count=221877, qps=7364.8602[0m (mp_runner.py:212) (161314)
2026-08-13 11:35:03,984 | [92mINFO[0m: [92mUpdate largest qps with concurrency 60: current max_qps=7364.8602[0m (mp_runner.py:216) (161314)
2026-08-13 11:35:04,941 | [92mINFO[0m: [92mStart search 30s in concurrency 80, filters: type=<FilterOp.NonFilter: 'NonFilter'> filter_rate=0.0 gt_file_name='neighbors.parquet'[0m (mp_runner.py:189) (161314)
2026-08-13 11:35:16,142 | [92mINFO[0m: [92mSyncing all process and start concurrency search, concurrency=80[0m (mp_runner.py:196) (161314)
2026-08-13 11:35:46,146 | [92mINFO[0m: [92mSpawnProcess-1:206 search 30s: actual_dur=30.0013s, count=2923, qps in this process: 97.4291[0m (mp_runner.py:161) (171556)
2026-08-13 11:35:46,148 | [92mINFO[0m: [92mSpawnProcess-1:217 search 30s: actual_dur=30.0033s, count=2871, qps in this process: 95.6895[0m (mp_runner.py:161) (171567)
2026-08-13 11:35:46,149 | [92mINFO[0m: [92mSpawnProcess-1:235 search 30s: actual_dur=30.0015s, count=2874, qps in this process: 95.7952[0m (mp_runner.py:161) (171585)
2026-08-13 11:35:46,149 | [92mINFO[0m: [92mSpawnProcess-1:231 search 30s: actual_dur=30.0046s, count=2895, qps in this process: 96.4852[0m (mp_runner.py:161) (171581)
2026-08-13 11:35:46,149 | [92mINFO[0m: [92mSpawnProcess-1:223 search 30s: actual_dur=30.0042s, count=2900, qps in this process: 96.6531[0m (mp_runner.py:161) (171573)
2026-08-13 11:35:46,151 | [92mINFO[0m: [92mSpawnProcess-1:245 search 30s: actual_dur=30.0011s, count=2928, qps in this process: 97.5964[0m (mp_runner.py:161) (171595)
2026-08-13 11:35:46,150 | [92mINFO[0m: [92mSpawnProcess-1:227 search 30s: actual_dur=30.0047s, count=2841, qps in this process: 94.6852[0m (mp_runner.py:161) (171577)
2026-08-13 11:35:46,152 | [92mINFO[0m: [92mSpawnProcess-1:221 search 30s: actual_dur=30.0031s, count=2882, qps in this process: 96.0567[0m (mp_runner.py:161) (171571)
2026-08-13 11:35:46,154 | [92mINFO[0m: [92mSpawnProcess-1:246 search 30s: actual_dur=30.0017s, count=2902, qps in this process: 96.7279[0m (mp_runner.py:161) (171596)
2026-08-13 11:35:46,154 | [92mINFO[0m: [92mSpawnProcess-1:248 search 30s: actual_dur=30.0056s, count=2843, qps in this process: 94.749[0m (mp_runner.py:161) (171613)
2026-08-13 11:35:46,154 | [92mINFO[0m: [92mSpawnProcess-1:225 search 30s: actual_dur=30.0069s, count=2923, qps in this process: 97.4109[0m (mp_runner.py:161) (171575)
2026-08-13 11:35:46,155 | [92mINFO[0m: [92mSpawnProcess-1:200 search 30s: actual_dur=30.0049s, count=2878, qps in this process: 95.9177[0m (mp_runner.py:161) (171550)
2026-08-13 11:35:46,156 | [92mINFO[0m: [92mSpawnProcess-1:198 search 30s: actual_dur=30.0062s, count=2856, qps in this process: 95.1803[0m (mp_runner.py:161) (171548)
2026-08-13 11:35:46,157 | [92mINFO[0m: [92mSpawnProcess-1:243 search 30s: actual_dur=30.0027s, count=2910, qps in this process: 96.9913[0m (mp_runner.py:161) (171593)
2026-08-13 11:35:46,157 | [92mINFO[0m: [92mSpawnProcess-1:226 search 30s: actual_dur=30.0025s, count=2874, qps in this process: 95.792[0m (mp_runner.py:161) (171576)
2026-08-13 11:35:46,159 | [92mINFO[0m: [92mSpawnProcess-1:212 search 30s: actual_dur=30.0091s, count=2870, qps in this process: 95.6377[0m (mp_runner.py:161) (171562)
2026-08-13 11:35:46,160 | [92mINFO[0m: [92mSpawnProcess-1:184 search 30s: actual_dur=30.0041s, count=2865, qps in this process: 95.487[0m (mp_runner.py:161) (171534)
2026-08-13 11:35:46,160 | [92mINFO[0m: [92mSpawnProcess-1:202 search 30s: actual_dur=30.001s, count=2904, qps in this process: 96.7968[0m (mp_runner.py:161) (171552)
2026-08-13 11:35:46,161 | [92mINFO[0m: [92mSpawnProcess-1:193 search 30s: actual_dur=30.0018s, count=2881, qps in this process: 96.0276[0m (mp_runner.py:161) (171543)
2026-08-13 11:35:46,161 | [92mINFO[0m: [92mSpawnProcess-1:185 search 30s: actual_dur=30.0085s, count=2856, qps in this process: 95.173[0m (mp_runner.py:161) (171535)
2026-08-13 11:35:46,164 | [92mINFO[0m: [92mSpawnProcess-1:236 search 30s: actual_dur=30.0001s, count=2877, qps in this process: 95.8997[0m (mp_runner.py:161) (171586)
2026-08-13 11:35:46,165 | [92mINFO[0m: [92mSpawnProcess-1:234 search 30s: actual_dur=30.003s, count=2851, qps in this process: 95.0238[0m (mp_runner.py:161) (171584)
2026-08-13 11:35:46,165 | [92mINFO[0m: [92mSpawnProcess-1:188 search 30s: actual_dur=30.0045s, count=2848, qps in this process: 94.9191[0m (mp_runner.py:161) (171538)
2026-08-13 11:35:46,167 | [92mINFO[0m: [92mSpawnProcess-1:181 search 30s: actual_dur=30.0056s, count=2811, qps in this process: 93.6825[0m (mp_runner.py:161) (171531)
2026-08-13 11:35:46,168 | [92mINFO[0m: [92mSpawnProcess-1:196 search 30s: actual_dur=30.0166s, count=2876, qps in this process: 95.8136[0m (mp_runner.py:161) (171546)
2026-08-13 11:35:46,169 | [92mINFO[0m: [92mSpawnProcess-1:194 search 30s: actual_dur=30.0131s, count=2884, qps in this process: 96.0914[0m (mp_runner.py:161) (171544)
2026-08-13 11:35:46,169 | [92mINFO[0m: [92mSpawnProcess-1:250 search 30s: actual_dur=30.0082s, count=2872, qps in this process: 95.7072[0m (mp_runner.py:161) (171615)
2026-08-13 11:35:46,172 | [92mINFO[0m: [92mSpawnProcess-1:219 search 30s: actual_dur=30.0011s, count=2882, qps in this process: 96.0631[0m (mp_runner.py:161) (171569)
2026-08-13 11:35:46,172 | [92mINFO[0m: [92mSpawnProcess-1:247 search 30s: actual_dur=30.009s, count=2925, qps in this process: 97.4708[0m (mp_runner.py:161) (171612)
2026-08-13 11:35:46,173 | [92mINFO[0m: [92mSpawnProcess-1:218 search 30s: actual_dur=30.0064s, count=2857, qps in this process: 95.213[0m (mp_runner.py:161) (171568)
2026-08-13 11:35:46,175 | [92mINFO[0m: [92mSpawnProcess-1:241 search 30s: actual_dur=30.0051s, count=2889, qps in this process: 96.2836[0m (mp_runner.py:161) (171591)
2026-08-13 11:35:46,175 | [92mINFO[0m: [92mSpawnProcess-1:244 search 30s: actual_dur=30.0002s, count=2867, qps in this process: 95.566[0m (mp_runner.py:161) (171594)
2026-08-13 11:35:46,176 | [92mINFO[0m: [92mSpawnProcess-1:254 search 30s: actual_dur=30.008s, count=2898, qps in this process: 96.5742[0m (mp_runner.py:161) (171649)
2026-08-13 11:35:46,177 | [92mINFO[0m: [92mSpawnProcess-1:175 search 30s: actual_dur=30.005s, count=2874, qps in this process: 95.784[0m (mp_runner.py:161) (171523)
2026-08-13 11:35:46,177 | [92mINFO[0m: [92mSpawnProcess-1:201 search 30s: actual_dur=30.0027s, count=2847, qps in this process: 94.8915[0m (mp_runner.py:161) (171551)
2026-08-13 11:35:46,177 | [92mINFO[0m: [92mSpawnProcess-1:242 search 30s: actual_dur=30.0096s, count=2867, qps in this process: 95.5361[0m (mp_runner.py:161) (171592)
2026-08-13 11:35:46,179 | [92mINFO[0m: [92mSpawnProcess-1:210 search 30s: actual_dur=30.004s, count=2921, qps in this process: 97.3537[0m (mp_runner.py:161) (171560)
2026-08-13 11:35:46,179 | [92mINFO[0m: [92mSpawnProcess-1:179 search 30s: actual_dur=30.0022s, count=2842, qps in this process: 94.7264[0m (mp_runner.py:161) (171529)
2026-08-13 11:35:46,180 | [92mINFO[0m: [92mSpawnProcess-1:249 search 30s: actual_dur=30.0057s, count=2862, qps in this process: 95.3819[0m (mp_runner.py:161) (171614)
2026-08-13 11:35:46,184 | [92mINFO[0m: [92mSpawnProcess-1:207 search 30s: actual_dur=30.0022s, count=2877, qps in this process: 95.893[0m (mp_runner.py:161) (171557)
2026-08-13 11:35:46,187 | [92mINFO[0m: [92mSpawnProcess-1:211 search 30s: actual_dur=30.0071s, count=2896, qps in this process: 96.5105[0m (mp_runner.py:161) (171561)
2026-08-13 11:35:46,188 | [92mINFO[0m: [92mSpawnProcess-1:237 search 30s: actual_dur=30.004s, count=2836, qps in this process: 94.5207[0m (mp_runner.py:161) (171587)
2026-08-13 11:35:46,190 | [92mINFO[0m: [92mSpawnProcess-1:232 search 30s: actual_dur=30.0019s, count=2886, qps in this process: 96.1939[0m (mp_runner.py:161) (171582)
2026-08-13 11:35:46,192 | [92mINFO[0m: [92mSpawnProcess-1:192 search 30s: actual_dur=30.007s, count=2883, qps in this process: 96.0776[0m (mp_runner.py:161) (171542)
2026-08-13 11:35:46,194 | [92mINFO[0m: [92mSpawnProcess-1:176 search 30s: actual_dur=30.0008s, count=2868, qps in this process: 95.5975[0m (mp_runner.py:161) (171526)
2026-08-13 11:35:46,194 | [92mINFO[0m: [92mSpawnProcess-1:215 search 30s: actual_dur=30.0033s, count=2874, qps in this process: 95.7895[0m (mp_runner.py:161) (171565)
2026-08-13 11:35:46,196 | [92mINFO[0m: [92mSpawnProcess-1:239 search 30s: actual_dur=30.0014s, count=2842, qps in this process: 94.7289[0m (mp_runner.py:161) (171589)
2026-08-13 11:35:46,198 | [92mINFO[0m: [92mSpawnProcess-1:222 search 30s: actual_dur=30.0057s, count=2904, qps in this process: 96.7816[0m (mp_runner.py:161) (171572)
2026-08-13 11:35:46,205 | [92mINFO[0m: [92mSpawnProcess-1:190 search 30s: actual_dur=30.0027s, count=2910, qps in this process: 96.9913[0m (mp_runner.py:161) (171540)
2026-08-13 11:35:46,207 | [92mINFO[0m: [92mSpawnProcess-1:177 search 30s: actual_dur=30.0023s, count=2894, qps in this process: 96.4593[0m (mp_runner.py:161) (171527)
2026-08-13 11:35:46,207 | [92mINFO[0m: [92mSpawnProcess-1:216 search 30s: actual_dur=30.0041s, count=2897, qps in this process: 96.5535[0m (mp_runner.py:161) (171566)
2026-08-13 11:35:46,209 | [92mINFO[0m: [92mSpawnProcess-1:214 search 30s: actual_dur=30.0027s, count=2916, qps in this process: 97.1913[0m (mp_runner.py:161) (171564)
2026-08-13 11:35:46,209 | [92mINFO[0m: [92mSpawnProcess-1:229 search 30s: actual_dur=30.0007s, count=2891, qps in this process: 96.3644[0m (mp_runner.py:161) (171579)
2026-08-13 11:35:46,211 | [92mINFO[0m: [92mSpawnProcess-1:224 search 30s: actual_dur=30.0025s, count=2880, qps in this process: 95.992[0m (mp_runner.py:161) (171574)
2026-08-13 11:35:46,213 | [92mINFO[0m: [92mSpawnProcess-1:228 search 30s: actual_dur=30.0026s, count=2911, qps in this process: 97.0249[0m (mp_runner.py:161) (171578)
2026-08-13 11:35:46,214 | [92mINFO[0m: [92mSpawnProcess-1:252 search 30s: actual_dur=30.0002s, count=2885, qps in this process: 96.166[0m (mp_runner.py:161) (171627)
2026-08-13 11:35:46,216 | [92mINFO[0m: [92mSpawnProcess-1:240 search 30s: actual_dur=30.0021s, count=2890, qps in this process: 96.3266[0m (mp_runner.py:161) (171590)
2026-08-13 11:35:46,218 | [92mINFO[0m: [92mSpawnProcess-1:251 search 30s: actual_dur=30.0007s, count=2871, qps in this process: 95.6978[0m (mp_runner.py:161) (171616)
2026-08-13 11:35:46,219 | [92mINFO[0m: [92mSpawnProcess-1:186 search 30s: actual_dur=30.0049s, count=2878, qps in this process: 95.9177[0m (mp_runner.py:161) (171536)
2026-08-13 11:35:46,219 | [92mINFO[0m: [92mSpawnProcess-1:182 search 30s: actual_dur=30.0002s, count=2853, qps in this process: 95.0994[0m (mp_runner.py:161) (171532)
2026-08-13 11:35:46,225 | [92mINFO[0m: [92mSpawnProcess-1:195 search 30s: actual_dur=30.0024s, count=2834, qps in this process: 94.4591[0m (mp_runner.py:161) (171545)
2026-08-13 11:35:46,226 | [92mINFO[0m: [92mSpawnProcess-1:209 search 30s: actual_dur=30.003s, count=2879, qps in this process: 95.9571[0m (mp_runner.py:161) (171559)
2026-08-13 11:35:46,230 | [92mINFO[0m: [92mSpawnProcess-1:253 search 30s: actual_dur=30.004s, count=2925, qps in this process: 97.487[0m (mp_runner.py:161) (171648)
2026-08-13 11:35:46,231 | [92mINFO[0m: [92mSpawnProcess-1:230 search 30s: actual_dur=30.0004s, count=2913, qps in this process: 97.0987[0m (mp_runner.py:161) (171580)
2026-08-13 11:35:46,232 | [92mINFO[0m: [92mSpawnProcess-1:238 search 30s: actual_dur=30.0004s, count=2934, qps in this process: 97.7987[0m (mp_runner.py:161) (171588)
2026-08-13 11:35:46,233 | [92mINFO[0m: [92mSpawnProcess-1:178 search 30s: actual_dur=30.0015s, count=2858, qps in this process: 95.2619[0m (mp_runner.py:161) (171528)
2026-08-13 11:35:46,234 | [92mINFO[0m: [92mSpawnProcess-1:199 search 30s: actual_dur=30.002s, count=2916, qps in this process: 97.1935[0m (mp_runner.py:161) (171549)
2026-08-13 11:35:46,234 | [92mINFO[0m: [92mSpawnProcess-1:197 search 30s: actual_dur=30.0021s, count=2853, qps in this process: 95.0933[0m (mp_runner.py:161) (171547)
2026-08-13 11:35:46,235 | [92mINFO[0m: [92mSpawnProcess-1:233 search 30s: actual_dur=30.0005s, count=2927, qps in this process: 97.565[0m (mp_runner.py:161) (171583)
2026-08-13 11:35:46,236 | [92mINFO[0m: [92mSpawnProcess-1:191 search 30s: actual_dur=30.0012s, count=2880, qps in this process: 95.9962[0m (mp_runner.py:161) (171541)
2026-08-13 11:35:46,239 | [92mINFO[0m: [92mSpawnProcess-1:205 search 30s: actual_dur=30.0025s, count=2870, qps in this process: 95.6587[0m (mp_runner.py:161) (171555)
2026-08-13 11:35:46,247 | [92mINFO[0m: [92mSpawnProcess-1:208 search 30s: actual_dur=30.0018s, count=2870, qps in this process: 95.6609[0m (mp_runner.py:161) (171558)
2026-08-13 11:35:46,252 | [92mINFO[0m: [92mSpawnProcess-1:180 search 30s: actual_dur=30.0013s, count=2863, qps in this process: 95.4292[0m (mp_runner.py:161) (171530)
2026-08-13 11:35:46,253 | [92mINFO[0m: [92mSpawnProcess-1:203 search 30s: actual_dur=30.0012s, count=2918, qps in this process: 97.2628[0m (mp_runner.py:161) (171553)
2026-08-13 11:35:46,254 | [92mINFO[0m: [92mSpawnProcess-1:189 search 30s: actual_dur=30.0001s, count=2876, qps in this process: 95.8663[0m (mp_runner.py:161) (171539)
2026-08-13 11:35:46,254 | [92mINFO[0m: [92mSpawnProcess-1:204 search 30s: actual_dur=30.0007s, count=2903, qps in this process: 96.7644[0m (mp_runner.py:161) (171554)
2026-08-13 11:35:46,255 | [92mINFO[0m: [92mSpawnProcess-1:213 search 30s: actual_dur=30.0008s, count=2892, qps in this process: 96.3974[0m (mp_runner.py:161) (171563)
2026-08-13 11:35:46,255 | [92mINFO[0m: [92mSpawnProcess-1:183 search 30s: actual_dur=30.0005s, count=2859, qps in this process: 95.2984[0m (mp_runner.py:161) (171533)
2026-08-13 11:35:46,257 | [92mINFO[0m: [92mSpawnProcess-1:220 search 30s: actual_dur=30.0006s, count=2925, qps in this process: 97.4981[0m (mp_runner.py:161) (171570)
2026-08-13 11:35:46,259 | [92mINFO[0m: [92mSpawnProcess-1:187 search 30s: actual_dur=30.0s, count=2910, qps in this process: 97.0[0m (mp_runner.py:161) (171537)
2026-08-13 11:35:46,329 | [92mINFO[0m: [92mEnd search in concurrency 80: dur=30.185601750000387s, total_count=230573, qps=7638.5093[0m (mp_runner.py:212) (161314)
2026-08-13 11:35:49,331 | [92mINFO[0m: [92mUpdate largest qps with concurrency 80: current max_qps=7638.5093[0m (mp_runner.py:216) (161314)
2026-08-13 11:35:49,335 | [92mINFO[0m: [92mSpawnProcess-1 start serial search[0m (serial_runner.py:296) (161314)
2026-08-13 11:35:50,510 | [92mINFO[0m: [92mSpawnProcess-1:255 start search the entire test_data to get recall and latency[0m (serial_runner.py:209) (174127)
2026-08-13 11:35:59,529 | [92mINFO[0m: [92mSpawnProcess-1:255 search entire test_data: cost=8.8063s, queries=6980, avg_recall=0.8449, avg_ndcg=0.7343, avg_mrr=0.7029, avg_latency=0.0013, p99=0.0019, p95=0.0017[0m (serial_runner.py:264) (174127)
2026-08-13 11:35:59,826 | [92mINFO[0m: [92mPerformance case got result: Metric(max_load_count=0, insert_duration=28.4879, optimize_duration=30.8567, load_duration=59.3445, qps=7638.5093, serial_latency_p99=np.float64(0.0019), serial_latency_p95=np.float64(0.0017), recall=np.float64(0.8449), ndcg=np.float64(0.7343), mrr=np.float64(0.7029), conc_num_list=[1, 5, 10, 20, 30, 40, 60, 80], conc_qps_list=[792.3896, 3101.2629, 4783.7501, 6070.9089, 6549.1187, 6825.2572, 7364.8602, 7638.5093], conc_latency_p99_list=[np.float64(0.0019412685999850511), np.float64(0.0027247480802543578), np.float64(0.003701237719660637), np.float64(0.006666037879995207), np.float64(0.00925273146986911), np.float64(0.012153126079701907), np.float64(0.018589457359958032), np.float64(0.02402174555998498)], conc_latency_p95_list=[np.float64(0.0016694268002538592), np.float64(0.002244462999624374), np.float64(0.0030527107999205327), np.float64(0.005230342199911319), np.float64(0.007314308700279069), np.float64(0.0095351798494903), np.float64(0.013882477000333892), np.float64(0.018124735600213167)], conc_latency_avg_list=[np.float64(0.0012600281731493235), np.float64(0.0016092176260309853), np.float64(0.002086017558925454), np.float64(0.0032870462739668796), np.float64(0.0045685646720260535), np.float64(0.005842009929725318), np.float64(0.008109464742664729), np.float64(0.010405764257059455)], payload_profile='ids_only', payload_estimated_bytes_per_query=200, inserted_count=100000, insert_rows_per_second=0.0, insert_completion_seconds=0.0, searchable_after_insert_seconds=0.0, indexed_after_searchable_seconds=0.0, additional_parameters={'num_per_batch': 100, 'load_concurrency': 0}, st_ideal_insert_duration=0, st_search_stage_list=[], st_search_time_list=[], st_max_qps_list_list=[], st_recall_list=[], st_ndcg_list=[], st_serial_latency_p99_list=[], st_serial_latency_p95_list=[], st_conc_failed_rate_list=[], st_conc_num_list_list=[], st_conc_qps_list_list=[], st_conc_latency_p99_list_list=[], st_conc_latency_p95_list_list=[], st_conc_latency_avg_list_list=[])[0m (task_runner.py:383) (161314)
2026-08-13 11:35:59,826 | [92mINFO[0m: [92m[1/1] finish case: {'label': <CaseLabel.FullTextSearchPerformance: 6>, 'name': 'FTS BM25 Performance - MS MARCO Small (100K documents)', 'dataset': {'data': {'name': 'MS MARCO', 'size': 100000, 'metric_type': <MetricType.BM25: 'BM25'>}}, 'db': 'ElasticCloud-elastic-english'}, result=Metric(max_load_count=0, insert_duration=28.4879, optimize_duration=30.8567, load_duration=59.3445, qps=7638.5093, serial_latency_p99=np.float64(0.0019), serial_latency_p95=np.float64(0.0017), recall=np.float64(0.8449), ndcg=np.float64(0.7343), mrr=np.float64(0.7029), conc_num_list=[1, 5, 10, 20, 30, 40, 60, 80], conc_qps_list=[792.3896, 3101.2629, 4783.7501, 6070.9089, 6549.1187, 6825.2572, 7364.8602, 7638.5093], conc_latency_p99_list=[np.float64(0.0019412685999850511), np.float64(0.0027247480802543578), np.float64(0.003701237719660637), np.float64(0.006666037879995207), np.float64(0.00925273146986911), np.float64(0.012153126079701907), np.float64(0.018589457359958032), np.float64(0.02402174555998498)], conc_latency_p95_list=[np.float64(0.0016694268002538592), np.float64(0.002244462999624374), np.float64(0.0030527107999205327), np.float64(0.005230342199911319), np.float64(0.007314308700279069), np.float64(0.0095351798494903), np.float64(0.013882477000333892), np.float64(0.018124735600213167)], conc_latency_avg_list=[np.float64(0.0012600281731493235), np.float64(0.0016092176260309853), np.float64(0.002086017558925454), np.float64(0.0032870462739668796), np.float64(0.0045685646720260535), np.float64(0.005842009929725318), np.float64(0.008109464742664729), np.float64(0.010405764257059455)], payload_profile='ids_only', payload_estimated_bytes_per_query=200, inserted_count=100000, insert_rows_per_second=0.0, insert_completion_seconds=0.0, searchable_after_insert_seconds=0.0, indexed_after_searchable_seconds=0.0, additional_parameters={'num_per_batch': 100, 'load_concurrency': 0}, st_ideal_insert_duration=0, st_search_stage_list=[], st_search_time_list=[], st_max_qps_list_list=[], st_recall_list=[], st_ndcg_list=[], st_serial_latency_p99_list=[], st_serial_latency_p95_list=[], st_conc_failed_rate_list=[], st_conc_num_list_list=[], st_conc_qps_list_list=[], st_conc_latency_p99_list_list=[], st_conc_latency_p95_list_list=[], st_conc_latency_avg_list_list=[]), label=ResultLabel.NORMAL[0m (interface.py:187) (161314)
2026-08-13 11:35:59,827 | INFO |Task summary: run_id=71107, task_label=71107c125b04442095d234dbc8914021 (models.py:569)
2026-08-13 11:35:59,827 | INFO |DB           | db_label           case                                                   label                            | load_dur    qps          latency(p99)    latency(p95)    recall        max_load_count | label (models.py:569)
2026-08-13 11:35:59,827 | INFO |------------ | ------------------ ------------------------------------------------------ -------------------------------- | ----------- ------------ --------------- --------------- ------------- -------------- | ----- (models.py:569)
2026-08-13 11:35:59,827 | INFO |ElasticCloud | elastic-english    FTS BM25 Performance - MS MARCO Small (100K documents) 71107c125b04442095d234dbc8914021 | 59.3445     7638.5093    0.0019          0.0017          0.8449        0              | :)    (models.py:569)
2026-08-13 11:35:59,828 | [92mINFO[0m: [92mwrite results to disk /root/b047/venv/lib/python3.11/site-packages/vectordb_bench/results/ElasticCloud/result_20260813_71107c125b04442095d234dbc8914021_elasticcloud.json[0m (models.py:400) (161314)
2026-08-13 11:35:59,828 | [92mINFO[0m: [92mSuccess to finish task: label=71107c125b04442095d234dbc8914021, run_id=71107c125b04442095d234dbc8914021[0m (interface.py:224) (161314)
