2026-08-13 11:11:43,475 | [92mINFO[0m: [92mTask:
TaskConfig(db=<DB.ElasticCloud: 'ElasticCloud'>, db_config=ElasticCloudConfig(db_label='elastic-8153', version='', note='', cloud_id=None, scheme='http', host=SecretStr('**********'), port=9200, user='elastic', user_name=None, password=SecretStr('**********'), use_ssl=False, verify_certs=True), db_case_config=ElasticCloudFtsConfig(number_of_shards=1, number_of_replicas=0, refresh_interval='30s', use_force_merge=True, metric_type=<MetricType.BM25: 'BM25'>, bm25_k1=None, bm25_b=None), case_config=CaseConfig(case_id=<CaseType.FTSBm25Performance: 503>, custom_case={'dataset_with_size_type': 'MS MARCO Small (100K documents)', 'payload_profile': 'ids_only'}, k=10, concurrency_search_config=ConcurrencySearchConfig(num_concurrency=[1, 5, 10, 20, 30, 40, 60, 80], concurrency_duration=30, concurrency_timeout=3600, serial_cooldown=0.0)), stages=['drop_old', 'load', 'search_serial', 'search_concurrent'], load_concurrency=0)
[0m (cli.py:973) (132076)
2026-08-13 11:11:43,476 | [92mINFO[0m: [92mgenerated uuid for the tasks: 133f30195fb94dd186ca19c321a6bef0[0m (interface.py:77) (132076)
2026-08-13 11:11:43,660 | INFO | DB             | CaseType     Dataset               Filter | task_label (task_runner.py:757)
2026-08-13 11:11:43,660 | INFO | -----------    | ------------ -------------------- ------- | -------    (task_runner.py:757)
2026-08-13 11:11:43,660 | INFO | ElasticCloud-elastic-8153 | FullTextSearchPerformance MS MARCO-SMALL-100K      0.0 | 133f30195fb94dd186ca19c321a6bef0 (task_runner.py:757)
2026-08-13 11:11:43,660 | [92mINFO[0m: [92mtask submitted: id=133f30195fb94dd186ca19c321a6bef0, 133f30195fb94dd186ca19c321a6bef0, case number: 1[0m (interface.py:253) (132076)
2026-08-13 11:11:44,589 | [92mINFO[0m: [92m[1/1] start case: {'label': <CaseLabel.FullTextSearchPerformance: 6>, 'name': 'FTS BM25 Performance - MS MARCO Small (100K documents)', 'dataset': {'data': {'name': 'MS MARCO', 'size': 100000, 'metric_type': <MetricType.BM25: 'BM25'>}}, 'db': 'ElasticCloud-elastic-8153'}, drop_old=True[0m (interface.py:185) (132117)
2026-08-13 11:11:44,589 | [92mINFO[0m: [92mStarting run[0m (task_runner.py:268) (132117)
2026-08-13 11:11:44,590 | [92mINFO[0m: [92mPreparing FTS dataset: MS MARCO FTS (SMALL)[0m (dataset.py:1009) (132117)
2026-08-13 11:11:44,590 | [92mINFO[0m: [92mDownloading FTS dataset 'msmarco-passage/dev/small' using ir_datasets[0m (data_source.py:192) (132117)
2026-08-13 11:11:44,590 | [92mINFO[0m: [92mSuccessfully loaded dataset: msmarco-passage/dev/small[0m (data_source.py:199) (132117)
2026-08-13 11:11:44,590 | [92mINFO[0m: [92mSuccessfully loaded ir_datasets dataset: msmarco-passage/dev/small[0m (dataset.py:1022) (132117)
2026-08-13 11:11:44,604 | [92mINFO[0m: [92mLoaded 6980 queries into memory[0m (dataset.py:1027) (132117)
2026-08-13 11:12:09,376 | [92mINFO[0m: [92mLoaded semantic qrels for 6980 queries; recall uses 6980 queries; selected 100000 corpus docs including 7433 qrel docs[0m (dataset.py:1055) (132117)
2026-08-13 11:12:09,376 | [92mINFO[0m: [92mFTS dataset preparation completed: MS MARCO FTS (SMALL)[0m (dataset.py:1080) (132117)
2026-08-13 11:12:09,638 | [92mINFO[0m: [92mElasticsearch client drop_old indices: vdb_bench_indice[0m (elastic_cloud.py:62) (132117)
2026-08-13 11:12:09,713 | [92mINFO[0m: [92mStart performance case[0m (task_runner.py:317) (132117)
2026-08-13 11:12:09,716 | [92mINFO[0m: [92m(SpawnProcess-1  ) Start concurrent insert, batch_size=100, max_workers=4, workload=full_text[0m (concurrent_runner.py:266) (132117)
2026-08-13 11:12:38,552 | [92mINFO[0m: [92m(SpawnProcess-1  ) Finish concurrent insert, count=100000, dur=28.84s[0m (concurrent_runner.py:287) (132117)
2026-08-13 11:12:39,892 | [92mINFO[0m: [92mElasticsearch force merge task id: UaKl2c14T4qbRmG-Wr1qZg:4235[0m (elastic_cloud.py:335) (132117)
/root/b047/venv/lib/python3.11/site-packages/vectordb_bench/backend/clients/elastic_cloud/elastic_cloud.py:338: GeneralAvailabilityWarning: This API is in technical preview and may be changed or removed in a future release. Elastic will work to fix any issues, but features in technical preview are not subject to the support SLA of official GA features.
  task_status = self.client.tasks.get(task_id=force_merge_task_id)
2026-08-13 11:13:09,961 | [92mINFO[0m: [92mFinish loading the entire dataset into VectorDB, insert_duration=28.838692020000053, optimize_duration=31.40887030299973 load_duration(insert + optimize) = 60.2476[0m (task_runner.py:342) (132117)
2026-08-13 11:13:09,962 | [92mINFO[0m: [92mFTS concurrent test will use 6980 queries for testing[0m (task_runner.py:645) (132117)
2026-08-13 11:13:09,962 | [92mINFO[0m: [92mFTS serial recall will use 6980 queries[0m (task_runner.py:667) (132117)
2026-08-13 11:13:10,871 | [92mINFO[0m: [92mStart search 30s in concurrency 1, filters: type=<FilterOp.NonFilter: 'NonFilter'> filter_rate=0.0 gt_file_name='neighbors.parquet'[0m (mp_runner.py:189) (132117)
2026-08-13 11:13:12,875 | [92mINFO[0m: [92mSyncing all process and start concurrency search, concurrency=1[0m (mp_runner.py:196) (132117)
2026-08-13 11:13:42,877 | [92mINFO[0m: [92mSpawnProcess-1:2 search 30s: actual_dur=30.0001s, count=17214, qps in this process: 573.7981[0m (mp_runner.py:161) (133584)
2026-08-13 11:13:42,880 | [92mINFO[0m: [92mEnd search in concurrency 1: dur=30.004968130999714s, total_count=17214, qps=573.705[0m (mp_runner.py:212) (132117)
2026-08-13 11:13:43,352 | [92mINFO[0m: [92mUpdate largest qps with concurrency 1: current max_qps=573.705[0m (mp_runner.py:216) (132117)
2026-08-13 11:13:44,260 | [92mINFO[0m: [92mStart search 30s in concurrency 5, filters: type=<FilterOp.NonFilter: 'NonFilter'> filter_rate=0.0 gt_file_name='neighbors.parquet'[0m (mp_runner.py:189) (132117)
2026-08-13 11:13:49,265 | [92mINFO[0m: [92mSyncing all process and start concurrency search, concurrency=5[0m (mp_runner.py:196) (132117)
2026-08-13 11:14:19,268 | [92mINFO[0m: [92mSpawnProcess-1:8 search 30s: actual_dur=30.0s, count=15558, qps in this process: 518.6[0m (mp_runner.py:161) (134188)
2026-08-13 11:14:19,268 | [92mINFO[0m: [92mSpawnProcess-1:6 search 30s: actual_dur=30.0005s, count=15528, qps in this process: 517.5914[0m (mp_runner.py:161) (134186)
2026-08-13 11:14:19,268 | [92mINFO[0m: [92mSpawnProcess-1:5 search 30s: actual_dur=30.0011s, count=15480, qps in this process: 515.9811[0m (mp_runner.py:161) (134185)
2026-08-13 11:14:19,270 | [92mINFO[0m: [92mSpawnProcess-1:7 search 30s: actual_dur=30.0017s, count=15502, qps in this process: 516.7041[0m (mp_runner.py:161) (134187)
2026-08-13 11:14:19,270 | [92mINFO[0m: [92mSpawnProcess-1:4 search 30s: actual_dur=30.0021s, count=15502, qps in this process: 516.6972[0m (mp_runner.py:161) (134182)
2026-08-13 11:14:19,281 | [92mINFO[0m: [92mEnd search in concurrency 5: dur=30.01493633600012s, total_count=77570, qps=2584.38[0m (mp_runner.py:212) (132117)
2026-08-13 11:14:19,852 | [92mINFO[0m: [92mUpdate largest qps with concurrency 5: current max_qps=2584.38[0m (mp_runner.py:216) (132117)
2026-08-13 11:14:20,794 | [92mINFO[0m: [92mStart search 30s in concurrency 10, filters: type=<FilterOp.NonFilter: 'NonFilter'> filter_rate=0.0 gt_file_name='neighbors.parquet'[0m (mp_runner.py:189) (132117)
2026-08-13 11:14:30,801 | [92mINFO[0m: [92mSyncing all process and start concurrency search, concurrency=10[0m (mp_runner.py:196) (132117)
2026-08-13 11:15:00,803 | [92mINFO[0m: [92mSpawnProcess-1:16 search 30s: actual_dur=30.0002s, count=12216, qps in this process: 407.1973[0m (mp_runner.py:161) (134986)
2026-08-13 11:15:00,804 | [92mINFO[0m: [92mSpawnProcess-1:14 search 30s: actual_dur=30.0012s, count=12164, qps in this process: 405.4504[0m (mp_runner.py:161) (134984)
2026-08-13 11:15:00,804 | [92mINFO[0m: [92mSpawnProcess-1:11 search 30s: actual_dur=30.0005s, count=12148, qps in this process: 404.9266[0m (mp_runner.py:161) (134981)
2026-08-13 11:15:00,805 | [92mINFO[0m: [92mSpawnProcess-1:15 search 30s: actual_dur=30.0001s, count=12267, qps in this process: 408.8986[0m (mp_runner.py:161) (134985)
2026-08-13 11:15:00,805 | [92mINFO[0m: [92mSpawnProcess-1:19 search 30s: actual_dur=30.0011s, count=12176, qps in this process: 405.8518[0m (mp_runner.py:161) (134989)
2026-08-13 11:15:00,805 | [92mINFO[0m: [92mSpawnProcess-1:13 search 30s: actual_dur=30.001s, count=12161, qps in this process: 405.3532[0m (mp_runner.py:161) (134983)
2026-08-13 11:15:00,806 | [92mINFO[0m: [92mSpawnProcess-1:17 search 30s: actual_dur=30.0026s, count=12315, qps in this process: 410.4644[0m (mp_runner.py:161) (134987)
2026-08-13 11:15:00,806 | [92mINFO[0m: [92mSpawnProcess-1:10 search 30s: actual_dur=30.0013s, count=12178, qps in this process: 405.9157[0m (mp_runner.py:161) (134978)
2026-08-13 11:15:00,806 | [92mINFO[0m: [92mSpawnProcess-1:18 search 30s: actual_dur=30.0005s, count=12163, qps in this process: 405.4266[0m (mp_runner.py:161) (134988)
2026-08-13 11:15:00,806 | [92mINFO[0m: [92mSpawnProcess-1:12 search 30s: actual_dur=30.0018s, count=12154, qps in this process: 405.109[0m (mp_runner.py:161) (134982)
2026-08-13 11:15:00,826 | [92mINFO[0m: [92mEnd search in concurrency 10: dur=30.02457628000002s, total_count=121942, qps=4061.4062[0m (mp_runner.py:212) (132117)
2026-08-13 11:15:01,507 | [92mINFO[0m: [92mUpdate largest qps with concurrency 10: current max_qps=4061.4062[0m (mp_runner.py:216) (132117)
2026-08-13 11:15:02,435 | [92mINFO[0m: [92mStart search 30s in concurrency 20, filters: type=<FilterOp.NonFilter: 'NonFilter'> filter_rate=0.0 gt_file_name='neighbors.parquet'[0m (mp_runner.py:189) (132117)
2026-08-13 11:15:12,603 | [92mINFO[0m: [92mSyncing all process and start concurrency search, concurrency=20[0m (mp_runner.py:196) (132117)
2026-08-13 11:15:42,605 | [92mINFO[0m: [92mSpawnProcess-1:38 search 30s: actual_dur=30.0008s, count=7862, qps in this process: 262.0597[0m (mp_runner.py:161) (135882)
2026-08-13 11:15:42,606 | [92mINFO[0m: [92mSpawnProcess-1:25 search 30s: actual_dur=30.0003s, count=7939, qps in this process: 264.6307[0m (mp_runner.py:161) (135854)
2026-08-13 11:15:42,607 | [92mINFO[0m: [92mSpawnProcess-1:31 search 30s: actual_dur=30.0028s, count=7889, qps in this process: 262.9421[0m (mp_runner.py:161) (135860)
2026-08-13 11:15:42,608 | [92mINFO[0m: [92mSpawnProcess-1:24 search 30s: actual_dur=30.001s, count=7915, qps in this process: 263.8245[0m (mp_runner.py:161) (135853)
2026-08-13 11:15:42,609 | [92mINFO[0m: [92mSpawnProcess-1:27 search 30s: actual_dur=30.0023s, count=7902, qps in this process: 263.3798[0m (mp_runner.py:161) (135856)
2026-08-13 11:15:42,609 | [92mINFO[0m: [92mSpawnProcess-1:21 search 30s: actual_dur=30.0026s, count=7922, qps in this process: 264.0438[0m (mp_runner.py:161) (135848)
2026-08-13 11:15:42,609 | [92mINFO[0m: [92mSpawnProcess-1:30 search 30s: actual_dur=30.0028s, count=7958, qps in this process: 265.2419[0m (mp_runner.py:161) (135859)
2026-08-13 11:15:42,609 | [92mINFO[0m: [92mSpawnProcess-1:29 search 30s: actual_dur=30.0018s, count=7943, qps in this process: 264.7508[0m (mp_runner.py:161) (135858)
2026-08-13 11:15:42,609 | [92mINFO[0m: [92mSpawnProcess-1:23 search 30s: actual_dur=30.0022s, count=7949, qps in this process: 264.9472[0m (mp_runner.py:161) (135852)
2026-08-13 11:15:42,610 | [92mINFO[0m: [92mSpawnProcess-1:22 search 30s: actual_dur=30.001s, count=7993, qps in this process: 266.4245[0m (mp_runner.py:161) (135851)
2026-08-13 11:15:42,610 | [92mINFO[0m: [92mSpawnProcess-1:33 search 30s: actual_dur=30.0027s, count=7981, qps in this process: 266.0094[0m (mp_runner.py:161) (135862)
2026-08-13 11:15:42,610 | [92mINFO[0m: [92mSpawnProcess-1:39 search 30s: actual_dur=30.0007s, count=7985, qps in this process: 266.1605[0m (mp_runner.py:161) (135884)
2026-08-13 11:15:42,611 | [92mINFO[0m: [92mSpawnProcess-1:40 search 30s: actual_dur=30.0018s, count=7949, qps in this process: 264.9508[0m (mp_runner.py:161) (135885)
2026-08-13 11:15:42,611 | [92mINFO[0m: [92mSpawnProcess-1:35 search 30s: actual_dur=30.0045s, count=8083, qps in this process: 269.3929[0m (mp_runner.py:161) (135864)
2026-08-13 11:15:42,611 | [92mINFO[0m: [92mSpawnProcess-1:28 search 30s: actual_dur=30.0017s, count=7918, qps in this process: 263.9184[0m (mp_runner.py:161) (135857)
2026-08-13 11:15:42,611 | [92mINFO[0m: [92mSpawnProcess-1:34 search 30s: actual_dur=30.0026s, count=7974, qps in this process: 265.777[0m (mp_runner.py:161) (135863)
2026-08-13 11:15:42,612 | [92mINFO[0m: [92mSpawnProcess-1:37 search 30s: actual_dur=30.0009s, count=7930, qps in this process: 264.3254[0m (mp_runner.py:161) (135866)
2026-08-13 11:15:42,612 | [92mINFO[0m: [92mSpawnProcess-1:36 search 30s: actual_dur=30.0024s, count=7869, qps in this process: 262.279[0m (mp_runner.py:161) (135865)
2026-08-13 11:15:42,612 | [92mINFO[0m: [92mSpawnProcess-1:32 search 30s: actual_dur=30.002s, count=7913, qps in this process: 263.7491[0m (mp_runner.py:161) (135861)
2026-08-13 11:15:42,613 | [92mINFO[0m: [92mSpawnProcess-1:26 search 30s: actual_dur=30.0028s, count=7965, qps in this process: 265.4752[0m (mp_runner.py:161) (135855)
2026-08-13 11:15:42,643 | [92mINFO[0m: [92mEnd search in concurrency 20: dur=30.040059173999907s, total_count=158839, qps=5287.5728[0m (mp_runner.py:212) (132117)
2026-08-13 11:15:43,604 | [92mINFO[0m: [92mUpdate largest qps with concurrency 20: current max_qps=5287.5728[0m (mp_runner.py:216) (132117)
2026-08-13 11:15:44,552 | [92mINFO[0m: [92mStart search 30s in concurrency 30, filters: type=<FilterOp.NonFilter: 'NonFilter'> filter_rate=0.0 gt_file_name='neighbors.parquet'[0m (mp_runner.py:189) (132117)
2026-08-13 11:15:54,763 | [92mINFO[0m: [92mSyncing all process and start concurrency search, concurrency=30[0m (mp_runner.py:196) (132117)
2026-08-13 11:16:24,766 | [92mINFO[0m: [92mSpawnProcess-1:53 search 30s: actual_dur=30.0015s, count=5676, qps in this process: 189.1905[0m (mp_runner.py:161) (137156)
2026-08-13 11:16:24,768 | [92mINFO[0m: [92mSpawnProcess-1:63 search 30s: actual_dur=30.0041s, count=5713, qps in this process: 190.4073[0m (mp_runner.py:161) (137166)
2026-08-13 11:16:24,769 | [92mINFO[0m: [92mSpawnProcess-1:48 search 30s: actual_dur=30.0022s, count=5666, qps in this process: 188.8528[0m (mp_runner.py:161) (137151)
2026-08-13 11:16:24,769 | [92mINFO[0m: [92mSpawnProcess-1:70 search 30s: actual_dur=30.0007s, count=5723, qps in this process: 190.7622[0m (mp_runner.py:161) (137174)
2026-08-13 11:16:24,770 | [92mINFO[0m: [92mSpawnProcess-1:56 search 30s: actual_dur=30.0016s, count=5666, qps in this process: 188.8566[0m (mp_runner.py:161) (137159)
2026-08-13 11:16:24,770 | [92mINFO[0m: [92mSpawnProcess-1:55 search 30s: actual_dur=30.0016s, count=5683, qps in this process: 189.4232[0m (mp_runner.py:161) (137158)
2026-08-13 11:16:24,770 | [92mINFO[0m: [92mSpawnProcess-1:50 search 30s: actual_dur=30.0008s, count=5708, qps in this process: 190.2616[0m (mp_runner.py:161) (137153)
2026-08-13 11:16:24,772 | [92mINFO[0m: [92mSpawnProcess-1:51 search 30s: actual_dur=30.0034s, count=5685, qps in this process: 189.4785[0m (mp_runner.py:161) (137154)
2026-08-13 11:16:24,773 | [92mINFO[0m: [92mSpawnProcess-1:68 search 30s: actual_dur=30.0021s, count=5675, qps in this process: 189.1534[0m (mp_runner.py:161) (137172)
2026-08-13 11:16:24,773 | [92mINFO[0m: [92mSpawnProcess-1:61 search 30s: actual_dur=30.0065s, count=5674, qps in this process: 189.0924[0m (mp_runner.py:161) (137164)
2026-08-13 11:16:24,773 | [92mINFO[0m: [92mSpawnProcess-1:45 search 30s: actual_dur=30.0045s, count=5651, qps in this process: 188.3384[0m (mp_runner.py:161) (137148)
2026-08-13 11:16:24,775 | [92mINFO[0m: [92mSpawnProcess-1:62 search 30s: actual_dur=30.0026s, count=5657, qps in this process: 188.5503[0m (mp_runner.py:161) (137165)
2026-08-13 11:16:24,775 | [92mINFO[0m: [92mSpawnProcess-1:47 search 30s: actual_dur=30.0008s, count=5691, qps in this process: 189.6949[0m (mp_runner.py:161) (137150)
2026-08-13 11:16:24,776 | [92mINFO[0m: [92mSpawnProcess-1:44 search 30s: actual_dur=30.0014s, count=5675, qps in this process: 189.1578[0m (mp_runner.py:161) (137147)
2026-08-13 11:16:24,776 | [92mINFO[0m: [92mSpawnProcess-1:58 search 30s: actual_dur=30.0022s, count=5698, qps in this process: 189.9194[0m (mp_runner.py:161) (137161)
2026-08-13 11:16:24,776 | [92mINFO[0m: [92mSpawnProcess-1:52 search 30s: actual_dur=30.0027s, count=5762, qps in this process: 192.0494[0m (mp_runner.py:161) (137155)
2026-08-13 11:16:24,776 | [92mINFO[0m: [92mSpawnProcess-1:64 search 30s: actual_dur=30.0055s, count=5712, qps in this process: 190.3651[0m (mp_runner.py:161) (137167)
2026-08-13 11:16:24,776 | [92mINFO[0m: [92mSpawnProcess-1:60 search 30s: actual_dur=30.0056s, count=5722, qps in this process: 190.6977[0m (mp_runner.py:161) (137163)
2026-08-13 11:16:24,776 | [92mINFO[0m: [92mSpawnProcess-1:43 search 30s: actual_dur=30.0016s, count=5657, qps in this process: 188.5566[0m (mp_runner.py:161) (137146)
2026-08-13 11:16:24,777 | [92mINFO[0m: [92mSpawnProcess-1:71 search 30s: actual_dur=30.0018s, count=5682, qps in this process: 189.3886[0m (mp_runner.py:161) (137175)
2026-08-13 11:16:24,777 | [92mINFO[0m: [92mSpawnProcess-1:59 search 30s: actual_dur=30.0005s, count=5700, qps in this process: 189.9968[0m (mp_runner.py:161) (137162)
2026-08-13 11:16:24,777 | [92mINFO[0m: [92mSpawnProcess-1:69 search 30s: actual_dur=30.0013s, count=5766, qps in this process: 192.1917[0m (mp_runner.py:161) (137173)
2026-08-13 11:16:24,777 | [92mINFO[0m: [92mSpawnProcess-1:54 search 30s: actual_dur=30.0035s, count=5700, qps in this process: 189.9778[0m (mp_runner.py:161) (137157)
2026-08-13 11:16:24,780 | [92mINFO[0m: [92mSpawnProcess-1:46 search 30s: actual_dur=30.0007s, count=5636, qps in this process: 187.8623[0m (mp_runner.py:161) (137149)
2026-08-13 11:16:24,781 | [92mINFO[0m: [92mSpawnProcess-1:66 search 30s: actual_dur=30.0023s, count=5637, qps in this process: 187.8856[0m (mp_runner.py:161) (137170)
2026-08-13 11:16:24,783 | [92mINFO[0m: [92mSpawnProcess-1:67 search 30s: actual_dur=30.0025s, count=5701, qps in this process: 190.0175[0m (mp_runner.py:161) (137171)
2026-08-13 11:16:24,783 | [92mINFO[0m: [92mSpawnProcess-1:57 search 30s: actual_dur=30.0011s, count=5725, qps in this process: 190.8263[0m (mp_runner.py:161) (137160)
2026-08-13 11:16:24,784 | [92mINFO[0m: [92mSpawnProcess-1:42 search 30s: actual_dur=30.0008s, count=5745, qps in this process: 191.4949[0m (mp_runner.py:161) (137143)
2026-08-13 11:16:24,787 | [92mINFO[0m: [92mSpawnProcess-1:65 search 30s: actual_dur=30.0021s, count=5690, qps in this process: 189.6534[0m (mp_runner.py:161) (137168)
2026-08-13 11:16:24,787 | [92mINFO[0m: [92mSpawnProcess-1:49 search 30s: actual_dur=30.0012s, count=5708, qps in this process: 190.2591[0m (mp_runner.py:161) (137152)
2026-08-13 11:16:24,821 | [92mINFO[0m: [92mEnd search in concurrency 30: dur=30.057966373s, total_count=170784, qps=5681.8215[0m (mp_runner.py:212) (132117)
2026-08-13 11:16:26,049 | [92mINFO[0m: [92mUpdate largest qps with concurrency 30: current max_qps=5681.8215[0m (mp_runner.py:216) (132117)
2026-08-13 11:16:26,985 | [92mINFO[0m: [92mStart search 30s in concurrency 40, filters: type=<FilterOp.NonFilter: 'NonFilter'> filter_rate=0.0 gt_file_name='neighbors.parquet'[0m (mp_runner.py:189) (132117)
2026-08-13 11:16:37,355 | [92mINFO[0m: [92mSyncing all process and start concurrency search, concurrency=40[0m (mp_runner.py:196) (132117)
2026-08-13 11:17:07,357 | [92mINFO[0m: [92mSpawnProcess-1:83 search 30s: actual_dur=30.0s, count=4520, qps in this process: 150.6667[0m (mp_runner.py:161) (138541)
2026-08-13 11:17:07,358 | [92mINFO[0m: [92mSpawnProcess-1:101 search 30s: actual_dur=30.0014s, count=4499, qps in this process: 149.9597[0m (mp_runner.py:161) (138559)
2026-08-13 11:17:07,359 | [92mINFO[0m: [92mSpawnProcess-1:77 search 30s: actual_dur=30.0032s, count=4477, qps in this process: 149.2174[0m (mp_runner.py:161) (138535)
2026-08-13 11:17:07,361 | [92mINFO[0m: [92mSpawnProcess-1:85 search 30s: actual_dur=30.0015s, count=4475, qps in this process: 149.1592[0m (mp_runner.py:161) (138543)
2026-08-13 11:17:07,361 | [92mINFO[0m: [92mSpawnProcess-1:84 search 30s: actual_dur=30.0042s, count=4455, qps in this process: 148.4792[0m (mp_runner.py:161) (138542)
2026-08-13 11:17:07,363 | [92mINFO[0m: [92mSpawnProcess-1:76 search 30s: actual_dur=30.0024s, count=4430, qps in this process: 147.6549[0m (mp_runner.py:161) (138534)
2026-08-13 11:17:07,363 | [92mINFO[0m: [92mSpawnProcess-1:106 search 30s: actual_dur=30.0048s, count=4480, qps in this process: 149.3094[0m (mp_runner.py:161) (138564)
2026-08-13 11:17:07,364 | [92mINFO[0m: [92mSpawnProcess-1:112 search 30s: actual_dur=30.0034s, count=4467, qps in this process: 148.8831[0m (mp_runner.py:161) (138570)
2026-08-13 11:17:07,364 | [92mINFO[0m: [92mSpawnProcess-1:108 search 30s: actual_dur=30.006s, count=4526, qps in this process: 150.8365[0m (mp_runner.py:161) (138566)
2026-08-13 11:17:07,365 | [92mINFO[0m: [92mSpawnProcess-1:105 search 30s: actual_dur=30.0066s, count=4494, qps in this process: 149.7671[0m (mp_runner.py:161) (138563)
2026-08-13 11:17:07,366 | [92mINFO[0m: [92mSpawnProcess-1:96 search 30s: actual_dur=30.0025s, count=4425, qps in this process: 147.4877[0m (mp_runner.py:161) (138554)
2026-08-13 11:17:07,367 | [92mINFO[0m: [92mSpawnProcess-1:79 search 30s: actual_dur=30.0016s, count=4552, qps in this process: 151.7252[0m (mp_runner.py:161) (138537)
2026-08-13 11:17:07,368 | [92mINFO[0m: [92mSpawnProcess-1:107 search 30s: actual_dur=30.0057s, count=4500, qps in this process: 149.9715[0m (mp_runner.py:161) (138565)
2026-08-13 11:17:07,369 | [92mINFO[0m: [92mSpawnProcess-1:91 search 30s: actual_dur=30.0072s, count=4484, qps in this process: 149.4308[0m (mp_runner.py:161) (138549)
2026-08-13 11:17:07,369 | [92mINFO[0m: [92mSpawnProcess-1:89 search 30s: actual_dur=30.0084s, count=4536, qps in this process: 151.1577[0m (mp_runner.py:161) (138547)
2026-08-13 11:17:07,369 | [92mINFO[0m: [92mSpawnProcess-1:102 search 30s: actual_dur=30.0012s, count=4421, qps in this process: 147.3608[0m (mp_runner.py:161) (138560)
2026-08-13 11:17:07,370 | [92mINFO[0m: [92mSpawnProcess-1:86 search 30s: actual_dur=30.0068s, count=4507, qps in this process: 150.1993[0m (mp_runner.py:161) (138544)
2026-08-13 11:17:07,370 | [92mINFO[0m: [92mSpawnProcess-1:94 search 30s: actual_dur=30.0027s, count=4495, qps in this process: 149.8198[0m (mp_runner.py:161) (138552)
2026-08-13 11:17:07,371 | [92mINFO[0m: [92mSpawnProcess-1:92 search 30s: actual_dur=30.0027s, count=4528, qps in this process: 150.9198[0m (mp_runner.py:161) (138550)
2026-08-13 11:17:07,371 | [92mINFO[0m: [92mSpawnProcess-1:111 search 30s: actual_dur=30.001s, count=4471, qps in this process: 149.0284[0m (mp_runner.py:161) (138569)
2026-08-13 11:17:07,372 | [92mINFO[0m: [92mSpawnProcess-1:78 search 30s: actual_dur=30.0096s, count=4483, qps in this process: 149.3855[0m (mp_runner.py:161) (138536)
2026-08-13 11:17:07,373 | [92mINFO[0m: [92mSpawnProcess-1:98 search 30s: actual_dur=30.003s, count=4474, qps in this process: 149.1184[0m (mp_runner.py:161) (138556)
2026-08-13 11:17:07,375 | [92mINFO[0m: [92mSpawnProcess-1:109 search 30s: actual_dur=30.0011s, count=4511, qps in this process: 150.3612[0m (mp_runner.py:161) (138567)
2026-08-13 11:17:07,374 | [92mINFO[0m: [92mSpawnProcess-1:88 search 30s: actual_dur=30.0057s, count=4499, qps in this process: 149.9382[0m (mp_runner.py:161) (138546)
2026-08-13 11:17:07,376 | [92mINFO[0m: [92mSpawnProcess-1:73 search 30s: actual_dur=30.0083s, count=4475, qps in this process: 149.1254[0m (mp_runner.py:161) (138529)
2026-08-13 11:17:07,378 | [92mINFO[0m: [92mSpawnProcess-1:99 search 30s: actual_dur=30.0047s, count=4469, qps in this process: 148.9433[0m (mp_runner.py:161) (138557)
2026-08-13 11:17:07,379 | [92mINFO[0m: [92mSpawnProcess-1:100 search 30s: actual_dur=30.0046s, count=4480, qps in this process: 149.3104[0m (mp_runner.py:161) (138558)
2026-08-13 11:17:07,379 | [92mINFO[0m: [92mSpawnProcess-1:74 search 30s: actual_dur=30.0016s, count=4505, qps in this process: 150.1587[0m (mp_runner.py:161) (138532)
2026-08-13 11:17:07,380 | [92mINFO[0m: [92mSpawnProcess-1:90 search 30s: actual_dur=30.0044s, count=4432, qps in this process: 147.7117[0m (mp_runner.py:161) (138548)
2026-08-13 11:17:07,385 | [92mINFO[0m: [92mSpawnProcess-1:110 search 30s: actual_dur=30.0026s, count=4502, qps in this process: 150.0537[0m (mp_runner.py:161) (138568)
2026-08-13 11:17:07,385 | [92mINFO[0m: [92mSpawnProcess-1:87 search 30s: actual_dur=30.0023s, count=4483, qps in this process: 149.4219[0m (mp_runner.py:161) (138545)
2026-08-13 11:17:07,386 | [92mINFO[0m: [92mSpawnProcess-1:93 search 30s: actual_dur=30.006s, count=4534, qps in this process: 151.1031[0m (mp_runner.py:161) (138551)
2026-08-13 11:17:07,386 | [92mINFO[0m: [92mSpawnProcess-1:81 search 30s: actual_dur=30.0006s, count=4493, qps in this process: 149.7637[0m (mp_runner.py:161) (138539)
2026-08-13 11:17:07,386 | [92mINFO[0m: [92mSpawnProcess-1:104 search 30s: actual_dur=30.0065s, count=4523, qps in this process: 150.734[0m (mp_runner.py:161) (138562)
2026-08-13 11:17:07,387 | [92mINFO[0m: [92mSpawnProcess-1:95 search 30s: actual_dur=30.0011s, count=4465, qps in this process: 148.8279[0m (mp_runner.py:161) (138553)
2026-08-13 11:17:07,387 | [92mINFO[0m: [92mSpawnProcess-1:80 search 30s: actual_dur=30.0022s, count=4457, qps in this process: 148.5558[0m (mp_runner.py:161) (138538)
2026-08-13 11:17:07,388 | [92mINFO[0m: [92mSpawnProcess-1:75 search 30s: actual_dur=30.0005s, count=4467, qps in this process: 148.8975[0m (mp_runner.py:161) (138533)
2026-08-13 11:17:07,389 | [92mINFO[0m: [92mSpawnProcess-1:82 search 30s: actual_dur=30.0008s, count=4408, qps in this process: 146.9294[0m (mp_runner.py:161) (138540)
2026-08-13 11:17:07,389 | [92mINFO[0m: [92mSpawnProcess-1:103 search 30s: actual_dur=30.0011s, count=4508, qps in this process: 150.2612[0m (mp_runner.py:161) (138561)
2026-08-13 11:17:07,391 | [92mINFO[0m: [92mSpawnProcess-1:97 search 30s: actual_dur=30.0006s, count=4421, qps in this process: 147.3637[0m (mp_runner.py:161) (138555)
2026-08-13 11:17:07,429 | [92mINFO[0m: [92mEnd search in concurrency 40: dur=30.073371681000026s, total_count=179331, qps=5963.1159[0m (mp_runner.py:212) (132117)
2026-08-13 11:17:09,007 | [92mINFO[0m: [92mUpdate largest qps with concurrency 40: current max_qps=5963.1159[0m (mp_runner.py:216) (132117)
2026-08-13 11:17:09,934 | [92mINFO[0m: [92mStart search 30s in concurrency 60, filters: type=<FilterOp.NonFilter: 'NonFilter'> filter_rate=0.0 gt_file_name='neighbors.parquet'[0m (mp_runner.py:189) (132117)
2026-08-13 11:17:20,855 | [92mINFO[0m: [92mSyncing all process and start concurrency search, concurrency=60[0m (mp_runner.py:196) (132117)
2026-08-13 11:17:50,860 | [92mINFO[0m: [92mSpawnProcess-1:160 search 30s: actual_dur=30.0035s, count=3258, qps in this process: 108.5873[0m (mp_runner.py:161) (140192)
2026-08-13 11:17:50,862 | [92mINFO[0m: [92mSpawnProcess-1:140 search 30s: actual_dur=30.0051s, count=3244, qps in this process: 108.115[0m (mp_runner.py:161) (140168)
2026-08-13 11:17:50,862 | [92mINFO[0m: [92mSpawnProcess-1:120 search 30s: actual_dur=30.0032s, count=3215, qps in this process: 107.1552[0m (mp_runner.py:161) (140148)
2026-08-13 11:17:50,863 | [92mINFO[0m: [92mSpawnProcess-1:158 search 30s: actual_dur=30.0054s, count=3203, qps in this process: 106.7475[0m (mp_runner.py:161) (140186)
2026-08-13 11:17:50,863 | [92mINFO[0m: [92mSpawnProcess-1:164 search 30s: actual_dur=30.0039s, count=3246, qps in this process: 108.1859[0m (mp_runner.py:161) (140211)
2026-08-13 11:17:50,863 | [92mINFO[0m: [92mSpawnProcess-1:126 search 30s: actual_dur=30.0009s, count=3219, qps in this process: 107.2968[0m (mp_runner.py:161) (140154)
2026-08-13 11:17:50,863 | [92mINFO[0m: [92mSpawnProcess-1:152 search 30s: actual_dur=30.0051s, count=3207, qps in this process: 106.8818[0m (mp_runner.py:161) (140180)
2026-08-13 11:17:50,863 | [92mINFO[0m: [92mSpawnProcess-1:147 search 30s: actual_dur=30.0009s, count=3243, qps in this process: 108.0968[0m (mp_runner.py:161) (140175)
2026-08-13 11:17:50,864 | [92mINFO[0m: [92mSpawnProcess-1:161 search 30s: actual_dur=30.0025s, count=3254, qps in this process: 108.4576[0m (mp_runner.py:161) (140195)
2026-08-13 11:17:50,864 | [92mINFO[0m: [92mSpawnProcess-1:155 search 30s: actual_dur=30.0053s, count=3273, qps in this process: 109.0807[0m (mp_runner.py:161) (140183)
2026-08-13 11:17:50,866 | [92mINFO[0m: [92mSpawnProcess-1:153 search 30s: actual_dur=30.0051s, count=3214, qps in this process: 107.1151[0m (mp_runner.py:161) (140181)
2026-08-13 11:17:50,867 | [92mINFO[0m: [92mSpawnProcess-1:127 search 30s: actual_dur=30.0007s, count=3230, qps in this process: 107.6642[0m (mp_runner.py:161) (140155)
2026-08-13 11:17:50,868 | [92mINFO[0m: [92mSpawnProcess-1:150 search 30s: actual_dur=30.0011s, count=3212, qps in this process: 107.0627[0m (mp_runner.py:161) (140178)
2026-08-13 11:17:50,868 | [92mINFO[0m: [92mSpawnProcess-1:124 search 30s: actual_dur=30.0055s, count=3228, qps in this process: 107.5803[0m (mp_runner.py:161) (140152)
2026-08-13 11:17:50,868 | [92mINFO[0m: [92mSpawnProcess-1:131 search 30s: actual_dur=30.0067s, count=3185, qps in this process: 106.143[0m (mp_runner.py:161) (140159)
2026-08-13 11:17:50,869 | [92mINFO[0m: [92mSpawnProcess-1:148 search 30s: actual_dur=30.0061s, count=3265, qps in this process: 108.8112[0m (mp_runner.py:161) (140176)
2026-08-13 11:17:50,870 | [92mINFO[0m: [92mSpawnProcess-1:154 search 30s: actual_dur=30.0003s, count=3216, qps in this process: 107.1989[0m (mp_runner.py:161) (140182)
2026-08-13 11:17:50,870 | [92mINFO[0m: [92mSpawnProcess-1:118 search 30s: actual_dur=30.0022s, count=3273, qps in this process: 109.092[0m (mp_runner.py:161) (140146)
2026-08-13 11:17:50,871 | [92mINFO[0m: [92mSpawnProcess-1:172 search 30s: actual_dur=30.0077s, count=3290, qps in this process: 109.6385[0m (mp_runner.py:161) (140252)
2026-08-13 11:17:50,869 | [92mINFO[0m: [92mSpawnProcess-1:117 search 30s: actual_dur=30.0016s, count=3204, qps in this process: 106.7943[0m (mp_runner.py:161) (140145)
2026-08-13 11:17:50,872 | [92mINFO[0m: [92mSpawnProcess-1:134 search 30s: actual_dur=30.0065s, count=3212, qps in this process: 107.0435[0m (mp_runner.py:161) (140162)
2026-08-13 11:17:50,872 | [92mINFO[0m: [92mSpawnProcess-1:173 search 30s: actual_dur=30.0088s, count=3220, qps in this process: 107.3019[0m (mp_runner.py:161) (140254)
2026-08-13 11:17:50,872 | [92mINFO[0m: [92mSpawnProcess-1:168 search 30s: actual_dur=30.0003s, count=3188, qps in this process: 106.2656[0m (mp_runner.py:161) (140248)
2026-08-13 11:17:50,873 | [92mINFO[0m: [92mSpawnProcess-1:122 search 30s: actual_dur=30.0126s, count=3238, qps in this process: 107.888[0m (mp_runner.py:161) (140150)
2026-08-13 11:17:50,875 | [92mINFO[0m: [92mSpawnProcess-1:121 search 30s: actual_dur=30.0087s, count=3249, qps in this process: 108.2686[0m (mp_runner.py:161) (140149)
2026-08-13 11:17:50,875 | [92mINFO[0m: [92mSpawnProcess-1:135 search 30s: actual_dur=30.0032s, count=3230, qps in this process: 107.6552[0m (mp_runner.py:161) (140163)
2026-08-13 11:17:50,878 | [92mINFO[0m: [92mSpawnProcess-1:138 search 30s: actual_dur=30.0085s, count=3256, qps in this process: 108.5026[0m (mp_runner.py:161) (140166)
2026-08-13 11:17:50,879 | [92mINFO[0m: [92mSpawnProcess-1:151 search 30s: actual_dur=30.0044s, count=3233, qps in this process: 107.7509[0m (mp_runner.py:161) (140179)
2026-08-13 11:17:50,880 | [92mINFO[0m: [92mSpawnProcess-1:146 search 30s: actual_dur=30.0004s, count=3216, qps in this process: 107.1986[0m (mp_runner.py:161) (140174)
2026-08-13 11:17:50,885 | [92mINFO[0m: [92mSpawnProcess-1:123 search 30s: actual_dur=30.0039s, count=3271, qps in this process: 109.0192[0m (mp_runner.py:161) (140151)
2026-08-13 11:17:50,888 | [92mINFO[0m: [92mSpawnProcess-1:167 search 30s: actual_dur=30.0024s, count=3259, qps in this process: 108.6246[0m (mp_runner.py:161) (140241)
2026-08-13 11:17:50,889 | [92mINFO[0m: [92mSpawnProcess-1:119 search 30s: actual_dur=30.0032s, count=3223, qps in this process: 107.4219[0m (mp_runner.py:161) (140147)
2026-08-13 11:17:50,889 | [92mINFO[0m: [92mSpawnProcess-1:133 search 30s: actual_dur=30.001s, count=3240, qps in this process: 107.9964[0m (mp_runner.py:161) (140161)
2026-08-13 11:17:50,891 | [92mINFO[0m: [92mSpawnProcess-1:166 search 30s: actual_dur=30.0008s, count=3184, qps in this process: 106.1305[0m (mp_runner.py:161) (140219)
2026-08-13 11:17:50,892 | [92mINFO[0m: [92mSpawnProcess-1:116 search 30s: actual_dur=30.0019s, count=3227, qps in this process: 107.5599[0m (mp_runner.py:161) (140144)
2026-08-13 11:17:50,894 | [92mINFO[0m: [92mSpawnProcess-1:115 search 30s: actual_dur=30.004s, count=3220, qps in this process: 107.319[0m (mp_runner.py:161) (140143)
2026-08-13 11:17:50,895 | [92mINFO[0m: [92mSpawnProcess-1:149 search 30s: actual_dur=30.0007s, count=3264, qps in this process: 108.7975[0m (mp_runner.py:161) (140177)
2026-08-13 11:17:50,896 | [92mINFO[0m: [92mSpawnProcess-1:163 search 30s: actual_dur=30.0049s, count=3268, qps in this process: 108.9155[0m (mp_runner.py:161) (140210)
2026-08-13 11:17:50,902 | [92mINFO[0m: [92mSpawnProcess-1:143 search 30s: actual_dur=30.0028s, count=3189, qps in this process: 106.2901[0m (mp_runner.py:161) (140171)
2026-08-13 11:17:50,905 | [92mINFO[0m: [92mSpawnProcess-1:170 search 30s: actual_dur=30.0037s, count=3276, qps in this process: 109.1865[0m (mp_runner.py:161) (140250)
2026-08-13 11:17:50,909 | [92mINFO[0m: [92mSpawnProcess-1:129 search 30s: actual_dur=30.0001s, count=3280, qps in this process: 109.333[0m (mp_runner.py:161) (140157)
2026-08-13 11:17:50,912 | [92mINFO[0m: [92mSpawnProcess-1:125 search 30s: actual_dur=30.0017s, count=3193, qps in this process: 106.4273[0m (mp_runner.py:161) (140153)
2026-08-13 11:17:50,913 | [92mINFO[0m: [92mSpawnProcess-1:171 search 30s: actual_dur=30.0021s, count=3228, qps in this process: 107.5925[0m (mp_runner.py:161) (140251)
2026-08-13 11:17:50,914 | [92mINFO[0m: [92mSpawnProcess-1:165 search 30s: actual_dur=30.0036s, count=3164, qps in this process: 105.454[0m (mp_runner.py:161) (140212)
2026-08-13 11:17:50,915 | [92mINFO[0m: [92mSpawnProcess-1:142 search 30s: actual_dur=30.0028s, count=3245, qps in this process: 108.1566[0m (mp_runner.py:161) (140170)
2026-08-13 11:17:50,915 | [92mINFO[0m: [92mSpawnProcess-1:136 search 30s: actual_dur=30.0024s, count=3247, qps in this process: 108.2247[0m (mp_runner.py:161) (140164)
2026-08-13 11:17:50,915 | [92mINFO[0m: [92mSpawnProcess-1:141 search 30s: actual_dur=30.0005s, count=3237, qps in this process: 107.8982[0m (mp_runner.py:161) (140169)
2026-08-13 11:17:50,919 | [92mINFO[0m: [92mSpawnProcess-1:159 search 30s: actual_dur=30.0018s, count=3188, qps in this process: 106.2603[0m (mp_runner.py:161) (140187)
2026-08-13 11:17:50,921 | [92mINFO[0m: [92mSpawnProcess-1:162 search 30s: actual_dur=30.002s, count=3227, qps in this process: 107.5595[0m (mp_runner.py:161) (140200)
2026-08-13 11:17:50,924 | [92mINFO[0m: [92mSpawnProcess-1:128 search 30s: actual_dur=30.0006s, count=3192, qps in this process: 106.3979[0m (mp_runner.py:161) (140156)
2026-08-13 11:17:50,926 | [92mINFO[0m: [92mSpawnProcess-1:137 search 30s: actual_dur=30.0005s, count=3223, qps in this process: 107.4315[0m (mp_runner.py:161) (140165)
2026-08-13 11:17:50,928 | [92mINFO[0m: [92mSpawnProcess-1:130 search 30s: actual_dur=30.0005s, count=3228, qps in this process: 107.5982[0m (mp_runner.py:161) (140158)
2026-08-13 11:17:50,929 | [92mINFO[0m: [92mSpawnProcess-1:114 search 30s: actual_dur=30.0014s, count=3227, qps in this process: 107.5616[0m (mp_runner.py:161) (140140)
2026-08-13 11:17:50,933 | [92mINFO[0m: [92mSpawnProcess-1:145 search 30s: actual_dur=30.0012s, count=3255, qps in this process: 108.4957[0m (mp_runner.py:161) (140173)
2026-08-13 11:17:50,933 | [92mINFO[0m: [92mSpawnProcess-1:169 search 30s: actual_dur=30.0009s, count=3289, qps in this process: 109.63[0m (mp_runner.py:161) (140249)
2026-08-13 11:17:50,933 | [92mINFO[0m: [92mSpawnProcess-1:139 search 30s: actual_dur=30.0006s, count=3223, qps in this process: 107.4312[0m (mp_runner.py:161) (140167)
2026-08-13 11:17:50,933 | [92mINFO[0m: [92mSpawnProcess-1:156 search 30s: actual_dur=30.0018s, count=3239, qps in this process: 107.9602[0m (mp_runner.py:161) (140184)
2026-08-13 11:17:50,936 | [92mINFO[0m: [92mSpawnProcess-1:144 search 30s: actual_dur=30.0004s, count=3195, qps in this process: 106.4986[0m (mp_runner.py:161) (140172)
2026-08-13 11:17:50,939 | [92mINFO[0m: [92mSpawnProcess-1:157 search 30s: actual_dur=30.0008s, count=3191, qps in this process: 106.3638[0m (mp_runner.py:161) (140185)
2026-08-13 11:17:50,942 | [92mINFO[0m: [92mSpawnProcess-1:132 search 30s: actual_dur=30.0008s, count=3223, qps in this process: 107.4305[0m (mp_runner.py:161) (140160)
2026-08-13 11:17:50,991 | [92mINFO[0m: [92mEnd search in concurrency 60: dur=30.135544672999913s, total_count=193836, qps=6432.1386[0m (mp_runner.py:212) (132117)
2026-08-13 11:17:53,294 | [92mINFO[0m: [92mUpdate largest qps with concurrency 60: current max_qps=6432.1386[0m (mp_runner.py:216) (132117)
2026-08-13 11:17:54,247 | [92mINFO[0m: [92mStart search 30s in concurrency 80, filters: type=<FilterOp.NonFilter: 'NonFilter'> filter_rate=0.0 gt_file_name='neighbors.parquet'[0m (mp_runner.py:189) (132117)
2026-08-13 11:18:05,407 | [92mINFO[0m: [92mSyncing all process and start concurrency search, concurrency=80[0m (mp_runner.py:196) (132117)
2026-08-13 11:18:35,409 | [92mINFO[0m: [92mSpawnProcess-1:197 search 30s: actual_dur=30.0001s, count=2494, qps in this process: 83.1331[0m (mp_runner.py:161) (142452)
2026-08-13 11:18:35,411 | [92mINFO[0m: [92mSpawnProcess-1:214 search 30s: actual_dur=30.0008s, count=2467, qps in this process: 82.2311[0m (mp_runner.py:161) (142469)
2026-08-13 11:18:35,413 | [92mINFO[0m: [92mSpawnProcess-1:230 search 30s: actual_dur=30.0016s, count=2466, qps in this process: 82.1956[0m (mp_runner.py:161) (142485)
2026-08-13 11:18:35,417 | [92mINFO[0m: [92mSpawnProcess-1:187 search 30s: actual_dur=30.0083s, count=2475, qps in this process: 82.4772[0m (mp_runner.py:161) (142442)
2026-08-13 11:18:35,417 | [92mINFO[0m: [92mSpawnProcess-1:204 search 30s: actual_dur=30.0066s, count=2502, qps in this process: 83.3817[0m (mp_runner.py:161) (142459)
2026-08-13 11:18:35,417 | [92mINFO[0m: [92mSpawnProcess-1:182 search 30s: actual_dur=30.0001s, count=2481, qps in this process: 82.6997[0m (mp_runner.py:161) (142437)
2026-08-13 11:18:35,417 | [92mINFO[0m: [92mSpawnProcess-1:198 search 30s: actual_dur=30.0038s, count=2498, qps in this process: 83.2561[0m (mp_runner.py:161) (142453)
2026-08-13 11:18:35,418 | [92mINFO[0m: [92mSpawnProcess-1:226 search 30s: actual_dur=30.0039s, count=2533, qps in this process: 84.4224[0m (mp_runner.py:161) (142481)
2026-08-13 11:18:35,418 | [92mINFO[0m: [92mSpawnProcess-1:216 search 30s: actual_dur=30.0015s, count=2520, qps in this process: 83.9958[0m (mp_runner.py:161) (142471)
2026-08-13 11:18:35,418 | [92mINFO[0m: [92mSpawnProcess-1:200 search 30s: actual_dur=30.0029s, count=2515, qps in this process: 83.8252[0m (mp_runner.py:161) (142455)
2026-08-13 11:18:35,419 | [92mINFO[0m: [92mSpawnProcess-1:211 search 30s: actual_dur=30.0058s, count=2496, qps in this process: 83.1839[0m (mp_runner.py:161) (142466)
2026-08-13 11:18:35,420 | [92mINFO[0m: [92mSpawnProcess-1:180 search 30s: actual_dur=30.0055s, count=2487, qps in this process: 82.8848[0m (mp_runner.py:161) (142435)
2026-08-13 11:18:35,420 | [92mINFO[0m: [92mSpawnProcess-1:217 search 30s: actual_dur=30.0076s, count=2510, qps in this process: 83.6455[0m (mp_runner.py:161) (142472)
2026-08-13 11:18:35,420 | [92mINFO[0m: [92mSpawnProcess-1:239 search 30s: actual_dur=30.0035s, count=2517, qps in this process: 83.8902[0m (mp_runner.py:161) (142521)
2026-08-13 11:18:35,422 | [92mINFO[0m: [92mSpawnProcess-1:237 search 30s: actual_dur=30.0088s, count=2487, qps in this process: 82.8757[0m (mp_runner.py:161) (142499)
2026-08-13 11:18:35,424 | [92mINFO[0m: [92mSpawnProcess-1:183 search 30s: actual_dur=30.0061s, count=2504, qps in this process: 83.4497[0m (mp_runner.py:161) (142438)
2026-08-13 11:18:35,425 | [92mINFO[0m: [92mSpawnProcess-1:234 search 30s: actual_dur=30.0019s, count=2518, qps in this process: 83.928[0m (mp_runner.py:161) (142489)
2026-08-13 11:18:35,425 | [92mINFO[0m: [92mSpawnProcess-1:227 search 30s: actual_dur=30.0058s, count=2473, qps in this process: 82.4174[0m (mp_runner.py:161) (142482)
2026-08-13 11:18:35,426 | [92mINFO[0m: [92mSpawnProcess-1:176 search 30s: actual_dur=30.0052s, count=2514, qps in this process: 83.7855[0m (mp_runner.py:161) (142431)
2026-08-13 11:18:35,426 | [92mINFO[0m: [92mSpawnProcess-1:244 search 30s: actual_dur=30.0134s, count=2498, qps in this process: 83.2295[0m (mp_runner.py:161) (142532)
2026-08-13 11:18:35,428 | [92mINFO[0m: [92mSpawnProcess-1:186 search 30s: actual_dur=30.0101s, count=2507, qps in this process: 83.5385[0m (mp_runner.py:161) (142441)
2026-08-13 11:18:35,428 | [92mINFO[0m: [92mSpawnProcess-1:185 search 30s: actual_dur=30.0171s, count=2494, qps in this process: 83.086[0m (mp_runner.py:161) (142440)
2026-08-13 11:18:35,428 | [92mINFO[0m: [92mSpawnProcess-1:208 search 30s: actual_dur=30.01s, count=2512, qps in this process: 83.7054[0m (mp_runner.py:161) (142463)
2026-08-13 11:18:35,428 | [92mINFO[0m: [92mSpawnProcess-1:207 search 30s: actual_dur=30.0008s, count=2459, qps in this process: 81.9645[0m (mp_runner.py:161) (142462)
2026-08-13 11:18:35,430 | [92mINFO[0m: [92mSpawnProcess-1:202 search 30s: actual_dur=30.0032s, count=2465, qps in this process: 82.1579[0m (mp_runner.py:161) (142457)
2026-08-13 11:18:35,430 | [92mINFO[0m: [92mSpawnProcess-1:193 search 30s: actual_dur=30.0043s, count=2458, qps in this process: 81.9216[0m (mp_runner.py:161) (142448)
2026-08-13 11:18:35,431 | [92mINFO[0m: [92mSpawnProcess-1:189 search 30s: actual_dur=30.0064s, count=2491, qps in this process: 83.0156[0m (mp_runner.py:161) (142444)
2026-08-13 11:18:35,432 | [92mINFO[0m: [92mSpawnProcess-1:205 search 30s: actual_dur=30.0077s, count=2471, qps in this process: 82.3455[0m (mp_runner.py:161) (142460)
2026-08-13 11:18:35,432 | [92mINFO[0m: [92mSpawnProcess-1:210 search 30s: actual_dur=30.0049s, count=2522, qps in this process: 84.0529[0m (mp_runner.py:161) (142465)
2026-08-13 11:18:35,432 | [92mINFO[0m: [92mSpawnProcess-1:196 search 30s: actual_dur=30.0131s, count=2486, qps in this process: 82.8305[0m (mp_runner.py:161) (142451)
2026-08-13 11:18:35,434 | [92mINFO[0m: [92mSpawnProcess-1:222 search 30s: actual_dur=30.0029s, count=2496, qps in this process: 83.192[0m (mp_runner.py:161) (142477)
2026-08-13 11:18:35,434 | [92mINFO[0m: [92mSpawnProcess-1:192 search 30s: actual_dur=30.014s, count=2478, qps in this process: 82.5615[0m (mp_runner.py:161) (142447)
2026-08-13 11:18:35,435 | [92mINFO[0m: [92mSpawnProcess-1:188 search 30s: actual_dur=30.0066s, count=2490, qps in this process: 82.9817[0m (mp_runner.py:161) (142443)
2026-08-13 11:18:35,437 | [92mINFO[0m: [92mSpawnProcess-1:179 search 30s: actual_dur=30.0035s, count=2501, qps in this process: 83.3569[0m (mp_runner.py:161) (142434)
2026-08-13 11:18:35,438 | [92mINFO[0m: [92mSpawnProcess-1:206 search 30s: actual_dur=30.0029s, count=2476, qps in this process: 82.5254[0m (mp_runner.py:161) (142461)
2026-08-13 11:18:35,440 | [92mINFO[0m: [92mSpawnProcess-1:247 search 30s: actual_dur=30.0s, count=2511, qps in this process: 83.7[0m (mp_runner.py:161) (142537)
2026-08-13 11:18:35,441 | [92mINFO[0m: [92mSpawnProcess-1:177 search 30s: actual_dur=30.0071s, count=2487, qps in this process: 82.8804[0m (mp_runner.py:161) (142432)
2026-08-13 11:18:35,443 | [92mINFO[0m: [92mSpawnProcess-1:219 search 30s: actual_dur=30.0014s, count=2492, qps in this process: 83.0628[0m (mp_runner.py:161) (142474)
2026-08-13 11:18:35,444 | [92mINFO[0m: [92mSpawnProcess-1:209 search 30s: actual_dur=30.0065s, count=2515, qps in this process: 83.8152[0m (mp_runner.py:161) (142464)
2026-08-13 11:18:35,444 | [92mINFO[0m: [92mSpawnProcess-1:201 search 30s: actual_dur=30.0087s, count=2494, qps in this process: 83.1092[0m (mp_runner.py:161) (142456)
2026-08-13 11:18:35,445 | [92mINFO[0m: [92mSpawnProcess-1:190 search 30s: actual_dur=30.0108s, count=2493, qps in this process: 83.0701[0m (mp_runner.py:161) (142445)
2026-08-13 11:18:35,446 | [92mINFO[0m: [92mSpawnProcess-1:246 search 30s: actual_dur=30.0028s, count=2498, qps in this process: 83.2589[0m (mp_runner.py:161) (142535)
2026-08-13 11:18:35,447 | [92mINFO[0m: [92mSpawnProcess-1:203 search 30s: actual_dur=30.009s, count=2553, qps in this process: 85.0745[0m (mp_runner.py:161) (142458)
2026-08-13 11:18:35,447 | [92mINFO[0m: [92mSpawnProcess-1:228 search 30s: actual_dur=30.004s, count=2503, qps in this process: 83.4222[0m (mp_runner.py:161) (142483)
2026-08-13 11:18:35,448 | [92mINFO[0m: [92mSpawnProcess-1:220 search 30s: actual_dur=30.0004s, count=2507, qps in this process: 83.5656[0m (mp_runner.py:161) (142475)
2026-08-13 11:18:35,449 | [92mINFO[0m: [92mSpawnProcess-1:242 search 30s: actual_dur=30.0055s, count=2536, qps in this process: 84.5178[0m (mp_runner.py:161) (142529)
2026-08-13 11:18:35,450 | [92mINFO[0m: [92mSpawnProcess-1:248 search 30s: actual_dur=30.0043s, count=2504, qps in this process: 83.4547[0m (mp_runner.py:161) (142538)
2026-08-13 11:18:35,452 | [92mINFO[0m: [92mSpawnProcess-1:252 search 30s: actual_dur=30.0016s, count=2537, qps in this process: 84.5622[0m (mp_runner.py:161) (142542)
2026-08-13 11:18:35,453 | [92mINFO[0m: [92mSpawnProcess-1:249 search 30s: actual_dur=30.0062s, count=2491, qps in this process: 83.0162[0m (mp_runner.py:161) (142539)
2026-08-13 11:18:35,454 | [92mINFO[0m: [92mSpawnProcess-1:229 search 30s: actual_dur=30.0017s, count=2495, qps in this process: 83.162[0m (mp_runner.py:161) (142484)
2026-08-13 11:18:35,454 | [92mINFO[0m: [92mSpawnProcess-1:218 search 30s: actual_dur=30.0029s, count=2522, qps in this process: 84.0585[0m (mp_runner.py:161) (142473)
2026-08-13 11:18:35,456 | [92mINFO[0m: [92mSpawnProcess-1:178 search 30s: actual_dur=30.0028s, count=2457, qps in this process: 81.8924[0m (mp_runner.py:161) (142433)
2026-08-13 11:18:35,457 | [92mINFO[0m: [92mSpawnProcess-1:243 search 30s: actual_dur=30.0021s, count=2521, qps in this process: 84.0275[0m (mp_runner.py:161) (142530)
2026-08-13 11:18:35,458 | [92mINFO[0m: [92mSpawnProcess-1:254 search 30s: actual_dur=30.0016s, count=2504, qps in this process: 83.4622[0m (mp_runner.py:161) (142559)
2026-08-13 11:18:35,461 | [92mINFO[0m: [92mSpawnProcess-1:225 search 30s: actual_dur=30.0032s, count=2496, qps in this process: 83.1911[0m (mp_runner.py:161) (142480)
2026-08-13 11:18:35,465 | [92mINFO[0m: [92mSpawnProcess-1:251 search 30s: actual_dur=30.0s, count=2512, qps in this process: 83.7333[0m (mp_runner.py:161) (142541)
2026-08-13 11:18:35,467 | [92mINFO[0m: [92mSpawnProcess-1:233 search 30s: actual_dur=30.003s, count=2527, qps in this process: 84.2249[0m (mp_runner.py:161) (142488)
2026-08-13 11:18:35,468 | [92mINFO[0m: [92mSpawnProcess-1:212 search 30s: actual_dur=30.0024s, count=2507, qps in this process: 83.56[0m (mp_runner.py:161) (142467)
2026-08-13 11:18:35,469 | [92mINFO[0m: [92mSpawnProcess-1:224 search 30s: actual_dur=30.006s, count=2513, qps in this process: 83.7499[0m (mp_runner.py:161) (142479)
2026-08-13 11:18:35,471 | [92mINFO[0m: [92mSpawnProcess-1:235 search 30s: actual_dur=30.0014s, count=2502, qps in this process: 83.3961[0m (mp_runner.py:161) (142490)
2026-08-13 11:18:35,473 | [92mINFO[0m: [92mSpawnProcess-1:250 search 30s: actual_dur=30.0074s, count=2533, qps in this process: 84.4125[0m (mp_runner.py:161) (142540)
2026-08-13 11:18:35,475 | [92mINFO[0m: [92mSpawnProcess-1:245 search 30s: actual_dur=30.0003s, count=2490, qps in this process: 82.9992[0m (mp_runner.py:161) (142534)
2026-08-13 11:18:35,478 | [92mINFO[0m: [92mSpawnProcess-1:253 search 30s: actual_dur=30.0032s, count=2502, qps in this process: 83.3911[0m (mp_runner.py:161) (142543)
2026-08-13 11:18:35,482 | [92mINFO[0m: [92mSpawnProcess-1:236 search 30s: actual_dur=30.0s, count=2511, qps in this process: 83.7[0m (mp_runner.py:161) (142496)
2026-08-13 11:18:35,483 | [92mINFO[0m: [92mSpawnProcess-1:240 search 30s: actual_dur=30.0023s, count=2560, qps in this process: 85.3268[0m (mp_runner.py:161) (142523)
2026-08-13 11:18:35,489 | [92mINFO[0m: [92mSpawnProcess-1:238 search 30s: actual_dur=30.0003s, count=2492, qps in this process: 83.0658[0m (mp_runner.py:161) (142503)
2026-08-13 11:18:35,506 | [92mINFO[0m: [92mSpawnProcess-1:241 search 30s: actual_dur=30.0029s, count=2499, qps in this process: 83.2919[0m (mp_runner.py:161) (142528)
2026-08-13 11:18:35,509 | [92mINFO[0m: [92mSpawnProcess-1:231 search 30s: actual_dur=30.001s, count=2537, qps in this process: 84.5638[0m (mp_runner.py:161) (142486)
2026-08-13 11:18:35,511 | [92mINFO[0m: [92mSpawnProcess-1:195 search 30s: actual_dur=30.001s, count=2551, qps in this process: 85.0305[0m (mp_runner.py:161) (142450)
2026-08-13 11:18:35,511 | [92mINFO[0m: [92mSpawnProcess-1:213 search 30s: actual_dur=30.0014s, count=2532, qps in this process: 84.3961[0m (mp_runner.py:161) (142468)
2026-08-13 11:18:35,511 | [92mINFO[0m: [92mSpawnProcess-1:181 search 30s: actual_dur=30.0003s, count=2477, qps in this process: 82.5658[0m (mp_runner.py:161) (142436)
2026-08-13 11:18:35,511 | [92mINFO[0m: [92mSpawnProcess-1:191 search 30s: actual_dur=30.0027s, count=2490, qps in this process: 82.9925[0m (mp_runner.py:161) (142446)
2026-08-13 11:18:35,511 | [92mINFO[0m: [92mSpawnProcess-1:223 search 30s: actual_dur=30.0004s, count=2506, qps in this process: 83.5322[0m (mp_runner.py:161) (142478)
2026-08-13 11:18:35,511 | [92mINFO[0m: [92mSpawnProcess-1:175 search 30s: actual_dur=30.0015s, count=2502, qps in this process: 83.3958[0m (mp_runner.py:161) (142428)
2026-08-13 11:18:35,515 | [92mINFO[0m: [92mSpawnProcess-1:199 search 30s: actual_dur=30.0011s, count=2539, qps in this process: 84.6302[0m (mp_runner.py:161) (142454)
2026-08-13 11:18:35,516 | [92mINFO[0m: [92mSpawnProcess-1:184 search 30s: actual_dur=30.0028s, count=2453, qps in this process: 81.759[0m (mp_runner.py:161) (142439)
2026-08-13 11:18:35,518 | [92mINFO[0m: [92mSpawnProcess-1:215 search 30s: actual_dur=30.0023s, count=2528, qps in this process: 84.2602[0m (mp_runner.py:161) (142470)
2026-08-13 11:18:35,519 | [92mINFO[0m: [92mSpawnProcess-1:232 search 30s: actual_dur=30.0001s, count=2526, qps in this process: 84.1997[0m (mp_runner.py:161) (142487)
2026-08-13 11:18:35,527 | [92mINFO[0m: [92mSpawnProcess-1:221 search 30s: actual_dur=30.0009s, count=2517, qps in this process: 83.8975[0m (mp_runner.py:161) (142476)
2026-08-13 11:18:35,528 | [92mINFO[0m: [92mSpawnProcess-1:194 search 30s: actual_dur=30.0017s, count=2560, qps in this process: 85.3285[0m (mp_runner.py:161) (142449)
2026-08-13 11:18:35,591 | [92mINFO[0m: [92mEnd search in concurrency 80: dur=30.184156488000554s, total_count=200243, qps=6634.0433[0m (mp_runner.py:212) (132117)
2026-08-13 11:18:38,549 | [92mINFO[0m: [92mUpdate largest qps with concurrency 80: current max_qps=6634.0433[0m (mp_runner.py:216) (132117)
2026-08-13 11:18:38,552 | [92mINFO[0m: [92mSpawnProcess-1 start serial search[0m (serial_runner.py:296) (132117)
2026-08-13 11:18:39,701 | [92mINFO[0m: [92mSpawnProcess-1:255 start search the entire test_data to get recall and latency[0m (serial_runner.py:209) (145045)
2026-08-13 11:18:50,667 | [92mINFO[0m: [92mSpawnProcess-1:255 search entire test_data: cost=10.7563s, queries=6980, avg_recall=0.7972, avg_ndcg=0.6908, avg_mrr=0.6616, avg_latency=0.0015, p99=0.0025, p95=0.0022[0m (serial_runner.py:264) (145045)
2026-08-13 11:18:50,982 | [92mINFO[0m: [92mPerformance case got result: Metric(max_load_count=0, insert_duration=28.8387, optimize_duration=31.4089, load_duration=60.2476, qps=6634.0433, serial_latency_p99=np.float64(0.0025), serial_latency_p95=np.float64(0.0022), recall=np.float64(0.7972), ndcg=np.float64(0.6908), mrr=np.float64(0.6616), conc_num_list=[1, 5, 10, 20, 30, 40, 60, 80], conc_qps_list=[573.705, 2584.38, 4061.4062, 5287.5728, 5681.8215, 5963.1159, 6432.1386, 6634.0433], conc_latency_p99_list=[np.float64(0.003386287939861173), np.float64(0.003451582849938855), np.float64(0.004598755219976737), np.float64(0.007999671699790262), np.float64(0.010964532100097152), np.float64(0.01426181300007557), np.float64(0.021765430399796046), np.float64(0.028574058020076322)], conc_latency_p95_list=[np.float64(0.0025908875999903097), np.float64(0.0028104674000132947), np.float64(0.0037118942499091644), np.float64(0.00621133750005356), np.float64(0.008613942700117151), np.float64(0.011085814499892876), np.float64(0.016149185500239582), np.float64(0.020997751100003365)], conc_latency_avg_list=[np.float64(0.0017409584107740141), np.float64(0.0019317236130463732), np.float64(0.0024578968677077535), np.float64(0.0037746628880439797), np.float64(0.005266888872382629), np.float64(0.006688531616502425), np.float64(0.009283127472625793), np.float64(0.011982814181016169)], payload_profile='ids_only', payload_estimated_bytes_per_query=200, inserted_count=100000, insert_rows_per_second=0.0, insert_completion_seconds=0.0, searchable_after_insert_seconds=0.0, indexed_after_searchable_seconds=0.0, additional_parameters={'num_per_batch': 100, 'load_concurrency': 0}, st_ideal_insert_duration=0, st_search_stage_list=[], st_search_time_list=[], st_max_qps_list_list=[], st_recall_list=[], st_ndcg_list=[], st_serial_latency_p99_list=[], st_serial_latency_p95_list=[], st_conc_failed_rate_list=[], st_conc_num_list_list=[], st_conc_qps_list_list=[], st_conc_latency_p99_list_list=[], st_conc_latency_p95_list_list=[], st_conc_latency_avg_list_list=[])[0m (task_runner.py:383) (132117)
2026-08-13 11:18:50,982 | [92mINFO[0m: [92m[1/1] finish case: {'label': <CaseLabel.FullTextSearchPerformance: 6>, 'name': 'FTS BM25 Performance - MS MARCO Small (100K documents)', 'dataset': {'data': {'name': 'MS MARCO', 'size': 100000, 'metric_type': <MetricType.BM25: 'BM25'>}}, 'db': 'ElasticCloud-elastic-8153'}, result=Metric(max_load_count=0, insert_duration=28.8387, optimize_duration=31.4089, load_duration=60.2476, qps=6634.0433, serial_latency_p99=np.float64(0.0025), serial_latency_p95=np.float64(0.0022), recall=np.float64(0.7972), ndcg=np.float64(0.6908), mrr=np.float64(0.6616), conc_num_list=[1, 5, 10, 20, 30, 40, 60, 80], conc_qps_list=[573.705, 2584.38, 4061.4062, 5287.5728, 5681.8215, 5963.1159, 6432.1386, 6634.0433], conc_latency_p99_list=[np.float64(0.003386287939861173), np.float64(0.003451582849938855), np.float64(0.004598755219976737), np.float64(0.007999671699790262), np.float64(0.010964532100097152), np.float64(0.01426181300007557), np.float64(0.021765430399796046), np.float64(0.028574058020076322)], conc_latency_p95_list=[np.float64(0.0025908875999903097), np.float64(0.0028104674000132947), np.float64(0.0037118942499091644), np.float64(0.00621133750005356), np.float64(0.008613942700117151), np.float64(0.011085814499892876), np.float64(0.016149185500239582), np.float64(0.020997751100003365)], conc_latency_avg_list=[np.float64(0.0017409584107740141), np.float64(0.0019317236130463732), np.float64(0.0024578968677077535), np.float64(0.0037746628880439797), np.float64(0.005266888872382629), np.float64(0.006688531616502425), np.float64(0.009283127472625793), np.float64(0.011982814181016169)], payload_profile='ids_only', payload_estimated_bytes_per_query=200, inserted_count=100000, insert_rows_per_second=0.0, insert_completion_seconds=0.0, searchable_after_insert_seconds=0.0, indexed_after_searchable_seconds=0.0, additional_parameters={'num_per_batch': 100, 'load_concurrency': 0}, st_ideal_insert_duration=0, st_search_stage_list=[], st_search_time_list=[], st_max_qps_list_list=[], st_recall_list=[], st_ndcg_list=[], st_serial_latency_p99_list=[], st_serial_latency_p95_list=[], st_conc_failed_rate_list=[], st_conc_num_list_list=[], st_conc_qps_list_list=[], st_conc_latency_p99_list_list=[], st_conc_latency_p95_list_list=[], st_conc_latency_avg_list_list=[]), label=ResultLabel.NORMAL[0m (interface.py:187) (132117)
2026-08-13 11:18:50,983 | INFO |Task summary: run_id=133f3, task_label=133f30195fb94dd186ca19c321a6bef0 (models.py:569)
2026-08-13 11:18:50,983 | INFO |DB           | db_label        case                                                   label                            | load_dur    qps          latency(p99)    latency(p95)    recall        max_load_count | label (models.py:569)
2026-08-13 11:18:50,983 | INFO |------------ | --------------- ------------------------------------------------------ -------------------------------- | ----------- ------------ --------------- --------------- ------------- -------------- | ----- (models.py:569)
2026-08-13 11:18:50,983 | INFO |ElasticCloud | elastic-8153    FTS BM25 Performance - MS MARCO Small (100K documents) 133f30195fb94dd186ca19c321a6bef0 | 60.2476     6634.0433    0.0025          0.0022          0.7972        0              | :)    (models.py:569)
2026-08-13 11:18:50,983 | [92mINFO[0m: [92mwrite results to disk /root/b047/venv/lib/python3.11/site-packages/vectordb_bench/results/ElasticCloud/result_20260813_133f30195fb94dd186ca19c321a6bef0_elasticcloud.json[0m (models.py:400) (132117)
2026-08-13 11:18:50,984 | [92mINFO[0m: [92mSuccess to finish task: label=133f30195fb94dd186ca19c321a6bef0, run_id=133f30195fb94dd186ca19c321a6bef0[0m (interface.py:224) (132117)
