2026-08-13 11:36:02,017 | [92mINFO[0m: [92mTask:
TaskConfig(db=<DB.OSSOpenSearch: 'OSSOpenSearch'>, db_config=OSSOpenSearchConfig(db_label='', version='', note='', index_name='vdb_bench_index', host='127.0.0.1', port=9201, user=None, password=SecretStr('')), db_case_config=OSSOpenSearchFtsConfig(number_of_shards=1, number_of_replicas=0, refresh_interval='60s', force_merge_enabled=True, metric_type=<MetricType.BM25: 'BM25'>, bm25_k1=None, bm25_b=None), case_config=CaseConfig(case_id=<CaseType.FTSBm25Performance: 503>, custom_case={'dataset_with_size_type': 'MS MARCO Small (100K documents)', 'payload_profile': 'ids_only'}, k=10, concurrency_search_config=ConcurrencySearchConfig(num_concurrency=[1, 5, 10, 20, 30, 40, 60, 80], concurrency_duration=30, concurrency_timeout=3600, serial_cooldown=0.0)), stages=['drop_old', 'load', 'search_serial', 'search_concurrent'], load_concurrency=0)
[0m (cli.py:973) (174308)
2026-08-13 11:36:02,018 | [92mINFO[0m: [92mgenerated uuid for the tasks: ea61f4119d86410faf781cc1c3f6814e[0m (interface.py:77) (174308)
2026-08-13 11:36:02,150 | INFO | DB             | CaseType     Dataset               Filter | task_label (task_runner.py:757)
2026-08-13 11:36:02,150 | INFO | -----------    | ------------ -------------------- ------- | -------    (task_runner.py:757)
2026-08-13 11:36:02,150 | INFO | OSSOpenSearch  | FullTextSearchPerformance MS MARCO-SMALL-100K      0.0 | ea61f4119d86410faf781cc1c3f6814e (task_runner.py:757)
2026-08-13 11:36:02,150 | [92mINFO[0m: [92mtask submitted: id=ea61f4119d86410faf781cc1c3f6814e, ea61f4119d86410faf781cc1c3f6814e, case number: 1[0m (interface.py:253) (174308)
2026-08-13 11:36:03,093 | [92mINFO[0m: [92m[1/1] start case: {'label': <CaseLabel.FullTextSearchPerformance: 6>, 'name': 'FTS BM25 Performance - MS MARCO Small (100K documents)', 'dataset': {'data': {'name': 'MS MARCO', 'size': 100000, 'metric_type': <MetricType.BM25: 'BM25'>}}, 'db': 'OSSOpenSearch'}, drop_old=True[0m (interface.py:185) (174369)
2026-08-13 11:36:03,093 | [92mINFO[0m: [92mStarting run[0m (task_runner.py:268) (174369)
2026-08-13 11:36:03,093 | [92mINFO[0m: [92mPreparing FTS dataset: MS MARCO FTS (SMALL)[0m (dataset.py:1009) (174369)
2026-08-13 11:36:03,093 | [92mINFO[0m: [92mDownloading FTS dataset 'msmarco-passage/dev/small' using ir_datasets[0m (data_source.py:192) (174369)
2026-08-13 11:36:03,093 | [92mINFO[0m: [92mSuccessfully loaded dataset: msmarco-passage/dev/small[0m (data_source.py:199) (174369)
2026-08-13 11:36:03,093 | [92mINFO[0m: [92mSuccessfully loaded ir_datasets dataset: msmarco-passage/dev/small[0m (dataset.py:1022) (174369)
2026-08-13 11:36:03,107 | [92mINFO[0m: [92mLoaded 6980 queries into memory[0m (dataset.py:1027) (174369)
2026-08-13 11:36:28,010 | [92mINFO[0m: [92mLoaded semantic qrels for 6980 queries; recall uses 6980 queries; selected 100000 corpus docs including 7433 qrel docs[0m (dataset.py:1055) (174369)
2026-08-13 11:36:28,010 | [92mINFO[0m: [92mFTS dataset preparation completed: MS MARCO FTS (SMALL)[0m (dataset.py:1080) (174369)
2026-08-13 11:36:28,145 | [92mINFO[0m: [92mOSS_OpenSearch client config: {'hosts': [{'host': '127.0.0.1', 'port': 9201}], 'http_auth': (), 'use_ssl': False, 'http_compress': True, 'verify_certs': False, 'ssl_assert_hostname': False, 'ssl_show_warn': False, 'timeout': 600}[0m (oss_opensearch.py:233) (174369)
2026-08-13 11:36:28,145 | [92mINFO[0m: [92mOSS_OpenSearch db case config: number_of_shards=1 number_of_replicas=0 refresh_interval='60s' force_merge_enabled=True metric_type=<MetricType.BM25: 'BM25'> bm25_k1=None bm25_b=None[0m (oss_opensearch.py:234) (174369)
2026-08-13 11:36:28,145 | [92mINFO[0m: [92mOSS_OpenSearch client drop old index: vdb_bench_index[0m (oss_opensearch.py:241) (174369)
2026-08-13 11:36:28,176 | [92mINFO[0m: [92mCreating FTS index with settings: {'index': {'number_of_shards': 1, 'number_of_replicas': 0, 'refresh_interval': '60s'}}[0m (oss_opensearch.py:340) (174369)
2026-08-13 11:36:28,177 | [92mINFO[0m: [92mCreating FTS index with mappings: {'properties': {'doc_id': {'type': 'keyword'}, 'filter_id': {'type': 'long'}, 'text': {'type': 'text'}}}[0m (oss_opensearch.py:341) (174369)
2026-08-13 11:36:28,232 | [92mINFO[0m: [92mStart performance case[0m (task_runner.py:317) (174369)
2026-08-13 11:36:28,233 | [92mINFO[0m: [92m(SpawnProcess-1  ) Start concurrent insert, batch_size=100, max_workers=4, workload=full_text[0m (concurrent_runner.py:266) (174369)
2026-08-13 11:36:56,439 | [92mINFO[0m: [92m(SpawnProcess-1  ) Finish concurrent insert, count=100000, dur=28.21s[0m (concurrent_runner.py:287) (174369)
2026-08-13 11:36:56,440 | [92mINFO[0m: [92mStarting the Refresh Index..[0m (oss_opensearch.py:837) (174369)
2026-08-13 11:36:57,583 | [92mINFO[0m: [92mStarting FTS force merge for index vdb_bench_index[0m (oss_opensearch.py:849) (174369)
2026-08-13 11:37:27,587 | [92mINFO[0m: [92mCompleted FTS force merge for index vdb_bench_index[0m (oss_opensearch.py:857) (174369)
2026-08-13 11:37:27,588 | [92mINFO[0m: [92mStarting the Refresh Index..[0m (oss_opensearch.py:837) (174369)
2026-08-13 11:37:27,599 | [92mINFO[0m: [92mCurrent Number of replicas are 0 and changing the replicas to 0[0m (oss_opensearch.py:806) (174369)
2026-08-13 11:37:27,601 | [92mINFO[0m: [92mSuccessfully updated number of replicas to 0[0m (oss_opensearch.py:80) (174369)
2026-08-13 11:37:27,601 | [92mINFO[0m: [92mWait for index to become green..[0m (oss_opensearch.py:816) (174369)
2026-08-13 11:37:27,602 | [92mINFO[0m: [92mIndex vdb_bench_index is green..[0m (oss_opensearch.py:831) (174369)
2026-08-13 11:37:27,602 | [92mINFO[0m: [92mStarting the Refresh Index..[0m (oss_opensearch.py:837) (174369)
2026-08-13 11:37:27,603 | [92mINFO[0m: [92mFinish loading the entire dataset into VectorDB, insert_duration=28.207250306000788, optimize_duration=31.163515557999744 load_duration(insert + optimize) = 59.3708[0m (task_runner.py:342) (174369)
2026-08-13 11:37:27,603 | [92mINFO[0m: [92mFTS concurrent test will use 6980 queries for testing[0m (task_runner.py:645) (174369)
2026-08-13 11:37:27,604 | [92mINFO[0m: [92mFTS serial recall will use 6980 queries[0m (task_runner.py:667) (174369)
2026-08-13 11:37:28,529 | [92mINFO[0m: [92mStart search 30s in concurrency 1, filters: type=<FilterOp.NonFilter: 'NonFilter'> filter_rate=0.0 gt_file_name='neighbors.parquet'[0m (mp_runner.py:189) (174369)
2026-08-13 11:37:30,533 | [92mINFO[0m: [92mSyncing all process and start concurrency search, concurrency=1[0m (mp_runner.py:196) (174369)
2026-08-13 11:38:00,536 | [92mINFO[0m: [92mSpawnProcess-1:2 search 30s: actual_dur=30.002s, count=17443, qps in this process: 581.3946[0m (mp_runner.py:161) (175780)
2026-08-13 11:38:00,539 | [92mINFO[0m: [92mEnd search in concurrency 1: dur=30.006373815999723s, total_count=17443, qps=581.3098[0m (mp_runner.py:212) (174369)
2026-08-13 11:38:01,017 | [92mINFO[0m: [92mUpdate largest qps with concurrency 1: current max_qps=581.3098[0m (mp_runner.py:216) (174369)
2026-08-13 11:38:01,951 | [92mINFO[0m: [92mStart search 30s in concurrency 5, filters: type=<FilterOp.NonFilter: 'NonFilter'> filter_rate=0.0 gt_file_name='neighbors.parquet'[0m (mp_runner.py:189) (174369)
2026-08-13 11:38:06,956 | [92mINFO[0m: [92mSyncing all process and start concurrency search, concurrency=5[0m (mp_runner.py:196) (174369)
2026-08-13 11:38:36,958 | [92mINFO[0m: [92mSpawnProcess-1:7 search 30s: actual_dur=30.0005s, count=13902, qps in this process: 463.3923[0m (mp_runner.py:161) (176321)
2026-08-13 11:38:36,958 | [92mINFO[0m: [92mSpawnProcess-1:8 search 30s: actual_dur=30.0003s, count=13936, qps in this process: 464.5287[0m (mp_runner.py:161) (176322)
2026-08-13 11:38:36,959 | [92mINFO[0m: [92mSpawnProcess-1:5 search 30s: actual_dur=30.0005s, count=13938, qps in this process: 464.5923[0m (mp_runner.py:161) (176319)
2026-08-13 11:38:36,959 | [92mINFO[0m: [92mSpawnProcess-1:4 search 30s: actual_dur=30.0014s, count=13965, qps in this process: 465.4783[0m (mp_runner.py:161) (176316)
2026-08-13 11:38:36,960 | [92mINFO[0m: [92mSpawnProcess-1:6 search 30s: actual_dur=30.0015s, count=13921, qps in this process: 464.0101[0m (mp_runner.py:161) (176320)
2026-08-13 11:38:36,970 | [92mINFO[0m: [92mEnd search in concurrency 5: dur=30.01383387199985s, total_count=69662, qps=2320.9964[0m (mp_runner.py:212) (174369)
2026-08-13 11:38:37,549 | [92mINFO[0m: [92mUpdate largest qps with concurrency 5: current max_qps=2320.9964[0m (mp_runner.py:216) (174369)
2026-08-13 11:38:38,510 | [92mINFO[0m: [92mStart search 30s in concurrency 10, filters: type=<FilterOp.NonFilter: 'NonFilter'> filter_rate=0.0 gt_file_name='neighbors.parquet'[0m (mp_runner.py:189) (174369)
2026-08-13 11:38:48,517 | [92mINFO[0m: [92mSyncing all process and start concurrency search, concurrency=10[0m (mp_runner.py:196) (174369)
2026-08-13 11:39:18,519 | [92mINFO[0m: [92mSpawnProcess-1:10 search 30s: actual_dur=30.0013s, count=10876, qps in this process: 362.5176[0m (mp_runner.py:161) (177131)
2026-08-13 11:39:18,520 | [92mINFO[0m: [92mSpawnProcess-1:12 search 30s: actual_dur=30.0012s, count=10887, qps in this process: 362.8855[0m (mp_runner.py:161) (177135)
2026-08-13 11:39:18,520 | [92mINFO[0m: [92mSpawnProcess-1:19 search 30s: actual_dur=30.0015s, count=10853, qps in this process: 361.7486[0m (mp_runner.py:161) (177142)
2026-08-13 11:39:18,520 | [92mINFO[0m: [92mSpawnProcess-1:11 search 30s: actual_dur=30.002s, count=10940, qps in this process: 364.6424[0m (mp_runner.py:161) (177134)
2026-08-13 11:39:18,521 | [92mINFO[0m: [92mSpawnProcess-1:17 search 30s: actual_dur=30.0025s, count=10860, qps in this process: 361.9698[0m (mp_runner.py:161) (177140)
2026-08-13 11:39:18,521 | [92mINFO[0m: [92mSpawnProcess-1:13 search 30s: actual_dur=30.0012s, count=10763, qps in this process: 358.7523[0m (mp_runner.py:161) (177136)
2026-08-13 11:39:18,521 | [92mINFO[0m: [92mSpawnProcess-1:16 search 30s: actual_dur=30.0018s, count=10830, qps in this process: 360.9783[0m (mp_runner.py:161) (177139)
2026-08-13 11:39:18,522 | [92mINFO[0m: [92mSpawnProcess-1:14 search 30s: actual_dur=30.0023s, count=10973, qps in this process: 365.7386[0m (mp_runner.py:161) (177137)
2026-08-13 11:39:18,522 | [92mINFO[0m: [92mSpawnProcess-1:15 search 30s: actual_dur=30.0032s, count=10818, qps in this process: 360.5615[0m (mp_runner.py:161) (177138)
2026-08-13 11:39:18,523 | [92mINFO[0m: [92mSpawnProcess-1:18 search 30s: actual_dur=30.0028s, count=10767, qps in this process: 358.8665[0m (mp_runner.py:161) (177141)
2026-08-13 11:39:18,540 | [92mINFO[0m: [92mEnd search in concurrency 10: dur=30.022375376000127s, total_count=108567, qps=3616.2029[0m (mp_runner.py:212) (174369)
2026-08-13 11:39:19,224 | [92mINFO[0m: [92mUpdate largest qps with concurrency 10: current max_qps=3616.2029[0m (mp_runner.py:216) (174369)
2026-08-13 11:39:20,182 | [92mINFO[0m: [92mStart search 30s in concurrency 20, filters: type=<FilterOp.NonFilter: 'NonFilter'> filter_rate=0.0 gt_file_name='neighbors.parquet'[0m (mp_runner.py:189) (174369)
2026-08-13 11:39:30,322 | [92mINFO[0m: [92mSyncing all process and start concurrency search, concurrency=20[0m (mp_runner.py:196) (174369)
2026-08-13 11:40:00,325 | [92mINFO[0m: [92mSpawnProcess-1:22 search 30s: actual_dur=30.0004s, count=7271, qps in this process: 242.3634[0m (mp_runner.py:161) (177995)
2026-08-13 11:40:00,325 | [92mINFO[0m: [92mSpawnProcess-1:32 search 30s: actual_dur=30.0008s, count=7146, qps in this process: 238.1936[0m (mp_runner.py:161) (178005)
2026-08-13 11:40:00,326 | [92mINFO[0m: [92mSpawnProcess-1:37 search 30s: actual_dur=30.0007s, count=7231, qps in this process: 241.0277[0m (mp_runner.py:161) (178010)
2026-08-13 11:40:00,327 | [92mINFO[0m: [92mSpawnProcess-1:40 search 30s: actual_dur=30.0029s, count=7168, qps in this process: 238.9102[0m (mp_runner.py:161) (178013)
2026-08-13 11:40:00,327 | [92mINFO[0m: [92mSpawnProcess-1:33 search 30s: actual_dur=30.0012s, count=7228, qps in this process: 240.9237[0m (mp_runner.py:161) (178006)
2026-08-13 11:40:00,327 | [92mINFO[0m: [92mSpawnProcess-1:23 search 30s: actual_dur=30.0002s, count=7193, qps in this process: 239.7651[0m (mp_runner.py:161) (177996)
2026-08-13 11:40:00,328 | [92mINFO[0m: [92mSpawnProcess-1:39 search 30s: actual_dur=30.0023s, count=7318, qps in this process: 243.9146[0m (mp_runner.py:161) (178012)
2026-08-13 11:40:00,328 | [92mINFO[0m: [92mSpawnProcess-1:35 search 30s: actual_dur=30.0046s, count=7198, qps in this process: 239.8965[0m (mp_runner.py:161) (178008)
2026-08-13 11:40:00,329 | [92mINFO[0m: [92mSpawnProcess-1:25 search 30s: actual_dur=30.002s, count=7234, qps in this process: 241.1173[0m (mp_runner.py:161) (177998)
2026-08-13 11:40:00,329 | [92mINFO[0m: [92mSpawnProcess-1:31 search 30s: actual_dur=30.0036s, count=7285, qps in this process: 242.8042[0m (mp_runner.py:161) (178004)
2026-08-13 11:40:00,329 | [92mINFO[0m: [92mSpawnProcess-1:26 search 30s: actual_dur=30.0039s, count=7147, qps in this process: 238.2024[0m (mp_runner.py:161) (177999)
2026-08-13 11:40:00,329 | [92mINFO[0m: [92mSpawnProcess-1:21 search 30s: actual_dur=30.0035s, count=7266, qps in this process: 242.1717[0m (mp_runner.py:161) (177992)
2026-08-13 11:40:00,329 | [92mINFO[0m: [92mSpawnProcess-1:34 search 30s: actual_dur=30.0044s, count=7282, qps in this process: 242.6977[0m (mp_runner.py:161) (178007)
2026-08-13 11:40:00,329 | [92mINFO[0m: [92mSpawnProcess-1:28 search 30s: actual_dur=30.0012s, count=7169, qps in this process: 238.9571[0m (mp_runner.py:161) (178001)
2026-08-13 11:40:00,330 | [92mINFO[0m: [92mSpawnProcess-1:36 search 30s: actual_dur=30.0012s, count=7213, qps in this process: 240.4237[0m (mp_runner.py:161) (178009)
2026-08-13 11:40:00,330 | [92mINFO[0m: [92mSpawnProcess-1:38 search 30s: actual_dur=30.003s, count=7222, qps in this process: 240.7093[0m (mp_runner.py:161) (178011)
2026-08-13 11:40:00,330 | [92mINFO[0m: [92mSpawnProcess-1:30 search 30s: actual_dur=30.0015s, count=7092, qps in this process: 236.3882[0m (mp_runner.py:161) (178003)
2026-08-13 11:40:00,330 | [92mINFO[0m: [92mSpawnProcess-1:24 search 30s: actual_dur=30.0026s, count=7204, qps in this process: 240.1125[0m (mp_runner.py:161) (177997)
2026-08-13 11:40:00,331 | [92mINFO[0m: [92mSpawnProcess-1:27 search 30s: actual_dur=30.0048s, count=7216, qps in this process: 240.4949[0m (mp_runner.py:161) (178000)
2026-08-13 11:40:00,331 | [92mINFO[0m: [92mSpawnProcess-1:29 search 30s: actual_dur=30.0023s, count=7182, qps in this process: 239.3816[0m (mp_runner.py:161) (178002)
2026-08-13 11:40:00,359 | [92mINFO[0m: [92mEnd search in concurrency 20: dur=30.03652239099938s, total_count=144265, qps=4802.9861[0m (mp_runner.py:212) (174369)
2026-08-13 11:40:01,345 | [92mINFO[0m: [92mUpdate largest qps with concurrency 20: current max_qps=4802.9861[0m (mp_runner.py:216) (174369)
2026-08-13 11:40:02,296 | [92mINFO[0m: [92mStart search 30s in concurrency 30, filters: type=<FilterOp.NonFilter: 'NonFilter'> filter_rate=0.0 gt_file_name='neighbors.parquet'[0m (mp_runner.py:189) (174369)
2026-08-13 11:40:12,499 | [92mINFO[0m: [92mSyncing all process and start concurrency search, concurrency=30[0m (mp_runner.py:196) (174369)
2026-08-13 11:40:42,502 | [92mINFO[0m: [92mSpawnProcess-1:42 search 30s: actual_dur=30.0005s, count=5211, qps in this process: 173.6971[0m (mp_runner.py:161) (179186)
2026-08-13 11:40:42,502 | [92mINFO[0m: [92mSpawnProcess-1:45 search 30s: actual_dur=30.0022s, count=5148, qps in this process: 171.5874[0m (mp_runner.py:161) (179191)
2026-08-13 11:40:42,502 | [92mINFO[0m: [92mSpawnProcess-1:57 search 30s: actual_dur=30.0025s, count=5147, qps in this process: 171.5524[0m (mp_runner.py:161) (179203)
2026-08-13 11:40:42,505 | [92mINFO[0m: [92mSpawnProcess-1:59 search 30s: actual_dur=30.0045s, count=5162, qps in this process: 172.0409[0m (mp_runner.py:161) (179205)
2026-08-13 11:40:42,505 | [92mINFO[0m: [92mSpawnProcess-1:62 search 30s: actual_dur=30.0024s, count=5133, qps in this process: 171.0863[0m (mp_runner.py:161) (179208)
2026-08-13 11:40:42,505 | [92mINFO[0m: [92mSpawnProcess-1:68 search 30s: actual_dur=30.0039s, count=5180, qps in this process: 172.6442[0m (mp_runner.py:161) (179214)
2026-08-13 11:40:42,506 | [92mINFO[0m: [92mSpawnProcess-1:46 search 30s: actual_dur=30.002s, count=5165, qps in this process: 172.1552[0m (mp_runner.py:161) (179192)
2026-08-13 11:40:42,506 | [92mINFO[0m: [92mSpawnProcess-1:58 search 30s: actual_dur=30.0039s, count=5156, qps in this process: 171.8443[0m (mp_runner.py:161) (179204)
2026-08-13 11:40:42,507 | [92mINFO[0m: [92mSpawnProcess-1:65 search 30s: actual_dur=30.0013s, count=5252, qps in this process: 175.0591[0m (mp_runner.py:161) (179211)
2026-08-13 11:40:42,507 | [92mINFO[0m: [92mSpawnProcess-1:49 search 30s: actual_dur=30.0009s, count=5167, qps in this process: 172.2282[0m (mp_runner.py:161) (179195)
2026-08-13 11:40:42,507 | [92mINFO[0m: [92mSpawnProcess-1:63 search 30s: actual_dur=30.0009s, count=5206, qps in this process: 173.5281[0m (mp_runner.py:161) (179209)
2026-08-13 11:40:42,507 | [92mINFO[0m: [92mSpawnProcess-1:47 search 30s: actual_dur=30.0046s, count=5179, qps in this process: 172.6069[0m (mp_runner.py:161) (179193)
2026-08-13 11:40:42,508 | [92mINFO[0m: [92mSpawnProcess-1:43 search 30s: actual_dur=30.0013s, count=5160, qps in this process: 171.9925[0m (mp_runner.py:161) (179189)
2026-08-13 11:40:42,508 | [92mINFO[0m: [92mSpawnProcess-1:69 search 30s: actual_dur=30.005s, count=5238, qps in this process: 174.5709[0m (mp_runner.py:161) (179215)
2026-08-13 11:40:42,508 | [92mINFO[0m: [92mSpawnProcess-1:52 search 30s: actual_dur=30.0043s, count=5148, qps in this process: 171.5754[0m (mp_runner.py:161) (179198)
2026-08-13 11:40:42,509 | [92mINFO[0m: [92mSpawnProcess-1:44 search 30s: actual_dur=30.0027s, count=5156, qps in this process: 171.8512[0m (mp_runner.py:161) (179190)
2026-08-13 11:40:42,509 | [92mINFO[0m: [92mSpawnProcess-1:56 search 30s: actual_dur=30.0003s, count=5169, qps in this process: 172.2983[0m (mp_runner.py:161) (179202)
2026-08-13 11:40:42,509 | [92mINFO[0m: [92mSpawnProcess-1:60 search 30s: actual_dur=30.0051s, count=5198, qps in this process: 173.2372[0m (mp_runner.py:161) (179206)
2026-08-13 11:40:42,509 | [92mINFO[0m: [92mSpawnProcess-1:53 search 30s: actual_dur=30.0056s, count=5205, qps in this process: 173.4676[0m (mp_runner.py:161) (179199)
2026-08-13 11:40:42,510 | [92mINFO[0m: [92mSpawnProcess-1:71 search 30s: actual_dur=30.0077s, count=5156, qps in this process: 171.8226[0m (mp_runner.py:161) (179217)
2026-08-13 11:40:42,510 | [92mINFO[0m: [92mSpawnProcess-1:66 search 30s: actual_dur=30.0013s, count=5214, qps in this process: 173.7925[0m (mp_runner.py:161) (179212)
2026-08-13 11:40:42,511 | [92mINFO[0m: [92mSpawnProcess-1:50 search 30s: actual_dur=30.0027s, count=5229, qps in this process: 174.2843[0m (mp_runner.py:161) (179196)
2026-08-13 11:40:42,513 | [92mINFO[0m: [92mSpawnProcess-1:67 search 30s: actual_dur=30.0035s, count=5187, qps in this process: 172.8798[0m (mp_runner.py:161) (179213)
2026-08-13 11:40:42,514 | [92mINFO[0m: [92mSpawnProcess-1:48 search 30s: actual_dur=30.0022s, count=5174, qps in this process: 172.454[0m (mp_runner.py:161) (179194)
2026-08-13 11:40:42,514 | [92mINFO[0m: [92mSpawnProcess-1:51 search 30s: actual_dur=30.0004s, count=5137, qps in this process: 171.2311[0m (mp_runner.py:161) (179197)
2026-08-13 11:40:42,514 | [92mINFO[0m: [92mSpawnProcess-1:64 search 30s: actual_dur=30.0027s, count=5186, qps in this process: 172.8511[0m (mp_runner.py:161) (179210)
2026-08-13 11:40:42,516 | [92mINFO[0m: [92mSpawnProcess-1:70 search 30s: actual_dur=30.002s, count=5235, qps in this process: 174.4884[0m (mp_runner.py:161) (179216)
2026-08-13 11:40:42,516 | [92mINFO[0m: [92mSpawnProcess-1:61 search 30s: actual_dur=30.0002s, count=5213, qps in this process: 173.7655[0m (mp_runner.py:161) (179207)
2026-08-13 11:40:42,516 | [92mINFO[0m: [92mSpawnProcess-1:54 search 30s: actual_dur=30.0003s, count=5191, qps in this process: 173.0316[0m (mp_runner.py:161) (179200)
2026-08-13 11:40:42,517 | [92mINFO[0m: [92mSpawnProcess-1:55 search 30s: actual_dur=30.0004s, count=5258, qps in this process: 175.2643[0m (mp_runner.py:161) (179201)
2026-08-13 11:40:42,547 | [92mINFO[0m: [92mEnd search in concurrency 30: dur=30.047943837000275s, total_count=155560, qps=5177.0597[0m (mp_runner.py:212) (174369)
2026-08-13 11:40:43,774 | [92mINFO[0m: [92mUpdate largest qps with concurrency 30: current max_qps=5177.0597[0m (mp_runner.py:216) (174369)
2026-08-13 11:40:44,754 | [92mINFO[0m: [92mStart search 30s in concurrency 40, filters: type=<FilterOp.NonFilter: 'NonFilter'> filter_rate=0.0 gt_file_name='neighbors.parquet'[0m (mp_runner.py:189) (174369)
2026-08-13 11:40:55,147 | [92mINFO[0m: [92mSyncing all process and start concurrency search, concurrency=40[0m (mp_runner.py:196) (174369)
2026-08-13 11:41:25,150 | [92mINFO[0m: [92mSpawnProcess-1:92 search 30s: actual_dur=30.0001s, count=4129, qps in this process: 137.6329[0m (mp_runner.py:161) (180629)
2026-08-13 11:41:25,151 | [92mINFO[0m: [92mSpawnProcess-1:93 search 30s: actual_dur=30.0027s, count=4111, qps in this process: 137.021[0m (mp_runner.py:161) (180630)
2026-08-13 11:41:25,151 | [92mINFO[0m: [92mSpawnProcess-1:75 search 30s: actual_dur=30.0003s, count=4089, qps in this process: 136.2986[0m (mp_runner.py:161) (180612)
2026-08-13 11:41:25,151 | [92mINFO[0m: [92mSpawnProcess-1:91 search 30s: actual_dur=30.0033s, count=4140, qps in this process: 137.9848[0m (mp_runner.py:161) (180628)
2026-08-13 11:41:25,153 | [92mINFO[0m: [92mSpawnProcess-1:79 search 30s: actual_dur=30.0003s, count=4161, qps in this process: 138.6986[0m (mp_runner.py:161) (180616)
2026-08-13 11:41:25,153 | [92mINFO[0m: [92mSpawnProcess-1:105 search 30s: actual_dur=30.0001s, count=4156, qps in this process: 138.5329[0m (mp_runner.py:161) (180642)
2026-08-13 11:41:25,155 | [92mINFO[0m: [92mSpawnProcess-1:89 search 30s: actual_dur=30.0063s, count=4119, qps in this process: 137.2712[0m (mp_runner.py:161) (180626)
2026-08-13 11:41:25,155 | [92mINFO[0m: [92mSpawnProcess-1:77 search 30s: actual_dur=30.0017s, count=4175, qps in this process: 139.1588[0m (mp_runner.py:161) (180614)
2026-08-13 11:41:25,155 | [92mINFO[0m: [92mSpawnProcess-1:82 search 30s: actual_dur=30.001s, count=4152, qps in this process: 138.3954[0m (mp_runner.py:161) (180619)
2026-08-13 11:41:25,155 | [92mINFO[0m: [92mSpawnProcess-1:73 search 30s: actual_dur=30.005s, count=4074, qps in this process: 135.7774[0m (mp_runner.py:161) (180608)
2026-08-13 11:41:25,157 | [92mINFO[0m: [92mSpawnProcess-1:96 search 30s: actual_dur=30.0055s, count=4151, qps in this process: 138.3413[0m (mp_runner.py:161) (180633)
2026-08-13 11:41:25,157 | [92mINFO[0m: [92mSpawnProcess-1:87 search 30s: actual_dur=30.0048s, count=4054, qps in this process: 135.1117[0m (mp_runner.py:161) (180624)
2026-08-13 11:41:25,157 | [92mINFO[0m: [92mSpawnProcess-1:104 search 30s: actual_dur=30.0031s, count=4049, qps in this process: 134.9527[0m (mp_runner.py:161) (180641)
2026-08-13 11:41:25,158 | [92mINFO[0m: [92mSpawnProcess-1:85 search 30s: actual_dur=30.0026s, count=4126, qps in this process: 137.5214[0m (mp_runner.py:161) (180622)
2026-08-13 11:41:25,158 | [92mINFO[0m: [92mSpawnProcess-1:108 search 30s: actual_dur=30.0007s, count=4132, qps in this process: 137.7301[0m (mp_runner.py:161) (180645)
2026-08-13 11:41:25,160 | [92mINFO[0m: [92mSpawnProcess-1:81 search 30s: actual_dur=30.0028s, count=4189, qps in this process: 139.6203[0m (mp_runner.py:161) (180618)
2026-08-13 11:41:25,160 | [92mINFO[0m: [92mSpawnProcess-1:98 search 30s: actual_dur=30.0046s, count=4160, qps in this process: 138.6454[0m (mp_runner.py:161) (180635)
2026-08-13 11:41:25,160 | [92mINFO[0m: [92mSpawnProcess-1:78 search 30s: actual_dur=30.0021s, count=4114, qps in this process: 137.1237[0m (mp_runner.py:161) (180615)
2026-08-13 11:41:25,160 | [92mINFO[0m: [92mSpawnProcess-1:88 search 30s: actual_dur=30.0004s, count=4147, qps in this process: 138.2315[0m (mp_runner.py:161) (180625)
2026-08-13 11:41:25,160 | [92mINFO[0m: [92mSpawnProcess-1:94 search 30s: actual_dur=30.0052s, count=4110, qps in this process: 136.9763[0m (mp_runner.py:161) (180631)
2026-08-13 11:41:25,161 | [92mINFO[0m: [92mSpawnProcess-1:101 search 30s: actual_dur=30.0065s, count=4104, qps in this process: 136.7704[0m (mp_runner.py:161) (180638)
2026-08-13 11:41:25,162 | [92mINFO[0m: [92mSpawnProcess-1:103 search 30s: actual_dur=30.0009s, count=4183, qps in this process: 139.4292[0m (mp_runner.py:161) (180640)
2026-08-13 11:41:25,162 | [92mINFO[0m: [92mSpawnProcess-1:84 search 30s: actual_dur=30.002s, count=4166, qps in this process: 138.8574[0m (mp_runner.py:161) (180621)
2026-08-13 11:41:25,163 | [92mINFO[0m: [92mSpawnProcess-1:86 search 30s: actual_dur=30.0057s, count=4101, qps in this process: 136.674[0m (mp_runner.py:161) (180623)
2026-08-13 11:41:25,164 | [92mINFO[0m: [92mSpawnProcess-1:74 search 30s: actual_dur=30.0008s, count=4101, qps in this process: 136.6964[0m (mp_runner.py:161) (180611)
2026-08-13 11:41:25,164 | [92mINFO[0m: [92mSpawnProcess-1:102 search 30s: actual_dur=30.0005s, count=4163, qps in this process: 138.7644[0m (mp_runner.py:161) (180639)
2026-08-13 11:41:25,164 | [92mINFO[0m: [92mSpawnProcess-1:76 search 30s: actual_dur=30.0016s, count=4190, qps in this process: 139.6592[0m (mp_runner.py:161) (180613)
2026-08-13 11:41:25,164 | [92mINFO[0m: [92mSpawnProcess-1:90 search 30s: actual_dur=30.0023s, count=4130, qps in this process: 137.6561[0m (mp_runner.py:161) (180627)
2026-08-13 11:41:25,165 | [92mINFO[0m: [92mSpawnProcess-1:80 search 30s: actual_dur=30.0009s, count=4067, qps in this process: 135.5626[0m (mp_runner.py:161) (180617)
2026-08-13 11:41:25,165 | [92mINFO[0m: [92mSpawnProcess-1:109 search 30s: actual_dur=30.0065s, count=4070, qps in this process: 135.6373[0m (mp_runner.py:161) (180646)
2026-08-13 11:41:25,165 | [92mINFO[0m: [92mSpawnProcess-1:107 search 30s: actual_dur=30.0015s, count=4129, qps in this process: 137.6265[0m (mp_runner.py:161) (180644)
2026-08-13 11:41:25,166 | [92mINFO[0m: [92mSpawnProcess-1:100 search 30s: actual_dur=30.0035s, count=4054, qps in this process: 135.1176[0m (mp_runner.py:161) (180637)
2026-08-13 11:41:25,161 | [92mINFO[0m: [92mSpawnProcess-1:95 search 30s: actual_dur=30.0061s, count=4114, qps in this process: 137.1055[0m (mp_runner.py:161) (180632)
2026-08-13 11:41:25,167 | [92mINFO[0m: [92mSpawnProcess-1:106 search 30s: actual_dur=30.0012s, count=4033, qps in this process: 134.428[0m (mp_runner.py:161) (180643)
2026-08-13 11:41:25,167 | [92mINFO[0m: [92mSpawnProcess-1:110 search 30s: actual_dur=30.0034s, count=4141, qps in this process: 138.0177[0m (mp_runner.py:161) (180647)
2026-08-13 11:41:25,167 | [92mINFO[0m: [92mSpawnProcess-1:111 search 30s: actual_dur=30.0094s, count=4085, qps in this process: 136.124[0m (mp_runner.py:161) (180649)
2026-08-13 11:41:25,167 | [92mINFO[0m: [92mSpawnProcess-1:112 search 30s: actual_dur=30.0046s, count=4186, qps in this process: 139.5119[0m (mp_runner.py:161) (180650)
2026-08-13 11:41:25,167 | [92mINFO[0m: [92mSpawnProcess-1:97 search 30s: actual_dur=30.002s, count=4110, qps in this process: 136.9909[0m (mp_runner.py:161) (180634)
2026-08-13 11:41:25,168 | [92mINFO[0m: [92mSpawnProcess-1:99 search 30s: actual_dur=30.0098s, count=4133, qps in this process: 137.7217[0m (mp_runner.py:161) (180636)
2026-08-13 11:41:25,169 | [92mINFO[0m: [92mSpawnProcess-1:83 search 30s: actual_dur=30.0044s, count=4093, qps in this process: 136.4133[0m (mp_runner.py:161) (180620)
2026-08-13 11:41:25,211 | [92mINFO[0m: [92mEnd search in concurrency 40: dur=30.063863908000712s, total_count=164891, qps=5484.6909[0m (mp_runner.py:212) (174369)
2026-08-13 11:41:26,789 | [92mINFO[0m: [92mUpdate largest qps with concurrency 40: current max_qps=5484.6909[0m (mp_runner.py:216) (174369)
2026-08-13 11:41:27,738 | [92mINFO[0m: [92mStart search 30s in concurrency 60, filters: type=<FilterOp.NonFilter: 'NonFilter'> filter_rate=0.0 gt_file_name='neighbors.parquet'[0m (mp_runner.py:189) (174369)
2026-08-13 11:41:38,626 | [92mINFO[0m: [92mSyncing all process and start concurrency search, concurrency=60[0m (mp_runner.py:196) (174369)
2026-08-13 11:42:08,632 | [92mINFO[0m: [92mSpawnProcess-1:115 search 30s: actual_dur=30.0009s, count=2969, qps in this process: 98.9637[0m (mp_runner.py:161) (182282)
2026-08-13 11:42:08,632 | [92mINFO[0m: [92mSpawnProcess-1:114 search 30s: actual_dur=30.0003s, count=2951, qps in this process: 98.3657[0m (mp_runner.py:161) (182279)
2026-08-13 11:42:08,633 | [92mINFO[0m: [92mSpawnProcess-1:155 search 30s: actual_dur=30.0055s, count=2953, qps in this process: 98.4153[0m (mp_runner.py:161) (182323)
2026-08-13 11:42:08,633 | [92mINFO[0m: [92mSpawnProcess-1:139 search 30s: actual_dur=30.0033s, count=3003, qps in this process: 100.089[0m (mp_runner.py:161) (182306)
2026-08-13 11:42:08,634 | [92mINFO[0m: [92mSpawnProcess-1:166 search 30s: actual_dur=30.0046s, count=2945, qps in this process: 98.1516[0m (mp_runner.py:161) (182356)
2026-08-13 11:42:08,634 | [92mINFO[0m: [92mSpawnProcess-1:124 search 30s: actual_dur=30.006s, count=2964, qps in this process: 98.7802[0m (mp_runner.py:161) (182291)
2026-08-13 11:42:08,637 | [92mINFO[0m: [92mSpawnProcess-1:133 search 30s: actual_dur=30.008s, count=2990, qps in this process: 99.6401[0m (mp_runner.py:161) (182300)
2026-08-13 11:42:08,638 | [92mINFO[0m: [92mSpawnProcess-1:120 search 30s: actual_dur=30.004s, count=2965, qps in this process: 98.8202[0m (mp_runner.py:161) (182287)
2026-08-13 11:42:08,639 | [92mINFO[0m: [92mSpawnProcess-1:154 search 30s: actual_dur=30.0006s, count=2969, qps in this process: 98.9647[0m (mp_runner.py:161) (182321)
2026-08-13 11:42:08,640 | [92mINFO[0m: [92mSpawnProcess-1:131 search 30s: actual_dur=30.0056s, count=2961, qps in this process: 98.6816[0m (mp_runner.py:161) (182298)
2026-08-13 11:42:08,640 | [92mINFO[0m: [92mSpawnProcess-1:128 search 30s: actual_dur=30.0058s, count=2945, qps in this process: 98.1477[0m (mp_runner.py:161) (182295)
2026-08-13 11:42:08,640 | [92mINFO[0m: [92mSpawnProcess-1:125 search 30s: actual_dur=30.0022s, count=2932, qps in this process: 97.7262[0m (mp_runner.py:161) (182292)
2026-08-13 11:42:08,640 | [92mINFO[0m: [92mSpawnProcess-1:116 search 30s: actual_dur=30.0025s, count=2895, qps in this process: 96.492[0m (mp_runner.py:161) (182283)
2026-08-13 11:42:08,640 | [92mINFO[0m: [92mSpawnProcess-1:126 search 30s: actual_dur=30.0102s, count=2968, qps in this process: 98.8997[0m (mp_runner.py:161) (182293)
2026-08-13 11:42:08,641 | [92mINFO[0m: [92mSpawnProcess-1:129 search 30s: actual_dur=30.0106s, count=2993, qps in this process: 99.7314[0m (mp_runner.py:161) (182296)
2026-08-13 11:42:08,641 | [92mINFO[0m: [92mSpawnProcess-1:123 search 30s: actual_dur=30.0055s, count=2955, qps in this process: 98.4819[0m (mp_runner.py:161) (182290)
2026-08-13 11:42:08,642 | [92mINFO[0m: [92mSpawnProcess-1:127 search 30s: actual_dur=30.0002s, count=2921, qps in this process: 97.366[0m (mp_runner.py:161) (182294)
2026-08-13 11:42:08,642 | [92mINFO[0m: [92mSpawnProcess-1:148 search 30s: actual_dur=30.0064s, count=2983, qps in this process: 99.4121[0m (mp_runner.py:161) (182315)
2026-08-13 11:42:08,643 | [92mINFO[0m: [92mSpawnProcess-1:117 search 30s: actual_dur=30.0032s, count=2979, qps in this process: 99.2894[0m (mp_runner.py:161) (182284)
2026-08-13 11:42:08,645 | [92mINFO[0m: [92mSpawnProcess-1:145 search 30s: actual_dur=30.0008s, count=2976, qps in this process: 99.1974[0m (mp_runner.py:161) (182312)
2026-08-13 11:42:08,645 | [92mINFO[0m: [92mSpawnProcess-1:130 search 30s: actual_dur=30.0063s, count=2957, qps in this process: 98.546[0m (mp_runner.py:161) (182297)
2026-08-13 11:42:08,647 | [92mINFO[0m: [92mSpawnProcess-1:160 search 30s: actual_dur=30.0019s, count=2963, qps in this process: 98.7604[0m (mp_runner.py:161) (182348)
2026-08-13 11:42:08,648 | [92mINFO[0m: [92mSpawnProcess-1:118 search 30s: actual_dur=30.017s, count=2939, qps in this process: 97.9112[0m (mp_runner.py:161) (182285)
2026-08-13 11:42:08,648 | [92mINFO[0m: [92mSpawnProcess-1:169 search 30s: actual_dur=30.0044s, count=2957, qps in this process: 98.5522[0m (mp_runner.py:161) (182359)
2026-08-13 11:42:08,650 | [92mINFO[0m: [92mSpawnProcess-1:121 search 30s: actual_dur=30.0021s, count=2940, qps in this process: 97.9931[0m (mp_runner.py:161) (182288)
2026-08-13 11:42:08,650 | [92mINFO[0m: [92mSpawnProcess-1:132 search 30s: actual_dur=30.0103s, count=3000, qps in this process: 99.9657[0m (mp_runner.py:161) (182299)
2026-08-13 11:42:08,651 | [92mINFO[0m: [92mSpawnProcess-1:138 search 30s: actual_dur=30.009s, count=2951, qps in this process: 98.3372[0m (mp_runner.py:161) (182305)
2026-08-13 11:42:08,651 | [92mINFO[0m: [92mSpawnProcess-1:153 search 30s: actual_dur=30.0195s, count=2983, qps in this process: 99.3687[0m (mp_runner.py:161) (182320)
2026-08-13 11:42:08,651 | [92mINFO[0m: [92mSpawnProcess-1:134 search 30s: actual_dur=30.0025s, count=2950, qps in this process: 98.3251[0m (mp_runner.py:161) (182301)
2026-08-13 11:42:08,653 | [92mINFO[0m: [92mSpawnProcess-1:156 search 30s: actual_dur=30.0021s, count=3018, qps in this process: 100.593[0m (mp_runner.py:161) (182324)
2026-08-13 11:42:08,653 | [92mINFO[0m: [92mSpawnProcess-1:157 search 30s: actual_dur=30.0s, count=2944, qps in this process: 98.1333[0m (mp_runner.py:161) (182327)
2026-08-13 11:42:08,655 | [92mINFO[0m: [92mSpawnProcess-1:146 search 30s: actual_dur=30.0063s, count=3024, qps in this process: 100.7788[0m (mp_runner.py:161) (182313)
2026-08-13 11:42:08,658 | [92mINFO[0m: [92mSpawnProcess-1:141 search 30s: actual_dur=30.0046s, count=2955, qps in this process: 98.4849[0m (mp_runner.py:161) (182308)
2026-08-13 11:42:08,660 | [92mINFO[0m: [92mSpawnProcess-1:119 search 30s: actual_dur=30.0051s, count=2971, qps in this process: 99.0165[0m (mp_runner.py:161) (182286)
2026-08-13 11:42:08,661 | [92mINFO[0m: [92mSpawnProcess-1:164 search 30s: actual_dur=30.0039s, count=2981, qps in this process: 99.3538[0m (mp_runner.py:161) (182354)
2026-08-13 11:42:08,661 | [92mINFO[0m: [92mSpawnProcess-1:158 search 30s: actual_dur=30.0042s, count=2988, qps in this process: 99.5861[0m (mp_runner.py:161) (182334)
2026-08-13 11:42:08,662 | [92mINFO[0m: [92mSpawnProcess-1:122 search 30s: actual_dur=30.006s, count=2947, qps in this process: 98.2137[0m (mp_runner.py:161) (182289)
2026-08-13 11:42:08,662 | [92mINFO[0m: [92mSpawnProcess-1:149 search 30s: actual_dur=30.0053s, count=2971, qps in this process: 99.0158[0m (mp_runner.py:161) (182316)
2026-08-13 11:42:08,666 | [92mINFO[0m: [92mSpawnProcess-1:165 search 30s: actual_dur=30.0037s, count=2971, qps in this process: 99.0211[0m (mp_runner.py:161) (182355)
2026-08-13 11:42:08,668 | [92mINFO[0m: [92mSpawnProcess-1:152 search 30s: actual_dur=30.0044s, count=2977, qps in this process: 99.2188[0m (mp_runner.py:161) (182319)
2026-08-13 11:42:08,669 | [92mINFO[0m: [92mSpawnProcess-1:168 search 30s: actual_dur=30.0031s, count=3026, qps in this process: 100.8562[0m (mp_runner.py:161) (182358)
2026-08-13 11:42:08,669 | [92mINFO[0m: [92mSpawnProcess-1:171 search 30s: actual_dur=30.005s, count=2969, qps in this process: 98.9502[0m (mp_runner.py:161) (182361)
2026-08-13 11:42:08,674 | [92mINFO[0m: [92mSpawnProcess-1:159 search 30s: actual_dur=30.0043s, count=2982, qps in this process: 99.3858[0m (mp_runner.py:161) (182342)
2026-08-13 11:42:08,674 | [92mINFO[0m: [92mSpawnProcess-1:167 search 30s: actual_dur=30.0024s, count=3034, qps in this process: 101.1252[0m (mp_runner.py:161) (182357)
2026-08-13 11:42:08,674 | [92mINFO[0m: [92mSpawnProcess-1:142 search 30s: actual_dur=30.0019s, count=3031, qps in this process: 101.0269[0m (mp_runner.py:161) (182309)
2026-08-13 11:42:08,675 | [92mINFO[0m: [92mSpawnProcess-1:172 search 30s: actual_dur=30.0006s, count=2949, qps in this process: 98.298[0m (mp_runner.py:161) (182378)
2026-08-13 11:42:08,677 | [92mINFO[0m: [92mSpawnProcess-1:137 search 30s: actual_dur=30.0052s, count=2939, qps in this process: 97.9497[0m (mp_runner.py:161) (182304)
2026-08-13 11:42:08,679 | [92mINFO[0m: [92mSpawnProcess-1:161 search 30s: actual_dur=30.001s, count=2936, qps in this process: 97.8634[0m (mp_runner.py:161) (182349)
2026-08-13 11:42:08,680 | [92mINFO[0m: [92mSpawnProcess-1:162 search 30s: actual_dur=30.0012s, count=2983, qps in this process: 99.4294[0m (mp_runner.py:161) (182350)
2026-08-13 11:42:08,683 | [92mINFO[0m: [92mSpawnProcess-1:173 search 30s: actual_dur=30.0009s, count=2937, qps in this process: 97.8971[0m (mp_runner.py:161) (182379)
2026-08-13 11:42:08,687 | [92mINFO[0m: [92mSpawnProcess-1:151 search 30s: actual_dur=30.0004s, count=2936, qps in this process: 97.8654[0m (mp_runner.py:161) (182318)
2026-08-13 11:42:08,696 | [92mINFO[0m: [92mSpawnProcess-1:136 search 30s: actual_dur=30.0005s, count=2947, qps in this process: 98.2317[0m (mp_runner.py:161) (182303)
2026-08-13 11:42:08,698 | [92mINFO[0m: [92mSpawnProcess-1:140 search 30s: actual_dur=30.0017s, count=3002, qps in this process: 100.061[0m (mp_runner.py:161) (182307)
2026-08-13 11:42:08,699 | [92mINFO[0m: [92mSpawnProcess-1:147 search 30s: actual_dur=30.001s, count=3004, qps in this process: 100.13[0m (mp_runner.py:161) (182314)
2026-08-13 11:42:08,700 | [92mINFO[0m: [92mSpawnProcess-1:163 search 30s: actual_dur=30.0028s, count=3037, qps in this process: 101.2239[0m (mp_runner.py:161) (182352)
2026-08-13 11:42:08,701 | [92mINFO[0m: [92mSpawnProcess-1:170 search 30s: actual_dur=30.0009s, count=2963, qps in this process: 98.7637[0m (mp_runner.py:161) (182360)
2026-08-13 11:42:08,701 | [92mINFO[0m: [92mSpawnProcess-1:135 search 30s: actual_dur=30.0028s, count=3008, qps in this process: 100.2573[0m (mp_runner.py:161) (182302)
2026-08-13 11:42:08,703 | [92mINFO[0m: [92mSpawnProcess-1:143 search 30s: actual_dur=30.0017s, count=2996, qps in this process: 99.861[0m (mp_runner.py:161) (182310)
2026-08-13 11:42:08,708 | [92mINFO[0m: [92mSpawnProcess-1:150 search 30s: actual_dur=30.0009s, count=3018, qps in this process: 100.597[0m (mp_runner.py:161) (182317)
2026-08-13 11:42:08,711 | [92mINFO[0m: [92mSpawnProcess-1:144 search 30s: actual_dur=30.0005s, count=2935, qps in this process: 97.8317[0m (mp_runner.py:161) (182311)
2026-08-13 11:42:08,757 | [92mINFO[0m: [92mEnd search in concurrency 60: dur=30.12960421799926s, total_count=178236, qps=5915.6436[0m (mp_runner.py:212) (174369)
2026-08-13 11:42:10,973 | [92mINFO[0m: [92mUpdate largest qps with concurrency 60: current max_qps=5915.6436[0m (mp_runner.py:216) (174369)
2026-08-13 11:42:11,922 | [92mINFO[0m: [92mStart search 30s in concurrency 80, filters: type=<FilterOp.NonFilter: 'NonFilter'> filter_rate=0.0 gt_file_name='neighbors.parquet'[0m (mp_runner.py:189) (174369)
2026-08-13 11:42:23,150 | [92mINFO[0m: [92mSyncing all process and start concurrency search, concurrency=80[0m (mp_runner.py:196) (174369)
2026-08-13 11:42:53,155 | [92mINFO[0m: [92mSpawnProcess-1:203 search 30s: actual_dur=30.0003s, count=2327, qps in this process: 77.5659[0m (mp_runner.py:161) (184478)
2026-08-13 11:42:53,155 | [92mINFO[0m: [92mSpawnProcess-1:245 search 30s: actual_dur=30.0029s, count=2254, qps in this process: 75.1261[0m (mp_runner.py:161) (184535)
2026-08-13 11:42:53,155 | [92mINFO[0m: [92mSpawnProcess-1:176 search 30s: actual_dur=30.0001s, count=2297, qps in this process: 76.5664[0m (mp_runner.py:161) (184451)
2026-08-13 11:42:53,156 | [92mINFO[0m: [92mSpawnProcess-1:187 search 30s: actual_dur=30.0003s, count=2292, qps in this process: 76.3992[0m (mp_runner.py:161) (184462)
2026-08-13 11:42:53,158 | [92mINFO[0m: [92mSpawnProcess-1:195 search 30s: actual_dur=30.0042s, count=2304, qps in this process: 76.7892[0m (mp_runner.py:161) (184470)
2026-08-13 11:42:53,159 | [92mINFO[0m: [92mSpawnProcess-1:208 search 30s: actual_dur=30.0023s, count=2257, qps in this process: 75.2276[0m (mp_runner.py:161) (184483)
2026-08-13 11:42:53,159 | [92mINFO[0m: [92mSpawnProcess-1:223 search 30s: actual_dur=30.0007s, count=2291, qps in this process: 76.3649[0m (mp_runner.py:161) (184498)
2026-08-13 11:42:53,160 | [92mINFO[0m: [92mSpawnProcess-1:198 search 30s: actual_dur=30.0078s, count=2284, qps in this process: 76.1135[0m (mp_runner.py:161) (184473)
2026-08-13 11:42:53,160 | [92mINFO[0m: [92mSpawnProcess-1:237 search 30s: actual_dur=30.0054s, count=2250, qps in this process: 74.9865[0m (mp_runner.py:161) (184512)
2026-08-13 11:42:53,161 | [92mINFO[0m: [92mSpawnProcess-1:183 search 30s: actual_dur=30.0084s, count=2279, qps in this process: 75.9454[0m (mp_runner.py:161) (184458)
2026-08-13 11:42:53,162 | [92mINFO[0m: [92mSpawnProcess-1:186 search 30s: actual_dur=30.009s, count=2254, qps in this process: 75.1108[0m (mp_runner.py:161) (184461)
2026-08-13 11:42:53,162 | [92mINFO[0m: [92mSpawnProcess-1:220 search 30s: actual_dur=30.004s, count=2263, qps in this process: 75.4233[0m (mp_runner.py:161) (184495)
2026-08-13 11:42:53,164 | [92mINFO[0m: [92mSpawnProcess-1:189 search 30s: actual_dur=30.0095s, count=2303, qps in this process: 76.7424[0m (mp_runner.py:161) (184464)
2026-08-13 11:42:53,164 | [92mINFO[0m: [92mSpawnProcess-1:177 search 30s: actual_dur=30.0072s, count=2227, qps in this process: 74.2155[0m (mp_runner.py:161) (184452)
2026-08-13 11:42:53,165 | [92mINFO[0m: [92mSpawnProcess-1:178 search 30s: actual_dur=30.0111s, count=2289, qps in this process: 76.2718[0m (mp_runner.py:161) (184453)
2026-08-13 11:42:53,166 | [92mINFO[0m: [92mSpawnProcess-1:184 search 30s: actual_dur=30.0107s, count=2273, qps in this process: 75.7397[0m (mp_runner.py:161) (184459)
2026-08-13 11:42:53,166 | [92mINFO[0m: [92mSpawnProcess-1:222 search 30s: actual_dur=30.0072s, count=2325, qps in this process: 77.4814[0m (mp_runner.py:161) (184497)
2026-08-13 11:42:53,166 | [92mINFO[0m: [92mSpawnProcess-1:218 search 30s: actual_dur=30.002s, count=2256, qps in this process: 75.195[0m (mp_runner.py:161) (184493)
2026-08-13 11:42:53,167 | [92mINFO[0m: [92mSpawnProcess-1:192 search 30s: actual_dur=30.0106s, count=2282, qps in this process: 76.0398[0m (mp_runner.py:161) (184467)
2026-08-13 11:42:53,167 | [92mINFO[0m: [92mSpawnProcess-1:185 search 30s: actual_dur=30.0093s, count=2252, qps in this process: 75.0434[0m (mp_runner.py:161) (184460)
2026-08-13 11:42:53,168 | [92mINFO[0m: [92mSpawnProcess-1:188 search 30s: actual_dur=30.0052s, count=2291, qps in this process: 76.3534[0m (mp_runner.py:161) (184463)
2026-08-13 11:42:53,169 | [92mINFO[0m: [92mSpawnProcess-1:194 search 30s: actual_dur=30.0024s, count=2275, qps in this process: 75.8273[0m (mp_runner.py:161) (184469)
2026-08-13 11:42:53,169 | [92mINFO[0m: [92mSpawnProcess-1:196 search 30s: actual_dur=30.0076s, count=2261, qps in this process: 75.3476[0m (mp_runner.py:161) (184471)
2026-08-13 11:42:53,170 | [92mINFO[0m: [92mSpawnProcess-1:175 search 30s: actual_dur=30.0061s, count=2293, qps in this process: 76.4178[0m (mp_runner.py:161) (184448)
2026-08-13 11:42:53,170 | [92mINFO[0m: [92mSpawnProcess-1:206 search 30s: actual_dur=30.0026s, count=2286, qps in this process: 76.1934[0m (mp_runner.py:161) (184481)
2026-08-13 11:42:53,171 | [92mINFO[0m: [92mSpawnProcess-1:205 search 30s: actual_dur=30.0079s, count=2290, qps in this process: 76.3132[0m (mp_runner.py:161) (184480)
2026-08-13 11:42:53,171 | [92mINFO[0m: [92mSpawnProcess-1:181 search 30s: actual_dur=30.0108s, count=2318, qps in this process: 77.2389[0m (mp_runner.py:161) (184456)
2026-08-13 11:42:53,171 | [92mINFO[0m: [92mSpawnProcess-1:233 search 30s: actual_dur=30.0189s, count=2261, qps in this process: 75.3192[0m (mp_runner.py:161) (184508)
2026-08-13 11:42:53,172 | [92mINFO[0m: [92mSpawnProcess-1:193 search 30s: actual_dur=30.0027s, count=2303, qps in this process: 76.7598[0m (mp_runner.py:161) (184468)
2026-08-13 11:42:53,174 | [92mINFO[0m: [92mSpawnProcess-1:179 search 30s: actual_dur=30.0163s, count=2273, qps in this process: 75.7255[0m (mp_runner.py:161) (184454)
2026-08-13 11:42:53,174 | [92mINFO[0m: [92mSpawnProcess-1:216 search 30s: actual_dur=30.0007s, count=2292, qps in this process: 76.3982[0m (mp_runner.py:161) (184491)
2026-08-13 11:42:53,175 | [92mINFO[0m: [92mSpawnProcess-1:182 search 30s: actual_dur=30.0039s, count=2307, qps in this process: 76.89[0m (mp_runner.py:161) (184457)
2026-08-13 11:42:53,177 | [92mINFO[0m: [92mSpawnProcess-1:231 search 30s: actual_dur=30.0043s, count=2324, qps in this process: 77.4556[0m (mp_runner.py:161) (184506)
2026-08-13 11:42:53,178 | [92mINFO[0m: [92mSpawnProcess-1:210 search 30s: actual_dur=30.0078s, count=2320, qps in this process: 77.3132[0m (mp_runner.py:161) (184485)
2026-08-13 11:42:53,180 | [92mINFO[0m: [92mSpawnProcess-1:212 search 30s: actual_dur=30.0011s, count=2325, qps in this process: 77.4972[0m (mp_runner.py:161) (184487)
2026-08-13 11:42:53,181 | [92mINFO[0m: [92mSpawnProcess-1:226 search 30s: actual_dur=30.0018s, count=2326, qps in this process: 77.5287[0m (mp_runner.py:161) (184501)
2026-08-13 11:42:53,182 | [92mINFO[0m: [92mSpawnProcess-1:190 search 30s: actual_dur=30.0106s, count=2308, qps in this process: 76.9062[0m (mp_runner.py:161) (184465)
2026-08-13 11:42:53,184 | [92mINFO[0m: [92mSpawnProcess-1:232 search 30s: actual_dur=30.0064s, count=2280, qps in this process: 75.9838[0m (mp_runner.py:161) (184507)
2026-08-13 11:42:53,184 | [92mINFO[0m: [92mSpawnProcess-1:251 search 30s: actual_dur=30.0045s, count=2261, qps in this process: 75.3554[0m (mp_runner.py:161) (184590)
2026-08-13 11:42:53,185 | [92mINFO[0m: [92mSpawnProcess-1:197 search 30s: actual_dur=30.0026s, count=2242, qps in this process: 74.7269[0m (mp_runner.py:161) (184472)
2026-08-13 11:42:53,185 | [92mINFO[0m: [92mSpawnProcess-1:204 search 30s: actual_dur=30.009s, count=2289, qps in this process: 76.2771[0m (mp_runner.py:161) (184479)
2026-08-13 11:42:53,186 | [92mINFO[0m: [92mSpawnProcess-1:199 search 30s: actual_dur=30.0025s, count=2251, qps in this process: 75.0271[0m (mp_runner.py:161) (184474)
2026-08-13 11:42:53,189 | [92mINFO[0m: [92mSpawnProcess-1:254 search 30s: actual_dur=30.0039s, count=2284, qps in this process: 76.1234[0m (mp_runner.py:161) (184594)
2026-08-13 11:42:53,190 | [92mINFO[0m: [92mSpawnProcess-1:207 search 30s: actual_dur=30.0086s, count=2293, qps in this process: 76.4114[0m (mp_runner.py:161) (184482)
2026-08-13 11:42:53,192 | [92mINFO[0m: [92mSpawnProcess-1:215 search 30s: actual_dur=30.0108s, count=2299, qps in this process: 76.6058[0m (mp_runner.py:161) (184490)
2026-08-13 11:42:53,192 | [92mINFO[0m: [92mSpawnProcess-1:249 search 30s: actual_dur=30.004s, count=2261, qps in this process: 75.3566[0m (mp_runner.py:161) (184587)
2026-08-13 11:42:53,192 | [92mINFO[0m: [92mSpawnProcess-1:230 search 30s: actual_dur=30.0073s, count=2320, qps in this process: 77.3145[0m (mp_runner.py:161) (184505)
2026-08-13 11:42:53,193 | [92mINFO[0m: [92mSpawnProcess-1:213 search 30s: actual_dur=30.0036s, count=2342, qps in this process: 78.0573[0m (mp_runner.py:161) (184488)
2026-08-13 11:42:53,194 | [92mINFO[0m: [92mSpawnProcess-1:219 search 30s: actual_dur=30.0039s, count=2266, qps in this process: 75.5235[0m (mp_runner.py:161) (184494)
2026-08-13 11:42:53,195 | [92mINFO[0m: [92mSpawnProcess-1:238 search 30s: actual_dur=30.0009s, count=2287, qps in this process: 76.231[0m (mp_runner.py:161) (184513)
2026-08-13 11:42:53,198 | [92mINFO[0m: [92mSpawnProcess-1:209 search 30s: actual_dur=30.005s, count=2303, qps in this process: 76.7539[0m (mp_runner.py:161) (184484)
2026-08-13 11:42:53,200 | [92mINFO[0m: [92mSpawnProcess-1:202 search 30s: actual_dur=30.0053s, count=2237, qps in this process: 74.5535[0m (mp_runner.py:161) (184477)
2026-08-13 11:42:53,200 | [92mINFO[0m: [92mSpawnProcess-1:241 search 30s: actual_dur=30.0083s, count=2297, qps in this process: 76.5455[0m (mp_runner.py:161) (184516)
2026-08-13 11:42:53,200 | [92mINFO[0m: [92mSpawnProcess-1:229 search 30s: actual_dur=30.0011s, count=2320, qps in this process: 77.3305[0m (mp_runner.py:161) (184504)
2026-08-13 11:42:53,201 | [92mINFO[0m: [92mSpawnProcess-1:214 search 30s: actual_dur=30.0019s, count=2270, qps in this process: 75.6619[0m (mp_runner.py:161) (184489)
2026-08-13 11:42:53,204 | [92mINFO[0m: [92mSpawnProcess-1:235 search 30s: actual_dur=30.0002s, count=2326, qps in this process: 77.5328[0m (mp_runner.py:161) (184510)
2026-08-13 11:42:53,211 | [92mINFO[0m: [92mSpawnProcess-1:228 search 30s: actual_dur=30.0013s, count=2265, qps in this process: 75.4967[0m (mp_runner.py:161) (184503)
2026-08-13 11:42:53,211 | [92mINFO[0m: [92mSpawnProcess-1:236 search 30s: actual_dur=30.0051s, count=2308, qps in this process: 76.9203[0m (mp_runner.py:161) (184511)
2026-08-13 11:42:53,212 | [92mINFO[0m: [92mSpawnProcess-1:242 search 30s: actual_dur=30.0024s, count=2326, qps in this process: 77.5271[0m (mp_runner.py:161) (184517)
2026-08-13 11:42:53,215 | [92mINFO[0m: [92mSpawnProcess-1:240 search 30s: actual_dur=30.0092s, count=2262, qps in this process: 75.3769[0m (mp_runner.py:161) (184515)
2026-08-13 11:42:53,216 | [92mINFO[0m: [92mSpawnProcess-1:200 search 30s: actual_dur=30.0002s, count=2281, qps in this process: 76.0328[0m (mp_runner.py:161) (184475)
2026-08-13 11:42:53,217 | [92mINFO[0m: [92mSpawnProcess-1:221 search 30s: actual_dur=30.003s, count=2307, qps in this process: 76.8923[0m (mp_runner.py:161) (184496)
2026-08-13 11:42:53,218 | [92mINFO[0m: [92mSpawnProcess-1:234 search 30s: actual_dur=30.003s, count=2333, qps in this process: 77.7589[0m (mp_runner.py:161) (184509)
2026-08-13 11:42:53,218 | [92mINFO[0m: [92mSpawnProcess-1:217 search 30s: actual_dur=30.0011s, count=2287, qps in this process: 76.2305[0m (mp_runner.py:161) (184492)
2026-08-13 11:42:53,219 | [92mINFO[0m: [92mSpawnProcess-1:227 search 30s: actual_dur=30.0057s, count=2286, qps in this process: 76.1855[0m (mp_runner.py:161) (184502)
2026-08-13 11:42:53,220 | [92mINFO[0m: [92mSpawnProcess-1:225 search 30s: actual_dur=30.0015s, count=2294, qps in this process: 76.4628[0m (mp_runner.py:161) (184500)
2026-08-13 11:42:53,220 | [92mINFO[0m: [92mSpawnProcess-1:247 search 30s: actual_dur=30.004s, count=2259, qps in this process: 75.29[0m (mp_runner.py:161) (184560)
2026-08-13 11:42:53,226 | [92mINFO[0m: [92mSpawnProcess-1:252 search 30s: actual_dur=30.0001s, count=2267, qps in this process: 75.5664[0m (mp_runner.py:161) (184591)
2026-08-13 11:42:53,230 | [92mINFO[0m: [92mSpawnProcess-1:250 search 30s: actual_dur=30.0032s, count=2298, qps in this process: 76.5918[0m (mp_runner.py:161) (184589)
2026-08-13 11:42:53,238 | [92mINFO[0m: [92mSpawnProcess-1:224 search 30s: actual_dur=30.0008s, count=2280, qps in this process: 75.998[0m (mp_runner.py:161) (184499)
2026-08-13 11:42:53,238 | [92mINFO[0m: [92mSpawnProcess-1:239 search 30s: actual_dur=30.001s, count=2346, qps in this process: 78.1974[0m (mp_runner.py:161) (184514)
2026-08-13 11:42:53,243 | [92mINFO[0m: [92mSpawnProcess-1:248 search 30s: actual_dur=30.0031s, count=2305, qps in this process: 76.8254[0m (mp_runner.py:161) (184581)
2026-08-13 11:42:53,252 | [92mINFO[0m: [92mSpawnProcess-1:244 search 30s: actual_dur=30.0024s, count=2273, qps in this process: 75.7606[0m (mp_runner.py:161) (184519)
2026-08-13 11:42:53,259 | [92mINFO[0m: [92mSpawnProcess-1:180 search 30s: actual_dur=30.0016s, count=2263, qps in this process: 75.4293[0m (mp_runner.py:161) (184455)
2026-08-13 11:42:53,260 | [92mINFO[0m: [92mSpawnProcess-1:243 search 30s: actual_dur=30.0027s, count=2293, qps in this process: 76.4265[0m (mp_runner.py:161) (184518)
2026-08-13 11:42:53,272 | [92mINFO[0m: [92mSpawnProcess-1:253 search 30s: actual_dur=30.0003s, count=2267, qps in this process: 75.5659[0m (mp_runner.py:161) (184592)
2026-08-13 11:42:53,274 | [92mINFO[0m: [92mSpawnProcess-1:211 search 30s: actual_dur=30.0002s, count=2314, qps in this process: 77.1328[0m (mp_runner.py:161) (184486)
2026-08-13 11:42:53,275 | [92mINFO[0m: [92mSpawnProcess-1:246 search 30s: actual_dur=30.0018s, count=2304, qps in this process: 76.7954[0m (mp_runner.py:161) (184555)
2026-08-13 11:42:53,275 | [92mINFO[0m: [92mSpawnProcess-1:201 search 30s: actual_dur=30.0008s, count=2276, qps in this process: 75.8646[0m (mp_runner.py:161) (184476)
2026-08-13 11:42:53,275 | [92mINFO[0m: [92mSpawnProcess-1:191 search 30s: actual_dur=30.0023s, count=2294, qps in this process: 76.4608[0m (mp_runner.py:161) (184466)
2026-08-13 11:42:53,331 | [92mINFO[0m: [92mEnd search in concurrency 80: dur=30.180228813999747s, total_count=183028, qps=6064.5001[0m (mp_runner.py:212) (174369)
2026-08-13 11:42:56,221 | [92mINFO[0m: [92mUpdate largest qps with concurrency 80: current max_qps=6064.5001[0m (mp_runner.py:216) (174369)
2026-08-13 11:42:56,224 | [92mINFO[0m: [92mSpawnProcess-1 start serial search[0m (serial_runner.py:296) (174369)
2026-08-13 11:42:57,297 | [92mINFO[0m: [92mSpawnProcess-1:255 start search the entire test_data to get recall and latency[0m (serial_runner.py:209) (187054)
2026-08-13 11:43:09,752 | [92mINFO[0m: [92mSpawnProcess-1:255 search entire test_data: cost=12.2419s, queries=6980, avg_recall=0.7973, avg_ndcg=0.6909, avg_mrr=0.6616, avg_latency=0.0018, p99=0.0029, p95=0.0025[0m (serial_runner.py:264) (187054)
2026-08-13 11:43:10,033 | [92mINFO[0m: [92mPerformance case got result: Metric(max_load_count=0, insert_duration=28.2073, optimize_duration=31.1635, load_duration=59.3708, qps=6064.5001, serial_latency_p99=np.float64(0.0029), serial_latency_p95=np.float64(0.0025), recall=np.float64(0.7973), ndcg=np.float64(0.6909), mrr=np.float64(0.6616), conc_num_list=[1, 5, 10, 20, 30, 40, 60, 80], conc_qps_list=[581.3098, 2320.9964, 3616.2029, 4802.9861, 5177.0597, 5484.6909, 5915.6436, 6064.5001], conc_latency_p99_list=[np.float64(0.0028675817194562113), np.float64(0.003932723769776203), np.float64(0.00529687662010474), np.float64(0.008621934560251237), np.float64(0.012057842750200507), np.float64(0.015518318899557928), np.float64(0.023642187449831896), np.float64(0.03128223971065381)], conc_latency_p95_list=[np.float64(0.0024334479995559368), np.float64(0.0031998902003579134), np.float64(0.004252392100170255), np.float64(0.0068407912005568495), np.float64(0.00950507515030949), np.float64(0.012093301999357209), np.float64(0.01768768974966406), np.float64(0.023046070050031627)], conc_latency_avg_list=[np.float64(0.0017180455847591364), np.float64(0.0021510836925301663), np.float64(0.002760855168521697), np.float64(0.004156042623817495), np.float64(0.0057823226406093255), np.float64(0.007274259796508164), np.float64(0.010096044279954731), np.float64(0.013110200668701683)], payload_profile='ids_only', payload_estimated_bytes_per_query=200, inserted_count=100000, insert_rows_per_second=0.0, insert_completion_seconds=0.0, searchable_after_insert_seconds=0.0, indexed_after_searchable_seconds=0.0, additional_parameters={'num_per_batch': 100, 'load_concurrency': 0}, st_ideal_insert_duration=0, st_search_stage_list=[], st_search_time_list=[], st_max_qps_list_list=[], st_recall_list=[], st_ndcg_list=[], st_serial_latency_p99_list=[], st_serial_latency_p95_list=[], st_conc_failed_rate_list=[], st_conc_num_list_list=[], st_conc_qps_list_list=[], st_conc_latency_p99_list_list=[], st_conc_latency_p95_list_list=[], st_conc_latency_avg_list_list=[])[0m (task_runner.py:383) (174369)
2026-08-13 11:43:10,033 | [92mINFO[0m: [92m[1/1] finish case: {'label': <CaseLabel.FullTextSearchPerformance: 6>, 'name': 'FTS BM25 Performance - MS MARCO Small (100K documents)', 'dataset': {'data': {'name': 'MS MARCO', 'size': 100000, 'metric_type': <MetricType.BM25: 'BM25'>}}, 'db': 'OSSOpenSearch'}, result=Metric(max_load_count=0, insert_duration=28.2073, optimize_duration=31.1635, load_duration=59.3708, qps=6064.5001, serial_latency_p99=np.float64(0.0029), serial_latency_p95=np.float64(0.0025), recall=np.float64(0.7973), ndcg=np.float64(0.6909), mrr=np.float64(0.6616), conc_num_list=[1, 5, 10, 20, 30, 40, 60, 80], conc_qps_list=[581.3098, 2320.9964, 3616.2029, 4802.9861, 5177.0597, 5484.6909, 5915.6436, 6064.5001], conc_latency_p99_list=[np.float64(0.0028675817194562113), np.float64(0.003932723769776203), np.float64(0.00529687662010474), np.float64(0.008621934560251237), np.float64(0.012057842750200507), np.float64(0.015518318899557928), np.float64(0.023642187449831896), np.float64(0.03128223971065381)], conc_latency_p95_list=[np.float64(0.0024334479995559368), np.float64(0.0031998902003579134), np.float64(0.004252392100170255), np.float64(0.0068407912005568495), np.float64(0.00950507515030949), np.float64(0.012093301999357209), np.float64(0.01768768974966406), np.float64(0.023046070050031627)], conc_latency_avg_list=[np.float64(0.0017180455847591364), np.float64(0.0021510836925301663), np.float64(0.002760855168521697), np.float64(0.004156042623817495), np.float64(0.0057823226406093255), np.float64(0.007274259796508164), np.float64(0.010096044279954731), np.float64(0.013110200668701683)], payload_profile='ids_only', payload_estimated_bytes_per_query=200, inserted_count=100000, insert_rows_per_second=0.0, insert_completion_seconds=0.0, searchable_after_insert_seconds=0.0, indexed_after_searchable_seconds=0.0, additional_parameters={'num_per_batch': 100, 'load_concurrency': 0}, st_ideal_insert_duration=0, st_search_stage_list=[], st_search_time_list=[], st_max_qps_list_list=[], st_recall_list=[], st_ndcg_list=[], st_serial_latency_p99_list=[], st_serial_latency_p95_list=[], st_conc_failed_rate_list=[], st_conc_num_list_list=[], st_conc_qps_list_list=[], st_conc_latency_p99_list_list=[], st_conc_latency_p95_list_list=[], st_conc_latency_avg_list_list=[]), label=ResultLabel.NORMAL[0m (interface.py:187) (174369)
2026-08-13 11:43:10,034 | INFO |Task summary: run_id=ea61f, task_label=ea61f4119d86410faf781cc1c3f6814e (models.py:569)
2026-08-13 11:43:10,034 | INFO |DB            | db_label case                                                   label                            | load_dur    qps          latency(p99)    latency(p95)    recall        max_load_count | label (models.py:569)
2026-08-13 11:43:10,034 | INFO |------------- | -------- ------------------------------------------------------ -------------------------------- | ----------- ------------ --------------- --------------- ------------- -------------- | ----- (models.py:569)
2026-08-13 11:43:10,034 | INFO |OSSOpenSearch |          FTS BM25 Performance - MS MARCO Small (100K documents) ea61f4119d86410faf781cc1c3f6814e | 59.3708     6064.5001    0.0029          0.0025          0.7973        0              | :)    (models.py:569)
2026-08-13 11:43:10,034 | [92mINFO[0m: [92mwrite results to disk /root/b047/venv/lib/python3.11/site-packages/vectordb_bench/results/OSSOpenSearch/result_20260813_ea61f4119d86410faf781cc1c3f6814e_ossopensearch.json[0m (models.py:400) (174369)
2026-08-13 11:43:10,035 | [92mINFO[0m: [92mSuccess to finish task: label=ea61f4119d86410faf781cc1c3f6814e, run_id=ea61f4119d86410faf781cc1c3f6814e[0m (interface.py:224) (174369)
