2026-08-13 11:44:14,618 | [92mINFO[0m: [92mTask:
TaskConfig(db=<DB.OSSOpenSearch: 'OSSOpenSearch'>, db_config=OSSOpenSearchConfig(db_label='', version='', note='', index_name='vdb_bench_index', host='127.0.0.1', port=9201, user=None, password=SecretStr('')), db_case_config=OSSOpenSearchFtsConfig(number_of_shards=1, number_of_replicas=0, refresh_interval='60s', force_merge_enabled=True, metric_type=<MetricType.BM25: 'BM25'>, bm25_k1=None, bm25_b=None), case_config=CaseConfig(case_id=<CaseType.FTSBm25Performance: 503>, custom_case={'dataset_with_size_type': 'MS MARCO Small (100K documents)', 'payload_profile': 'ids_only'}, k=10, concurrency_search_config=ConcurrencySearchConfig(num_concurrency=[1, 5, 10, 20, 30, 40, 60, 80], concurrency_duration=30, concurrency_timeout=3600, serial_cooldown=0.0)), stages=['drop_old', 'load', 'search_serial', 'search_concurrent'], load_concurrency=0)
[0m (cli.py:973) (188533)
2026-08-13 11:44:14,618 | [92mINFO[0m: [92mgenerated uuid for the tasks: b6dc97b136874e20a8314a4811df976d[0m (interface.py:77) (188533)
2026-08-13 11:44:14,744 | INFO | DB             | CaseType     Dataset               Filter | task_label (task_runner.py:757)
2026-08-13 11:44:14,744 | INFO | -----------    | ------------ -------------------- ------- | -------    (task_runner.py:757)
2026-08-13 11:44:14,744 | INFO | OSSOpenSearch  | FullTextSearchPerformance MS MARCO-SMALL-100K      0.0 | b6dc97b136874e20a8314a4811df976d (task_runner.py:757)
2026-08-13 11:44:14,744 | [92mINFO[0m: [92mtask submitted: id=b6dc97b136874e20a8314a4811df976d, b6dc97b136874e20a8314a4811df976d, case number: 1[0m (interface.py:253) (188533)
2026-08-13 11:44:15,675 | [92mINFO[0m: [92m[1/1] start case: {'label': <CaseLabel.FullTextSearchPerformance: 6>, 'name': 'FTS BM25 Performance - MS MARCO Small (100K documents)', 'dataset': {'data': {'name': 'MS MARCO', 'size': 100000, 'metric_type': <MetricType.BM25: 'BM25'>}}, 'db': 'OSSOpenSearch'}, drop_old=True[0m (interface.py:185) (188593)
2026-08-13 11:44:15,675 | [92mINFO[0m: [92mStarting run[0m (task_runner.py:268) (188593)
2026-08-13 11:44:15,675 | [92mINFO[0m: [92mPreparing FTS dataset: MS MARCO FTS (SMALL)[0m (dataset.py:1009) (188593)
2026-08-13 11:44:15,675 | [92mINFO[0m: [92mDownloading FTS dataset 'msmarco-passage/dev/small' using ir_datasets[0m (data_source.py:192) (188593)
2026-08-13 11:44:15,675 | [92mINFO[0m: [92mSuccessfully loaded dataset: msmarco-passage/dev/small[0m (data_source.py:199) (188593)
2026-08-13 11:44:15,675 | [92mINFO[0m: [92mSuccessfully loaded ir_datasets dataset: msmarco-passage/dev/small[0m (dataset.py:1022) (188593)
2026-08-13 11:44:15,689 | [92mINFO[0m: [92mLoaded 6980 queries into memory[0m (dataset.py:1027) (188593)
2026-08-13 11:44:40,407 | [92mINFO[0m: [92mLoaded semantic qrels for 6980 queries; recall uses 6980 queries; selected 100000 corpus docs including 7433 qrel docs[0m (dataset.py:1055) (188593)
2026-08-13 11:44:40,408 | [92mINFO[0m: [92mFTS dataset preparation completed: MS MARCO FTS (SMALL)[0m (dataset.py:1080) (188593)
2026-08-13 11:44:40,540 | [92mINFO[0m: [92mOSS_OpenSearch client config: {'hosts': [{'host': '127.0.0.1', 'port': 9201}], 'http_auth': (), 'use_ssl': False, 'http_compress': True, 'verify_certs': False, 'ssl_assert_hostname': False, 'ssl_show_warn': False, 'timeout': 600}[0m (oss_opensearch.py:233) (188593)
2026-08-13 11:44:40,541 | [92mINFO[0m: [92mOSS_OpenSearch db case config: number_of_shards=1 number_of_replicas=0 refresh_interval='60s' force_merge_enabled=True metric_type=<MetricType.BM25: 'BM25'> bm25_k1=None bm25_b=None[0m (oss_opensearch.py:234) (188593)
2026-08-13 11:44:40,541 | [92mINFO[0m: [92mOSS_OpenSearch client drop old index: vdb_bench_index[0m (oss_opensearch.py:241) (188593)
2026-08-13 11:44:40,543 | [92mINFO[0m: [92mCreating FTS index with settings: {'index': {'number_of_shards': 1, 'number_of_replicas': 0, 'refresh_interval': '60s'}}[0m (oss_opensearch.py:340) (188593)
2026-08-13 11:44:40,543 | [92mINFO[0m: [92mCreating FTS index with mappings: {'properties': {'doc_id': {'type': 'keyword'}, 'filter_id': {'type': 'long'}, 'text': {'type': 'text'}}}[0m (oss_opensearch.py:341) (188593)
2026-08-13 11:44:40,602 | [92mINFO[0m: [92mStart performance case[0m (task_runner.py:317) (188593)
2026-08-13 11:44:40,604 | [92mINFO[0m: [92m(SpawnProcess-1  ) Start concurrent insert, batch_size=100, max_workers=4, workload=full_text[0m (concurrent_runner.py:266) (188593)
2026-08-13 11:45:08,778 | [92mINFO[0m: [92m(SpawnProcess-1  ) Finish concurrent insert, count=100000, dur=28.17s[0m (concurrent_runner.py:287) (188593)
2026-08-13 11:45:08,779 | [92mINFO[0m: [92mStarting the Refresh Index..[0m (oss_opensearch.py:837) (188593)
2026-08-13 11:45:09,684 | [92mINFO[0m: [92mStarting FTS force merge for index vdb_bench_index[0m (oss_opensearch.py:849) (188593)
2026-08-13 11:45:39,688 | [92mINFO[0m: [92mCompleted FTS force merge for index vdb_bench_index[0m (oss_opensearch.py:857) (188593)
2026-08-13 11:45:39,688 | [92mINFO[0m: [92mStarting the Refresh Index..[0m (oss_opensearch.py:837) (188593)
2026-08-13 11:45:39,698 | [92mINFO[0m: [92mCurrent Number of replicas are 0 and changing the replicas to 0[0m (oss_opensearch.py:806) (188593)
2026-08-13 11:45:39,700 | [92mINFO[0m: [92mSuccessfully updated number of replicas to 0[0m (oss_opensearch.py:80) (188593)
2026-08-13 11:45:39,700 | [92mINFO[0m: [92mWait for index to become green..[0m (oss_opensearch.py:816) (188593)
2026-08-13 11:45:39,701 | [92mINFO[0m: [92mIndex vdb_bench_index is green..[0m (oss_opensearch.py:831) (188593)
2026-08-13 11:45:39,701 | [92mINFO[0m: [92mStarting the Refresh Index..[0m (oss_opensearch.py:837) (188593)
2026-08-13 11:45:39,702 | [92mINFO[0m: [92mFinish loading the entire dataset into VectorDB, insert_duration=28.176455933999932, optimize_duration=30.923505920000025 load_duration(insert + optimize) = 59.1[0m (task_runner.py:342) (188593)
2026-08-13 11:45:39,703 | [92mINFO[0m: [92mFTS concurrent test will use 6980 queries for testing[0m (task_runner.py:645) (188593)
2026-08-13 11:45:39,703 | [92mINFO[0m: [92mFTS serial recall will use 6980 queries[0m (task_runner.py:667) (188593)
2026-08-13 11:45:40,635 | [92mINFO[0m: [92mStart search 30s in concurrency 1, filters: type=<FilterOp.NonFilter: 'NonFilter'> filter_rate=0.0 gt_file_name='neighbors.parquet'[0m (mp_runner.py:189) (188593)
2026-08-13 11:45:42,639 | [92mINFO[0m: [92mSyncing all process and start concurrency search, concurrency=1[0m (mp_runner.py:196) (188593)
2026-08-13 11:46:12,642 | [92mINFO[0m: [92mSpawnProcess-1:2 search 30s: actual_dur=30.0018s, count=21110, qps in this process: 703.6244[0m (mp_runner.py:161) (189936)
2026-08-13 11:46:12,646 | [92mINFO[0m: [92mEnd search in concurrency 1: dur=30.006994203999966s, total_count=21110, qps=703.5027[0m (mp_runner.py:212) (188593)
2026-08-13 11:46:13,160 | [92mINFO[0m: [92mUpdate largest qps with concurrency 1: current max_qps=703.5027[0m (mp_runner.py:216) (188593)
2026-08-13 11:46:14,116 | [92mINFO[0m: [92mStart search 30s in concurrency 5, filters: type=<FilterOp.NonFilter: 'NonFilter'> filter_rate=0.0 gt_file_name='neighbors.parquet'[0m (mp_runner.py:189) (188593)
2026-08-13 11:46:19,122 | [92mINFO[0m: [92mSyncing all process and start concurrency search, concurrency=5[0m (mp_runner.py:196) (188593)
2026-08-13 11:46:49,123 | [92mINFO[0m: [92mSpawnProcess-1:6 search 30s: actual_dur=30.0005s, count=16732, qps in this process: 557.724[0m (mp_runner.py:161) (190465)
2026-08-13 11:46:49,124 | [92mINFO[0m: [92mSpawnProcess-1:7 search 30s: actual_dur=30.0s, count=16716, qps in this process: 557.2[0m (mp_runner.py:161) (190466)
2026-08-13 11:46:49,124 | [92mINFO[0m: [92mSpawnProcess-1:8 search 30s: actual_dur=30.0002s, count=16880, qps in this process: 562.6629[0m (mp_runner.py:161) (190467)
2026-08-13 11:46:49,124 | [92mINFO[0m: [92mSpawnProcess-1:5 search 30s: actual_dur=30.0012s, count=16816, qps in this process: 560.5109[0m (mp_runner.py:161) (190464)
2026-08-13 11:46:49,124 | [92mINFO[0m: [92mSpawnProcess-1:4 search 30s: actual_dur=30.001s, count=16794, qps in this process: 559.7813[0m (mp_runner.py:161) (190461)
2026-08-13 11:46:49,139 | [92mINFO[0m: [92mEnd search in concurrency 5: dur=30.016594724999777s, total_count=83938, qps=2796.3865[0m (mp_runner.py:212) (188593)
2026-08-13 11:46:49,696 | [92mINFO[0m: [92mUpdate largest qps with concurrency 5: current max_qps=2796.3865[0m (mp_runner.py:216) (188593)
2026-08-13 11:46:50,623 | [92mINFO[0m: [92mStart search 30s in concurrency 10, filters: type=<FilterOp.NonFilter: 'NonFilter'> filter_rate=0.0 gt_file_name='neighbors.parquet'[0m (mp_runner.py:189) (188593)
2026-08-13 11:47:00,631 | [92mINFO[0m: [92mSyncing all process and start concurrency search, concurrency=10[0m (mp_runner.py:196) (188593)
2026-08-13 11:47:30,632 | [92mINFO[0m: [92mSpawnProcess-1:13 search 30s: actual_dur=30.0001s, count=13142, qps in this process: 438.0652[0m (mp_runner.py:161) (191226)
2026-08-13 11:47:30,633 | [92mINFO[0m: [92mSpawnProcess-1:17 search 30s: actual_dur=30.0011s, count=13064, qps in this process: 435.4507[0m (mp_runner.py:161) (191230)
2026-08-13 11:47:30,633 | [92mINFO[0m: [92mSpawnProcess-1:18 search 30s: actual_dur=30.0002s, count=13111, qps in this process: 437.0304[0m (mp_runner.py:161) (191231)
2026-08-13 11:47:30,633 | [92mINFO[0m: [92mSpawnProcess-1:11 search 30s: actual_dur=30.0009s, count=13006, qps in this process: 433.5203[0m (mp_runner.py:161) (191224)
2026-08-13 11:47:30,634 | [92mINFO[0m: [92mSpawnProcess-1:12 search 30s: actual_dur=30.0011s, count=13112, qps in this process: 437.0506[0m (mp_runner.py:161) (191225)
2026-08-13 11:47:30,635 | [92mINFO[0m: [92mSpawnProcess-1:15 search 30s: actual_dur=30.0011s, count=13050, qps in this process: 434.9841[0m (mp_runner.py:161) (191228)
2026-08-13 11:47:30,635 | [92mINFO[0m: [92mSpawnProcess-1:14 search 30s: actual_dur=30.0019s, count=13121, qps in this process: 437.339[0m (mp_runner.py:161) (191227)
2026-08-13 11:47:30,635 | [92mINFO[0m: [92mSpawnProcess-1:16 search 30s: actual_dur=30.001s, count=13111, qps in this process: 437.0188[0m (mp_runner.py:161) (191229)
2026-08-13 11:47:30,635 | [92mINFO[0m: [92mSpawnProcess-1:10 search 30s: actual_dur=30.0017s, count=13101, qps in this process: 436.6753[0m (mp_runner.py:161) (191221)
2026-08-13 11:47:30,636 | [92mINFO[0m: [92mSpawnProcess-1:19 search 30s: actual_dur=30.0017s, count=12988, qps in this process: 432.9088[0m (mp_runner.py:161) (191232)
2026-08-13 11:47:30,657 | [92mINFO[0m: [92mEnd search in concurrency 10: dur=30.025892165000187s, total_count=130806, qps=4356.4401[0m (mp_runner.py:212) (188593)
2026-08-13 11:47:31,336 | [92mINFO[0m: [92mUpdate largest qps with concurrency 10: current max_qps=4356.4401[0m (mp_runner.py:216) (188593)
2026-08-13 11:47:32,269 | [92mINFO[0m: [92mStart search 30s in concurrency 20, filters: type=<FilterOp.NonFilter: 'NonFilter'> filter_rate=0.0 gt_file_name='neighbors.parquet'[0m (mp_runner.py:189) (188593)
2026-08-13 11:47:42,455 | [92mINFO[0m: [92mSyncing all process and start concurrency search, concurrency=20[0m (mp_runner.py:196) (188593)
2026-08-13 11:48:12,456 | [92mINFO[0m: [92mSpawnProcess-1:28 search 30s: actual_dur=30.0003s, count=7897, qps in this process: 263.2307[0m (mp_runner.py:161) (192114)
2026-08-13 11:48:12,457 | [92mINFO[0m: [92mSpawnProcess-1:25 search 30s: actual_dur=30.0009s, count=7886, qps in this process: 262.8588[0m (mp_runner.py:161) (192111)
2026-08-13 11:48:12,458 | [92mINFO[0m: [92mSpawnProcess-1:22 search 30s: actual_dur=30.0004s, count=7982, qps in this process: 266.0631[0m (mp_runner.py:161) (192108)
2026-08-13 11:48:12,458 | [92mINFO[0m: [92mSpawnProcess-1:21 search 30s: actual_dur=30.0002s, count=8726, qps in this process: 290.8647[0m (mp_runner.py:161) (192105)
2026-08-13 11:48:12,458 | [92mINFO[0m: [92mSpawnProcess-1:26 search 30s: actual_dur=30.0008s, count=8691, qps in this process: 289.6923[0m (mp_runner.py:161) (192112)
2026-08-13 11:48:12,459 | [92mINFO[0m: [92mSpawnProcess-1:31 search 30s: actual_dur=30.0007s, count=8747, qps in this process: 291.5599[0m (mp_runner.py:161) (192117)
2026-08-13 11:48:12,460 | [92mINFO[0m: [92mSpawnProcess-1:27 search 30s: actual_dur=30.0024s, count=7905, qps in this process: 263.4789[0m (mp_runner.py:161) (192113)
2026-08-13 11:48:12,460 | [92mINFO[0m: [92mSpawnProcess-1:23 search 30s: actual_dur=30.001s, count=8665, qps in this process: 288.8237[0m (mp_runner.py:161) (192109)
2026-08-13 11:48:12,461 | [92mINFO[0m: [92mSpawnProcess-1:38 search 30s: actual_dur=30.0007s, count=8765, qps in this process: 292.1598[0m (mp_runner.py:161) (192124)
2026-08-13 11:48:12,461 | [92mINFO[0m: [92mSpawnProcess-1:33 search 30s: actual_dur=30.0012s, count=8723, qps in this process: 290.755[0m (mp_runner.py:161) (192119)
2026-08-13 11:48:12,461 | [92mINFO[0m: [92mSpawnProcess-1:29 search 30s: actual_dur=30.0018s, count=8755, qps in this process: 291.8158[0m (mp_runner.py:161) (192115)
2026-08-13 11:48:12,461 | [92mINFO[0m: [92mSpawnProcess-1:36 search 30s: actual_dur=30.0027s, count=8684, qps in this process: 289.4406[0m (mp_runner.py:161) (192122)
2026-08-13 11:48:12,462 | [92mINFO[0m: [92mSpawnProcess-1:35 search 30s: actual_dur=30.0015s, count=8676, qps in this process: 289.1855[0m (mp_runner.py:161) (192121)
2026-08-13 11:48:12,463 | [92mINFO[0m: [92mSpawnProcess-1:32 search 30s: actual_dur=30.0017s, count=7963, qps in this process: 265.4183[0m (mp_runner.py:161) (192118)
2026-08-13 11:48:12,463 | [92mINFO[0m: [92mSpawnProcess-1:24 search 30s: actual_dur=30.0007s, count=8724, qps in this process: 290.7932[0m (mp_runner.py:161) (192110)
2026-08-13 11:48:12,463 | [92mINFO[0m: [92mSpawnProcess-1:40 search 30s: actual_dur=30.0013s, count=7799, qps in this process: 259.9554[0m (mp_runner.py:161) (192126)
2026-08-13 11:48:12,464 | [92mINFO[0m: [92mSpawnProcess-1:30 search 30s: actual_dur=30.0027s, count=8002, qps in this process: 266.7093[0m (mp_runner.py:161) (192116)
2026-08-13 11:48:12,464 | [92mINFO[0m: [92mSpawnProcess-1:37 search 30s: actual_dur=30.0024s, count=8735, qps in this process: 291.1434[0m (mp_runner.py:161) (192123)
2026-08-13 11:48:12,464 | [92mINFO[0m: [92mSpawnProcess-1:34 search 30s: actual_dur=30.0053s, count=8798, qps in this process: 293.2149[0m (mp_runner.py:161) (192120)
2026-08-13 11:48:12,464 | [92mINFO[0m: [92mSpawnProcess-1:39 search 30s: actual_dur=30.0025s, count=7853, qps in this process: 261.7449[0m (mp_runner.py:161) (192125)
2026-08-13 11:48:12,495 | [92mINFO[0m: [92mEnd search in concurrency 20: dur=30.0402649939997s, total_count=167976, qps=5591.695[0m (mp_runner.py:212) (188593)
2026-08-13 11:48:13,474 | [92mINFO[0m: [92mUpdate largest qps with concurrency 20: current max_qps=5591.695[0m (mp_runner.py:216) (188593)
2026-08-13 11:48:14,429 | [92mINFO[0m: [92mStart search 30s in concurrency 30, filters: type=<FilterOp.NonFilter: 'NonFilter'> filter_rate=0.0 gt_file_name='neighbors.parquet'[0m (mp_runner.py:189) (188593)
2026-08-13 11:48:24,614 | [92mINFO[0m: [92mSyncing all process and start concurrency search, concurrency=30[0m (mp_runner.py:196) (188593)
2026-08-13 11:48:54,617 | [92mINFO[0m: [92mSpawnProcess-1:62 search 30s: actual_dur=30.0013s, count=5965, qps in this process: 198.8247[0m (mp_runner.py:161) (193326)
2026-08-13 11:48:54,617 | [92mINFO[0m: [92mSpawnProcess-1:52 search 30s: actual_dur=30.0012s, count=5956, qps in this process: 198.5254[0m (mp_runner.py:161) (193316)
2026-08-13 11:48:54,619 | [92mINFO[0m: [92mSpawnProcess-1:67 search 30s: actual_dur=30.0019s, count=5896, qps in this process: 196.5209[0m (mp_runner.py:161) (193331)
2026-08-13 11:48:54,619 | [92mINFO[0m: [92mSpawnProcess-1:56 search 30s: actual_dur=30.0031s, count=5937, qps in this process: 197.8796[0m (mp_runner.py:161) (193320)
2026-08-13 11:48:54,622 | [92mINFO[0m: [92mSpawnProcess-1:55 search 30s: actual_dur=30.0036s, count=5920, qps in this process: 197.3097[0m (mp_runner.py:161) (193319)
2026-08-13 11:48:54,622 | [92mINFO[0m: [92mSpawnProcess-1:71 search 30s: actual_dur=30.0041s, count=5919, qps in this process: 197.273[0m (mp_runner.py:161) (193335)
2026-08-13 11:48:54,622 | [92mINFO[0m: [92mSpawnProcess-1:66 search 30s: actual_dur=30.0026s, count=5909, qps in this process: 196.9496[0m (mp_runner.py:161) (193330)
2026-08-13 11:48:54,623 | [92mINFO[0m: [92mSpawnProcess-1:47 search 30s: actual_dur=30.0045s, count=5852, qps in this process: 195.0374[0m (mp_runner.py:161) (193311)
2026-08-13 11:48:54,623 | [92mINFO[0m: [92mSpawnProcess-1:61 search 30s: actual_dur=30.0005s, count=5979, qps in this process: 199.2967[0m (mp_runner.py:161) (193325)
2026-08-13 11:48:54,624 | [92mINFO[0m: [92mSpawnProcess-1:63 search 30s: actual_dur=30.0037s, count=5992, qps in this process: 199.7087[0m (mp_runner.py:161) (193327)
2026-08-13 11:48:54,624 | [92mINFO[0m: [92mSpawnProcess-1:49 search 30s: actual_dur=30.0019s, count=6004, qps in this process: 200.1207[0m (mp_runner.py:161) (193313)
2026-08-13 11:48:54,624 | [92mINFO[0m: [92mSpawnProcess-1:60 search 30s: actual_dur=30.0008s, count=5977, qps in this process: 199.228[0m (mp_runner.py:161) (193324)
2026-08-13 11:48:54,624 | [92mINFO[0m: [92mSpawnProcess-1:44 search 30s: actual_dur=30.0006s, count=5850, qps in this process: 194.9961[0m (mp_runner.py:161) (193308)
2026-08-13 11:48:54,625 | [92mINFO[0m: [92mSpawnProcess-1:68 search 30s: actual_dur=30.0004s, count=5920, qps in this process: 197.3307[0m (mp_runner.py:161) (193332)
2026-08-13 11:48:54,625 | [92mINFO[0m: [92mSpawnProcess-1:65 search 30s: actual_dur=30.0024s, count=6030, qps in this process: 200.9839[0m (mp_runner.py:161) (193329)
2026-08-13 11:48:54,625 | [92mINFO[0m: [92mSpawnProcess-1:54 search 30s: actual_dur=30.0037s, count=5877, qps in this process: 195.8758[0m (mp_runner.py:161) (193318)
2026-08-13 11:48:54,625 | [92mINFO[0m: [92mSpawnProcess-1:57 search 30s: actual_dur=30.0039s, count=5906, qps in this process: 196.8411[0m (mp_runner.py:161) (193321)
2026-08-13 11:48:54,626 | [92mINFO[0m: [92mSpawnProcess-1:43 search 30s: actual_dur=30.0009s, count=5968, qps in this process: 198.9274[0m (mp_runner.py:161) (193307)
2026-08-13 11:48:54,627 | [92mINFO[0m: [92mSpawnProcess-1:69 search 30s: actual_dur=30.0005s, count=5924, qps in this process: 197.4634[0m (mp_runner.py:161) (193333)
2026-08-13 11:48:54,627 | [92mINFO[0m: [92mSpawnProcess-1:70 search 30s: actual_dur=30.001s, count=6054, qps in this process: 201.7933[0m (mp_runner.py:161) (193334)
2026-08-13 11:48:54,627 | [92mINFO[0m: [92mSpawnProcess-1:45 search 30s: actual_dur=30.005s, count=5882, qps in this process: 196.034[0m (mp_runner.py:161) (193309)
2026-08-13 11:48:54,625 | [92mINFO[0m: [92mSpawnProcess-1:46 search 30s: actual_dur=30.0056s, count=5905, qps in this process: 196.7966[0m (mp_runner.py:161) (193310)
2026-08-13 11:48:54,630 | [92mINFO[0m: [92mSpawnProcess-1:53 search 30s: actual_dur=30.0015s, count=5955, qps in this process: 198.4901[0m (mp_runner.py:161) (193317)
2026-08-13 11:48:54,630 | [92mINFO[0m: [92mSpawnProcess-1:48 search 30s: actual_dur=30.0012s, count=5919, qps in this process: 197.2921[0m (mp_runner.py:161) (193312)
2026-08-13 11:48:54,630 | [92mINFO[0m: [92mSpawnProcess-1:50 search 30s: actual_dur=30.0002s, count=5983, qps in this process: 199.432[0m (mp_runner.py:161) (193314)
2026-08-13 11:48:54,630 | [92mINFO[0m: [92mSpawnProcess-1:42 search 30s: actual_dur=30.0022s, count=5901, qps in this process: 196.6856[0m (mp_runner.py:161) (193304)
2026-08-13 11:48:54,630 | [92mINFO[0m: [92mSpawnProcess-1:58 search 30s: actual_dur=30.0002s, count=5948, qps in this process: 198.2653[0m (mp_runner.py:161) (193322)
2026-08-13 11:48:54,631 | [92mINFO[0m: [92mSpawnProcess-1:64 search 30s: actual_dur=30.0117s, count=6004, qps in this process: 200.0553[0m (mp_runner.py:161) (193328)
2026-08-13 11:48:54,631 | [92mINFO[0m: [92mSpawnProcess-1:59 search 30s: actual_dur=30.0009s, count=5956, qps in this process: 198.5274[0m (mp_runner.py:161) (193323)
2026-08-13 11:48:54,633 | [92mINFO[0m: [92mSpawnProcess-1:51 search 30s: actual_dur=30.0053s, count=5944, qps in this process: 198.0983[0m (mp_runner.py:161) (193315)
2026-08-13 11:48:54,682 | [92mINFO[0m: [92mEnd search in concurrency 30: dur=30.066792619000807s, total_count=178232, qps=5927.8687[0m (mp_runner.py:212) (188593)
2026-08-13 11:48:55,926 | [92mINFO[0m: [92mUpdate largest qps with concurrency 30: current max_qps=5927.8687[0m (mp_runner.py:216) (188593)
2026-08-13 11:48:56,871 | [92mINFO[0m: [92mStart search 30s in concurrency 40, filters: type=<FilterOp.NonFilter: 'NonFilter'> filter_rate=0.0 gt_file_name='neighbors.parquet'[0m (mp_runner.py:189) (188593)
2026-08-13 11:49:07,246 | [92mINFO[0m: [92mSyncing all process and start concurrency search, concurrency=40[0m (mp_runner.py:196) (188593)
2026-08-13 11:49:37,248 | [92mINFO[0m: [92mSpawnProcess-1:111 search 30s: actual_dur=30.0005s, count=4807, qps in this process: 160.2307[0m (mp_runner.py:161) (194723)
2026-08-13 11:49:37,250 | [92mINFO[0m: [92mSpawnProcess-1:80 search 30s: actual_dur=30.0007s, count=4806, qps in this process: 160.1963[0m (mp_runner.py:161) (194692)
2026-08-13 11:49:37,250 | [92mINFO[0m: [92mSpawnProcess-1:91 search 30s: actual_dur=30.0023s, count=4706, qps in this process: 156.8546[0m (mp_runner.py:161) (194703)
2026-08-13 11:49:37,252 | [92mINFO[0m: [92mSpawnProcess-1:77 search 30s: actual_dur=30.0026s, count=4809, qps in this process: 160.2861[0m (mp_runner.py:161) (194689)
2026-08-13 11:49:37,252 | [92mINFO[0m: [92mSpawnProcess-1:86 search 30s: actual_dur=30.0005s, count=4792, qps in this process: 159.7307[0m (mp_runner.py:161) (194698)
2026-08-13 11:49:37,254 | [92mINFO[0m: [92mSpawnProcess-1:85 search 30s: actual_dur=30.0026s, count=4829, qps in this process: 160.9527[0m (mp_runner.py:161) (194697)
2026-08-13 11:49:37,254 | [92mINFO[0m: [92mSpawnProcess-1:97 search 30s: actual_dur=30.0039s, count=4806, qps in this process: 160.1792[0m (mp_runner.py:161) (194709)
2026-08-13 11:49:37,255 | [92mINFO[0m: [92mSpawnProcess-1:103 search 30s: actual_dur=30.0049s, count=4783, qps in this process: 159.4073[0m (mp_runner.py:161) (194715)
2026-08-13 11:49:37,255 | [92mINFO[0m: [92mSpawnProcess-1:101 search 30s: actual_dur=30.0023s, count=4840, qps in this process: 161.321[0m (mp_runner.py:161) (194713)
2026-08-13 11:49:37,257 | [92mINFO[0m: [92mSpawnProcess-1:82 search 30s: actual_dur=30.0011s, count=4843, qps in this process: 161.4274[0m (mp_runner.py:161) (194694)
2026-08-13 11:49:37,257 | [92mINFO[0m: [92mSpawnProcess-1:83 search 30s: actual_dur=30.0018s, count=4823, qps in this process: 160.757[0m (mp_runner.py:161) (194695)
2026-08-13 11:49:37,257 | [92mINFO[0m: [92mSpawnProcess-1:109 search 30s: actual_dur=30.0057s, count=4703, qps in this process: 156.7369[0m (mp_runner.py:161) (194721)
2026-08-13 11:49:37,257 | [92mINFO[0m: [92mSpawnProcess-1:93 search 30s: actual_dur=30.0029s, count=4793, qps in this process: 159.7512[0m (mp_runner.py:161) (194705)
2026-08-13 11:49:37,258 | [92mINFO[0m: [92mSpawnProcess-1:100 search 30s: actual_dur=30.0051s, count=4884, qps in this process: 162.7723[0m (mp_runner.py:161) (194712)
2026-08-13 11:49:37,258 | [92mINFO[0m: [92mSpawnProcess-1:94 search 30s: actual_dur=30.0033s, count=4799, qps in this process: 159.9491[0m (mp_runner.py:161) (194706)
2026-08-13 11:49:37,258 | [92mINFO[0m: [92mSpawnProcess-1:75 search 30s: actual_dur=30.0038s, count=4914, qps in this process: 163.7793[0m (mp_runner.py:161) (194687)
2026-08-13 11:49:37,259 | [92mINFO[0m: [92mSpawnProcess-1:107 search 30s: actual_dur=30.0039s, count=4713, qps in this process: 157.0796[0m (mp_runner.py:161) (194719)
2026-08-13 11:49:37,261 | [92mINFO[0m: [92mSpawnProcess-1:73 search 30s: actual_dur=30.0013s, count=4773, qps in this process: 159.0931[0m (mp_runner.py:161) (194683)
2026-08-13 11:49:37,261 | [92mINFO[0m: [92mSpawnProcess-1:105 search 30s: actual_dur=30.0044s, count=4742, qps in this process: 158.0435[0m (mp_runner.py:161) (194717)
2026-08-13 11:49:37,261 | [92mINFO[0m: [92mSpawnProcess-1:98 search 30s: actual_dur=30.0029s, count=4806, qps in this process: 160.1845[0m (mp_runner.py:161) (194710)
2026-08-13 11:49:37,262 | [92mINFO[0m: [92mSpawnProcess-1:104 search 30s: actual_dur=30.0067s, count=4895, qps in this process: 163.1302[0m (mp_runner.py:161) (194716)
2026-08-13 11:49:37,262 | [92mINFO[0m: [92mSpawnProcess-1:76 search 30s: actual_dur=30.0053s, count=4757, qps in this process: 158.5387[0m (mp_runner.py:161) (194688)
2026-08-13 11:49:37,263 | [92mINFO[0m: [92mSpawnProcess-1:81 search 30s: actual_dur=30.0019s, count=4729, qps in this process: 157.6234[0m (mp_runner.py:161) (194693)
2026-08-13 11:49:37,264 | [92mINFO[0m: [92mSpawnProcess-1:99 search 30s: actual_dur=30.0017s, count=4799, qps in this process: 159.9576[0m (mp_runner.py:161) (194711)
2026-08-13 11:49:37,265 | [92mINFO[0m: [92mSpawnProcess-1:95 search 30s: actual_dur=30.0019s, count=4797, qps in this process: 159.8899[0m (mp_runner.py:161) (194707)
2026-08-13 11:49:37,265 | [92mINFO[0m: [92mSpawnProcess-1:108 search 30s: actual_dur=30.0004s, count=4817, qps in this process: 160.5645[0m (mp_runner.py:161) (194720)
2026-08-13 11:49:37,266 | [92mINFO[0m: [92mSpawnProcess-1:84 search 30s: actual_dur=30.0023s, count=4926, qps in this process: 164.1874[0m (mp_runner.py:161) (194696)
2026-08-13 11:49:37,266 | [92mINFO[0m: [92mSpawnProcess-1:96 search 30s: actual_dur=30.0008s, count=4852, qps in this process: 161.729[0m (mp_runner.py:161) (194708)
2026-08-13 11:49:37,268 | [92mINFO[0m: [92mSpawnProcess-1:112 search 30s: actual_dur=30.0013s, count=4890, qps in this process: 162.9929[0m (mp_runner.py:161) (194724)
2026-08-13 11:49:37,272 | [92mINFO[0m: [92mSpawnProcess-1:74 search 30s: actual_dur=30.0029s, count=4838, qps in this process: 161.2511[0m (mp_runner.py:161) (194686)
2026-08-13 11:49:37,275 | [92mINFO[0m: [92mSpawnProcess-1:88 search 30s: actual_dur=30.0005s, count=4881, qps in this process: 162.6973[0m (mp_runner.py:161) (194700)
2026-08-13 11:49:37,276 | [92mINFO[0m: [92mSpawnProcess-1:110 search 30s: actual_dur=30.0029s, count=4757, qps in this process: 158.5513[0m (mp_runner.py:161) (194722)
2026-08-13 11:49:37,276 | [92mINFO[0m: [92mSpawnProcess-1:106 search 30s: actual_dur=30.0026s, count=4848, qps in this process: 161.586[0m (mp_runner.py:161) (194718)
2026-08-13 11:49:37,277 | [92mINFO[0m: [92mSpawnProcess-1:89 search 30s: actual_dur=30.0005s, count=4766, qps in this process: 158.864[0m (mp_runner.py:161) (194701)
2026-08-13 11:49:37,278 | [92mINFO[0m: [92mSpawnProcess-1:92 search 30s: actual_dur=30.0003s, count=4734, qps in this process: 157.7984[0m (mp_runner.py:161) (194704)
2026-08-13 11:49:37,279 | [92mINFO[0m: [92mSpawnProcess-1:79 search 30s: actual_dur=30.0008s, count=4726, qps in this process: 157.5291[0m (mp_runner.py:161) (194691)
2026-08-13 11:49:37,280 | [92mINFO[0m: [92mSpawnProcess-1:78 search 30s: actual_dur=30.0014s, count=4767, qps in this process: 158.8926[0m (mp_runner.py:161) (194690)
2026-08-13 11:49:37,280 | [92mINFO[0m: [92mSpawnProcess-1:90 search 30s: actual_dur=30.0007s, count=4819, qps in this process: 160.6296[0m (mp_runner.py:161) (194702)
2026-08-13 11:49:37,283 | [92mINFO[0m: [92mSpawnProcess-1:102 search 30s: actual_dur=30.0019s, count=4783, qps in this process: 159.4232[0m (mp_runner.py:161) (194714)
2026-08-13 11:49:37,284 | [92mINFO[0m: [92mSpawnProcess-1:87 search 30s: actual_dur=30.0013s, count=4827, qps in this process: 160.893[0m (mp_runner.py:161) (194699)
2026-08-13 11:49:37,330 | [92mINFO[0m: [92mEnd search in concurrency 40: dur=30.08289279699966s, total_count=192179, qps=6388.3152[0m (mp_runner.py:212) (188593)
2026-08-13 11:49:38,867 | [92mINFO[0m: [92mUpdate largest qps with concurrency 40: current max_qps=6388.3152[0m (mp_runner.py:216) (188593)
2026-08-13 11:49:39,807 | [92mINFO[0m: [92mStart search 30s in concurrency 60, filters: type=<FilterOp.NonFilter: 'NonFilter'> filter_rate=0.0 gt_file_name='neighbors.parquet'[0m (mp_runner.py:189) (188593)
2026-08-13 11:49:50,615 | [92mINFO[0m: [92mSyncing all process and start concurrency search, concurrency=60[0m (mp_runner.py:196) (188593)
2026-08-13 11:50:20,617 | [92mINFO[0m: [92mSpawnProcess-1:128 search 30s: actual_dur=30.0011s, count=3454, qps in this process: 115.1291[0m (mp_runner.py:161) (196352)
2026-08-13 11:50:20,618 | [92mINFO[0m: [92mSpawnProcess-1:160 search 30s: actual_dur=30.0002s, count=3446, qps in this process: 114.8659[0m (mp_runner.py:161) (196384)
2026-08-13 11:50:20,622 | [92mINFO[0m: [92mSpawnProcess-1:171 search 30s: actual_dur=30.0056s, count=3459, qps in this process: 115.2785[0m (mp_runner.py:161) (196395)
2026-08-13 11:50:20,623 | [92mINFO[0m: [92mSpawnProcess-1:118 search 30s: actual_dur=30.0032s, count=3376, qps in this process: 112.5213[0m (mp_runner.py:161) (196342)
2026-08-13 11:50:20,623 | [92mINFO[0m: [92mSpawnProcess-1:165 search 30s: actual_dur=30.0028s, count=3437, qps in this process: 114.556[0m (mp_runner.py:161) (196389)
2026-08-13 11:50:20,625 | [92mINFO[0m: [92mSpawnProcess-1:148 search 30s: actual_dur=30.0083s, count=3457, qps in this process: 115.2015[0m (mp_runner.py:161) (196372)
2026-08-13 11:50:20,625 | [92mINFO[0m: [92mSpawnProcess-1:143 search 30s: actual_dur=30.0046s, count=3443, qps in this process: 114.7491[0m (mp_runner.py:161) (196367)
2026-08-13 11:50:20,626 | [92mINFO[0m: [92mSpawnProcess-1:146 search 30s: actual_dur=30.004s, count=3443, qps in this process: 114.7514[0m (mp_runner.py:161) (196370)
2026-08-13 11:50:20,626 | [92mINFO[0m: [92mSpawnProcess-1:144 search 30s: actual_dur=30.0083s, count=3414, qps in this process: 113.7685[0m (mp_runner.py:161) (196368)
2026-08-13 11:50:20,626 | [92mINFO[0m: [92mSpawnProcess-1:155 search 30s: actual_dur=30.0066s, count=3421, qps in this process: 114.0083[0m (mp_runner.py:161) (196379)
2026-08-13 11:50:20,626 | [92mINFO[0m: [92mSpawnProcess-1:172 search 30s: actual_dur=30.0055s, count=3432, qps in this process: 114.379[0m (mp_runner.py:161) (196396)
2026-08-13 11:50:20,627 | [92mINFO[0m: [92mSpawnProcess-1:138 search 30s: actual_dur=30.0025s, count=3486, qps in this process: 116.1903[0m (mp_runner.py:161) (196362)
2026-08-13 11:50:20,629 | [92mINFO[0m: [92mSpawnProcess-1:168 search 30s: actual_dur=30.0123s, count=3457, qps in this process: 115.1861[0m (mp_runner.py:161) (196392)
2026-08-13 11:50:20,630 | [92mINFO[0m: [92mSpawnProcess-1:149 search 30s: actual_dur=30.0071s, count=3499, qps in this process: 116.6057[0m (mp_runner.py:161) (196373)
2026-08-13 11:50:20,630 | [92mINFO[0m: [92mSpawnProcess-1:120 search 30s: actual_dur=30.0017s, count=3377, qps in this process: 112.5603[0m (mp_runner.py:161) (196344)
2026-08-13 11:50:20,630 | [92mINFO[0m: [92mSpawnProcess-1:115 search 30s: actual_dur=30.0037s, count=3415, qps in this process: 113.8193[0m (mp_runner.py:161) (196339)
2026-08-13 11:50:20,632 | [92mINFO[0m: [92mSpawnProcess-1:135 search 30s: actual_dur=30.0093s, count=3445, qps in this process: 114.7977[0m (mp_runner.py:161) (196359)
2026-08-13 11:50:20,633 | [92mINFO[0m: [92mSpawnProcess-1:167 search 30s: actual_dur=30.0069s, count=3432, qps in this process: 114.3737[0m (mp_runner.py:161) (196391)
2026-08-13 11:50:20,633 | [92mINFO[0m: [92mSpawnProcess-1:141 search 30s: actual_dur=30.0069s, count=3478, qps in this process: 115.9067[0m (mp_runner.py:161) (196365)
2026-08-13 11:50:20,634 | [92mINFO[0m: [92mSpawnProcess-1:169 search 30s: actual_dur=30.0124s, count=3385, qps in this process: 112.7867[0m (mp_runner.py:161) (196393)
2026-08-13 11:50:20,634 | [92mINFO[0m: [92mSpawnProcess-1:142 search 30s: actual_dur=30.0099s, count=3468, qps in this process: 115.5619[0m (mp_runner.py:161) (196366)
2026-08-13 11:50:20,634 | [92mINFO[0m: [92mSpawnProcess-1:164 search 30s: actual_dur=30.0025s, count=3462, qps in this process: 115.3904[0m (mp_runner.py:161) (196388)
2026-08-13 11:50:20,634 | [92mINFO[0m: [92mSpawnProcess-1:139 search 30s: actual_dur=30.0025s, count=3427, qps in this process: 114.2238[0m (mp_runner.py:161) (196363)
2026-08-13 11:50:20,635 | [92mINFO[0m: [92mSpawnProcess-1:129 search 30s: actual_dur=30.0162s, count=3393, qps in this process: 113.039[0m (mp_runner.py:161) (196353)
2026-08-13 11:50:20,636 | [92mINFO[0m: [92mSpawnProcess-1:137 search 30s: actual_dur=30.001s, count=3402, qps in this process: 113.3962[0m (mp_runner.py:161) (196361)
2026-08-13 11:50:20,636 | [92mINFO[0m: [92mSpawnProcess-1:151 search 30s: actual_dur=30.0047s, count=3413, qps in this process: 113.7488[0m (mp_runner.py:161) (196375)
2026-08-13 11:50:20,637 | [92mINFO[0m: [92mSpawnProcess-1:161 search 30s: actual_dur=30.0024s, count=3407, qps in this process: 113.5576[0m (mp_runner.py:161) (196385)
2026-08-13 11:50:20,637 | [92mINFO[0m: [92mSpawnProcess-1:131 search 30s: actual_dur=30.0059s, count=3408, qps in this process: 113.5777[0m (mp_runner.py:161) (196355)
2026-08-13 11:50:20,637 | [92mINFO[0m: [92mSpawnProcess-1:152 search 30s: actual_dur=30.0006s, count=3445, qps in this process: 114.831[0m (mp_runner.py:161) (196376)
2026-08-13 11:50:20,637 | [92mINFO[0m: [92mSpawnProcess-1:116 search 30s: actual_dur=30.0028s, count=3426, qps in this process: 114.1893[0m (mp_runner.py:161) (196340)
2026-08-13 11:50:20,640 | [92mINFO[0m: [92mSpawnProcess-1:127 search 30s: actual_dur=30.002s, count=3439, qps in this process: 114.6257[0m (mp_runner.py:161) (196351)
2026-08-13 11:50:20,643 | [92mINFO[0m: [92mSpawnProcess-1:121 search 30s: actual_dur=30.0049s, count=3422, qps in this process: 114.048[0m (mp_runner.py:161) (196345)
2026-08-13 11:50:20,644 | [92mINFO[0m: [92mSpawnProcess-1:119 search 30s: actual_dur=30.0017s, count=3385, qps in this process: 112.8269[0m (mp_runner.py:161) (196343)
2026-08-13 11:50:20,644 | [92mINFO[0m: [92mSpawnProcess-1:134 search 30s: actual_dur=30.0006s, count=3428, qps in this process: 114.2644[0m (mp_runner.py:161) (196358)
2026-08-13 11:50:20,645 | [92mINFO[0m: [92mSpawnProcess-1:125 search 30s: actual_dur=30.0052s, count=3495, qps in this process: 116.4798[0m (mp_runner.py:161) (196349)
2026-08-13 11:50:20,647 | [92mINFO[0m: [92mSpawnProcess-1:170 search 30s: actual_dur=30.0066s, count=3401, qps in this process: 113.3417[0m (mp_runner.py:161) (196394)
2026-08-13 11:50:20,648 | [92mINFO[0m: [92mSpawnProcess-1:166 search 30s: actual_dur=30.0001s, count=3451, qps in this process: 115.0329[0m (mp_runner.py:161) (196390)
2026-08-13 11:50:20,650 | [92mINFO[0m: [92mSpawnProcess-1:140 search 30s: actual_dur=30.0044s, count=3419, qps in this process: 113.95[0m (mp_runner.py:161) (196364)
2026-08-13 11:50:20,652 | [92mINFO[0m: [92mSpawnProcess-1:133 search 30s: actual_dur=30.0018s, count=3439, qps in this process: 114.6265[0m (mp_runner.py:161) (196357)
2026-08-13 11:50:20,653 | [92mINFO[0m: [92mSpawnProcess-1:157 search 30s: actual_dur=30.0017s, count=3436, qps in this process: 114.5268[0m (mp_runner.py:161) (196381)
2026-08-13 11:50:20,653 | [92mINFO[0m: [92mSpawnProcess-1:158 search 30s: actual_dur=30.0026s, count=3449, qps in this process: 114.9567[0m (mp_runner.py:161) (196382)
2026-08-13 11:50:20,654 | [92mINFO[0m: [92mSpawnProcess-1:132 search 30s: actual_dur=30.0s, count=3451, qps in this process: 115.0333[0m (mp_runner.py:161) (196356)
2026-08-13 11:50:20,654 | [92mINFO[0m: [92mSpawnProcess-1:130 search 30s: actual_dur=30.0031s, count=3445, qps in this process: 114.8215[0m (mp_runner.py:161) (196354)
2026-08-13 11:50:20,654 | [92mINFO[0m: [92mSpawnProcess-1:124 search 30s: actual_dur=30.0015s, count=3447, qps in this process: 114.8943[0m (mp_runner.py:161) (196348)
2026-08-13 11:50:20,654 | [92mINFO[0m: [92mSpawnProcess-1:122 search 30s: actual_dur=30.0034s, count=3438, qps in this process: 114.587[0m (mp_runner.py:161) (196346)
2026-08-13 11:50:20,655 | [92mINFO[0m: [92mSpawnProcess-1:159 search 30s: actual_dur=30.0051s, count=3376, qps in this process: 112.5142[0m (mp_runner.py:161) (196383)
2026-08-13 11:50:20,656 | [92mINFO[0m: [92mSpawnProcess-1:126 search 30s: actual_dur=30.0025s, count=3452, qps in this process: 115.0571[0m (mp_runner.py:161) (196350)
2026-08-13 11:50:20,657 | [92mINFO[0m: [92mSpawnProcess-1:123 search 30s: actual_dur=30.0037s, count=3455, qps in this process: 115.1525[0m (mp_runner.py:161) (196347)
2026-08-13 11:50:20,659 | [92mINFO[0m: [92mSpawnProcess-1:156 search 30s: actual_dur=30.0091s, count=3404, qps in this process: 113.4323[0m (mp_runner.py:161) (196380)
2026-08-13 11:50:20,660 | [92mINFO[0m: [92mSpawnProcess-1:145 search 30s: actual_dur=30.0012s, count=3467, qps in this process: 115.562[0m (mp_runner.py:161) (196369)
2026-08-13 11:50:20,662 | [92mINFO[0m: [92mSpawnProcess-1:150 search 30s: actual_dur=30.0006s, count=3443, qps in this process: 114.7644[0m (mp_runner.py:161) (196374)
2026-08-13 11:50:20,663 | [92mINFO[0m: [92mSpawnProcess-1:162 search 30s: actual_dur=30.002s, count=3442, qps in this process: 114.7257[0m (mp_runner.py:161) (196386)
2026-08-13 11:50:20,664 | [92mINFO[0m: [92mSpawnProcess-1:114 search 30s: actual_dur=30.0038s, count=3382, qps in this process: 112.7191[0m (mp_runner.py:161) (196336)
2026-08-13 11:50:20,664 | [92mINFO[0m: [92mSpawnProcess-1:147 search 30s: actual_dur=30.0011s, count=3427, qps in this process: 114.2291[0m (mp_runner.py:161) (196371)
2026-08-13 11:50:20,668 | [92mINFO[0m: [92mSpawnProcess-1:154 search 30s: actual_dur=30.0012s, count=3444, qps in this process: 114.7954[0m (mp_runner.py:161) (196378)
2026-08-13 11:50:20,668 | [92mINFO[0m: [92mSpawnProcess-1:136 search 30s: actual_dur=30.0001s, count=3421, qps in this process: 114.033[0m (mp_runner.py:161) (196360)
2026-08-13 11:50:20,669 | [92mINFO[0m: [92mSpawnProcess-1:117 search 30s: actual_dur=30.0008s, count=3435, qps in this process: 114.4969[0m (mp_runner.py:161) (196341)
2026-08-13 11:50:20,671 | [92mINFO[0m: [92mSpawnProcess-1:173 search 30s: actual_dur=30.0009s, count=3482, qps in this process: 116.0632[0m (mp_runner.py:161) (196397)
2026-08-13 11:50:20,671 | [92mINFO[0m: [92mSpawnProcess-1:163 search 30s: actual_dur=30.0002s, count=3458, qps in this process: 115.2659[0m (mp_runner.py:161) (196387)
2026-08-13 11:50:20,672 | [92mINFO[0m: [92mSpawnProcess-1:153 search 30s: actual_dur=30.0016s, count=3494, qps in this process: 116.4605[0m (mp_runner.py:161) (196377)
2026-08-13 11:50:20,724 | [92mINFO[0m: [92mEnd search in concurrency 60: dur=30.10862374199951s, total_count=206134, qps=6846.3441[0m (mp_runner.py:212) (188593)
2026-08-13 11:50:22,935 | [92mINFO[0m: [92mUpdate largest qps with concurrency 60: current max_qps=6846.3441[0m (mp_runner.py:216) (188593)
2026-08-13 11:50:23,885 | [92mINFO[0m: [92mStart search 30s in concurrency 80, filters: type=<FilterOp.NonFilter: 'NonFilter'> filter_rate=0.0 gt_file_name='neighbors.parquet'[0m (mp_runner.py:189) (188593)
2026-08-13 11:50:35,082 | [92mINFO[0m: [92mSyncing all process and start concurrency search, concurrency=80[0m (mp_runner.py:196) (188593)
2026-08-13 11:51:05,087 | [92mINFO[0m: [92mSpawnProcess-1:252 search 30s: actual_dur=30.0024s, count=2730, qps in this process: 90.9927[0m (mp_runner.py:161) (198672)
2026-08-13 11:51:05,088 | [92mINFO[0m: [92mSpawnProcess-1:177 search 30s: actual_dur=30.0036s, count=2624, qps in this process: 87.4562[0m (mp_runner.py:161) (198552)
2026-08-13 11:51:05,089 | [92mINFO[0m: [92mSpawnProcess-1:188 search 30s: actual_dur=30.0007s, count=2719, qps in this process: 90.6312[0m (mp_runner.py:161) (198563)
2026-08-13 11:51:05,092 | [92mINFO[0m: [92mSpawnProcess-1:217 search 30s: actual_dur=30.0001s, count=2618, qps in this process: 87.2664[0m (mp_runner.py:161) (198592)
2026-08-13 11:51:05,092 | [92mINFO[0m: [92mSpawnProcess-1:189 search 30s: actual_dur=30.0041s, count=2614, qps in this process: 87.1214[0m (mp_runner.py:161) (198564)
2026-08-13 11:51:05,092 | [92mINFO[0m: [92mSpawnProcess-1:216 search 30s: actual_dur=30.0062s, count=2643, qps in this process: 88.0818[0m (mp_runner.py:161) (198591)
2026-08-13 11:51:05,094 | [92mINFO[0m: [92mSpawnProcess-1:230 search 30s: actual_dur=30.0038s, count=2617, qps in this process: 87.2223[0m (mp_runner.py:161) (198605)
2026-08-13 11:51:05,094 | [92mINFO[0m: [92mSpawnProcess-1:200 search 30s: actual_dur=30.0049s, count=2706, qps in this process: 90.1853[0m (mp_runner.py:161) (198575)
2026-08-13 11:51:05,095 | [92mINFO[0m: [92mSpawnProcess-1:186 search 30s: actual_dur=30.0003s, count=2653, qps in this process: 88.4324[0m (mp_runner.py:161) (198561)
2026-08-13 11:51:05,096 | [92mINFO[0m: [92mSpawnProcess-1:187 search 30s: actual_dur=30.0037s, count=2618, qps in this process: 87.2559[0m (mp_runner.py:161) (198562)
2026-08-13 11:51:05,097 | [92mINFO[0m: [92mSpawnProcess-1:185 search 30s: actual_dur=30.0058s, count=2560, qps in this process: 85.3168[0m (mp_runner.py:161) (198560)
2026-08-13 11:51:05,099 | [92mINFO[0m: [92mSpawnProcess-1:178 search 30s: actual_dur=30.0134s, count=2642, qps in this process: 88.0273[0m (mp_runner.py:161) (198553)
2026-08-13 11:51:05,100 | [92mINFO[0m: [92mSpawnProcess-1:175 search 30s: actual_dur=30.004s, count=2630, qps in this process: 87.655[0m (mp_runner.py:161) (198548)
2026-08-13 11:51:05,100 | [92mINFO[0m: [92mSpawnProcess-1:176 search 30s: actual_dur=30.0047s, count=2690, qps in this process: 89.6526[0m (mp_runner.py:161) (198551)
2026-08-13 11:51:05,101 | [92mINFO[0m: [92mSpawnProcess-1:212 search 30s: actual_dur=30.0001s, count=2715, qps in this process: 90.4997[0m (mp_runner.py:161) (198587)
2026-08-13 11:51:05,102 | [92mINFO[0m: [92mSpawnProcess-1:191 search 30s: actual_dur=30.0159s, count=2650, qps in this process: 88.2865[0m (mp_runner.py:161) (198566)
2026-08-13 11:51:05,102 | [92mINFO[0m: [92mSpawnProcess-1:238 search 30s: actual_dur=30.0049s, count=2619, qps in this process: 87.2857[0m (mp_runner.py:161) (198613)
2026-08-13 11:51:05,102 | [92mINFO[0m: [92mSpawnProcess-1:233 search 30s: actual_dur=30.0048s, count=2641, qps in this process: 88.0193[0m (mp_runner.py:161) (198608)
2026-08-13 11:51:05,102 | [92mINFO[0m: [92mSpawnProcess-1:221 search 30s: actual_dur=30.0065s, count=2663, qps in this process: 88.7474[0m (mp_runner.py:161) (198596)
2026-08-13 11:51:05,103 | [92mINFO[0m: [92mSpawnProcess-1:192 search 30s: actual_dur=30.0116s, count=2661, qps in this process: 88.6657[0m (mp_runner.py:161) (198567)
2026-08-13 11:51:05,103 | [92mINFO[0m: [92mSpawnProcess-1:199 search 30s: actual_dur=30.0038s, count=2648, qps in this process: 88.2555[0m (mp_runner.py:161) (198574)
2026-08-13 11:51:05,103 | [92mINFO[0m: [92mSpawnProcess-1:184 search 30s: actual_dur=30.0029s, count=2671, qps in this process: 89.0247[0m (mp_runner.py:161) (198559)
2026-08-13 11:51:05,103 | [92mINFO[0m: [92mSpawnProcess-1:232 search 30s: actual_dur=30.0105s, count=2642, qps in this process: 88.0359[0m (mp_runner.py:161) (198607)
2026-08-13 11:51:05,104 | [92mINFO[0m: [92mSpawnProcess-1:181 search 30s: actual_dur=30.0087s, count=2668, qps in this process: 88.9076[0m (mp_runner.py:161) (198556)
2026-08-13 11:51:05,105 | [92mINFO[0m: [92mSpawnProcess-1:226 search 30s: actual_dur=30.0014s, count=2649, qps in this process: 88.2959[0m (mp_runner.py:161) (198601)
2026-08-13 11:51:05,108 | [92mINFO[0m: [92mSpawnProcess-1:193 search 30s: actual_dur=30.0017s, count=2649, qps in this process: 88.295[0m (mp_runner.py:161) (198568)
2026-08-13 11:51:05,108 | [92mINFO[0m: [92mSpawnProcess-1:205 search 30s: actual_dur=30.0035s, count=2666, qps in this process: 88.8563[0m (mp_runner.py:161) (198580)
2026-08-13 11:51:05,109 | [92mINFO[0m: [92mSpawnProcess-1:195 search 30s: actual_dur=30.0071s, count=2627, qps in this process: 87.5459[0m (mp_runner.py:161) (198570)
2026-08-13 11:51:05,109 | [92mINFO[0m: [92mSpawnProcess-1:224 search 30s: actual_dur=30.0001s, count=2638, qps in this process: 87.933[0m (mp_runner.py:161) (198599)
2026-08-13 11:51:05,109 | [92mINFO[0m: [92mSpawnProcess-1:242 search 30s: actual_dur=30.0007s, count=2643, qps in this process: 88.0979[0m (mp_runner.py:161) (198617)
2026-08-13 11:51:05,111 | [92mINFO[0m: [92mSpawnProcess-1:190 search 30s: actual_dur=30.0044s, count=2608, qps in this process: 86.9206[0m (mp_runner.py:161) (198565)
2026-08-13 11:51:05,111 | [92mINFO[0m: [92mSpawnProcess-1:182 search 30s: actual_dur=30.0032s, count=2672, qps in this process: 89.0572[0m (mp_runner.py:161) (198557)
2026-08-13 11:51:05,112 | [92mINFO[0m: [92mSpawnProcess-1:244 search 30s: actual_dur=30.003s, count=2667, qps in this process: 88.8911[0m (mp_runner.py:161) (198634)
2026-08-13 11:51:05,113 | [92mINFO[0m: [92mSpawnProcess-1:202 search 30s: actual_dur=30.0071s, count=2636, qps in this process: 87.8459[0m (mp_runner.py:161) (198577)
2026-08-13 11:51:05,113 | [92mINFO[0m: [92mSpawnProcess-1:214 search 30s: actual_dur=30.005s, count=2696, qps in this process: 89.8517[0m (mp_runner.py:161) (198589)
2026-08-13 11:51:05,116 | [92mINFO[0m: [92mSpawnProcess-1:219 search 30s: actual_dur=30.0009s, count=2673, qps in this process: 89.0973[0m (mp_runner.py:161) (198594)
2026-08-13 11:51:05,118 | [92mINFO[0m: [92mSpawnProcess-1:237 search 30s: actual_dur=30.0058s, count=2656, qps in this process: 88.5162[0m (mp_runner.py:161) (198612)
2026-08-13 11:51:05,118 | [92mINFO[0m: [92mSpawnProcess-1:198 search 30s: actual_dur=30.0079s, count=2616, qps in this process: 87.177[0m (mp_runner.py:161) (198573)
2026-08-13 11:51:05,119 | [92mINFO[0m: [92mSpawnProcess-1:203 search 30s: actual_dur=30.0055s, count=2605, qps in this process: 86.8174[0m (mp_runner.py:161) (198578)
2026-08-13 11:51:05,119 | [92mINFO[0m: [92mSpawnProcess-1:211 search 30s: actual_dur=30.0008s, count=2655, qps in this process: 88.4976[0m (mp_runner.py:161) (198586)
2026-08-13 11:51:05,120 | [92mINFO[0m: [92mSpawnProcess-1:179 search 30s: actual_dur=30.0017s, count=2619, qps in this process: 87.2951[0m (mp_runner.py:161) (198554)
2026-08-13 11:51:05,120 | [92mINFO[0m: [92mSpawnProcess-1:207 search 30s: actual_dur=30.0004s, count=2612, qps in this process: 87.0655[0m (mp_runner.py:161) (198582)
2026-08-13 11:51:05,122 | [92mINFO[0m: [92mSpawnProcess-1:228 search 30s: actual_dur=30.0057s, count=2712, qps in this process: 90.3828[0m (mp_runner.py:161) (198603)
2026-08-13 11:51:05,124 | [92mINFO[0m: [92mSpawnProcess-1:183 search 30s: actual_dur=30.004s, count=2631, qps in this process: 87.6883[0m (mp_runner.py:161) (198558)
2026-08-13 11:51:05,127 | [92mINFO[0m: [92mSpawnProcess-1:208 search 30s: actual_dur=30.001s, count=2665, qps in this process: 88.8304[0m (mp_runner.py:161) (198583)
2026-08-13 11:51:05,127 | [92mINFO[0m: [92mSpawnProcess-1:180 search 30s: actual_dur=30.004s, count=2608, qps in this process: 86.9217[0m (mp_runner.py:161) (198555)
2026-08-13 11:51:05,129 | [92mINFO[0m: [92mSpawnProcess-1:220 search 30s: actual_dur=30.0043s, count=2601, qps in this process: 86.6876[0m (mp_runner.py:161) (198595)
2026-08-13 11:51:05,131 | [92mINFO[0m: [92mSpawnProcess-1:209 search 30s: actual_dur=30.0s, count=2692, qps in this process: 89.7333[0m (mp_runner.py:161) (198584)
2026-08-13 11:51:05,132 | [92mINFO[0m: [92mSpawnProcess-1:201 search 30s: actual_dur=30.0021s, count=2638, qps in this process: 87.9272[0m (mp_runner.py:161) (198576)
2026-08-13 11:51:05,134 | [92mINFO[0m: [92mSpawnProcess-1:204 search 30s: actual_dur=30.0022s, count=2663, qps in this process: 88.7602[0m (mp_runner.py:161) (198579)
2026-08-13 11:51:05,134 | [92mINFO[0m: [92mSpawnProcess-1:210 search 30s: actual_dur=30.0024s, count=2704, qps in this process: 90.1261[0m (mp_runner.py:161) (198585)
2026-08-13 11:51:05,135 | [92mINFO[0m: [92mSpawnProcess-1:206 search 30s: actual_dur=30.0002s, count=2599, qps in this process: 86.6328[0m (mp_runner.py:161) (198581)
2026-08-13 11:51:05,135 | [92mINFO[0m: [92mSpawnProcess-1:227 search 30s: actual_dur=30.0021s, count=2685, qps in this process: 89.4937[0m (mp_runner.py:161) (198602)
2026-08-13 11:51:05,137 | [92mINFO[0m: [92mSpawnProcess-1:215 search 30s: actual_dur=30.0009s, count=2658, qps in this process: 88.5973[0m (mp_runner.py:161) (198590)
2026-08-13 11:51:05,138 | [92mINFO[0m: [92mSpawnProcess-1:194 search 30s: actual_dur=30.0s, count=2649, qps in this process: 88.3[0m (mp_runner.py:161) (198569)
2026-08-13 11:51:05,139 | [92mINFO[0m: [92mSpawnProcess-1:254 search 30s: actual_dur=30.0002s, count=2604, qps in this process: 86.7994[0m (mp_runner.py:161) (198689)
2026-08-13 11:51:05,139 | [92mINFO[0m: [92mSpawnProcess-1:225 search 30s: actual_dur=30.0017s, count=2650, qps in this process: 88.3283[0m (mp_runner.py:161) (198600)
2026-08-13 11:51:05,142 | [92mINFO[0m: [92mSpawnProcess-1:222 search 30s: actual_dur=30.0029s, count=2594, qps in this process: 86.4583[0m (mp_runner.py:161) (198597)
2026-08-13 11:51:05,142 | [92mINFO[0m: [92mSpawnProcess-1:197 search 30s: actual_dur=30.0001s, count=2672, qps in this process: 89.0664[0m (mp_runner.py:161) (198572)
2026-08-13 11:51:05,143 | [92mINFO[0m: [92mSpawnProcess-1:245 search 30s: actual_dur=30.0041s, count=2627, qps in this process: 87.5547[0m (mp_runner.py:161) (198635)
2026-08-13 11:51:05,143 | [92mINFO[0m: [92mSpawnProcess-1:231 search 30s: actual_dur=30.0017s, count=2701, qps in this process: 90.0282[0m (mp_runner.py:161) (198606)
2026-08-13 11:51:05,146 | [92mINFO[0m: [92mSpawnProcess-1:248 search 30s: actual_dur=30.0074s, count=2662, qps in this process: 88.7115[0m (mp_runner.py:161) (198638)
2026-08-13 11:51:05,146 | [92mINFO[0m: [92mSpawnProcess-1:250 search 30s: actual_dur=30.0092s, count=2699, qps in this process: 89.9391[0m (mp_runner.py:161) (198655)
2026-08-13 11:51:05,146 | [92mINFO[0m: [92mSpawnProcess-1:247 search 30s: actual_dur=30.0053s, count=2644, qps in this process: 88.1178[0m (mp_runner.py:161) (198637)
2026-08-13 11:51:05,146 | [92mINFO[0m: [92mSpawnProcess-1:218 search 30s: actual_dur=30.0024s, count=2677, qps in this process: 89.2262[0m (mp_runner.py:161) (198593)
2026-08-13 11:51:05,148 | [92mINFO[0m: [92mSpawnProcess-1:239 search 30s: actual_dur=30.0016s, count=2640, qps in this process: 87.9953[0m (mp_runner.py:161) (198614)
2026-08-13 11:51:05,149 | [92mINFO[0m: [92mSpawnProcess-1:223 search 30s: actual_dur=30.0002s, count=2634, qps in this process: 87.7994[0m (mp_runner.py:161) (198598)
2026-08-13 11:51:05,149 | [92mINFO[0m: [92mSpawnProcess-1:213 search 30s: actual_dur=30.0002s, count=2673, qps in this process: 89.0994[0m (mp_runner.py:161) (198588)
2026-08-13 11:51:05,152 | [92mINFO[0m: [92mSpawnProcess-1:235 search 30s: actual_dur=30.0s, count=2619, qps in this process: 87.3[0m (mp_runner.py:161) (198610)
2026-08-13 11:51:05,156 | [92mINFO[0m: [92mSpawnProcess-1:229 search 30s: actual_dur=30.0018s, count=2716, qps in this process: 90.5279[0m (mp_runner.py:161) (198604)
2026-08-13 11:51:05,157 | [92mINFO[0m: [92mSpawnProcess-1:251 search 30s: actual_dur=30.0013s, count=2661, qps in this process: 88.6962[0m (mp_runner.py:161) (198656)
2026-08-13 11:51:05,161 | [92mINFO[0m: [92mSpawnProcess-1:236 search 30s: actual_dur=30.0011s, count=2665, qps in this process: 88.8301[0m (mp_runner.py:161) (198611)
2026-08-13 11:51:05,168 | [92mINFO[0m: [92mSpawnProcess-1:234 search 30s: actual_dur=30.0024s, count=2604, qps in this process: 86.7931[0m (mp_runner.py:161) (198609)
2026-08-13 11:51:05,168 | [92mINFO[0m: [92mSpawnProcess-1:253 search 30s: actual_dur=30.0023s, count=2647, qps in this process: 88.2266[0m (mp_runner.py:161) (198673)
2026-08-13 11:51:05,176 | [92mINFO[0m: [92mSpawnProcess-1:243 search 30s: actual_dur=30.0003s, count=2652, qps in this process: 88.3991[0m (mp_runner.py:161) (198618)
2026-08-13 11:51:05,177 | [92mINFO[0m: [92mSpawnProcess-1:246 search 30s: actual_dur=30.0005s, count=2685, qps in this process: 89.4985[0m (mp_runner.py:161) (198636)
2026-08-13 11:51:05,188 | [92mINFO[0m: [92mSpawnProcess-1:249 search 30s: actual_dur=30.0018s, count=2595, qps in this process: 86.4948[0m (mp_runner.py:161) (198639)
2026-08-13 11:51:05,190 | [92mINFO[0m: [92mSpawnProcess-1:241 search 30s: actual_dur=30.0022s, count=2626, qps in this process: 87.5269[0m (mp_runner.py:161) (198616)
2026-08-13 11:51:05,193 | [92mINFO[0m: [92mSpawnProcess-1:240 search 30s: actual_dur=30.0007s, count=2701, qps in this process: 90.0312[0m (mp_runner.py:161) (198615)
2026-08-13 11:51:05,195 | [92mINFO[0m: [92mSpawnProcess-1:196 search 30s: actual_dur=30.0013s, count=2665, qps in this process: 88.8295[0m (mp_runner.py:161) (198571)
2026-08-13 11:51:05,261 | [92mINFO[0m: [92mEnd search in concurrency 80: dur=30.177330728000015s, total_count=212047, qps=7026.6983[0m (mp_runner.py:212) (188593)
2026-08-13 11:51:08,204 | [92mINFO[0m: [92mUpdate largest qps with concurrency 80: current max_qps=7026.6983[0m (mp_runner.py:216) (188593)
2026-08-13 11:51:08,207 | [92mINFO[0m: [92mSpawnProcess-1 start serial search[0m (serial_runner.py:296) (188593)
2026-08-13 11:51:09,302 | [92mINFO[0m: [92mSpawnProcess-1:255 start search the entire test_data to get recall and latency[0m (serial_runner.py:209) (201171)
2026-08-13 11:51:19,538 | [92mINFO[0m: [92mSpawnProcess-1:255 search entire test_data: cost=10.0204s, queries=6980, avg_recall=0.845, avg_ndcg=0.7344, avg_mrr=0.703, avg_latency=0.0014, p99=0.0022, p95=0.0019[0m (serial_runner.py:264) (201171)
2026-08-13 11:51:19,839 | [92mINFO[0m: [92mPerformance case got result: Metric(max_load_count=0, insert_duration=28.1765, optimize_duration=30.9235, load_duration=59.1, qps=7026.6983, serial_latency_p99=np.float64(0.0022), serial_latency_p95=np.float64(0.0019), recall=np.float64(0.845), ndcg=np.float64(0.7344), mrr=np.float64(0.703), conc_num_list=[1, 5, 10, 20, 30, 40, 60, 80], conc_qps_list=[703.5027, 2796.3865, 4356.4401, 5591.695, 5927.8687, 6388.3152, 6846.3441, 7026.6983], conc_latency_p99_list=[np.float64(0.0022227934103011644), np.float64(0.0030196312596945073), np.float64(0.004057965900210547), np.float64(0.007285282000339066), np.float64(0.010086804450074859), np.float64(0.012874340900489188), np.float64(0.019642446959596768), np.float64(0.026576502999741947)], conc_latency_p95_list=[np.float64(0.0018937287501103125), np.float64(0.002518669200298973), np.float64(0.003346272500039049), np.float64(0.005759557750025124), np.float64(0.008078083249893092), np.float64(0.010197665900068388), np.float64(0.015068265700438123), np.float64(0.019925842499924327)], conc_latency_avg_list=[np.float64(0.00141932814150108), np.float64(0.001784856645477044), np.float64(0.0022911162576243946), np.float64(0.003569061182551217), np.float64(0.005046313073472141), np.float64(0.00624068596379071), np.float64(0.008728963549449449), np.float64(0.011314937516281197)], payload_profile='ids_only', payload_estimated_bytes_per_query=200, inserted_count=100000, insert_rows_per_second=0.0, insert_completion_seconds=0.0, searchable_after_insert_seconds=0.0, indexed_after_searchable_seconds=0.0, additional_parameters={'num_per_batch': 100, 'load_concurrency': 0}, st_ideal_insert_duration=0, st_search_stage_list=[], st_search_time_list=[], st_max_qps_list_list=[], st_recall_list=[], st_ndcg_list=[], st_serial_latency_p99_list=[], st_serial_latency_p95_list=[], st_conc_failed_rate_list=[], st_conc_num_list_list=[], st_conc_qps_list_list=[], st_conc_latency_p99_list_list=[], st_conc_latency_p95_list_list=[], st_conc_latency_avg_list_list=[])[0m (task_runner.py:383) (188593)
2026-08-13 11:51:19,840 | [92mINFO[0m: [92m[1/1] finish case: {'label': <CaseLabel.FullTextSearchPerformance: 6>, 'name': 'FTS BM25 Performance - MS MARCO Small (100K documents)', 'dataset': {'data': {'name': 'MS MARCO', 'size': 100000, 'metric_type': <MetricType.BM25: 'BM25'>}}, 'db': 'OSSOpenSearch'}, result=Metric(max_load_count=0, insert_duration=28.1765, optimize_duration=30.9235, load_duration=59.1, qps=7026.6983, serial_latency_p99=np.float64(0.0022), serial_latency_p95=np.float64(0.0019), recall=np.float64(0.845), ndcg=np.float64(0.7344), mrr=np.float64(0.703), conc_num_list=[1, 5, 10, 20, 30, 40, 60, 80], conc_qps_list=[703.5027, 2796.3865, 4356.4401, 5591.695, 5927.8687, 6388.3152, 6846.3441, 7026.6983], conc_latency_p99_list=[np.float64(0.0022227934103011644), np.float64(0.0030196312596945073), np.float64(0.004057965900210547), np.float64(0.007285282000339066), np.float64(0.010086804450074859), np.float64(0.012874340900489188), np.float64(0.019642446959596768), np.float64(0.026576502999741947)], conc_latency_p95_list=[np.float64(0.0018937287501103125), np.float64(0.002518669200298973), np.float64(0.003346272500039049), np.float64(0.005759557750025124), np.float64(0.008078083249893092), np.float64(0.010197665900068388), np.float64(0.015068265700438123), np.float64(0.019925842499924327)], conc_latency_avg_list=[np.float64(0.00141932814150108), np.float64(0.001784856645477044), np.float64(0.0022911162576243946), np.float64(0.003569061182551217), np.float64(0.005046313073472141), np.float64(0.00624068596379071), np.float64(0.008728963549449449), np.float64(0.011314937516281197)], payload_profile='ids_only', payload_estimated_bytes_per_query=200, inserted_count=100000, insert_rows_per_second=0.0, insert_completion_seconds=0.0, searchable_after_insert_seconds=0.0, indexed_after_searchable_seconds=0.0, additional_parameters={'num_per_batch': 100, 'load_concurrency': 0}, st_ideal_insert_duration=0, st_search_stage_list=[], st_search_time_list=[], st_max_qps_list_list=[], st_recall_list=[], st_ndcg_list=[], st_serial_latency_p99_list=[], st_serial_latency_p95_list=[], st_conc_failed_rate_list=[], st_conc_num_list_list=[], st_conc_qps_list_list=[], st_conc_latency_p99_list_list=[], st_conc_latency_p95_list_list=[], st_conc_latency_avg_list_list=[]), label=ResultLabel.NORMAL[0m (interface.py:187) (188593)
2026-08-13 11:51:19,840 | INFO |Task summary: run_id=b6dc9, task_label=b6dc97b136874e20a8314a4811df976d (models.py:569)
2026-08-13 11:51:19,840 | INFO |DB            | db_label case                                                   label                            | load_dur    qps          latency(p99)    latency(p95)    recall        max_load_count | label (models.py:569)
2026-08-13 11:51:19,840 | INFO |------------- | -------- ------------------------------------------------------ -------------------------------- | ----------- ------------ --------------- --------------- ------------- -------------- | ----- (models.py:569)
2026-08-13 11:51:19,840 | INFO |OSSOpenSearch |          FTS BM25 Performance - MS MARCO Small (100K documents) b6dc97b136874e20a8314a4811df976d | 59.1        7026.6983    0.0022          0.0019          0.845         0              | :)    (models.py:569)
2026-08-13 11:51:19,841 | [92mINFO[0m: [92mwrite results to disk /root/b047/venv/lib/python3.11/site-packages/vectordb_bench/results/OSSOpenSearch/result_20260813_b6dc97b136874e20a8314a4811df976d_ossopensearch.json[0m (models.py:400) (188593)
2026-08-13 11:51:19,841 | [92mINFO[0m: [92mSuccess to finish task: label=b6dc97b136874e20a8314a4811df976d, run_id=b6dc97b136874e20a8314a4811df976d[0m (interface.py:224) (188593)
