2026-08-13 11:18:53,071 | [92mINFO[0m: [92mTask:
TaskConfig(db=<DB.OSSOpenSearch: 'OSSOpenSearch'>, db_config=OSSOpenSearchConfig(db_label='', version='', note='', index_name='vdb_bench_index', host='127.0.0.1', port=9201, user=None, password=SecretStr('')), db_case_config=OSSOpenSearchFtsConfig(number_of_shards=1, number_of_replicas=0, refresh_interval='60s', force_merge_enabled=True, metric_type=<MetricType.BM25: 'BM25'>, bm25_k1=None, bm25_b=None), case_config=CaseConfig(case_id=<CaseType.FTSBm25Performance: 503>, custom_case={'dataset_with_size_type': 'MS MARCO Small (100K documents)', 'payload_profile': 'ids_only'}, k=10, concurrency_search_config=ConcurrencySearchConfig(num_concurrency=[1, 5, 10, 20, 30, 40, 60, 80], concurrency_duration=30, concurrency_timeout=3600, serial_cooldown=0.0)), stages=['drop_old', 'load', 'search_serial', 'search_concurrent'], load_concurrency=0)
[0m (cli.py:973) (145267)
2026-08-13 11:18:53,071 | [92mINFO[0m: [92mgenerated uuid for the tasks: 2521ea5404024e5f935c9cecabdf7931[0m (interface.py:77) (145267)
2026-08-13 11:18:53,200 | INFO | DB             | CaseType     Dataset               Filter | task_label (task_runner.py:757)
2026-08-13 11:18:53,200 | INFO | -----------    | ------------ -------------------- ------- | -------    (task_runner.py:757)
2026-08-13 11:18:53,200 | INFO | OSSOpenSearch  | FullTextSearchPerformance MS MARCO-SMALL-100K      0.0 | 2521ea5404024e5f935c9cecabdf7931 (task_runner.py:757)
2026-08-13 11:18:53,200 | [92mINFO[0m: [92mtask submitted: id=2521ea5404024e5f935c9cecabdf7931, 2521ea5404024e5f935c9cecabdf7931, case number: 1[0m (interface.py:253) (145267)
2026-08-13 11:18:54,113 | [92mINFO[0m: [92m[1/1] start case: {'label': <CaseLabel.FullTextSearchPerformance: 6>, 'name': 'FTS BM25 Performance - MS MARCO Small (100K documents)', 'dataset': {'data': {'name': 'MS MARCO', 'size': 100000, 'metric_type': <MetricType.BM25: 'BM25'>}}, 'db': 'OSSOpenSearch'}, drop_old=True[0m (interface.py:185) (145308)
2026-08-13 11:18:54,114 | [92mINFO[0m: [92mStarting run[0m (task_runner.py:268) (145308)
2026-08-13 11:18:54,114 | [92mINFO[0m: [92mPreparing FTS dataset: MS MARCO FTS (SMALL)[0m (dataset.py:1009) (145308)
2026-08-13 11:18:54,114 | [92mINFO[0m: [92mDownloading FTS dataset 'msmarco-passage/dev/small' using ir_datasets[0m (data_source.py:192) (145308)
2026-08-13 11:18:54,114 | [92mINFO[0m: [92mSuccessfully loaded dataset: msmarco-passage/dev/small[0m (data_source.py:199) (145308)
2026-08-13 11:18:54,114 | [92mINFO[0m: [92mSuccessfully loaded ir_datasets dataset: msmarco-passage/dev/small[0m (dataset.py:1022) (145308)
2026-08-13 11:18:54,127 | [92mINFO[0m: [92mLoaded 6980 queries into memory[0m (dataset.py:1027) (145308)
2026-08-13 11:19:18,976 | [92mINFO[0m: [92mLoaded semantic qrels for 6980 queries; recall uses 6980 queries; selected 100000 corpus docs including 7433 qrel docs[0m (dataset.py:1055) (145308)
2026-08-13 11:19:18,976 | [92mINFO[0m: [92mFTS dataset preparation completed: MS MARCO FTS (SMALL)[0m (dataset.py:1080) (145308)
2026-08-13 11:19:19,112 | [92mINFO[0m: [92mOSS_OpenSearch client config: {'hosts': [{'host': '127.0.0.1', 'port': 9201}], 'http_auth': (), 'use_ssl': False, 'http_compress': True, 'verify_certs': False, 'ssl_assert_hostname': False, 'ssl_show_warn': False, 'timeout': 600}[0m (oss_opensearch.py:233) (145308)
2026-08-13 11:19:19,112 | [92mINFO[0m: [92mOSS_OpenSearch db case config: number_of_shards=1 number_of_replicas=0 refresh_interval='60s' force_merge_enabled=True metric_type=<MetricType.BM25: 'BM25'> bm25_k1=None bm25_b=None[0m (oss_opensearch.py:234) (145308)
2026-08-13 11:19:19,112 | [92mINFO[0m: [92mOSS_OpenSearch client drop old index: vdb_bench_index[0m (oss_opensearch.py:241) (145308)
2026-08-13 11:19:19,160 | [92mINFO[0m: [92mCreating FTS index with settings: {'index': {'number_of_shards': 1, 'number_of_replicas': 0, 'refresh_interval': '60s'}}[0m (oss_opensearch.py:340) (145308)
2026-08-13 11:19:19,160 | [92mINFO[0m: [92mCreating FTS index with mappings: {'properties': {'doc_id': {'type': 'keyword'}, 'filter_id': {'type': 'long'}, 'text': {'type': 'text'}}}[0m (oss_opensearch.py:341) (145308)
2026-08-13 11:19:19,231 | [92mINFO[0m: [92mStart performance case[0m (task_runner.py:317) (145308)
2026-08-13 11:19:19,232 | [92mINFO[0m: [92m(SpawnProcess-1  ) Start concurrent insert, batch_size=100, max_workers=4, workload=full_text[0m (concurrent_runner.py:266) (145308)
2026-08-13 11:19:47,497 | [92mINFO[0m: [92m(SpawnProcess-1  ) Finish concurrent insert, count=100000, dur=28.26s[0m (concurrent_runner.py:287) (145308)
2026-08-13 11:19:47,497 | [92mINFO[0m: [92mStarting the Refresh Index..[0m (oss_opensearch.py:837) (145308)
2026-08-13 11:19:48,763 | [92mINFO[0m: [92mStarting FTS force merge for index vdb_bench_index[0m (oss_opensearch.py:849) (145308)
2026-08-13 11:20:18,769 | [92mINFO[0m: [92mCompleted FTS force merge for index vdb_bench_index[0m (oss_opensearch.py:857) (145308)
2026-08-13 11:20:18,769 | [92mINFO[0m: [92mStarting the Refresh Index..[0m (oss_opensearch.py:837) (145308)
2026-08-13 11:20:18,780 | [92mINFO[0m: [92mCurrent Number of replicas are 0 and changing the replicas to 0[0m (oss_opensearch.py:806) (145308)
2026-08-13 11:20:18,782 | [92mINFO[0m: [92mSuccessfully updated number of replicas to 0[0m (oss_opensearch.py:80) (145308)
2026-08-13 11:20:18,782 | [92mINFO[0m: [92mWait for index to become green..[0m (oss_opensearch.py:816) (145308)
2026-08-13 11:20:18,783 | [92mINFO[0m: [92mIndex vdb_bench_index is green..[0m (oss_opensearch.py:831) (145308)
2026-08-13 11:20:18,783 | [92mINFO[0m: [92mStarting the Refresh Index..[0m (oss_opensearch.py:837) (145308)
2026-08-13 11:20:18,784 | [92mINFO[0m: [92mFinish loading the entire dataset into VectorDB, insert_duration=28.265875647999565, optimize_duration=31.28711825099981 load_duration(insert + optimize) = 59.553[0m (task_runner.py:342) (145308)
2026-08-13 11:20:18,785 | [92mINFO[0m: [92mFTS concurrent test will use 6980 queries for testing[0m (task_runner.py:645) (145308)
2026-08-13 11:20:18,785 | [92mINFO[0m: [92mFTS serial recall will use 6980 queries[0m (task_runner.py:667) (145308)
2026-08-13 11:20:19,706 | [92mINFO[0m: [92mStart search 30s in concurrency 1, filters: type=<FilterOp.NonFilter: 'NonFilter'> filter_rate=0.0 gt_file_name='neighbors.parquet'[0m (mp_runner.py:189) (145308)
2026-08-13 11:20:21,709 | [92mINFO[0m: [92mSyncing all process and start concurrency search, concurrency=1[0m (mp_runner.py:196) (145308)
2026-08-13 11:20:51,711 | [92mINFO[0m: [92mSpawnProcess-1:2 search 30s: actual_dur=30.0005s, count=17074, qps in this process: 569.1238[0m (mp_runner.py:161) (146723)
2026-08-13 11:20:51,715 | [92mINFO[0m: [92mEnd search in concurrency 1: dur=30.00487901699944s, total_count=17074, qps=569.0408[0m (mp_runner.py:212) (145308)
2026-08-13 11:20:52,187 | [92mINFO[0m: [92mUpdate largest qps with concurrency 1: current max_qps=569.0408[0m (mp_runner.py:216) (145308)
2026-08-13 11:20:53,123 | [92mINFO[0m: [92mStart search 30s in concurrency 5, filters: type=<FilterOp.NonFilter: 'NonFilter'> filter_rate=0.0 gt_file_name='neighbors.parquet'[0m (mp_runner.py:189) (145308)
2026-08-13 11:20:58,128 | [92mINFO[0m: [92mSyncing all process and start concurrency search, concurrency=5[0m (mp_runner.py:196) (145308)
2026-08-13 11:21:28,129 | [92mINFO[0m: [92mSpawnProcess-1:8 search 30s: actual_dur=30.0s, count=14005, qps in this process: 466.8333[0m (mp_runner.py:161) (147282)
2026-08-13 11:21:28,129 | [92mINFO[0m: [92mSpawnProcess-1:4 search 30s: actual_dur=30.0006s, count=13966, qps in this process: 465.524[0m (mp_runner.py:161) (147276)
2026-08-13 11:21:28,130 | [92mINFO[0m: [92mSpawnProcess-1:6 search 30s: actual_dur=30.0009s, count=14024, qps in this process: 467.4526[0m (mp_runner.py:161) (147280)
2026-08-13 11:21:28,131 | [92mINFO[0m: [92mSpawnProcess-1:5 search 30s: actual_dur=30.0013s, count=13972, qps in this process: 465.7132[0m (mp_runner.py:161) (147279)
2026-08-13 11:21:28,131 | [92mINFO[0m: [92mSpawnProcess-1:7 search 30s: actual_dur=30.0017s, count=14011, qps in this process: 467.0069[0m (mp_runner.py:161) (147281)
2026-08-13 11:21:28,143 | [92mINFO[0m: [92mEnd search in concurrency 5: dur=30.01459251900087s, total_count=69978, qps=2331.4659[0m (mp_runner.py:212) (145308)
2026-08-13 11:21:28,733 | [92mINFO[0m: [92mUpdate largest qps with concurrency 5: current max_qps=2331.4659[0m (mp_runner.py:216) (145308)
2026-08-13 11:21:29,699 | [92mINFO[0m: [92mStart search 30s in concurrency 10, filters: type=<FilterOp.NonFilter: 'NonFilter'> filter_rate=0.0 gt_file_name='neighbors.parquet'[0m (mp_runner.py:189) (145308)
2026-08-13 11:21:39,707 | [92mINFO[0m: [92mSyncing all process and start concurrency search, concurrency=10[0m (mp_runner.py:196) (145308)
2026-08-13 11:22:09,709 | [92mINFO[0m: [92mSpawnProcess-1:19 search 30s: actual_dur=30.0005s, count=10824, qps in this process: 360.794[0m (mp_runner.py:161) (148081)
2026-08-13 11:22:09,709 | [92mINFO[0m: [92mSpawnProcess-1:18 search 30s: actual_dur=30.0s, count=10852, qps in this process: 361.7333[0m (mp_runner.py:161) (148080)
2026-08-13 11:22:09,709 | [92mINFO[0m: [92mSpawnProcess-1:15 search 30s: actual_dur=30.0001s, count=10819, qps in this process: 360.6321[0m (mp_runner.py:161) (148077)
2026-08-13 11:22:09,710 | [92mINFO[0m: [92mSpawnProcess-1:14 search 30s: actual_dur=30.0007s, count=10889, qps in this process: 362.9582[0m (mp_runner.py:161) (148076)
2026-08-13 11:22:09,710 | [92mINFO[0m: [92mSpawnProcess-1:13 search 30s: actual_dur=30.0016s, count=10868, qps in this process: 362.2473[0m (mp_runner.py:161) (148075)
2026-08-13 11:22:09,710 | [92mINFO[0m: [92mSpawnProcess-1:12 search 30s: actual_dur=30.0006s, count=10836, qps in this process: 361.1928[0m (mp_runner.py:161) (148074)
2026-08-13 11:22:09,711 | [92mINFO[0m: [92mSpawnProcess-1:11 search 30s: actual_dur=30.0004s, count=10860, qps in this process: 361.9952[0m (mp_runner.py:161) (148073)
2026-08-13 11:22:09,712 | [92mINFO[0m: [92mSpawnProcess-1:16 search 30s: actual_dur=30.0023s, count=10903, qps in this process: 363.4055[0m (mp_runner.py:161) (148078)
2026-08-13 11:22:09,712 | [92mINFO[0m: [92mSpawnProcess-1:17 search 30s: actual_dur=30.002s, count=10847, qps in this process: 361.5426[0m (mp_runner.py:161) (148079)
2026-08-13 11:22:09,713 | [92mINFO[0m: [92mSpawnProcess-1:10 search 30s: actual_dur=30.0031s, count=10933, qps in this process: 364.3957[0m (mp_runner.py:161) (148070)
2026-08-13 11:22:09,730 | [92mINFO[0m: [92mEnd search in concurrency 10: dur=30.022896172999936s, total_count=108631, qps=3618.2718[0m (mp_runner.py:212) (145308)
2026-08-13 11:22:10,396 | [92mINFO[0m: [92mUpdate largest qps with concurrency 10: current max_qps=3618.2718[0m (mp_runner.py:216) (145308)
2026-08-13 11:22:11,331 | [92mINFO[0m: [92mStart search 30s in concurrency 20, filters: type=<FilterOp.NonFilter: 'NonFilter'> filter_rate=0.0 gt_file_name='neighbors.parquet'[0m (mp_runner.py:189) (145308)
2026-08-13 11:22:21,478 | [92mINFO[0m: [92mSyncing all process and start concurrency search, concurrency=20[0m (mp_runner.py:196) (145308)
2026-08-13 11:22:51,480 | [92mINFO[0m: [92mSpawnProcess-1:30 search 30s: actual_dur=30.0004s, count=7137, qps in this process: 237.8968[0m (mp_runner.py:161) (148980)
2026-08-13 11:22:51,481 | [92mINFO[0m: [92mSpawnProcess-1:21 search 30s: actual_dur=30.0014s, count=7211, qps in this process: 240.3555[0m (mp_runner.py:161) (148969)
2026-08-13 11:22:51,481 | [92mINFO[0m: [92mSpawnProcess-1:29 search 30s: actual_dur=30.0007s, count=7287, qps in this process: 242.8943[0m (mp_runner.py:161) (148979)
2026-08-13 11:22:51,482 | [92mINFO[0m: [92mSpawnProcess-1:28 search 30s: actual_dur=30.0009s, count=7303, qps in this process: 243.426[0m (mp_runner.py:161) (148978)
2026-08-13 11:22:51,482 | [92mINFO[0m: [92mSpawnProcess-1:22 search 30s: actual_dur=30.0023s, count=7231, qps in this process: 241.0149[0m (mp_runner.py:161) (148972)
2026-08-13 11:22:51,483 | [92mINFO[0m: [92mSpawnProcess-1:32 search 30s: actual_dur=30.0018s, count=7298, qps in this process: 243.2521[0m (mp_runner.py:161) (148982)
2026-08-13 11:22:51,483 | [92mINFO[0m: [92mSpawnProcess-1:33 search 30s: actual_dur=30.0024s, count=7265, qps in this process: 242.1473[0m (mp_runner.py:161) (148983)
2026-08-13 11:22:51,484 | [92mINFO[0m: [92mSpawnProcess-1:27 search 30s: actual_dur=30.0006s, count=7249, qps in this process: 241.6285[0m (mp_runner.py:161) (148977)
2026-08-13 11:22:51,484 | [92mINFO[0m: [92mSpawnProcess-1:38 search 30s: actual_dur=30.0008s, count=7282, qps in this process: 242.7269[0m (mp_runner.py:161) (148988)
2026-08-13 11:22:51,484 | [92mINFO[0m: [92mSpawnProcess-1:23 search 30s: actual_dur=30.001s, count=7307, qps in this process: 243.5585[0m (mp_runner.py:161) (148973)
2026-08-13 11:22:51,485 | [92mINFO[0m: [92mSpawnProcess-1:24 search 30s: actual_dur=30.003s, count=7229, qps in this process: 240.9426[0m (mp_runner.py:161) (148974)
2026-08-13 11:22:51,486 | [92mINFO[0m: [92mSpawnProcess-1:26 search 30s: actual_dur=30.0038s, count=7281, qps in this process: 242.6693[0m (mp_runner.py:161) (148976)
2026-08-13 11:22:51,486 | [92mINFO[0m: [92mSpawnProcess-1:37 search 30s: actual_dur=30.0032s, count=7304, qps in this process: 243.4407[0m (mp_runner.py:161) (148987)
2026-08-13 11:22:51,487 | [92mINFO[0m: [92mSpawnProcess-1:35 search 30s: actual_dur=30.0049s, count=7258, qps in this process: 241.8938[0m (mp_runner.py:161) (148985)
2026-08-13 11:22:51,487 | [92mINFO[0m: [92mSpawnProcess-1:39 search 30s: actual_dur=30.0008s, count=7239, qps in this process: 241.2936[0m (mp_runner.py:161) (148989)
2026-08-13 11:22:51,488 | [92mINFO[0m: [92mSpawnProcess-1:34 search 30s: actual_dur=30.0061s, count=7267, qps in this process: 242.1841[0m (mp_runner.py:161) (148984)
2026-08-13 11:22:51,488 | [92mINFO[0m: [92mSpawnProcess-1:31 search 30s: actual_dur=30.0045s, count=7227, qps in this process: 240.8639[0m (mp_runner.py:161) (148981)
2026-08-13 11:22:51,489 | [92mINFO[0m: [92mSpawnProcess-1:36 search 30s: actual_dur=30.0056s, count=7343, qps in this process: 244.721[0m (mp_runner.py:161) (148986)
2026-08-13 11:22:51,490 | [92mINFO[0m: [92mSpawnProcess-1:25 search 30s: actual_dur=30.006s, count=7198, qps in this process: 239.8854[0m (mp_runner.py:161) (148975)
2026-08-13 11:22:51,490 | [92mINFO[0m: [92mSpawnProcess-1:40 search 30s: actual_dur=30.0046s, count=7268, qps in this process: 242.2295[0m (mp_runner.py:161) (148990)
2026-08-13 11:22:51,519 | [92mINFO[0m: [92mEnd search in concurrency 20: dur=30.039972509999643s, total_count=145184, qps=4833.0271[0m (mp_runner.py:212) (145308)
2026-08-13 11:22:52,464 | [92mINFO[0m: [92mUpdate largest qps with concurrency 20: current max_qps=4833.0271[0m (mp_runner.py:216) (145308)
2026-08-13 11:22:53,408 | [92mINFO[0m: [92mStart search 30s in concurrency 30, filters: type=<FilterOp.NonFilter: 'NonFilter'> filter_rate=0.0 gt_file_name='neighbors.parquet'[0m (mp_runner.py:189) (145308)
2026-08-13 11:23:03,609 | [92mINFO[0m: [92mSyncing all process and start concurrency search, concurrency=30[0m (mp_runner.py:196) (145308)
2026-08-13 11:23:33,612 | [92mINFO[0m: [92mSpawnProcess-1:64 search 30s: actual_dur=30.0004s, count=5218, qps in this process: 173.931[0m (mp_runner.py:161) (150121)
2026-08-13 11:23:33,612 | [92mINFO[0m: [92mSpawnProcess-1:62 search 30s: actual_dur=30.0015s, count=5193, qps in this process: 173.0913[0m (mp_runner.py:161) (150119)
2026-08-13 11:23:33,613 | [92mINFO[0m: [92mSpawnProcess-1:71 search 30s: actual_dur=30.0032s, count=5171, qps in this process: 172.3483[0m (mp_runner.py:161) (150128)
2026-08-13 11:23:33,614 | [92mINFO[0m: [92mSpawnProcess-1:43 search 30s: actual_dur=30.0014s, count=5214, qps in this process: 173.7919[0m (mp_runner.py:161) (150100)
2026-08-13 11:23:33,614 | [92mINFO[0m: [92mSpawnProcess-1:51 search 30s: actual_dur=30.001s, count=5205, qps in this process: 173.4942[0m (mp_runner.py:161) (150108)
2026-08-13 11:23:33,614 | [92mINFO[0m: [92mSpawnProcess-1:46 search 30s: actual_dur=30.0025s, count=5229, qps in this process: 174.2855[0m (mp_runner.py:161) (150103)
2026-08-13 11:23:33,614 | [92mINFO[0m: [92mSpawnProcess-1:53 search 30s: actual_dur=30.0008s, count=5185, qps in this process: 172.8287[0m (mp_runner.py:161) (150110)
2026-08-13 11:23:33,615 | [92mINFO[0m: [92mSpawnProcess-1:69 search 30s: actual_dur=30.0021s, count=5218, qps in this process: 173.9212[0m (mp_runner.py:161) (150126)
2026-08-13 11:23:33,616 | [92mINFO[0m: [92mSpawnProcess-1:60 search 30s: actual_dur=30.004s, count=5252, qps in this process: 175.0433[0m (mp_runner.py:161) (150117)
2026-08-13 11:23:33,617 | [92mINFO[0m: [92mSpawnProcess-1:54 search 30s: actual_dur=30.0073s, count=5203, qps in this process: 173.3911[0m (mp_runner.py:161) (150111)
2026-08-13 11:23:33,617 | [92mINFO[0m: [92mSpawnProcess-1:55 search 30s: actual_dur=30.007s, count=5153, qps in this process: 171.7266[0m (mp_runner.py:161) (150112)
2026-08-13 11:23:33,618 | [92mINFO[0m: [92mSpawnProcess-1:61 search 30s: actual_dur=30.0008s, count=5198, qps in this process: 173.262[0m (mp_runner.py:161) (150118)
2026-08-13 11:23:33,618 | [92mINFO[0m: [92mSpawnProcess-1:47 search 30s: actual_dur=30.0034s, count=5208, qps in this process: 173.5803[0m (mp_runner.py:161) (150104)
2026-08-13 11:23:33,619 | [92mINFO[0m: [92mSpawnProcess-1:44 search 30s: actual_dur=30.0036s, count=5194, qps in this process: 173.1126[0m (mp_runner.py:161) (150101)
2026-08-13 11:23:33,619 | [92mINFO[0m: [92mSpawnProcess-1:59 search 30s: actual_dur=30.003s, count=5184, qps in this process: 172.7827[0m (mp_runner.py:161) (150116)
2026-08-13 11:23:33,619 | [92mINFO[0m: [92mSpawnProcess-1:58 search 30s: actual_dur=30.0011s, count=5171, qps in this process: 172.3603[0m (mp_runner.py:161) (150115)
2026-08-13 11:23:33,620 | [92mINFO[0m: [92mSpawnProcess-1:56 search 30s: actual_dur=30.0082s, count=5175, qps in this process: 172.4529[0m (mp_runner.py:161) (150113)
2026-08-13 11:23:33,621 | [92mINFO[0m: [92mSpawnProcess-1:42 search 30s: actual_dur=30.0069s, count=5183, qps in this process: 172.7269[0m (mp_runner.py:161) (150097)
2026-08-13 11:23:33,621 | [92mINFO[0m: [92mSpawnProcess-1:48 search 30s: actual_dur=30.0023s, count=5178, qps in this process: 172.5868[0m (mp_runner.py:161) (150105)
2026-08-13 11:23:33,621 | [92mINFO[0m: [92mSpawnProcess-1:57 search 30s: actual_dur=30.0024s, count=5207, qps in this process: 173.5528[0m (mp_runner.py:161) (150114)
2026-08-13 11:23:33,622 | [92mINFO[0m: [92mSpawnProcess-1:63 search 30s: actual_dur=30.0019s, count=5220, qps in this process: 173.989[0m (mp_runner.py:161) (150120)
2026-08-13 11:23:33,622 | [92mINFO[0m: [92mSpawnProcess-1:70 search 30s: actual_dur=30.0017s, count=5241, qps in this process: 174.6901[0m (mp_runner.py:161) (150127)
2026-08-13 11:23:33,623 | [92mINFO[0m: [92mSpawnProcess-1:67 search 30s: actual_dur=30.0078s, count=5247, qps in this process: 174.8545[0m (mp_runner.py:161) (150124)
2026-08-13 11:23:33,624 | [92mINFO[0m: [92mSpawnProcess-1:52 search 30s: actual_dur=30.0004s, count=5127, qps in this process: 170.8977[0m (mp_runner.py:161) (150109)
2026-08-13 11:23:33,624 | [92mINFO[0m: [92mSpawnProcess-1:50 search 30s: actual_dur=30.0028s, count=5167, qps in this process: 172.2173[0m (mp_runner.py:161) (150107)
2026-08-13 11:23:33,625 | [92mINFO[0m: [92mSpawnProcess-1:45 search 30s: actual_dur=30.0019s, count=5268, qps in this process: 175.5889[0m (mp_runner.py:161) (150102)
2026-08-13 11:23:33,625 | [92mINFO[0m: [92mSpawnProcess-1:49 search 30s: actual_dur=30.0026s, count=5227, qps in this process: 174.2182[0m (mp_runner.py:161) (150106)
2026-08-13 11:23:33,625 | [92mINFO[0m: [92mSpawnProcess-1:65 search 30s: actual_dur=30.0032s, count=5252, qps in this process: 175.048[0m (mp_runner.py:161) (150122)
2026-08-13 11:23:33,626 | [92mINFO[0m: [92mSpawnProcess-1:68 search 30s: actual_dur=30.0004s, count=5285, qps in this process: 176.1643[0m (mp_runner.py:161) (150125)
2026-08-13 11:23:33,627 | [92mINFO[0m: [92mSpawnProcess-1:66 search 30s: actual_dur=30.0012s, count=5223, qps in this process: 174.093[0m (mp_runner.py:161) (150123)
2026-08-13 11:23:33,657 | [92mINFO[0m: [92mEnd search in concurrency 30: dur=30.047421197999938s, total_count=156196, qps=5198.3163[0m (mp_runner.py:212) (145308)
2026-08-13 11:23:34,894 | [92mINFO[0m: [92mUpdate largest qps with concurrency 30: current max_qps=5198.3163[0m (mp_runner.py:216) (145308)
2026-08-13 11:23:35,836 | [92mINFO[0m: [92mStart search 30s in concurrency 40, filters: type=<FilterOp.NonFilter: 'NonFilter'> filter_rate=0.0 gt_file_name='neighbors.parquet'[0m (mp_runner.py:189) (145308)
2026-08-13 11:23:46,211 | [92mINFO[0m: [92mSyncing all process and start concurrency search, concurrency=40[0m (mp_runner.py:196) (145308)
2026-08-13 11:24:16,212 | [92mINFO[0m: [92mSpawnProcess-1:102 search 30s: actual_dur=30.0003s, count=4096, qps in this process: 136.532[0m (mp_runner.py:161) (151627)
2026-08-13 11:24:16,214 | [92mINFO[0m: [92mSpawnProcess-1:105 search 30s: actual_dur=30.0003s, count=4164, qps in this process: 138.7986[0m (mp_runner.py:161) (151630)
2026-08-13 11:24:16,215 | [92mINFO[0m: [92mSpawnProcess-1:100 search 30s: actual_dur=30.0029s, count=4142, qps in this process: 138.0533[0m (mp_runner.py:161) (151625)
2026-08-13 11:24:16,216 | [92mINFO[0m: [92mSpawnProcess-1:98 search 30s: actual_dur=30.002s, count=4083, qps in this process: 136.0909[0m (mp_runner.py:161) (151623)
2026-08-13 11:24:16,216 | [92mINFO[0m: [92mSpawnProcess-1:106 search 30s: actual_dur=30.0027s, count=4155, qps in this process: 138.4875[0m (mp_runner.py:161) (151631)
2026-08-13 11:24:16,217 | [92mINFO[0m: [92mSpawnProcess-1:81 search 30s: actual_dur=30.0011s, count=4096, qps in this process: 136.5283[0m (mp_runner.py:161) (151606)
2026-08-13 11:24:16,217 | [92mINFO[0m: [92mSpawnProcess-1:93 search 30s: actual_dur=30.0023s, count=4067, qps in this process: 135.5563[0m (mp_runner.py:161) (151618)
2026-08-13 11:24:16,217 | [92mINFO[0m: [92mSpawnProcess-1:94 search 30s: actual_dur=30.0038s, count=4130, qps in this process: 137.6492[0m (mp_runner.py:161) (151619)
2026-08-13 11:24:16,218 | [92mINFO[0m: [92mSpawnProcess-1:112 search 30s: actual_dur=30.0035s, count=4147, qps in this process: 138.2172[0m (mp_runner.py:161) (151637)
2026-08-13 11:24:16,218 | [92mINFO[0m: [92mSpawnProcess-1:88 search 30s: actual_dur=30.0043s, count=4153, qps in this process: 138.4135[0m (mp_runner.py:161) (151613)
2026-08-13 11:24:16,218 | [92mINFO[0m: [92mSpawnProcess-1:108 search 30s: actual_dur=30.0063s, count=4136, qps in this process: 137.8377[0m (mp_runner.py:161) (151633)
2026-08-13 11:24:16,219 | [92mINFO[0m: [92mSpawnProcess-1:83 search 30s: actual_dur=30.0023s, count=4097, qps in this process: 136.5562[0m (mp_runner.py:161) (151608)
2026-08-13 11:24:16,219 | [92mINFO[0m: [92mSpawnProcess-1:74 search 30s: actual_dur=30.0012s, count=4134, qps in this process: 137.7945[0m (mp_runner.py:161) (151599)
2026-08-13 11:24:16,222 | [92mINFO[0m: [92mSpawnProcess-1:73 search 30s: actual_dur=30.0082s, count=4076, qps in this process: 135.8295[0m (mp_runner.py:161) (151595)
2026-08-13 11:24:16,222 | [92mINFO[0m: [92mSpawnProcess-1:80 search 30s: actual_dur=30.0002s, count=4139, qps in this process: 137.9657[0m (mp_runner.py:161) (151605)
2026-08-13 11:24:16,222 | [92mINFO[0m: [92mSpawnProcess-1:82 search 30s: actual_dur=30.0057s, count=4124, qps in this process: 137.4406[0m (mp_runner.py:161) (151607)
2026-08-13 11:24:16,222 | [92mINFO[0m: [92mSpawnProcess-1:90 search 30s: actual_dur=30.0059s, count=4172, qps in this process: 139.0393[0m (mp_runner.py:161) (151615)
2026-08-13 11:24:16,223 | [92mINFO[0m: [92mSpawnProcess-1:85 search 30s: actual_dur=30.0035s, count=4114, qps in this process: 137.1173[0m (mp_runner.py:161) (151610)
2026-08-13 11:24:16,223 | [92mINFO[0m: [92mSpawnProcess-1:84 search 30s: actual_dur=30.0086s, count=4106, qps in this process: 136.8274[0m (mp_runner.py:161) (151609)
2026-08-13 11:24:16,224 | [92mINFO[0m: [92mSpawnProcess-1:91 search 30s: actual_dur=30.0005s, count=4123, qps in this process: 137.431[0m (mp_runner.py:161) (151616)
2026-08-13 11:24:16,224 | [92mINFO[0m: [92mSpawnProcess-1:75 search 30s: actual_dur=30.0048s, count=4021, qps in this process: 134.0119[0m (mp_runner.py:161) (151600)
2026-08-13 11:24:16,224 | [92mINFO[0m: [92mSpawnProcess-1:110 search 30s: actual_dur=30.0009s, count=4152, qps in this process: 138.3958[0m (mp_runner.py:161) (151635)
2026-08-13 11:24:16,224 | [92mINFO[0m: [92mSpawnProcess-1:97 search 30s: actual_dur=30.0034s, count=4115, qps in this process: 137.1511[0m (mp_runner.py:161) (151622)
2026-08-13 11:24:16,225 | [92mINFO[0m: [92mSpawnProcess-1:107 search 30s: actual_dur=30.0034s, count=4080, qps in this process: 135.9846[0m (mp_runner.py:161) (151632)
2026-08-13 11:24:16,226 | [92mINFO[0m: [92mSpawnProcess-1:86 search 30s: actual_dur=30.0054s, count=4135, qps in this process: 137.8085[0m (mp_runner.py:161) (151611)
2026-08-13 11:24:16,226 | [92mINFO[0m: [92mSpawnProcess-1:77 search 30s: actual_dur=30.0021s, count=4145, qps in this process: 138.157[0m (mp_runner.py:161) (151602)
2026-08-13 11:24:16,227 | [92mINFO[0m: [92mSpawnProcess-1:109 search 30s: actual_dur=30.0023s, count=4147, qps in this process: 138.2227[0m (mp_runner.py:161) (151634)
2026-08-13 11:24:16,231 | [92mINFO[0m: [92mSpawnProcess-1:96 search 30s: actual_dur=30.0028s, count=4108, qps in this process: 136.9206[0m (mp_runner.py:161) (151621)
2026-08-13 11:24:16,231 | [92mINFO[0m: [92mSpawnProcess-1:78 search 30s: actual_dur=30.0026s, count=4135, qps in this process: 137.8214[0m (mp_runner.py:161) (151603)
2026-08-13 11:24:16,232 | [92mINFO[0m: [92mSpawnProcess-1:101 search 30s: actual_dur=30.0002s, count=4131, qps in this process: 137.6991[0m (mp_runner.py:161) (151626)
2026-08-13 11:24:16,232 | [92mINFO[0m: [92mSpawnProcess-1:92 search 30s: actual_dur=30.0049s, count=4163, qps in this process: 138.744[0m (mp_runner.py:161) (151617)
2026-08-13 11:24:16,233 | [92mINFO[0m: [92mSpawnProcess-1:99 search 30s: actual_dur=30.0035s, count=4173, qps in this process: 139.0838[0m (mp_runner.py:161) (151624)
2026-08-13 11:24:16,233 | [92mINFO[0m: [92mSpawnProcess-1:79 search 30s: actual_dur=30.0056s, count=4101, qps in this process: 136.6745[0m (mp_runner.py:161) (151604)
2026-08-13 11:24:16,238 | [92mINFO[0m: [92mSpawnProcess-1:111 search 30s: actual_dur=30.0003s, count=4114, qps in this process: 137.132[0m (mp_runner.py:161) (151636)
2026-08-13 11:24:16,239 | [92mINFO[0m: [92mSpawnProcess-1:104 search 30s: actual_dur=30.0038s, count=4118, qps in this process: 137.2493[0m (mp_runner.py:161) (151629)
2026-08-13 11:24:16,243 | [92mINFO[0m: [92mSpawnProcess-1:87 search 30s: actual_dur=30.003s, count=4142, qps in this process: 138.0529[0m (mp_runner.py:161) (151612)
2026-08-13 11:24:16,246 | [92mINFO[0m: [92mSpawnProcess-1:89 search 30s: actual_dur=30.0024s, count=4109, qps in this process: 136.9557[0m (mp_runner.py:161) (151614)
2026-08-13 11:24:16,246 | [92mINFO[0m: [92mSpawnProcess-1:95 search 30s: actual_dur=30.0013s, count=4128, qps in this process: 137.594[0m (mp_runner.py:161) (151620)
2026-08-13 11:24:16,247 | [92mINFO[0m: [92mSpawnProcess-1:103 search 30s: actual_dur=30.0005s, count=4157, qps in this process: 138.5644[0m (mp_runner.py:161) (151628)
2026-08-13 11:24:16,249 | [92mINFO[0m: [92mSpawnProcess-1:76 search 30s: actual_dur=30.0s, count=4062, qps in this process: 135.4[0m (mp_runner.py:161) (151601)
2026-08-13 11:24:16,284 | [92mINFO[0m: [92mEnd search in concurrency 40: dur=30.07326820900016s, total_count=164890, qps=5482.9425[0m (mp_runner.py:212) (145308)
2026-08-13 11:24:17,907 | [92mINFO[0m: [92mUpdate largest qps with concurrency 40: current max_qps=5482.9425[0m (mp_runner.py:216) (145308)
2026-08-13 11:24:18,866 | [92mINFO[0m: [92mStart search 30s in concurrency 60, filters: type=<FilterOp.NonFilter: 'NonFilter'> filter_rate=0.0 gt_file_name='neighbors.parquet'[0m (mp_runner.py:189) (145308)
2026-08-13 11:24:29,715 | [92mINFO[0m: [92mSyncing all process and start concurrency search, concurrency=60[0m (mp_runner.py:196) (145308)
2026-08-13 11:24:59,718 | [92mINFO[0m: [92mSpawnProcess-1:167 search 30s: actual_dur=30.0014s, count=3008, qps in this process: 100.262[0m (mp_runner.py:161) (153297)
2026-08-13 11:24:59,721 | [92mINFO[0m: [92mSpawnProcess-1:133 search 30s: actual_dur=30.0043s, count=2992, qps in this process: 99.719[0m (mp_runner.py:161) (153263)
2026-08-13 11:24:59,721 | [92mINFO[0m: [92mSpawnProcess-1:152 search 30s: actual_dur=30.0008s, count=2984, qps in this process: 99.464[0m (mp_runner.py:161) (153282)
2026-08-13 11:24:59,721 | [92mINFO[0m: [92mSpawnProcess-1:134 search 30s: actual_dur=30.0005s, count=2934, qps in this process: 97.7984[0m (mp_runner.py:161) (153264)
2026-08-13 11:24:59,721 | [92mINFO[0m: [92mSpawnProcess-1:125 search 30s: actual_dur=30.002s, count=2962, qps in this process: 98.7268[0m (mp_runner.py:161) (153255)
2026-08-13 11:24:59,722 | [92mINFO[0m: [92mSpawnProcess-1:138 search 30s: actual_dur=30.0037s, count=2976, qps in this process: 99.1878[0m (mp_runner.py:161) (153268)
2026-08-13 11:24:59,723 | [92mINFO[0m: [92mSpawnProcess-1:132 search 30s: actual_dur=30.0023s, count=2957, qps in this process: 98.5591[0m (mp_runner.py:161) (153262)
2026-08-13 11:24:59,724 | [92mINFO[0m: [92mSpawnProcess-1:140 search 30s: actual_dur=30.006s, count=2965, qps in this process: 98.8136[0m (mp_runner.py:161) (153270)
2026-08-13 11:24:59,724 | [92mINFO[0m: [92mSpawnProcess-1:127 search 30s: actual_dur=30.008s, count=3002, qps in this process: 100.04[0m (mp_runner.py:161) (153257)
2026-08-13 11:24:59,726 | [92mINFO[0m: [92mSpawnProcess-1:146 search 30s: actual_dur=30.0092s, count=2973, qps in this process: 99.0696[0m (mp_runner.py:161) (153276)
2026-08-13 11:24:59,727 | [92mINFO[0m: [92mSpawnProcess-1:130 search 30s: actual_dur=30.0107s, count=2935, qps in this process: 97.7985[0m (mp_runner.py:161) (153260)
2026-08-13 11:24:59,727 | [92mINFO[0m: [92mSpawnProcess-1:162 search 30s: actual_dur=30.0021s, count=2965, qps in this process: 98.8264[0m (mp_runner.py:161) (153292)
2026-08-13 11:24:59,728 | [92mINFO[0m: [92mSpawnProcess-1:116 search 30s: actual_dur=30.0015s, count=2964, qps in this process: 98.7951[0m (mp_runner.py:161) (153246)
2026-08-13 11:24:59,728 | [92mINFO[0m: [92mSpawnProcess-1:153 search 30s: actual_dur=30.0105s, count=2958, qps in this process: 98.5655[0m (mp_runner.py:161) (153283)
2026-08-13 11:24:59,729 | [92mINFO[0m: [92mSpawnProcess-1:149 search 30s: actual_dur=30.0121s, count=2973, qps in this process: 99.06[0m (mp_runner.py:161) (153279)
2026-08-13 11:24:59,729 | [92mINFO[0m: [92mSpawnProcess-1:172 search 30s: actual_dur=30.0066s, count=3000, qps in this process: 99.978[0m (mp_runner.py:161) (153302)
2026-08-13 11:24:59,729 | [92mINFO[0m: [92mSpawnProcess-1:122 search 30s: actual_dur=30.0007s, count=2940, qps in this process: 97.9977[0m (mp_runner.py:161) (153252)
2026-08-13 11:24:59,730 | [92mINFO[0m: [92mSpawnProcess-1:148 search 30s: actual_dur=30.0049s, count=2975, qps in this process: 99.1505[0m (mp_runner.py:161) (153278)
2026-08-13 11:24:59,730 | [92mINFO[0m: [92mSpawnProcess-1:126 search 30s: actual_dur=30.0087s, count=2969, qps in this process: 98.938[0m (mp_runner.py:161) (153256)
2026-08-13 11:24:59,731 | [92mINFO[0m: [92mSpawnProcess-1:166 search 30s: actual_dur=30.0076s, count=2963, qps in this process: 98.7417[0m (mp_runner.py:161) (153296)
2026-08-13 11:24:59,732 | [92mINFO[0m: [92mSpawnProcess-1:136 search 30s: actual_dur=30.0102s, count=2928, qps in this process: 97.5668[0m (mp_runner.py:161) (153266)
2026-08-13 11:24:59,732 | [92mINFO[0m: [92mSpawnProcess-1:169 search 30s: actual_dur=30.0072s, count=2975, qps in this process: 99.1429[0m (mp_runner.py:161) (153299)
2026-08-13 11:24:59,733 | [92mINFO[0m: [92mSpawnProcess-1:165 search 30s: actual_dur=30.0059s, count=2993, qps in this process: 99.747[0m (mp_runner.py:161) (153295)
2026-08-13 11:24:59,733 | [92mINFO[0m: [92mSpawnProcess-1:173 search 30s: actual_dur=30.0011s, count=2956, qps in this process: 98.5297[0m (mp_runner.py:161) (153303)
2026-08-13 11:24:59,735 | [92mINFO[0m: [92mSpawnProcess-1:164 search 30s: actual_dur=30.004s, count=2987, qps in this process: 99.5534[0m (mp_runner.py:161) (153294)
2026-08-13 11:24:59,735 | [92mINFO[0m: [92mSpawnProcess-1:151 search 30s: actual_dur=30.0016s, count=2979, qps in this process: 99.2947[0m (mp_runner.py:161) (153281)
2026-08-13 11:24:59,736 | [92mINFO[0m: [92mSpawnProcess-1:159 search 30s: actual_dur=30.0105s, count=3025, qps in this process: 100.7981[0m (mp_runner.py:161) (153289)
2026-08-13 11:24:59,736 | [92mINFO[0m: [92mSpawnProcess-1:171 search 30s: actual_dur=30.0009s, count=2986, qps in this process: 99.5303[0m (mp_runner.py:161) (153301)
2026-08-13 11:24:59,736 | [92mINFO[0m: [92mSpawnProcess-1:144 search 30s: actual_dur=30.0078s, count=2945, qps in this process: 98.1411[0m (mp_runner.py:161) (153274)
2026-08-13 11:24:59,739 | [92mINFO[0m: [92mSpawnProcess-1:123 search 30s: actual_dur=30.0029s, count=2980, qps in this process: 99.3237[0m (mp_runner.py:161) (153253)
2026-08-13 11:24:59,739 | [92mINFO[0m: [92mSpawnProcess-1:118 search 30s: actual_dur=30.0086s, count=2949, qps in this process: 98.2718[0m (mp_runner.py:161) (153248)
2026-08-13 11:24:59,739 | [92mINFO[0m: [92mSpawnProcess-1:154 search 30s: actual_dur=30.0027s, count=2923, qps in this process: 97.4246[0m (mp_runner.py:161) (153284)
2026-08-13 11:24:59,740 | [92mINFO[0m: [92mSpawnProcess-1:157 search 30s: actual_dur=30.0132s, count=2992, qps in this process: 99.6895[0m (mp_runner.py:161) (153287)
2026-08-13 11:24:59,740 | [92mINFO[0m: [92mSpawnProcess-1:135 search 30s: actual_dur=30.0009s, count=2996, qps in this process: 99.8637[0m (mp_runner.py:161) (153265)
2026-08-13 11:24:59,741 | [92mINFO[0m: [92mSpawnProcess-1:158 search 30s: actual_dur=30.0094s, count=2915, qps in this process: 97.1362[0m (mp_runner.py:161) (153288)
2026-08-13 11:24:59,741 | [92mINFO[0m: [92mSpawnProcess-1:120 search 30s: actual_dur=30.0027s, count=2934, qps in this process: 97.7912[0m (mp_runner.py:161) (153250)
2026-08-13 11:24:59,742 | [92mINFO[0m: [92mSpawnProcess-1:156 search 30s: actual_dur=30.0036s, count=2974, qps in this process: 99.1214[0m (mp_runner.py:161) (153286)
2026-08-13 11:24:59,742 | [92mINFO[0m: [92mSpawnProcess-1:161 search 30s: actual_dur=30.0024s, count=2929, qps in this process: 97.6255[0m (mp_runner.py:161) (153291)
2026-08-13 11:24:59,745 | [92mINFO[0m: [92mSpawnProcess-1:117 search 30s: actual_dur=30.0066s, count=3004, qps in this process: 100.1113[0m (mp_runner.py:161) (153247)
2026-08-13 11:24:59,749 | [92mINFO[0m: [92mSpawnProcess-1:137 search 30s: actual_dur=30.0014s, count=3001, qps in this process: 100.0287[0m (mp_runner.py:161) (153267)
2026-08-13 11:24:59,750 | [92mINFO[0m: [92mSpawnProcess-1:155 search 30s: actual_dur=30.0068s, count=2955, qps in this process: 98.4777[0m (mp_runner.py:161) (153285)
2026-08-13 11:24:59,751 | [92mINFO[0m: [92mSpawnProcess-1:170 search 30s: actual_dur=30.0042s, count=2966, qps in this process: 98.8528[0m (mp_runner.py:161) (153300)
2026-08-13 11:24:59,751 | [92mINFO[0m: [92mSpawnProcess-1:131 search 30s: actual_dur=30.0012s, count=2986, qps in this process: 99.5294[0m (mp_runner.py:161) (153261)
2026-08-13 11:24:59,752 | [92mINFO[0m: [92mSpawnProcess-1:147 search 30s: actual_dur=30.009s, count=2982, qps in this process: 99.3702[0m (mp_runner.py:161) (153277)
2026-08-13 11:24:59,753 | [92mINFO[0m: [92mSpawnProcess-1:168 search 30s: actual_dur=30.0039s, count=2926, qps in this process: 97.5207[0m (mp_runner.py:161) (153298)
2026-08-13 11:24:59,754 | [92mINFO[0m: [92mSpawnProcess-1:141 search 30s: actual_dur=30.0021s, count=2990, qps in this process: 99.6597[0m (mp_runner.py:161) (153271)
2026-08-13 11:24:59,756 | [92mINFO[0m: [92mSpawnProcess-1:119 search 30s: actual_dur=30.0011s, count=2998, qps in this process: 99.9297[0m (mp_runner.py:161) (153249)
2026-08-13 11:24:59,756 | [92mINFO[0m: [92mSpawnProcess-1:143 search 30s: actual_dur=30.0039s, count=3011, qps in this process: 100.3536[0m (mp_runner.py:161) (153273)
2026-08-13 11:24:59,757 | [92mINFO[0m: [92mSpawnProcess-1:124 search 30s: actual_dur=30.0011s, count=2904, qps in this process: 96.7965[0m (mp_runner.py:161) (153254)
2026-08-13 11:24:59,758 | [92mINFO[0m: [92mSpawnProcess-1:114 search 30s: actual_dur=30.0019s, count=2942, qps in this process: 98.0605[0m (mp_runner.py:161) (153242)
2026-08-13 11:24:59,758 | [92mINFO[0m: [92mSpawnProcess-1:150 search 30s: actual_dur=30.0037s, count=2985, qps in this process: 99.4877[0m (mp_runner.py:161) (153280)
2026-08-13 11:24:59,762 | [92mINFO[0m: [92mSpawnProcess-1:115 search 30s: actual_dur=30.0024s, count=2995, qps in this process: 99.8253[0m (mp_runner.py:161) (153245)
2026-08-13 11:24:59,766 | [92mINFO[0m: [92mSpawnProcess-1:160 search 30s: actual_dur=30.0024s, count=2997, qps in this process: 99.892[0m (mp_runner.py:161) (153290)
2026-08-13 11:24:59,769 | [92mINFO[0m: [92mSpawnProcess-1:142 search 30s: actual_dur=30.0023s, count=3013, qps in this process: 100.4256[0m (mp_runner.py:161) (153272)
2026-08-13 11:24:59,769 | [92mINFO[0m: [92mSpawnProcess-1:139 search 30s: actual_dur=30.0037s, count=2969, qps in this process: 98.9545[0m (mp_runner.py:161) (153269)
2026-08-13 11:24:59,774 | [92mINFO[0m: [92mSpawnProcess-1:121 search 30s: actual_dur=30.0006s, count=2971, qps in this process: 99.0314[0m (mp_runner.py:161) (153251)
2026-08-13 11:24:59,774 | [92mINFO[0m: [92mSpawnProcess-1:129 search 30s: actual_dur=30.0023s, count=2992, qps in this process: 99.7257[0m (mp_runner.py:161) (153259)
2026-08-13 11:24:59,776 | [92mINFO[0m: [92mSpawnProcess-1:128 search 30s: actual_dur=30.0002s, count=2980, qps in this process: 99.3327[0m (mp_runner.py:161) (153258)
2026-08-13 11:24:59,779 | [92mINFO[0m: [92mSpawnProcess-1:145 search 30s: actual_dur=30.001s, count=2908, qps in this process: 96.9301[0m (mp_runner.py:161) (153275)
2026-08-13 11:24:59,790 | [92mINFO[0m: [92mSpawnProcess-1:163 search 30s: actual_dur=30.0021s, count=2973, qps in this process: 99.0931[0m (mp_runner.py:161) (153293)
2026-08-13 11:24:59,839 | [92mINFO[0m: [92mEnd search in concurrency 60: dur=30.123094026999752s, total_count=178209, qps=5916.0258[0m (mp_runner.py:212) (145308)
2026-08-13 11:25:02,050 | [92mINFO[0m: [92mUpdate largest qps with concurrency 60: current max_qps=5916.0258[0m (mp_runner.py:216) (145308)
2026-08-13 11:25:02,997 | [92mINFO[0m: [92mStart search 30s in concurrency 80, filters: type=<FilterOp.NonFilter: 'NonFilter'> filter_rate=0.0 gt_file_name='neighbors.parquet'[0m (mp_runner.py:189) (145308)
2026-08-13 11:25:14,206 | [92mINFO[0m: [92mSyncing all process and start concurrency search, concurrency=80[0m (mp_runner.py:196) (145308)
2026-08-13 11:25:44,211 | [92mINFO[0m: [92mSpawnProcess-1:189 search 30s: actual_dur=30.0008s, count=2264, qps in this process: 75.4647[0m (mp_runner.py:161) (155504)
2026-08-13 11:25:44,211 | [92mINFO[0m: [92mSpawnProcess-1:202 search 30s: actual_dur=30.0007s, count=2293, qps in this process: 76.4315[0m (mp_runner.py:161) (155517)
2026-08-13 11:25:44,212 | [92mINFO[0m: [92mSpawnProcess-1:215 search 30s: actual_dur=30.0017s, count=2281, qps in this process: 76.029[0m (mp_runner.py:161) (155530)
2026-08-13 11:25:44,212 | [92mINFO[0m: [92mSpawnProcess-1:190 search 30s: actual_dur=30.0009s, count=2258, qps in this process: 75.2644[0m (mp_runner.py:161) (155505)
2026-08-13 11:25:44,214 | [92mINFO[0m: [92mSpawnProcess-1:188 search 30s: actual_dur=30.0062s, count=2275, qps in this process: 75.8177[0m (mp_runner.py:161) (155503)
2026-08-13 11:25:44,215 | [92mINFO[0m: [92mSpawnProcess-1:179 search 30s: actual_dur=30.0019s, count=2324, qps in this process: 77.4618[0m (mp_runner.py:161) (155494)
2026-08-13 11:25:44,216 | [92mINFO[0m: [92mSpawnProcess-1:247 search 30s: actual_dur=30.0065s, count=2270, qps in this process: 75.6503[0m (mp_runner.py:161) (155562)
2026-08-13 11:25:44,217 | [92mINFO[0m: [92mSpawnProcess-1:192 search 30s: actual_dur=30.0047s, count=2308, qps in this process: 76.9213[0m (mp_runner.py:161) (155507)
2026-08-13 11:25:44,217 | [92mINFO[0m: [92mSpawnProcess-1:223 search 30s: actual_dur=30.0033s, count=2284, qps in this process: 76.125[0m (mp_runner.py:161) (155538)
2026-08-13 11:25:44,218 | [92mINFO[0m: [92mSpawnProcess-1:176 search 30s: actual_dur=30.0097s, count=2237, qps in this process: 74.5426[0m (mp_runner.py:161) (155491)
2026-08-13 11:25:44,218 | [92mINFO[0m: [92mSpawnProcess-1:246 search 30s: actual_dur=30.0039s, count=2320, qps in this process: 77.3233[0m (mp_runner.py:161) (155561)
2026-08-13 11:25:44,219 | [92mINFO[0m: [92mSpawnProcess-1:198 search 30s: actual_dur=30.0047s, count=2313, qps in this process: 77.0879[0m (mp_runner.py:161) (155513)
2026-08-13 11:25:44,219 | [92mINFO[0m: [92mSpawnProcess-1:232 search 30s: actual_dur=30.0066s, count=2294, qps in this process: 76.4498[0m (mp_runner.py:161) (155547)
2026-08-13 11:25:44,220 | [92mINFO[0m: [92mSpawnProcess-1:181 search 30s: actual_dur=30.0031s, count=2294, qps in this process: 76.4588[0m (mp_runner.py:161) (155496)
2026-08-13 11:25:44,221 | [92mINFO[0m: [92mSpawnProcess-1:221 search 30s: actual_dur=30.0103s, count=2317, qps in this process: 77.2068[0m (mp_runner.py:161) (155536)
2026-08-13 11:25:44,221 | [92mINFO[0m: [92mSpawnProcess-1:205 search 30s: actual_dur=30.0003s, count=2312, qps in this process: 77.0659[0m (mp_runner.py:161) (155520)
2026-08-13 11:25:44,222 | [92mINFO[0m: [92mSpawnProcess-1:184 search 30s: actual_dur=30.0011s, count=2271, qps in this process: 75.6972[0m (mp_runner.py:161) (155499)
2026-08-13 11:25:44,223 | [92mINFO[0m: [92mSpawnProcess-1:194 search 30s: actual_dur=30.008s, count=2274, qps in this process: 75.7798[0m (mp_runner.py:161) (155509)
2026-08-13 11:25:44,225 | [92mINFO[0m: [92mSpawnProcess-1:183 search 30s: actual_dur=30.0089s, count=2293, qps in this process: 76.4107[0m (mp_runner.py:161) (155498)
2026-08-13 11:25:44,226 | [92mINFO[0m: [92mSpawnProcess-1:228 search 30s: actual_dur=30.0015s, count=2315, qps in this process: 77.1628[0m (mp_runner.py:161) (155543)
2026-08-13 11:25:44,227 | [92mINFO[0m: [92mSpawnProcess-1:199 search 30s: actual_dur=30.0167s, count=2300, qps in this process: 76.624[0m (mp_runner.py:161) (155514)
2026-08-13 11:25:44,227 | [92mINFO[0m: [92mSpawnProcess-1:193 search 30s: actual_dur=30.0117s, count=2289, qps in this process: 76.2703[0m (mp_runner.py:161) (155508)
2026-08-13 11:25:44,227 | [92mINFO[0m: [92mSpawnProcess-1:211 search 30s: actual_dur=30.0088s, count=2316, qps in this process: 77.1774[0m (mp_runner.py:161) (155526)
2026-08-13 11:25:44,228 | [92mINFO[0m: [92mSpawnProcess-1:175 search 30s: actual_dur=30.0084s, count=2283, qps in this process: 76.0787[0m (mp_runner.py:161) (155488)
2026-08-13 11:25:44,228 | [92mINFO[0m: [92mSpawnProcess-1:244 search 30s: actual_dur=30.0058s, count=2295, qps in this process: 76.4852[0m (mp_runner.py:161) (155559)
2026-08-13 11:25:44,228 | [92mINFO[0m: [92mSpawnProcess-1:177 search 30s: actual_dur=30.003s, count=2328, qps in this process: 77.5922[0m (mp_runner.py:161) (155492)
2026-08-13 11:25:44,229 | [92mINFO[0m: [92mSpawnProcess-1:197 search 30s: actual_dur=30.0027s, count=2307, qps in this process: 76.8931[0m (mp_runner.py:161) (155512)
2026-08-13 11:25:44,230 | [92mINFO[0m: [92mSpawnProcess-1:213 search 30s: actual_dur=30.0052s, count=2309, qps in this process: 76.9533[0m (mp_runner.py:161) (155528)
2026-08-13 11:25:44,230 | [92mINFO[0m: [92mSpawnProcess-1:178 search 30s: actual_dur=30.0073s, count=2323, qps in this process: 77.4145[0m (mp_runner.py:161) (155493)
2026-08-13 11:25:44,230 | [92mINFO[0m: [92mSpawnProcess-1:226 search 30s: actual_dur=30.0038s, count=2312, qps in this process: 77.0569[0m (mp_runner.py:161) (155541)
2026-08-13 11:25:44,233 | [92mINFO[0m: [92mSpawnProcess-1:195 search 30s: actual_dur=30.0054s, count=2274, qps in this process: 75.7864[0m (mp_runner.py:161) (155510)
2026-08-13 11:25:44,234 | [92mINFO[0m: [92mSpawnProcess-1:220 search 30s: actual_dur=30.0146s, count=2337, qps in this process: 77.8621[0m (mp_runner.py:161) (155535)
2026-08-13 11:25:44,234 | [92mINFO[0m: [92mSpawnProcess-1:203 search 30s: actual_dur=30.0047s, count=2282, qps in this process: 76.0548[0m (mp_runner.py:161) (155518)
2026-08-13 11:25:44,236 | [92mINFO[0m: [92mSpawnProcess-1:185 search 30s: actual_dur=30.007s, count=2304, qps in this process: 76.7821[0m (mp_runner.py:161) (155500)
2026-08-13 11:25:44,237 | [92mINFO[0m: [92mSpawnProcess-1:210 search 30s: actual_dur=30.004s, count=2299, qps in this process: 76.6231[0m (mp_runner.py:161) (155525)
2026-08-13 11:25:44,240 | [92mINFO[0m: [92mSpawnProcess-1:200 search 30s: actual_dur=30.0029s, count=2303, qps in this process: 76.7592[0m (mp_runner.py:161) (155515)
2026-08-13 11:25:44,240 | [92mINFO[0m: [92mSpawnProcess-1:191 search 30s: actual_dur=30.004s, count=2334, qps in this process: 77.7896[0m (mp_runner.py:161) (155506)
2026-08-13 11:25:44,241 | [92mINFO[0m: [92mSpawnProcess-1:186 search 30s: actual_dur=30.0122s, count=2257, qps in this process: 75.2028[0m (mp_runner.py:161) (155501)
2026-08-13 11:25:44,243 | [92mINFO[0m: [92mSpawnProcess-1:204 search 30s: actual_dur=30.0049s, count=2293, qps in this process: 76.4209[0m (mp_runner.py:161) (155519)
2026-08-13 11:25:44,245 | [92mINFO[0m: [92mSpawnProcess-1:187 search 30s: actual_dur=30.0053s, count=2280, qps in this process: 75.9866[0m (mp_runner.py:161) (155502)
2026-08-13 11:25:44,246 | [92mINFO[0m: [92mSpawnProcess-1:180 search 30s: actual_dur=30.0147s, count=2299, qps in this process: 76.5958[0m (mp_runner.py:161) (155495)
2026-08-13 11:25:44,251 | [92mINFO[0m: [92mSpawnProcess-1:242 search 30s: actual_dur=30.0077s, count=2286, qps in this process: 76.1804[0m (mp_runner.py:161) (155557)
2026-08-13 11:25:44,253 | [92mINFO[0m: [92mSpawnProcess-1:219 search 30s: actual_dur=30.007s, count=2312, qps in this process: 77.0487[0m (mp_runner.py:161) (155534)
2026-08-13 11:25:44,255 | [92mINFO[0m: [92mSpawnProcess-1:214 search 30s: actual_dur=30.0022s, count=2274, qps in this process: 75.7944[0m (mp_runner.py:161) (155529)
2026-08-13 11:25:44,256 | [92mINFO[0m: [92mSpawnProcess-1:239 search 30s: actual_dur=30.0036s, count=2317, qps in this process: 77.2241[0m (mp_runner.py:161) (155554)
2026-08-13 11:25:44,257 | [92mINFO[0m: [92mSpawnProcess-1:208 search 30s: actual_dur=30.0097s, count=2337, qps in this process: 77.8748[0m (mp_runner.py:161) (155523)
2026-08-13 11:25:44,258 | [92mINFO[0m: [92mSpawnProcess-1:209 search 30s: actual_dur=30.0069s, count=2300, qps in this process: 76.649[0m (mp_runner.py:161) (155524)
2026-08-13 11:25:44,259 | [92mINFO[0m: [92mSpawnProcess-1:251 search 30s: actual_dur=30.009s, count=2327, qps in this process: 77.5434[0m (mp_runner.py:161) (155581)
2026-08-13 11:25:44,260 | [92mINFO[0m: [92mSpawnProcess-1:206 search 30s: actual_dur=30.0037s, count=2284, qps in this process: 76.1239[0m (mp_runner.py:161) (155521)
2026-08-13 11:25:44,263 | [92mINFO[0m: [92mSpawnProcess-1:196 search 30s: actual_dur=30.007s, count=2356, qps in this process: 78.515[0m (mp_runner.py:161) (155511)
2026-08-13 11:25:44,266 | [92mINFO[0m: [92mSpawnProcess-1:249 search 30s: actual_dur=30.0046s, count=2295, qps in this process: 76.4883[0m (mp_runner.py:161) (155579)
2026-08-13 11:25:44,266 | [92mINFO[0m: [92mSpawnProcess-1:237 search 30s: actual_dur=30.002s, count=2260, qps in this process: 75.3283[0m (mp_runner.py:161) (155552)
2026-08-13 11:25:44,266 | [92mINFO[0m: [92mSpawnProcess-1:201 search 30s: actual_dur=30.0036s, count=2266, qps in this process: 75.5243[0m (mp_runner.py:161) (155516)
2026-08-13 11:25:44,269 | [92mINFO[0m: [92mSpawnProcess-1:217 search 30s: actual_dur=30.0025s, count=2277, qps in this process: 75.8937[0m (mp_runner.py:161) (155532)
2026-08-13 11:25:44,269 | [92mINFO[0m: [92mSpawnProcess-1:227 search 30s: actual_dur=30.0038s, count=2314, qps in this process: 77.1236[0m (mp_runner.py:161) (155542)
2026-08-13 11:25:44,271 | [92mINFO[0m: [92mSpawnProcess-1:245 search 30s: actual_dur=30.0009s, count=2352, qps in this process: 78.3976[0m (mp_runner.py:161) (155560)
2026-08-13 11:25:44,272 | [92mINFO[0m: [92mSpawnProcess-1:225 search 30s: actual_dur=30.0066s, count=2290, qps in this process: 76.3165[0m (mp_runner.py:161) (155540)
2026-08-13 11:25:44,273 | [92mINFO[0m: [92mSpawnProcess-1:253 search 30s: actual_dur=30.0046s, count=2288, qps in this process: 76.255[0m (mp_runner.py:161) (155584)
2026-08-13 11:25:44,275 | [92mINFO[0m: [92mSpawnProcess-1:236 search 30s: actual_dur=30.0066s, count=2278, qps in this process: 75.9166[0m (mp_runner.py:161) (155551)
2026-08-13 11:25:44,281 | [92mINFO[0m: [92mSpawnProcess-1:229 search 30s: actual_dur=30.0059s, count=2353, qps in this process: 78.4179[0m (mp_runner.py:161) (155544)
2026-08-13 11:25:44,282 | [92mINFO[0m: [92mSpawnProcess-1:248 search 30s: actual_dur=30.0033s, count=2328, qps in this process: 77.5915[0m (mp_runner.py:161) (155563)
2026-08-13 11:25:44,283 | [92mINFO[0m: [92mSpawnProcess-1:238 search 30s: actual_dur=30.0094s, count=2325, qps in this process: 77.4757[0m (mp_runner.py:161) (155553)
2026-08-13 11:25:44,284 | [92mINFO[0m: [92mSpawnProcess-1:224 search 30s: actual_dur=30.0043s, count=2281, qps in this process: 76.0224[0m (mp_runner.py:161) (155539)
2026-08-13 11:25:44,288 | [92mINFO[0m: [92mSpawnProcess-1:218 search 30s: actual_dur=30.0014s, count=2332, qps in this process: 77.7297[0m (mp_runner.py:161) (155533)
2026-08-13 11:25:44,288 | [92mINFO[0m: [92mSpawnProcess-1:240 search 30s: actual_dur=30.004s, count=2322, qps in this process: 77.3897[0m (mp_runner.py:161) (155555)
2026-08-13 11:25:44,294 | [92mINFO[0m: [92mSpawnProcess-1:234 search 30s: actual_dur=30.0026s, count=2317, qps in this process: 77.2266[0m (mp_runner.py:161) (155549)
2026-08-13 11:25:44,297 | [92mINFO[0m: [92mSpawnProcess-1:243 search 30s: actual_dur=30.0004s, count=2298, qps in this process: 76.599[0m (mp_runner.py:161) (155558)
2026-08-13 11:25:44,297 | [92mINFO[0m: [92mSpawnProcess-1:254 search 30s: actual_dur=30.0018s, count=2317, qps in this process: 77.2287[0m (mp_runner.py:161) (155605)
2026-08-13 11:25:44,305 | [92mINFO[0m: [92mSpawnProcess-1:216 search 30s: actual_dur=30.0013s, count=2335, qps in this process: 77.83[0m (mp_runner.py:161) (155531)
2026-08-13 11:25:44,306 | [92mINFO[0m: [92mSpawnProcess-1:250 search 30s: actual_dur=30.0016s, count=2266, qps in this process: 75.5293[0m (mp_runner.py:161) (155580)
2026-08-13 11:25:44,316 | [92mINFO[0m: [92mSpawnProcess-1:182 search 30s: actual_dur=30.0001s, count=2295, qps in this process: 76.4997[0m (mp_runner.py:161) (155497)
2026-08-13 11:25:44,322 | [92mINFO[0m: [92mSpawnProcess-1:241 search 30s: actual_dur=30.0002s, count=2322, qps in this process: 77.3995[0m (mp_runner.py:161) (155556)
2026-08-13 11:25:44,322 | [92mINFO[0m: [92mSpawnProcess-1:230 search 30s: actual_dur=30.0014s, count=2316, qps in this process: 77.1964[0m (mp_runner.py:161) (155545)
2026-08-13 11:25:44,323 | [92mINFO[0m: [92mSpawnProcess-1:235 search 30s: actual_dur=30.0015s, count=2341, qps in this process: 78.0294[0m (mp_runner.py:161) (155550)
2026-08-13 11:25:44,325 | [92mINFO[0m: [92mSpawnProcess-1:233 search 30s: actual_dur=30.0014s, count=2334, qps in this process: 77.7964[0m (mp_runner.py:161) (155548)
2026-08-13 11:25:44,328 | [92mINFO[0m: [92mSpawnProcess-1:207 search 30s: actual_dur=30.0009s, count=2322, qps in this process: 77.3977[0m (mp_runner.py:161) (155522)
2026-08-13 11:25:44,332 | [92mINFO[0m: [92mSpawnProcess-1:231 search 30s: actual_dur=30.0025s, count=2299, qps in this process: 76.6269[0m (mp_runner.py:161) (155546)
2026-08-13 11:25:44,332 | [92mINFO[0m: [92mSpawnProcess-1:212 search 30s: actual_dur=30.0007s, count=2309, qps in this process: 76.9649[0m (mp_runner.py:161) (155527)
2026-08-13 11:25:44,335 | [92mINFO[0m: [92mSpawnProcess-1:222 search 30s: actual_dur=30.0024s, count=2272, qps in this process: 75.7273[0m (mp_runner.py:161) (155537)
2026-08-13 11:25:44,336 | [92mINFO[0m: [92mSpawnProcess-1:252 search 30s: actual_dur=30.0012s, count=2352, qps in this process: 78.3969[0m (mp_runner.py:161) (155582)
2026-08-13 11:25:44,392 | [92mINFO[0m: [92mEnd search in concurrency 80: dur=30.185263477999797s, total_count=184170, qps=6101.3216[0m (mp_runner.py:212) (145308)
2026-08-13 11:25:47,288 | [92mINFO[0m: [92mUpdate largest qps with concurrency 80: current max_qps=6101.3216[0m (mp_runner.py:216) (145308)
2026-08-13 11:25:47,290 | [92mINFO[0m: [92mSpawnProcess-1 start serial search[0m (serial_runner.py:296) (145308)
2026-08-13 11:25:48,358 | [92mINFO[0m: [92mSpawnProcess-1:255 start search the entire test_data to get recall and latency[0m (serial_runner.py:209) (158173)
2026-08-13 11:26:00,646 | [92mINFO[0m: [92mSpawnProcess-1:255 search entire test_data: cost=12.0789s, queries=6980, avg_recall=0.7973, avg_ndcg=0.6909, avg_mrr=0.6617, avg_latency=0.0017, p99=0.0029, p95=0.0025[0m (serial_runner.py:264) (158173)
2026-08-13 11:26:00,931 | [92mINFO[0m: [92mPerformance case got result: Metric(max_load_count=0, insert_duration=28.2659, optimize_duration=31.2871, load_duration=59.553, qps=6101.3216, serial_latency_p99=np.float64(0.0029), serial_latency_p95=np.float64(0.0025), recall=np.float64(0.7973), ndcg=np.float64(0.6909), mrr=np.float64(0.6617), conc_num_list=[1, 5, 10, 20, 30, 40, 60, 80], conc_qps_list=[569.0408, 2331.4659, 3618.2718, 4833.0271, 5198.3163, 5482.9425, 5916.0258, 6101.3216], conc_latency_p99_list=[np.float64(0.0029862314198635435), np.float64(0.00389363430027515), np.float64(0.005261594000057812), np.float64(0.008605363629876598), np.float64(0.012038015700045427), np.float64(0.015524872180640152), np.float64(0.02342732475986851), np.float64(0.030827849220231653)], conc_latency_p95_list=[np.float64(0.0025135260997558354), np.float64(0.0031737180499476375), np.float64(0.004242508499828546), np.float64(0.006804102849537231), np.float64(0.009476909499881003), np.float64(0.012147423099622755), np.float64(0.01761390860028769), np.float64(0.022787328650065313)], conc_latency_avg_list=[np.float64(0.0017552088935235178), np.float64(0.0021412201910763775), np.float64(0.0027590973827164816), np.float64(0.004129769951035667), np.float64(0.005758807599368645), np.float64(0.007274013926017697), np.float64(0.010097440469869745), np.float64(0.013028832946163168)], payload_profile='ids_only', payload_estimated_bytes_per_query=200, inserted_count=100000, insert_rows_per_second=0.0, insert_completion_seconds=0.0, searchable_after_insert_seconds=0.0, indexed_after_searchable_seconds=0.0, additional_parameters={'num_per_batch': 100, 'load_concurrency': 0}, st_ideal_insert_duration=0, st_search_stage_list=[], st_search_time_list=[], st_max_qps_list_list=[], st_recall_list=[], st_ndcg_list=[], st_serial_latency_p99_list=[], st_serial_latency_p95_list=[], st_conc_failed_rate_list=[], st_conc_num_list_list=[], st_conc_qps_list_list=[], st_conc_latency_p99_list_list=[], st_conc_latency_p95_list_list=[], st_conc_latency_avg_list_list=[])[0m (task_runner.py:383) (145308)
2026-08-13 11:26:00,932 | [92mINFO[0m: [92m[1/1] finish case: {'label': <CaseLabel.FullTextSearchPerformance: 6>, 'name': 'FTS BM25 Performance - MS MARCO Small (100K documents)', 'dataset': {'data': {'name': 'MS MARCO', 'size': 100000, 'metric_type': <MetricType.BM25: 'BM25'>}}, 'db': 'OSSOpenSearch'}, result=Metric(max_load_count=0, insert_duration=28.2659, optimize_duration=31.2871, load_duration=59.553, qps=6101.3216, serial_latency_p99=np.float64(0.0029), serial_latency_p95=np.float64(0.0025), recall=np.float64(0.7973), ndcg=np.float64(0.6909), mrr=np.float64(0.6617), conc_num_list=[1, 5, 10, 20, 30, 40, 60, 80], conc_qps_list=[569.0408, 2331.4659, 3618.2718, 4833.0271, 5198.3163, 5482.9425, 5916.0258, 6101.3216], conc_latency_p99_list=[np.float64(0.0029862314198635435), np.float64(0.00389363430027515), np.float64(0.005261594000057812), np.float64(0.008605363629876598), np.float64(0.012038015700045427), np.float64(0.015524872180640152), np.float64(0.02342732475986851), np.float64(0.030827849220231653)], conc_latency_p95_list=[np.float64(0.0025135260997558354), np.float64(0.0031737180499476375), np.float64(0.004242508499828546), np.float64(0.006804102849537231), np.float64(0.009476909499881003), np.float64(0.012147423099622755), np.float64(0.01761390860028769), np.float64(0.022787328650065313)], conc_latency_avg_list=[np.float64(0.0017552088935235178), np.float64(0.0021412201910763775), np.float64(0.0027590973827164816), np.float64(0.004129769951035667), np.float64(0.005758807599368645), np.float64(0.007274013926017697), np.float64(0.010097440469869745), np.float64(0.013028832946163168)], payload_profile='ids_only', payload_estimated_bytes_per_query=200, inserted_count=100000, insert_rows_per_second=0.0, insert_completion_seconds=0.0, searchable_after_insert_seconds=0.0, indexed_after_searchable_seconds=0.0, additional_parameters={'num_per_batch': 100, 'load_concurrency': 0}, st_ideal_insert_duration=0, st_search_stage_list=[], st_search_time_list=[], st_max_qps_list_list=[], st_recall_list=[], st_ndcg_list=[], st_serial_latency_p99_list=[], st_serial_latency_p95_list=[], st_conc_failed_rate_list=[], st_conc_num_list_list=[], st_conc_qps_list_list=[], st_conc_latency_p99_list_list=[], st_conc_latency_p95_list_list=[], st_conc_latency_avg_list_list=[]), label=ResultLabel.NORMAL[0m (interface.py:187) (145308)
2026-08-13 11:26:00,932 | INFO |Task summary: run_id=2521e, task_label=2521ea5404024e5f935c9cecabdf7931 (models.py:569)
2026-08-13 11:26:00,932 | INFO |DB            | db_label case                                                   label                            | load_dur    qps          latency(p99)    latency(p95)    recall        max_load_count | label (models.py:569)
2026-08-13 11:26:00,932 | INFO |------------- | -------- ------------------------------------------------------ -------------------------------- | ----------- ------------ --------------- --------------- ------------- -------------- | ----- (models.py:569)
2026-08-13 11:26:00,932 | INFO |OSSOpenSearch |          FTS BM25 Performance - MS MARCO Small (100K documents) 2521ea5404024e5f935c9cecabdf7931 | 59.553      6101.3216    0.0029          0.0025          0.7973        0              | :)    (models.py:569)
2026-08-13 11:26:00,932 | [92mINFO[0m: [92mwrite results to disk /root/b047/venv/lib/python3.11/site-packages/vectordb_bench/results/OSSOpenSearch/result_20260813_2521ea5404024e5f935c9cecabdf7931_ossopensearch.json[0m (models.py:400) (145308)
2026-08-13 11:26:00,933 | [92mINFO[0m: [92mSuccess to finish task: label=2521ea5404024e5f935c9cecabdf7931, run_id=2521ea5404024e5f935c9cecabdf7931[0m (interface.py:224) (145308)
