2026-08-13 11:04:53,048 | [92mINFO[0m: [92mTask:
TaskConfig(db=<DB.TheoDB: 'TheoDB'>, db_config=TheoDBConfig(db_label='theodb-b044', version='', note='', user_name=SecretStr('**********'), password=SecretStr('**********'), host='127.0.0.1', port=55435, db_name='theo'), db_case_config=TheoDBFTSConfig(metric_type=<MetricType.BM25: 'BM25'>, create_index_before_load=False, create_index_after_load=True, index=<IndexType.FTS: 'FTS'>, k1=None, b=None), case_config=CaseConfig(case_id=<CaseType.FTSBm25Performance: 503>, custom_case={'dataset_with_size_type': 'MS MARCO Small (100K documents)', 'payload_profile': 'ids_only'}, k=10, concurrency_search_config=ConcurrencySearchConfig(num_concurrency=[1, 5, 10, 20, 30, 40, 60, 80], concurrency_duration=30, concurrency_timeout=3600, serial_cooldown=0.0)), stages=['drop_old', 'load', 'search_serial', 'search_concurrent'], load_concurrency=0)
[0m (cli.py:973) (118968)
2026-08-13 11:04:53,048 | [92mINFO[0m: [92mgenerated uuid for the tasks: c350463a66b34bab9c7ab34c62d8f311[0m (interface.py:77) (118968)
2026-08-13 11:04:53,049 | INFO | DB             | CaseType     Dataset               Filter | task_label (task_runner.py:757)
2026-08-13 11:04:53,049 | INFO | -----------    | ------------ -------------------- ------- | -------    (task_runner.py:757)
2026-08-13 11:04:53,049 | INFO | TheoDB-theodb-b044 | FullTextSearchPerformance MS MARCO-SMALL-100K      0.0 | c350463a66b34bab9c7ab34c62d8f311 (task_runner.py:757)
2026-08-13 11:04:53,049 | [92mINFO[0m: [92mtask submitted: id=c350463a66b34bab9c7ab34c62d8f311, c350463a66b34bab9c7ab34c62d8f311, case number: 1[0m (interface.py:253) (118968)
2026-08-13 11:04:54,045 | [92mINFO[0m: [92m[1/1] start case: {'label': <CaseLabel.FullTextSearchPerformance: 6>, 'name': 'FTS BM25 Performance - MS MARCO Small (100K documents)', 'dataset': {'data': {'name': 'MS MARCO', 'size': 100000, 'metric_type': <MetricType.BM25: 'BM25'>}}, 'db': 'TheoDB-theodb-b044'}, drop_old=True[0m (interface.py:185) (119049)
2026-08-13 11:04:54,045 | [92mINFO[0m: [92mStarting run[0m (task_runner.py:268) (119049)
2026-08-13 11:04:54,046 | [92mINFO[0m: [92mPreparing FTS dataset: MS MARCO FTS (SMALL)[0m (dataset.py:1009) (119049)
2026-08-13 11:04:54,046 | [92mINFO[0m: [92mDownloading FTS dataset 'msmarco-passage/dev/small' using ir_datasets[0m (data_source.py:192) (119049)
2026-08-13 11:04:54,046 | [92mINFO[0m: [92mSuccessfully loaded dataset: msmarco-passage/dev/small[0m (data_source.py:199) (119049)
2026-08-13 11:04:54,046 | [92mINFO[0m: [92mSuccessfully loaded ir_datasets dataset: msmarco-passage/dev/small[0m (dataset.py:1022) (119049)
2026-08-13 11:04:54,061 | [92mINFO[0m: [92mLoaded 6980 queries into memory[0m (dataset.py:1027) (119049)
2026-08-13 11:05:21,036 | [92mINFO[0m: [92mLoaded semantic qrels for 6980 queries; recall uses 6980 queries; selected 100000 corpus docs including 7433 qrel docs[0m (dataset.py:1055) (119049)
2026-08-13 11:05:21,036 | [92mINFO[0m: [92mFTS dataset preparation completed: MS MARCO FTS (SMALL)[0m (dataset.py:1080) (119049)
2026-08-13 11:05:21,078 | [92mINFO[0m: [92mStart performance case[0m (task_runner.py:317) (119049)
2026-08-13 11:05:21,079 | [92mINFO[0m: [92mDB TheoDB is not thread-safe, falling back to max_workers=1[0m (concurrent_runner.py:89) (119049)
2026-08-13 11:05:21,092 | [92mINFO[0m: [92m(SpawnProcess-1  ) Start concurrent insert, batch_size=100, max_workers=1, workload=full_text[0m (concurrent_runner.py:266) (119049)
2026-08-13 11:05:46,437 | [92mINFO[0m: [92m(SpawnProcess-1  ) Finish concurrent insert, count=100000, dur=25.34s[0m (concurrent_runner.py:287) (119049)
2026-08-13 11:05:49,938 | [92mINFO[0m: [92mTheoDB built lexical index 74093697488494: 100000 documents[0m (theodb.py:276) (119049)
2026-08-13 11:05:49,939 | [92mINFO[0m: [92mFinish loading the entire dataset into VectorDB, insert_duration=25.358810663999975, optimize_duration=3.5014703919996464 load_duration(insert + optimize) = 28.8603[0m (task_runner.py:342) (119049)
2026-08-13 11:05:49,939 | [92mINFO[0m: [92mFTS concurrent test will use 6980 queries for testing[0m (task_runner.py:645) (119049)
2026-08-13 11:05:49,939 | [92mINFO[0m: [92mFTS serial recall will use 6980 queries[0m (task_runner.py:667) (119049)
2026-08-13 11:05:50,883 | [92mINFO[0m: [92mStart search 30s in concurrency 1, filters: type=<FilterOp.NonFilter: 'NonFilter'> filter_rate=0.0 gt_file_name='neighbors.parquet'[0m (mp_runner.py:189) (119049)
2026-08-13 11:05:51,886 | [92mINFO[0m: [92mSyncing all process and start concurrency search, concurrency=1[0m (mp_runner.py:196) (119049)
2026-08-13 11:06:21,903 | [92mINFO[0m: [92mSpawnProcess-1:2 search 30s: actual_dur=30.0013s, count=9482, qps in this process: 316.053[0m (mp_runner.py:161) (120041)
2026-08-13 11:06:21,906 | [92mINFO[0m: [92mEnd search in concurrency 1: dur=30.01996237100002s, total_count=9482, qps=315.8565[0m (mp_runner.py:212) (119049)
2026-08-13 11:06:22,310 | [92mINFO[0m: [92mUpdate largest qps with concurrency 1: current max_qps=315.8565[0m (mp_runner.py:216) (119049)
2026-08-13 11:06:23,292 | [92mINFO[0m: [92mStart search 30s in concurrency 5, filters: type=<FilterOp.NonFilter: 'NonFilter'> filter_rate=0.0 gt_file_name='neighbors.parquet'[0m (mp_runner.py:189) (119049)
2026-08-13 11:06:28,297 | [92mINFO[0m: [92mSyncing all process and start concurrency search, concurrency=5[0m (mp_runner.py:196) (119049)
2026-08-13 11:06:58,319 | [92mINFO[0m: [92mSpawnProcess-1:5 search 30s: actual_dur=30.0015s, count=6855, qps in this process: 228.4886[0m (mp_runner.py:161) (120609)
2026-08-13 11:06:58,319 | [92mINFO[0m: [92mSpawnProcess-1:7 search 30s: actual_dur=30.0022s, count=6993, qps in this process: 233.0829[0m (mp_runner.py:161) (120611)
2026-08-13 11:06:58,320 | [92mINFO[0m: [92mSpawnProcess-1:8 search 30s: actual_dur=30.0032s, count=7256, qps in this process: 241.8409[0m (mp_runner.py:161) (120612)
2026-08-13 11:06:58,320 | [92mINFO[0m: [92mSpawnProcess-1:4 search 30s: actual_dur=30.0036s, count=6817, qps in this process: 227.2061[0m (mp_runner.py:161) (120606)
2026-08-13 11:06:58,322 | [92mINFO[0m: [92mSpawnProcess-1:6 search 30s: actual_dur=30.0049s, count=7062, qps in this process: 235.3616[0m (mp_runner.py:161) (120610)
2026-08-13 11:06:58,327 | [92mINFO[0m: [92mEnd search in concurrency 5: dur=30.0295124029999s, total_count=34983, qps=1164.954[0m (mp_runner.py:212) (119049)
2026-08-13 11:06:58,877 | [92mINFO[0m: [92mUpdate largest qps with concurrency 5: current max_qps=1164.954[0m (mp_runner.py:216) (119049)
2026-08-13 11:06:59,839 | [92mINFO[0m: [92mStart search 30s in concurrency 10, filters: type=<FilterOp.NonFilter: 'NonFilter'> filter_rate=0.0 gt_file_name='neighbors.parquet'[0m (mp_runner.py:189) (119049)
2026-08-13 11:07:09,847 | [92mINFO[0m: [92mSyncing all process and start concurrency search, concurrency=10[0m (mp_runner.py:196) (119049)
2026-08-13 11:07:39,869 | [92mINFO[0m: [92mSpawnProcess-1:17 search 30s: actual_dur=30.0008s, count=4743, qps in this process: 158.0958[0m (mp_runner.py:161) (121317)
2026-08-13 11:07:39,870 | [92mINFO[0m: [92mSpawnProcess-1:18 search 30s: actual_dur=30.0018s, count=4380, qps in this process: 145.9912[0m (mp_runner.py:161) (121318)
2026-08-13 11:07:39,871 | [92mINFO[0m: [92mSpawnProcess-1:16 search 30s: actual_dur=30.0042s, count=4653, qps in this process: 155.0783[0m (mp_runner.py:161) (121316)
2026-08-13 11:07:39,871 | [92mINFO[0m: [92mSpawnProcess-1:14 search 30s: actual_dur=30.0015s, count=4704, qps in this process: 156.7922[0m (mp_runner.py:161) (121314)
2026-08-13 11:07:39,875 | [92mINFO[0m: [92mSpawnProcess-1:13 search 30s: actual_dur=30.0028s, count=5031, qps in this process: 167.6843[0m (mp_runner.py:161) (121313)
2026-08-13 11:07:39,875 | [92mINFO[0m: [92mSpawnProcess-1:12 search 30s: actual_dur=30.0028s, count=4825, qps in this process: 160.8183[0m (mp_runner.py:161) (121312)
2026-08-13 11:07:39,878 | [92mINFO[0m: [92mSpawnProcess-1:11 search 30s: actual_dur=30.0055s, count=4468, qps in this process: 148.906[0m (mp_runner.py:161) (121311)
2026-08-13 11:07:39,879 | [92mINFO[0m: [92mSpawnProcess-1:15 search 30s: actual_dur=30.0006s, count=5293, qps in this process: 176.4298[0m (mp_runner.py:161) (121315)
2026-08-13 11:07:39,879 | [92mINFO[0m: [92mSpawnProcess-1:10 search 30s: actual_dur=30.0039s, count=4641, qps in this process: 154.6799[0m (mp_runner.py:161) (121308)
2026-08-13 11:07:39,880 | [92mINFO[0m: [92mSpawnProcess-1:19 search 30s: actual_dur=30.0048s, count=4937, qps in this process: 164.5403[0m (mp_runner.py:161) (121319)
2026-08-13 11:07:39,887 | [92mINFO[0m: [92mEnd search in concurrency 10: dur=30.039032102999954s, total_count=47675, qps=1587.1017[0m (mp_runner.py:212) (119049)
2026-08-13 11:07:40,507 | [92mINFO[0m: [92mUpdate largest qps with concurrency 10: current max_qps=1587.1017[0m (mp_runner.py:216) (119049)
2026-08-13 11:07:41,454 | [92mINFO[0m: [92mStart search 30s in concurrency 20, filters: type=<FilterOp.NonFilter: 'NonFilter'> filter_rate=0.0 gt_file_name='neighbors.parquet'[0m (mp_runner.py:189) (119049)
2026-08-13 11:07:51,619 | [92mINFO[0m: [92mSyncing all process and start concurrency search, concurrency=20[0m (mp_runner.py:196) (119049)
2026-08-13 11:08:21,650 | [92mINFO[0m: [92mSpawnProcess-1:36 search 30s: actual_dur=30.0055s, count=2964, qps in this process: 98.7819[0m (mp_runner.py:161) (122334)
2026-08-13 11:08:21,650 | [92mINFO[0m: [92mSpawnProcess-1:34 search 30s: actual_dur=30.0077s, count=2700, qps in this process: 89.9769[0m (mp_runner.py:161) (122332)
2026-08-13 11:08:21,651 | [92mINFO[0m: [92mSpawnProcess-1:28 search 30s: actual_dur=30.0053s, count=2678, qps in this process: 89.2509[0m (mp_runner.py:161) (122326)
2026-08-13 11:08:21,653 | [92mINFO[0m: [92mSpawnProcess-1:29 search 30s: actual_dur=30.0055s, count=2636, qps in this process: 87.8506[0m (mp_runner.py:161) (122327)
2026-08-13 11:08:21,656 | [92mINFO[0m: [92mSpawnProcess-1:22 search 30s: actual_dur=30.0087s, count=2955, qps in this process: 98.4714[0m (mp_runner.py:161) (122313)
2026-08-13 11:08:21,657 | [92mINFO[0m: [92mSpawnProcess-1:24 search 30s: actual_dur=30.0013s, count=2915, qps in this process: 97.1625[0m (mp_runner.py:161) (122317)
2026-08-13 11:08:21,658 | [92mINFO[0m: [92mSpawnProcess-1:25 search 30s: actual_dur=30.0027s, count=2595, qps in this process: 86.4922[0m (mp_runner.py:161) (122318)
2026-08-13 11:08:21,662 | [92mINFO[0m: [92mSpawnProcess-1:21 search 30s: actual_dur=30.0016s, count=2594, qps in this process: 86.4621[0m (mp_runner.py:161) (122305)
2026-08-13 11:08:21,665 | [92mINFO[0m: [92mSpawnProcess-1:23 search 30s: actual_dur=30.0122s, count=2346, qps in this process: 78.1682[0m (mp_runner.py:161) (122315)
2026-08-13 11:08:21,666 | [92mINFO[0m: [92mSpawnProcess-1:39 search 30s: actual_dur=30.0078s, count=2608, qps in this process: 86.9107[0m (mp_runner.py:161) (122337)
2026-08-13 11:08:21,666 | [92mINFO[0m: [92mSpawnProcess-1:30 search 30s: actual_dur=30.0047s, count=2647, qps in this process: 88.2195[0m (mp_runner.py:161) (122328)
2026-08-13 11:08:21,667 | [92mINFO[0m: [92mSpawnProcess-1:35 search 30s: actual_dur=30.002s, count=2721, qps in this process: 90.694[0m (mp_runner.py:161) (122333)
2026-08-13 11:08:21,670 | [92mINFO[0m: [92mSpawnProcess-1:33 search 30s: actual_dur=30.0065s, count=2873, qps in this process: 95.7459[0m (mp_runner.py:161) (122331)
2026-08-13 11:08:21,674 | [92mINFO[0m: [92mSpawnProcess-1:32 search 30s: actual_dur=30.0036s, count=2669, qps in this process: 88.956[0m (mp_runner.py:161) (122330)
2026-08-13 11:08:21,674 | [92mINFO[0m: [92mSpawnProcess-1:37 search 30s: actual_dur=30.0029s, count=2583, qps in this process: 86.0917[0m (mp_runner.py:161) (122335)
2026-08-13 11:08:21,675 | [92mINFO[0m: [92mSpawnProcess-1:31 search 30s: actual_dur=30.0054s, count=2784, qps in this process: 92.7833[0m (mp_runner.py:161) (122329)
2026-08-13 11:08:21,680 | [92mINFO[0m: [92mSpawnProcess-1:27 search 30s: actual_dur=30.0142s, count=2559, qps in this process: 85.2596[0m (mp_runner.py:161) (122325)
2026-08-13 11:08:21,701 | [92mINFO[0m: [92mSpawnProcess-1:40 search 30s: actual_dur=30.0032s, count=2887, qps in this process: 96.2231[0m (mp_runner.py:161) (122340)
2026-08-13 11:08:21,722 | [92mINFO[0m: [92mSpawnProcess-1:26 search 30s: actual_dur=30.0004s, count=2696, qps in this process: 89.8655[0m (mp_runner.py:161) (122323)
2026-08-13 11:08:21,725 | [92mINFO[0m: [92mSpawnProcess-1:38 search 30s: actual_dur=30.0031s, count=2615, qps in this process: 87.1577[0m (mp_runner.py:161) (122336)
2026-08-13 11:08:21,733 | [92mINFO[0m: [92mEnd search in concurrency 20: dur=30.113708253999903s, total_count=54025, qps=1794.0335[0m (mp_runner.py:212) (119049)
2026-08-13 11:08:22,535 | [92mINFO[0m: [92mUpdate largest qps with concurrency 20: current max_qps=1794.0335[0m (mp_runner.py:216) (119049)
2026-08-13 11:08:23,462 | [92mINFO[0m: [92mStart search 30s in concurrency 30, filters: type=<FilterOp.NonFilter: 'NonFilter'> filter_rate=0.0 gt_file_name='neighbors.parquet'[0m (mp_runner.py:189) (119049)
2026-08-13 11:08:33,683 | [92mINFO[0m: [92mSyncing all process and start concurrency search, concurrency=30[0m (mp_runner.py:196) (119049)
2026-08-13 11:09:03,705 | [92mINFO[0m: [92mSpawnProcess-1:69 search 30s: actual_dur=30.0018s, count=2076, qps in this process: 69.1958[0m (mp_runner.py:161) (123477)
2026-08-13 11:09:03,725 | [92mINFO[0m: [92mSpawnProcess-1:56 search 30s: actual_dur=30.0009s, count=1884, qps in this process: 62.7981[0m (mp_runner.py:161) (123464)
2026-08-13 11:09:03,725 | [92mINFO[0m: [92mSpawnProcess-1:46 search 30s: actual_dur=30.0122s, count=1871, qps in this process: 62.3413[0m (mp_runner.py:161) (123454)
2026-08-13 11:09:03,727 | [92mINFO[0m: [92mSpawnProcess-1:49 search 30s: actual_dur=30.0116s, count=1834, qps in this process: 61.1097[0m (mp_runner.py:161) (123457)
2026-08-13 11:09:03,727 | [92mINFO[0m: [92mSpawnProcess-1:63 search 30s: actual_dur=30.0024s, count=1856, qps in this process: 61.8617[0m (mp_runner.py:161) (123471)
2026-08-13 11:09:03,730 | [92mINFO[0m: [92mSpawnProcess-1:68 search 30s: actual_dur=30.0098s, count=2024, qps in this process: 67.4446[0m (mp_runner.py:161) (123476)
2026-08-13 11:09:03,734 | [92mINFO[0m: [92mSpawnProcess-1:54 search 30s: actual_dur=30.0026s, count=1843, qps in this process: 61.428[0m (mp_runner.py:161) (123462)
2026-08-13 11:09:03,738 | [92mINFO[0m: [92mSpawnProcess-1:64 search 30s: actual_dur=30.0059s, count=1769, qps in this process: 58.9551[0m (mp_runner.py:161) (123472)
2026-08-13 11:09:03,744 | [92mINFO[0m: [92mSpawnProcess-1:65 search 30s: actual_dur=30.0038s, count=1823, qps in this process: 60.759[0m (mp_runner.py:161) (123473)
2026-08-13 11:09:03,745 | [92mINFO[0m: [92mSpawnProcess-1:66 search 30s: actual_dur=30.0108s, count=1862, qps in this process: 62.0443[0m (mp_runner.py:161) (123474)
2026-08-13 11:09:03,746 | [92mINFO[0m: [92mSpawnProcess-1:45 search 30s: actual_dur=30.0071s, count=1735, qps in this process: 57.8196[0m (mp_runner.py:161) (123453)
2026-08-13 11:09:03,753 | [92mINFO[0m: [92mSpawnProcess-1:55 search 30s: actual_dur=30.005s, count=1946, qps in this process: 64.8559[0m (mp_runner.py:161) (123463)
2026-08-13 11:09:03,754 | [92mINFO[0m: [92mSpawnProcess-1:62 search 30s: actual_dur=30.0102s, count=1672, qps in this process: 55.7144[0m (mp_runner.py:161) (123470)
2026-08-13 11:09:03,754 | [92mINFO[0m: [92mSpawnProcess-1:59 search 30s: actual_dur=30.0191s, count=1822, qps in this process: 60.6947[0m (mp_runner.py:161) (123467)
2026-08-13 11:09:03,754 | [92mINFO[0m: [92mSpawnProcess-1:61 search 30s: actual_dur=30.0077s, count=1767, qps in this process: 58.8849[0m (mp_runner.py:161) (123469)
2026-08-13 11:09:03,755 | [92mINFO[0m: [92mSpawnProcess-1:43 search 30s: actual_dur=30.013s, count=1702, qps in this process: 56.7088[0m (mp_runner.py:161) (123451)
2026-08-13 11:09:03,755 | [92mINFO[0m: [92mSpawnProcess-1:51 search 30s: actual_dur=30.0038s, count=1714, qps in this process: 57.1261[0m (mp_runner.py:161) (123459)
2026-08-13 11:09:03,756 | [92mINFO[0m: [92mSpawnProcess-1:67 search 30s: actual_dur=30.0021s, count=1860, qps in this process: 61.9957[0m (mp_runner.py:161) (123475)
2026-08-13 11:09:03,762 | [92mINFO[0m: [92mSpawnProcess-1:60 search 30s: actual_dur=30.0123s, count=1698, qps in this process: 56.5768[0m (mp_runner.py:161) (123468)
2026-08-13 11:09:03,768 | [92mINFO[0m: [92mSpawnProcess-1:42 search 30s: actual_dur=30.0027s, count=1544, qps in this process: 51.462[0m (mp_runner.py:161) (123448)
2026-08-13 11:09:03,769 | [92mINFO[0m: [92mSpawnProcess-1:50 search 30s: actual_dur=30.0233s, count=1799, qps in this process: 59.9201[0m (mp_runner.py:161) (123458)
2026-08-13 11:09:03,771 | [92mINFO[0m: [92mSpawnProcess-1:70 search 30s: actual_dur=30.0161s, count=1720, qps in this process: 57.3026[0m (mp_runner.py:161) (123478)
2026-08-13 11:09:03,776 | [92mINFO[0m: [92mSpawnProcess-1:53 search 30s: actual_dur=30.0022s, count=1716, qps in this process: 57.1958[0m (mp_runner.py:161) (123461)
2026-08-13 11:09:03,778 | [92mINFO[0m: [92mSpawnProcess-1:44 search 30s: actual_dur=30.0276s, count=1878, qps in this process: 62.5425[0m (mp_runner.py:161) (123452)
2026-08-13 11:09:03,782 | [92mINFO[0m: [92mSpawnProcess-1:57 search 30s: actual_dur=30.0016s, count=1792, qps in this process: 59.7301[0m (mp_runner.py:161) (123465)
2026-08-13 11:09:03,788 | [92mINFO[0m: [92mSpawnProcess-1:52 search 30s: actual_dur=30.0017s, count=1916, qps in this process: 63.863[0m (mp_runner.py:161) (123460)
2026-08-13 11:09:03,798 | [92mINFO[0m: [92mSpawnProcess-1:58 search 30s: actual_dur=30.0041s, count=1809, qps in this process: 60.2918[0m (mp_runner.py:161) (123466)
2026-08-13 11:09:03,809 | [92mINFO[0m: [92mSpawnProcess-1:47 search 30s: actual_dur=30.0037s, count=1757, qps in this process: 58.5594[0m (mp_runner.py:161) (123455)
2026-08-13 11:09:03,815 | [92mINFO[0m: [92mSpawnProcess-1:48 search 30s: actual_dur=30.0011s, count=1783, qps in this process: 59.4312[0m (mp_runner.py:161) (123456)
2026-08-13 11:09:03,839 | [92mINFO[0m: [92mSpawnProcess-1:71 search 30s: actual_dur=30.0017s, count=1623, qps in this process: 54.0969[0m (mp_runner.py:161) (123479)
2026-08-13 11:09:03,848 | [92mINFO[0m: [92mEnd search in concurrency 30: dur=30.16448058900005s, total_count=54095, qps=1793.3344[0m (mp_runner.py:212) (119049)
2026-08-13 11:09:05,911 | [92mINFO[0m: [92mStart search 30s in concurrency 40, filters: type=<FilterOp.NonFilter: 'NonFilter'> filter_rate=0.0 gt_file_name='neighbors.parquet'[0m (mp_runner.py:189) (119049)
2026-08-13 11:09:16,283 | [92mINFO[0m: [92mSyncing all process and start concurrency search, concurrency=40[0m (mp_runner.py:196) (119049)
2026-08-13 11:09:46,333 | [92mINFO[0m: [92mSpawnProcess-1:102 search 30s: actual_dur=30.0239s, count=1397, qps in this process: 46.5296[0m (mp_runner.py:161) (124989)
2026-08-13 11:09:46,333 | [92mINFO[0m: [92mSpawnProcess-1:77 search 30s: actual_dur=30.0094s, count=1481, qps in this process: 49.3512[0m (mp_runner.py:161) (124964)
2026-08-13 11:09:46,334 | [92mINFO[0m: [92mSpawnProcess-1:81 search 30s: actual_dur=30.0146s, count=1323, qps in this process: 44.0785[0m (mp_runner.py:161) (124968)
2026-08-13 11:09:46,336 | [92mINFO[0m: [92mSpawnProcess-1:84 search 30s: actual_dur=30.0029s, count=1337, qps in this process: 44.5624[0m (mp_runner.py:161) (124971)
2026-08-13 11:09:46,338 | [92mINFO[0m: [92mSpawnProcess-1:101 search 30s: actual_dur=30.0115s, count=1342, qps in this process: 44.7162[0m (mp_runner.py:161) (124988)
2026-08-13 11:09:46,340 | [92mINFO[0m: [92mSpawnProcess-1:86 search 30s: actual_dur=30.0078s, count=1328, qps in this process: 44.2552[0m (mp_runner.py:161) (124973)
2026-08-13 11:09:46,341 | [92mINFO[0m: [92mSpawnProcess-1:93 search 30s: actual_dur=30.0172s, count=1531, qps in this process: 51.0041[0m (mp_runner.py:161) (124980)
2026-08-13 11:09:46,348 | [92mINFO[0m: [92mSpawnProcess-1:107 search 30s: actual_dur=30.0012s, count=1469, qps in this process: 48.9647[0m (mp_runner.py:161) (124994)
2026-08-13 11:09:46,348 | [92mINFO[0m: [92mSpawnProcess-1:110 search 30s: actual_dur=30.0148s, count=1478, qps in this process: 49.2424[0m (mp_runner.py:161) (124997)
2026-08-13 11:09:46,349 | [92mINFO[0m: [92mSpawnProcess-1:111 search 30s: actual_dur=30.0307s, count=1427, qps in this process: 47.518[0m (mp_runner.py:161) (124998)
2026-08-13 11:09:46,350 | [92mINFO[0m: [92mSpawnProcess-1:83 search 30s: actual_dur=30.0123s, count=1631, qps in this process: 54.3444[0m (mp_runner.py:161) (124970)
2026-08-13 11:09:46,350 | [92mINFO[0m: [92mSpawnProcess-1:85 search 30s: actual_dur=30.0141s, count=1221, qps in this process: 40.6809[0m (mp_runner.py:161) (124972)
2026-08-13 11:09:46,354 | [92mINFO[0m: [92mSpawnProcess-1:112 search 30s: actual_dur=30.0046s, count=1426, qps in this process: 47.526[0m (mp_runner.py:161) (124999)
2026-08-13 11:09:46,358 | [92mINFO[0m: [92mSpawnProcess-1:87 search 30s: actual_dur=30.0008s, count=1578, qps in this process: 52.5986[0m (mp_runner.py:161) (124974)
2026-08-13 11:09:46,358 | [92mINFO[0m: [92mSpawnProcess-1:91 search 30s: actual_dur=30.0121s, count=1445, qps in this process: 48.1472[0m (mp_runner.py:161) (124978)
2026-08-13 11:09:46,364 | [92mINFO[0m: [92mSpawnProcess-1:103 search 30s: actual_dur=30.0334s, count=1192, qps in this process: 39.6891[0m (mp_runner.py:161) (124990)
2026-08-13 11:09:46,369 | [92mINFO[0m: [92mSpawnProcess-1:96 search 30s: actual_dur=30.0333s, count=1551, qps in this process: 51.6427[0m (mp_runner.py:161) (124983)
2026-08-13 11:09:46,370 | [92mINFO[0m: [92mSpawnProcess-1:95 search 30s: actual_dur=30.0053s, count=1395, qps in this process: 46.4918[0m (mp_runner.py:161) (124982)
2026-08-13 11:09:46,370 | [92mINFO[0m: [92mSpawnProcess-1:80 search 30s: actual_dur=30.0182s, count=1344, qps in this process: 44.7728[0m (mp_runner.py:161) (124967)
2026-08-13 11:09:46,370 | [92mINFO[0m: [92mSpawnProcess-1:94 search 30s: actual_dur=30.018s, count=1208, qps in this process: 40.2425[0m (mp_runner.py:161) (124981)
2026-08-13 11:09:46,371 | [92mINFO[0m: [92mSpawnProcess-1:88 search 30s: actual_dur=30.0173s, count=1496, qps in this process: 49.8379[0m (mp_runner.py:161) (124975)
2026-08-13 11:09:46,374 | [92mINFO[0m: [92mSpawnProcess-1:78 search 30s: actual_dur=30.0178s, count=1066, qps in this process: 35.5123[0m (mp_runner.py:161) (124965)
2026-08-13 11:09:46,377 | [92mINFO[0m: [92mSpawnProcess-1:99 search 30s: actual_dur=30.0235s, count=1100, qps in this process: 36.638[0m (mp_runner.py:161) (124986)
2026-08-13 11:09:46,387 | [92mINFO[0m: [92mSpawnProcess-1:100 search 30s: actual_dur=30.0264s, count=1338, qps in this process: 44.5608[0m (mp_runner.py:161) (124987)
2026-08-13 11:09:46,392 | [92mINFO[0m: [92mSpawnProcess-1:79 search 30s: actual_dur=30.0021s, count=1418, qps in this process: 47.2634[0m (mp_runner.py:161) (124966)
2026-08-13 11:09:46,394 | [92mINFO[0m: [92mSpawnProcess-1:89 search 30s: actual_dur=30.0048s, count=1359, qps in this process: 45.2928[0m (mp_runner.py:161) (124976)
2026-08-13 11:09:46,396 | [92mINFO[0m: [92mSpawnProcess-1:73 search 30s: actual_dur=30.0029s, count=1133, qps in this process: 37.763[0m (mp_runner.py:161) (124958)
2026-08-13 11:09:46,401 | [92mINFO[0m: [92mSpawnProcess-1:105 search 30s: actual_dur=30.0192s, count=1246, qps in this process: 41.5068[0m (mp_runner.py:161) (124992)
2026-08-13 11:09:46,410 | [92mINFO[0m: [92mSpawnProcess-1:98 search 30s: actual_dur=30.0048s, count=1314, qps in this process: 43.793[0m (mp_runner.py:161) (124985)
2026-08-13 11:09:46,427 | [92mINFO[0m: [92mSpawnProcess-1:109 search 30s: actual_dur=30.0002s, count=1188, qps in this process: 39.5997[0m (mp_runner.py:161) (124996)
2026-08-13 11:09:46,437 | [92mINFO[0m: [92mSpawnProcess-1:92 search 30s: actual_dur=30.0075s, count=1261, qps in this process: 42.0228[0m (mp_runner.py:161) (124979)
2026-08-13 11:09:46,438 | [92mINFO[0m: [92mSpawnProcess-1:104 search 30s: actual_dur=30.0007s, count=1244, qps in this process: 41.4657[0m (mp_runner.py:161) (124991)
2026-08-13 11:09:46,450 | [92mINFO[0m: [92mSpawnProcess-1:97 search 30s: actual_dur=30.0057s, count=1279, qps in this process: 42.6252[0m (mp_runner.py:161) (124984)
2026-08-13 11:09:46,452 | [92mINFO[0m: [92mSpawnProcess-1:108 search 30s: actual_dur=30.0025s, count=1204, qps in this process: 40.13[0m (mp_runner.py:161) (124995)
2026-08-13 11:09:46,463 | [92mINFO[0m: [92mSpawnProcess-1:76 search 30s: actual_dur=30.0009s, count=1211, qps in this process: 40.3655[0m (mp_runner.py:161) (124963)
2026-08-13 11:09:46,465 | [92mINFO[0m: [92mSpawnProcess-1:74 search 30s: actual_dur=30.003s, count=1776, qps in this process: 59.1941[0m (mp_runner.py:161) (124961)
2026-08-13 11:09:46,465 | [92mINFO[0m: [92mSpawnProcess-1:82 search 30s: actual_dur=30.0061s, count=1224, qps in this process: 40.7917[0m (mp_runner.py:161) (124969)
2026-08-13 11:09:46,473 | [92mINFO[0m: [92mSpawnProcess-1:106 search 30s: actual_dur=30.0037s, count=1181, qps in this process: 39.3618[0m (mp_runner.py:161) (124993)
2026-08-13 11:09:46,485 | [92mINFO[0m: [92mSpawnProcess-1:75 search 30s: actual_dur=30.0031s, count=1552, qps in this process: 51.728[0m (mp_runner.py:161) (124962)
2026-08-13 11:09:46,492 | [92mINFO[0m: [92mSpawnProcess-1:90 search 30s: actual_dur=30.0021s, count=1135, qps in this process: 37.8307[0m (mp_runner.py:161) (124977)
2026-08-13 11:09:46,501 | [92mINFO[0m: [92mEnd search in concurrency 40: dur=30.2179091590001s, total_count=53829, qps=1781.3608[0m (mp_runner.py:212) (119049)
2026-08-13 11:09:48,809 | [92mINFO[0m: [92mStart search 30s in concurrency 60, filters: type=<FilterOp.NonFilter: 'NonFilter'> filter_rate=0.0 gt_file_name='neighbors.parquet'[0m (mp_runner.py:189) (119049)
2026-08-13 11:09:59,686 | [92mINFO[0m: [92mSyncing all process and start concurrency search, concurrency=60[0m (mp_runner.py:196) (119049)
2026-08-13 11:10:29,742 | [92mINFO[0m: [92mSpawnProcess-1:122 search 30s: actual_dur=30.0092s, count=993, qps in this process: 33.0899[0m (mp_runner.py:161) (126674)
2026-08-13 11:10:29,757 | [92mINFO[0m: [92mSpawnProcess-1:128 search 30s: actual_dur=30.0092s, count=836, qps in this process: 27.8581[0m (mp_runner.py:161) (126680)
2026-08-13 11:10:29,758 | [92mINFO[0m: [92mSpawnProcess-1:118 search 30s: actual_dur=30.0108s, count=854, qps in this process: 28.4564[0m (mp_runner.py:161) (126670)
2026-08-13 11:10:29,762 | [92mINFO[0m: [92mSpawnProcess-1:148 search 30s: actual_dur=30.0103s, count=876, qps in this process: 29.19[0m (mp_runner.py:161) (126700)
2026-08-13 11:10:29,764 | [92mINFO[0m: [92mSpawnProcess-1:121 search 30s: actual_dur=30.0149s, count=899, qps in this process: 29.9518[0m (mp_runner.py:161) (126673)
2026-08-13 11:10:29,765 | [92mINFO[0m: [92mSpawnProcess-1:145 search 30s: actual_dur=30.0036s, count=840, qps in this process: 27.9966[0m (mp_runner.py:161) (126697)
2026-08-13 11:10:29,767 | [92mINFO[0m: [92mSpawnProcess-1:125 search 30s: actual_dur=30.0212s, count=878, qps in this process: 29.246[0m (mp_runner.py:161) (126677)
2026-08-13 11:10:29,775 | [92mINFO[0m: [92mSpawnProcess-1:173 search 30s: actual_dur=30.0155s, count=916, qps in this process: 30.5176[0m (mp_runner.py:161) (126725)
2026-08-13 11:10:29,777 | [92mINFO[0m: [92mSpawnProcess-1:124 search 30s: actual_dur=30.0029s, count=955, qps in this process: 31.8303[0m (mp_runner.py:161) (126676)
2026-08-13 11:10:29,778 | [92mINFO[0m: [92mSpawnProcess-1:170 search 30s: actual_dur=30.0039s, count=902, qps in this process: 30.0628[0m (mp_runner.py:161) (126722)
2026-08-13 11:10:29,786 | [92mINFO[0m: [92mSpawnProcess-1:151 search 30s: actual_dur=30.0402s, count=897, qps in this process: 29.86[0m (mp_runner.py:161) (126703)
2026-08-13 11:10:29,788 | [92mINFO[0m: [92mSpawnProcess-1:162 search 30s: actual_dur=30.0109s, count=904, qps in this process: 30.1224[0m (mp_runner.py:161) (126714)
2026-08-13 11:10:29,793 | [92mINFO[0m: [92mSpawnProcess-1:127 search 30s: actual_dur=30.0044s, count=960, qps in this process: 31.9953[0m (mp_runner.py:161) (126679)
2026-08-13 11:10:29,794 | [92mINFO[0m: [92mSpawnProcess-1:141 search 30s: actual_dur=30.0296s, count=850, qps in this process: 28.3054[0m (mp_runner.py:161) (126693)
2026-08-13 11:10:29,802 | [92mINFO[0m: [92mSpawnProcess-1:155 search 30s: actual_dur=30.0081s, count=836, qps in this process: 27.8591[0m (mp_runner.py:161) (126707)
2026-08-13 11:10:29,804 | [92mINFO[0m: [92mSpawnProcess-1:171 search 30s: actual_dur=30.028s, count=850, qps in this process: 28.3069[0m (mp_runner.py:161) (126723)
2026-08-13 11:10:29,804 | [92mINFO[0m: [92mSpawnProcess-1:133 search 30s: actual_dur=30.0245s, count=893, qps in this process: 29.7424[0m (mp_runner.py:161) (126685)
2026-08-13 11:10:29,806 | [92mINFO[0m: [92mSpawnProcess-1:168 search 30s: actual_dur=30.0324s, count=1000, qps in this process: 33.2974[0m (mp_runner.py:161) (126720)
2026-08-13 11:10:29,811 | [92mINFO[0m: [92mSpawnProcess-1:161 search 30s: actual_dur=30.0038s, count=833, qps in this process: 27.7632[0m (mp_runner.py:161) (126713)
2026-08-13 11:10:29,813 | [92mINFO[0m: [92mSpawnProcess-1:120 search 30s: actual_dur=30.0121s, count=952, qps in this process: 31.7205[0m (mp_runner.py:161) (126672)
2026-08-13 11:10:29,814 | [92mINFO[0m: [92mSpawnProcess-1:123 search 30s: actual_dur=30.0278s, count=873, qps in this process: 29.0731[0m (mp_runner.py:161) (126675)
2026-08-13 11:10:29,817 | [92mINFO[0m: [92mSpawnProcess-1:134 search 30s: actual_dur=30.0038s, count=995, qps in this process: 33.1625[0m (mp_runner.py:161) (126686)
2026-08-13 11:10:29,819 | [92mINFO[0m: [92mSpawnProcess-1:114 search 30s: actual_dur=30.0099s, count=843, qps in this process: 28.0907[0m (mp_runner.py:161) (126664)
2026-08-13 11:10:29,825 | [92mINFO[0m: [92mSpawnProcess-1:149 search 30s: actual_dur=30.0066s, count=922, qps in this process: 30.7266[0m (mp_runner.py:161) (126701)
2026-08-13 11:10:29,830 | [92mINFO[0m: [92mSpawnProcess-1:142 search 30s: actual_dur=30.012s, count=795, qps in this process: 26.4894[0m (mp_runner.py:161) (126694)
2026-08-13 11:10:29,830 | [92mINFO[0m: [92mSpawnProcess-1:164 search 30s: actual_dur=30.0433s, count=835, qps in this process: 27.7932[0m (mp_runner.py:161) (126716)
2026-08-13 11:10:29,836 | [92mINFO[0m: [92mSpawnProcess-1:115 search 30s: actual_dur=30.0145s, count=891, qps in this process: 29.6857[0m (mp_runner.py:161) (126667)
2026-08-13 11:10:29,838 | [92mINFO[0m: [92mSpawnProcess-1:132 search 30s: actual_dur=30.0109s, count=932, qps in this process: 31.0554[0m (mp_runner.py:161) (126684)
2026-08-13 11:10:29,840 | [92mINFO[0m: [92mSpawnProcess-1:138 search 30s: actual_dur=30.0214s, count=781, qps in this process: 26.0148[0m (mp_runner.py:161) (126690)
2026-08-13 11:10:29,840 | [92mINFO[0m: [92mSpawnProcess-1:165 search 30s: actual_dur=30.0041s, count=860, qps in this process: 28.6627[0m (mp_runner.py:161) (126717)
2026-08-13 11:10:29,840 | [92mINFO[0m: [92mSpawnProcess-1:117 search 30s: actual_dur=30.0019s, count=843, qps in this process: 28.0982[0m (mp_runner.py:161) (126669)
2026-08-13 11:10:29,843 | [92mINFO[0m: [92mSpawnProcess-1:160 search 30s: actual_dur=30.004s, count=851, qps in this process: 28.3629[0m (mp_runner.py:161) (126712)
2026-08-13 11:10:29,853 | [92mINFO[0m: [92mSpawnProcess-1:154 search 30s: actual_dur=30.0227s, count=897, qps in this process: 29.8774[0m (mp_runner.py:161) (126706)
2026-08-13 11:10:29,855 | [92mINFO[0m: [92mSpawnProcess-1:131 search 30s: actual_dur=30.0171s, count=865, qps in this process: 28.8169[0m (mp_runner.py:161) (126683)
2026-08-13 11:10:29,858 | [92mINFO[0m: [92mSpawnProcess-1:143 search 30s: actual_dur=30.0122s, count=806, qps in this process: 26.8557[0m (mp_runner.py:161) (126695)
2026-08-13 11:10:29,860 | [92mINFO[0m: [92mSpawnProcess-1:126 search 30s: actual_dur=30.0508s, count=912, qps in this process: 30.3486[0m (mp_runner.py:161) (126678)
2026-08-13 11:10:29,874 | [92mINFO[0m: [92mSpawnProcess-1:136 search 30s: actual_dur=30.0164s, count=1042, qps in this process: 34.7144[0m (mp_runner.py:161) (126688)
2026-08-13 11:10:29,876 | [92mINFO[0m: [92mSpawnProcess-1:144 search 30s: actual_dur=30.0181s, count=754, qps in this process: 25.1182[0m (mp_runner.py:161) (126696)
2026-08-13 11:10:29,877 | [92mINFO[0m: [92mSpawnProcess-1:139 search 30s: actual_dur=30.015s, count=1030, qps in this process: 34.3162[0m (mp_runner.py:161) (126691)
2026-08-13 11:10:29,877 | [92mINFO[0m: [92mSpawnProcess-1:167 search 30s: actual_dur=30.0004s, count=977, qps in this process: 32.5662[0m (mp_runner.py:161) (126719)
2026-08-13 11:10:29,882 | [92mINFO[0m: [92mSpawnProcess-1:146 search 30s: actual_dur=30.0105s, count=948, qps in this process: 31.5889[0m (mp_runner.py:161) (126698)
2026-08-13 11:10:29,882 | [92mINFO[0m: [92mSpawnProcess-1:129 search 30s: actual_dur=30.0283s, count=866, qps in this process: 28.8395[0m (mp_runner.py:161) (126681)
2026-08-13 11:10:29,886 | [92mINFO[0m: [92mSpawnProcess-1:135 search 30s: actual_dur=30.0155s, count=891, qps in this process: 29.6847[0m (mp_runner.py:161) (126687)
2026-08-13 11:10:29,891 | [92mINFO[0m: [92mSpawnProcess-1:152 search 30s: actual_dur=30.0004s, count=882, qps in this process: 29.3996[0m (mp_runner.py:161) (126704)
2026-08-13 11:10:29,896 | [92mINFO[0m: [92mSpawnProcess-1:163 search 30s: actual_dur=30.0062s, count=942, qps in this process: 31.3935[0m (mp_runner.py:161) (126715)
2026-08-13 11:10:29,904 | [92mINFO[0m: [92mSpawnProcess-1:158 search 30s: actual_dur=30.0024s, count=972, qps in this process: 32.3974[0m (mp_runner.py:161) (126710)
2026-08-13 11:10:29,904 | [92mINFO[0m: [92mSpawnProcess-1:130 search 30s: actual_dur=30.0139s, count=830, qps in this process: 27.6539[0m (mp_runner.py:161) (126682)
2026-08-13 11:10:29,905 | [92mINFO[0m: [92mSpawnProcess-1:157 search 30s: actual_dur=30.0053s, count=936, qps in this process: 31.1945[0m (mp_runner.py:161) (126709)
2026-08-13 11:10:29,912 | [92mINFO[0m: [92mSpawnProcess-1:147 search 30s: actual_dur=30.0106s, count=849, qps in this process: 28.29[0m (mp_runner.py:161) (126699)
2026-08-13 11:10:29,915 | [92mINFO[0m: [92mSpawnProcess-1:169 search 30s: actual_dur=30.0055s, count=895, qps in this process: 29.8279[0m (mp_runner.py:161) (126721)
2026-08-13 11:10:29,920 | [92mINFO[0m: [92mSpawnProcess-1:119 search 30s: actual_dur=30.0028s, count=881, qps in this process: 29.3639[0m (mp_runner.py:161) (126671)
2026-08-13 11:10:29,920 | [92mINFO[0m: [92mSpawnProcess-1:140 search 30s: actual_dur=30.0029s, count=901, qps in this process: 30.0304[0m (mp_runner.py:161) (126692)
2026-08-13 11:10:29,926 | [92mINFO[0m: [92mSpawnProcess-1:153 search 30s: actual_dur=30.0039s, count=860, qps in this process: 28.6629[0m (mp_runner.py:161) (126705)
2026-08-13 11:10:29,929 | [92mINFO[0m: [92mSpawnProcess-1:159 search 30s: actual_dur=30.0033s, count=866, qps in this process: 28.8635[0m (mp_runner.py:161) (126711)
2026-08-13 11:10:29,930 | [92mINFO[0m: [92mSpawnProcess-1:116 search 30s: actual_dur=30.0122s, count=805, qps in this process: 26.8224[0m (mp_runner.py:161) (126668)
2026-08-13 11:10:29,930 | [92mINFO[0m: [92mSpawnProcess-1:150 search 30s: actual_dur=30.0046s, count=838, qps in this process: 27.9291[0m (mp_runner.py:161) (126702)
2026-08-13 11:10:29,930 | [92mINFO[0m: [92mSpawnProcess-1:166 search 30s: actual_dur=30.0046s, count=1001, qps in this process: 33.3616[0m (mp_runner.py:161) (126718)
2026-08-13 11:10:29,931 | [92mINFO[0m: [92mSpawnProcess-1:172 search 30s: actual_dur=30.0049s, count=926, qps in this process: 30.8616[0m (mp_runner.py:161) (126724)
2026-08-13 11:10:29,957 | [92mINFO[0m: [92mSpawnProcess-1:137 search 30s: actual_dur=30.0036s, count=882, qps in this process: 29.3965[0m (mp_runner.py:161) (126689)
2026-08-13 11:10:29,961 | [92mINFO[0m: [92mSpawnProcess-1:156 search 30s: actual_dur=30.0027s, count=868, qps in this process: 28.9307[0m (mp_runner.py:161) (126708)
2026-08-13 11:10:29,975 | [92mINFO[0m: [92mEnd search in concurrency 60: dur=30.288845758000207s, total_count=53467, qps=1765.2373[0m (mp_runner.py:212) (119049)
2026-08-13 11:10:32,857 | [92mINFO[0m: [92mStart search 30s in concurrency 80, filters: type=<FilterOp.NonFilter: 'NonFilter'> filter_rate=0.0 gt_file_name='neighbors.parquet'[0m (mp_runner.py:189) (119049)
2026-08-13 11:10:44,055 | [92mINFO[0m: [92mSyncing all process and start concurrency search, concurrency=80[0m (mp_runner.py:196) (119049)
2026-08-13 11:11:14,098 | [92mINFO[0m: [92mSpawnProcess-1:187 search 30s: actual_dur=30.0132s, count=645, qps in this process: 21.4905[0m (mp_runner.py:161) (128857)
2026-08-13 11:11:14,098 | [92mINFO[0m: [92mSpawnProcess-1:176 search 30s: actual_dur=30.005s, count=629, qps in this process: 20.9632[0m (mp_runner.py:161) (128846)
2026-08-13 11:11:14,098 | [92mINFO[0m: [92mSpawnProcess-1:182 search 30s: actual_dur=30.0152s, count=636, qps in this process: 21.1893[0m (mp_runner.py:161) (128852)
2026-08-13 11:11:14,121 | [92mINFO[0m: [92mSpawnProcess-1:239 search 30s: actual_dur=30.0255s, count=842, qps in this process: 28.0428[0m (mp_runner.py:161) (128909)
2026-08-13 11:11:14,124 | [92mINFO[0m: [92mSpawnProcess-1:181 search 30s: actual_dur=30.0236s, count=674, qps in this process: 22.449[0m (mp_runner.py:161) (128851)
2026-08-13 11:11:14,126 | [92mINFO[0m: [92mSpawnProcess-1:200 search 30s: actual_dur=30.0094s, count=598, qps in this process: 19.9271[0m (mp_runner.py:161) (128870)
2026-08-13 11:11:14,134 | [92mINFO[0m: [92mSpawnProcess-1:185 search 30s: actual_dur=30.0175s, count=730, qps in this process: 24.3191[0m (mp_runner.py:161) (128855)
2026-08-13 11:11:14,134 | [92mINFO[0m: [92mSpawnProcess-1:242 search 30s: actual_dur=30.0027s, count=665, qps in this process: 22.1647[0m (mp_runner.py:161) (128912)
2026-08-13 11:11:14,136 | [92mINFO[0m: [92mSpawnProcess-1:212 search 30s: actual_dur=30.0367s, count=649, qps in this process: 21.6069[0m (mp_runner.py:161) (128882)
2026-08-13 11:11:14,138 | [92mINFO[0m: [92mSpawnProcess-1:235 search 30s: actual_dur=30.0329s, count=619, qps in this process: 20.6107[0m (mp_runner.py:161) (128905)
2026-08-13 11:11:14,139 | [92mINFO[0m: [92mSpawnProcess-1:199 search 30s: actual_dur=30.0222s, count=710, qps in this process: 23.6492[0m (mp_runner.py:161) (128869)
2026-08-13 11:11:14,154 | [92mINFO[0m: [92mSpawnProcess-1:238 search 30s: actual_dur=30.0047s, count=610, qps in this process: 20.3301[0m (mp_runner.py:161) (128908)
2026-08-13 11:11:14,161 | [92mINFO[0m: [92mSpawnProcess-1:248 search 30s: actual_dur=30.0083s, count=673, qps in this process: 22.4271[0m (mp_runner.py:161) (128918)
2026-08-13 11:11:14,162 | [92mINFO[0m: [92mSpawnProcess-1:193 search 30s: actual_dur=30.0248s, count=618, qps in this process: 20.583[0m (mp_runner.py:161) (128863)
2026-08-13 11:11:14,162 | [92mINFO[0m: [92mSpawnProcess-1:233 search 30s: actual_dur=30.0154s, count=669, qps in this process: 22.2886[0m (mp_runner.py:161) (128903)
2026-08-13 11:11:14,169 | [92mINFO[0m: [92mSpawnProcess-1:209 search 30s: actual_dur=30.0003s, count=660, qps in this process: 21.9998[0m (mp_runner.py:161) (128879)
2026-08-13 11:11:14,170 | [92mINFO[0m: [92mSpawnProcess-1:244 search 30s: actual_dur=30.0017s, count=645, qps in this process: 21.4988[0m (mp_runner.py:161) (128914)
2026-08-13 11:11:14,174 | [92mINFO[0m: [92mSpawnProcess-1:180 search 30s: actual_dur=30.057s, count=699, qps in this process: 23.2558[0m (mp_runner.py:161) (128850)
2026-08-13 11:11:14,175 | [92mINFO[0m: [92mSpawnProcess-1:202 search 30s: actual_dur=30.0666s, count=584, qps in this process: 19.4235[0m (mp_runner.py:161) (128872)
2026-08-13 11:11:14,178 | [92mINFO[0m: [92mSpawnProcess-1:216 search 30s: actual_dur=30.0077s, count=647, qps in this process: 21.5611[0m (mp_runner.py:161) (128886)
2026-08-13 11:11:14,180 | [92mINFO[0m: [92mSpawnProcess-1:221 search 30s: actual_dur=30.0009s, count=979, qps in this process: 32.6324[0m (mp_runner.py:161) (128891)
2026-08-13 11:11:14,188 | [92mINFO[0m: [92mSpawnProcess-1:195 search 30s: actual_dur=30.0191s, count=694, qps in this process: 23.1186[0m (mp_runner.py:161) (128865)
2026-08-13 11:11:14,192 | [92mINFO[0m: [92mSpawnProcess-1:197 search 30s: actual_dur=30.0009s, count=505, qps in this process: 16.8328[0m (mp_runner.py:161) (128867)
2026-08-13 11:11:14,194 | [92mINFO[0m: [92mSpawnProcess-1:210 search 30s: actual_dur=30.0139s, count=724, qps in this process: 24.1222[0m (mp_runner.py:161) (128880)
2026-08-13 11:11:14,196 | [92mINFO[0m: [92mSpawnProcess-1:236 search 30s: actual_dur=30.0296s, count=710, qps in this process: 23.6433[0m (mp_runner.py:161) (128906)
2026-08-13 11:11:14,197 | [92mINFO[0m: [92mSpawnProcess-1:231 search 30s: actual_dur=30.0278s, count=602, qps in this process: 20.0481[0m (mp_runner.py:161) (128901)
2026-08-13 11:11:14,199 | [92mINFO[0m: [92mSpawnProcess-1:234 search 30s: actual_dur=30.0525s, count=598, qps in this process: 19.8985[0m (mp_runner.py:161) (128904)
2026-08-13 11:11:14,206 | [92mINFO[0m: [92mSpawnProcess-1:240 search 30s: actual_dur=30.0237s, count=590, qps in this process: 19.6511[0m (mp_runner.py:161) (128910)
2026-08-13 11:11:14,217 | [92mINFO[0m: [92mSpawnProcess-1:230 search 30s: actual_dur=30.0174s, count=597, qps in this process: 19.8885[0m (mp_runner.py:161) (128900)
2026-08-13 11:11:14,225 | [92mINFO[0m: [92mSpawnProcess-1:189 search 30s: actual_dur=30.0598s, count=696, qps in this process: 23.1538[0m (mp_runner.py:161) (128859)
2026-08-13 11:11:14,231 | [92mINFO[0m: [92mSpawnProcess-1:218 search 30s: actual_dur=30.0176s, count=979, qps in this process: 32.6142[0m (mp_runner.py:161) (128888)
2026-08-13 11:11:14,239 | [92mINFO[0m: [92mSpawnProcess-1:203 search 30s: actual_dur=30.0024s, count=574, qps in this process: 19.1318[0m (mp_runner.py:161) (128873)
2026-08-13 11:11:14,242 | [92mINFO[0m: [92mSpawnProcess-1:241 search 30s: actual_dur=30.0032s, count=624, qps in this process: 20.7978[0m (mp_runner.py:161) (128911)
2026-08-13 11:11:14,245 | [92mINFO[0m: [92mSpawnProcess-1:191 search 30s: actual_dur=30.0113s, count=659, qps in this process: 21.9584[0m (mp_runner.py:161) (128861)
2026-08-13 11:11:14,246 | [92mINFO[0m: [92mSpawnProcess-1:188 search 30s: actual_dur=30.0068s, count=704, qps in this process: 23.4613[0m (mp_runner.py:161) (128858)
2026-08-13 11:11:14,249 | [92mINFO[0m: [92mSpawnProcess-1:224 search 30s: actual_dur=30.0298s, count=742, qps in this process: 24.7088[0m (mp_runner.py:161) (128894)
2026-08-13 11:11:14,253 | [92mINFO[0m: [92mSpawnProcess-1:229 search 30s: actual_dur=30.0113s, count=613, qps in this process: 20.4256[0m (mp_runner.py:161) (128899)
2026-08-13 11:11:14,258 | [92mINFO[0m: [92mSpawnProcess-1:196 search 30s: actual_dur=30.0271s, count=602, qps in this process: 20.0486[0m (mp_runner.py:161) (128866)
2026-08-13 11:11:14,259 | [92mINFO[0m: [92mSpawnProcess-1:183 search 30s: actual_dur=30.0167s, count=580, qps in this process: 19.3226[0m (mp_runner.py:161) (128853)
2026-08-13 11:11:14,259 | [92mINFO[0m: [92mSpawnProcess-1:190 search 30s: actual_dur=30.0137s, count=900, qps in this process: 29.9863[0m (mp_runner.py:161) (128860)
2026-08-13 11:11:14,266 | [92mINFO[0m: [92mSpawnProcess-1:177 search 30s: actual_dur=30.0052s, count=795, qps in this process: 26.4954[0m (mp_runner.py:161) (128847)
2026-08-13 11:11:14,278 | [92mINFO[0m: [92mSpawnProcess-1:208 search 30s: actual_dur=30.0181s, count=597, qps in this process: 19.888[0m (mp_runner.py:161) (128878)
2026-08-13 11:11:14,280 | [92mINFO[0m: [92mSpawnProcess-1:252 search 30s: actual_dur=30.0186s, count=612, qps in this process: 20.3874[0m (mp_runner.py:161) (128926)
2026-08-13 11:11:14,294 | [92mINFO[0m: [92mSpawnProcess-1:201 search 30s: actual_dur=30.0152s, count=758, qps in this process: 25.2539[0m (mp_runner.py:161) (128871)
2026-08-13 11:11:14,294 | [92mINFO[0m: [92mSpawnProcess-1:198 search 30s: actual_dur=30.0204s, count=834, qps in this process: 27.7811[0m (mp_runner.py:161) (128868)
2026-08-13 11:11:14,310 | [92mINFO[0m: [92mSpawnProcess-1:227 search 30s: actual_dur=30.016s, count=666, qps in this process: 22.1882[0m (mp_runner.py:161) (128897)
2026-08-13 11:11:14,317 | [92mINFO[0m: [92mSpawnProcess-1:243 search 30s: actual_dur=30.0039s, count=673, qps in this process: 22.4304[0m (mp_runner.py:161) (128913)
2026-08-13 11:11:14,323 | [92mINFO[0m: [92mSpawnProcess-1:245 search 30s: actual_dur=30.0212s, count=669, qps in this process: 22.2843[0m (mp_runner.py:161) (128915)
2026-08-13 11:11:14,326 | [92mINFO[0m: [92mSpawnProcess-1:214 search 30s: actual_dur=30.0151s, count=688, qps in this process: 22.9218[0m (mp_runner.py:161) (128884)
2026-08-13 11:11:14,328 | [92mINFO[0m: [92mSpawnProcess-1:213 search 30s: actual_dur=30.0224s, count=663, qps in this process: 22.0835[0m (mp_runner.py:161) (128883)
2026-08-13 11:11:14,330 | [92mINFO[0m: [92mSpawnProcess-1:184 search 30s: actual_dur=30.0122s, count=801, qps in this process: 26.6891[0m (mp_runner.py:161) (128854)
2026-08-13 11:11:14,356 | [92mINFO[0m: [92mSpawnProcess-1:192 search 30s: actual_dur=30.0022s, count=677, qps in this process: 22.565[0m (mp_runner.py:161) (128862)
2026-08-13 11:11:14,357 | [92mINFO[0m: [92mSpawnProcess-1:250 search 30s: actual_dur=30.0059s, count=646, qps in this process: 21.5291[0m (mp_runner.py:161) (128920)
2026-08-13 11:11:14,366 | [92mINFO[0m: [92mSpawnProcess-1:226 search 30s: actual_dur=30.0069s, count=607, qps in this process: 20.2287[0m (mp_runner.py:161) (128896)
2026-08-13 11:11:14,377 | [92mINFO[0m: [92mSpawnProcess-1:175 search 30s: actual_dur=30.0153s, count=608, qps in this process: 20.2563[0m (mp_runner.py:161) (128843)
2026-08-13 11:11:14,385 | [92mINFO[0m: [92mSpawnProcess-1:219 search 30s: actual_dur=30.0189s, count=645, qps in this process: 21.4865[0m (mp_runner.py:161) (128889)
2026-08-13 11:11:14,390 | [92mINFO[0m: [92mSpawnProcess-1:194 search 30s: actual_dur=30.0005s, count=808, qps in this process: 26.9329[0m (mp_runner.py:161) (128864)
2026-08-13 11:11:14,394 | [92mINFO[0m: [92mSpawnProcess-1:232 search 30s: actual_dur=30.0003s, count=657, qps in this process: 21.8998[0m (mp_runner.py:161) (128902)
2026-08-13 11:11:14,394 | [92mINFO[0m: [92mSpawnProcess-1:228 search 30s: actual_dur=30.0288s, count=673, qps in this process: 22.4118[0m (mp_runner.py:161) (128898)
2026-08-13 11:11:14,397 | [92mINFO[0m: [92mSpawnProcess-1:251 search 30s: actual_dur=30.0114s, count=591, qps in this process: 19.6925[0m (mp_runner.py:161) (128921)
2026-08-13 11:11:14,399 | [92mINFO[0m: [92mSpawnProcess-1:179 search 30s: actual_dur=30.0038s, count=697, qps in this process: 23.2304[0m (mp_runner.py:161) (128849)
2026-08-13 11:11:14,424 | [92mINFO[0m: [92mSpawnProcess-1:211 search 30s: actual_dur=30.0061s, count=572, qps in this process: 19.0628[0m (mp_runner.py:161) (128881)
2026-08-13 11:11:14,435 | [92mINFO[0m: [92mSpawnProcess-1:205 search 30s: actual_dur=30.0015s, count=638, qps in this process: 21.2656[0m (mp_runner.py:161) (128875)
2026-08-13 11:11:14,436 | [92mINFO[0m: [92mSpawnProcess-1:206 search 30s: actual_dur=30.0094s, count=676, qps in this process: 22.5263[0m (mp_runner.py:161) (128876)
2026-08-13 11:11:14,438 | [92mINFO[0m: [92mSpawnProcess-1:207 search 30s: actual_dur=30.0057s, count=593, qps in this process: 19.7629[0m (mp_runner.py:161) (128877)
2026-08-13 11:11:14,442 | [92mINFO[0m: [92mSpawnProcess-1:217 search 30s: actual_dur=30.006s, count=626, qps in this process: 20.8625[0m (mp_runner.py:161) (128887)
2026-08-13 11:11:14,444 | [92mINFO[0m: [92mSpawnProcess-1:246 search 30s: actual_dur=30.0069s, count=675, qps in this process: 22.4948[0m (mp_runner.py:161) (128916)
2026-08-13 11:11:14,445 | [92mINFO[0m: [92mSpawnProcess-1:253 search 30s: actual_dur=30.0034s, count=601, qps in this process: 20.0311[0m (mp_runner.py:161) (128944)
2026-08-13 11:11:14,447 | [92mINFO[0m: [92mSpawnProcess-1:222 search 30s: actual_dur=30.0128s, count=532, qps in this process: 17.7258[0m (mp_runner.py:161) (128892)
2026-08-13 11:11:14,457 | [92mINFO[0m: [92mSpawnProcess-1:247 search 30s: actual_dur=30.0068s, count=718, qps in this process: 23.9279[0m (mp_runner.py:161) (128917)
2026-08-13 11:11:14,459 | [92mINFO[0m: [92mSpawnProcess-1:220 search 30s: actual_dur=30.0018s, count=625, qps in this process: 20.8321[0m (mp_runner.py:161) (128890)
2026-08-13 11:11:14,460 | [92mINFO[0m: [92mSpawnProcess-1:237 search 30s: actual_dur=30.008s, count=770, qps in this process: 25.6598[0m (mp_runner.py:161) (128907)
2026-08-13 11:11:14,460 | [92mINFO[0m: [92mSpawnProcess-1:186 search 30s: actual_dur=30.0028s, count=608, qps in this process: 20.2648[0m (mp_runner.py:161) (128856)
2026-08-13 11:11:14,461 | [92mINFO[0m: [92mSpawnProcess-1:223 search 30s: actual_dur=30.0034s, count=528, qps in this process: 17.598[0m (mp_runner.py:161) (128893)
2026-08-13 11:11:14,465 | [92mINFO[0m: [92mSpawnProcess-1:249 search 30s: actual_dur=30.0073s, count=719, qps in this process: 23.9608[0m (mp_runner.py:161) (128919)
2026-08-13 11:11:14,469 | [92mINFO[0m: [92mSpawnProcess-1:204 search 30s: actual_dur=30.0029s, count=929, qps in this process: 30.9637[0m (mp_runner.py:161) (128874)
2026-08-13 11:11:14,470 | [92mINFO[0m: [92mSpawnProcess-1:225 search 30s: actual_dur=30.0002s, count=615, qps in this process: 20.4999[0m (mp_runner.py:161) (128895)
2026-08-13 11:11:14,482 | [92mINFO[0m: [92mSpawnProcess-1:254 search 30s: actual_dur=30.0043s, count=731, qps in this process: 24.3632[0m (mp_runner.py:161) (128948)
2026-08-13 11:11:14,520 | [92mINFO[0m: [92mSpawnProcess-1:215 search 30s: actual_dur=30.0027s, count=549, qps in this process: 18.2984[0m (mp_runner.py:161) (128885)
2026-08-13 11:11:14,540 | [92mINFO[0m: [92mSpawnProcess-1:178 search 30s: actual_dur=30.0024s, count=642, qps in this process: 21.3983[0m (mp_runner.py:161) (128848)
2026-08-13 11:11:14,552 | [92mINFO[0m: [92mEnd search in concurrency 80: dur=30.49664684299978s, total_count=53586, qps=1757.1112[0m (mp_runner.py:212) (119049)
2026-08-13 11:11:17,033 | [92mINFO[0m: [92mSpawnProcess-1 start serial search[0m (serial_runner.py:296) (119049)
2026-08-13 11:11:17,963 | [92mINFO[0m: [92mSpawnProcess-1:255 start search the entire test_data to get recall and latency[0m (serial_runner.py:209) (131683)
2026-08-13 11:11:41,546 | [92mINFO[0m: [92mSpawnProcess-1:255 search entire test_data: cost=23.2859s, queries=6980, avg_recall=0.8464, avg_ndcg=0.7351, avg_mrr=0.7034, avg_latency=0.0033, p99=0.0043, p95=0.0039[0m (serial_runner.py:264) (131683)
2026-08-13 11:11:41,800 | [92mINFO[0m: [92mPerformance case got result: Metric(max_load_count=0, insert_duration=25.3588, optimize_duration=3.5015, load_duration=28.8603, qps=1794.0335, serial_latency_p99=np.float64(0.0043), serial_latency_p95=np.float64(0.0039), recall=np.float64(0.8464), ndcg=np.float64(0.7351), mrr=np.float64(0.7034), conc_num_list=[1, 5, 10, 20, 30, 40, 60, 80], conc_qps_list=[315.8565, 1164.954, 1587.1017, 1794.0335, 1793.3344, 1781.3608, 1765.2373, 1757.1112], conc_latency_p99_list=[np.float64(0.004116696140163186), np.float64(0.006443195240226488), np.float64(0.008619953540082865), np.float64(0.024315378240116852), np.float64(0.03782126886000696), np.float64(0.0557114929997806), np.float64(0.07692155113994885), np.float64(0.10713500504994049)], conc_latency_p95_list=[np.float64(0.00375346034982158), np.float64(0.005910485400090693), np.float64(0.007841868900004555), np.float64(0.01910973999974885), np.float64(0.028209268399768908), np.float64(0.04247806280036456), np.float64(0.06119916180018662), np.float64(0.08399149725005373)], conc_latency_avg_list=[np.float64(0.0031618850351178437), np.float64(0.00428378015939283), np.float64(0.0062867709602733276), np.float64(0.011100198274057942), np.float64(0.01663368023944939), np.float64(0.022292950393785142), np.float64(0.03367192450848221), np.float64(0.0448007675394513)], payload_profile='ids_only', payload_estimated_bytes_per_query=200, inserted_count=100000, insert_rows_per_second=0.0, insert_completion_seconds=0.0, searchable_after_insert_seconds=0.0, indexed_after_searchable_seconds=0.0, additional_parameters={'num_per_batch': 100, 'load_concurrency': 0}, st_ideal_insert_duration=0, st_search_stage_list=[], st_search_time_list=[], st_max_qps_list_list=[], st_recall_list=[], st_ndcg_list=[], st_serial_latency_p99_list=[], st_serial_latency_p95_list=[], st_conc_failed_rate_list=[], st_conc_num_list_list=[], st_conc_qps_list_list=[], st_conc_latency_p99_list_list=[], st_conc_latency_p95_list_list=[], st_conc_latency_avg_list_list=[])[0m (task_runner.py:383) (119049)
2026-08-13 11:11:41,800 | [92mINFO[0m: [92m[1/1] finish case: {'label': <CaseLabel.FullTextSearchPerformance: 6>, 'name': 'FTS BM25 Performance - MS MARCO Small (100K documents)', 'dataset': {'data': {'name': 'MS MARCO', 'size': 100000, 'metric_type': <MetricType.BM25: 'BM25'>}}, 'db': 'TheoDB-theodb-b044'}, result=Metric(max_load_count=0, insert_duration=25.3588, optimize_duration=3.5015, load_duration=28.8603, qps=1794.0335, serial_latency_p99=np.float64(0.0043), serial_latency_p95=np.float64(0.0039), recall=np.float64(0.8464), ndcg=np.float64(0.7351), mrr=np.float64(0.7034), conc_num_list=[1, 5, 10, 20, 30, 40, 60, 80], conc_qps_list=[315.8565, 1164.954, 1587.1017, 1794.0335, 1793.3344, 1781.3608, 1765.2373, 1757.1112], conc_latency_p99_list=[np.float64(0.004116696140163186), np.float64(0.006443195240226488), np.float64(0.008619953540082865), np.float64(0.024315378240116852), np.float64(0.03782126886000696), np.float64(0.0557114929997806), np.float64(0.07692155113994885), np.float64(0.10713500504994049)], conc_latency_p95_list=[np.float64(0.00375346034982158), np.float64(0.005910485400090693), np.float64(0.007841868900004555), np.float64(0.01910973999974885), np.float64(0.028209268399768908), np.float64(0.04247806280036456), np.float64(0.06119916180018662), np.float64(0.08399149725005373)], conc_latency_avg_list=[np.float64(0.0031618850351178437), np.float64(0.00428378015939283), np.float64(0.0062867709602733276), np.float64(0.011100198274057942), np.float64(0.01663368023944939), np.float64(0.022292950393785142), np.float64(0.03367192450848221), np.float64(0.0448007675394513)], payload_profile='ids_only', payload_estimated_bytes_per_query=200, inserted_count=100000, insert_rows_per_second=0.0, insert_completion_seconds=0.0, searchable_after_insert_seconds=0.0, indexed_after_searchable_seconds=0.0, additional_parameters={'num_per_batch': 100, 'load_concurrency': 0}, st_ideal_insert_duration=0, st_search_stage_list=[], st_search_time_list=[], st_max_qps_list_list=[], st_recall_list=[], st_ndcg_list=[], st_serial_latency_p99_list=[], st_serial_latency_p95_list=[], st_conc_failed_rate_list=[], st_conc_num_list_list=[], st_conc_qps_list_list=[], st_conc_latency_p99_list_list=[], st_conc_latency_p95_list_list=[], st_conc_latency_avg_list_list=[]), label=ResultLabel.NORMAL[0m (interface.py:187) (119049)
2026-08-13 11:11:41,801 | INFO |Task summary: run_id=c3504, task_label=c350463a66b34bab9c7ab34c62d8f311 (models.py:569)
2026-08-13 11:11:41,801 | INFO |DB     | db_label       case                                                   label                            | load_dur    qps          latency(p99)    latency(p95)    recall        max_load_count | label (models.py:569)
2026-08-13 11:11:41,801 | INFO |------ | -------------- ------------------------------------------------------ -------------------------------- | ----------- ------------ --------------- --------------- ------------- -------------- | ----- (models.py:569)
2026-08-13 11:11:41,801 | INFO |TheoDB | theodb-b044    FTS BM25 Performance - MS MARCO Small (100K documents) c350463a66b34bab9c7ab34c62d8f311 | 28.8603     1794.0335    0.0043          0.0039          0.8464        0              | :)    (models.py:569)
2026-08-13 11:11:41,801 | [92mINFO[0m: [92mwrite results to disk /root/b047/venv/lib/python3.11/site-packages/vectordb_bench/results/TheoDB/result_20260813_c350463a66b34bab9c7ab34c62d8f311_theodb.json[0m (models.py:400) (119049)
2026-08-13 11:11:41,802 | [92mINFO[0m: [92mSuccess to finish task: label=c350463a66b34bab9c7ab34c62d8f311, run_id=c350463a66b34bab9c7ab34c62d8f311[0m (interface.py:224) (119049)
