+ export PGPORT=28817 PGUSER=theo PGHOST=localhost
+ PGPORT=28817
+ PGUSER=theo
+ PGHOST=localhost
+ export PATH=/home/theo/.pgrx/17.10/pgrx-install/bin:/usr/local/sbin:/usr/local/bin:/usr/sbin:/usr/bin:/sbin:/bin:/usr/games:/usr/local/games:/snap/bin
+ PATH=/home/theo/.pgrx/17.10/pgrx-install/bin:/usr/local/sbin:/usr/local/bin:/usr/sbin:/usr/bin:/sbin:/bin:/usr/games:/usr/local/games:/snap/bin
+ cd /home/theo/theo-db/benchmarks
+ N=1000000
+ DIM=128
+ CLIENTS=8
+ SECS=15
+ OUT=/home/theo/m72out
+ mkdir -p /home/theo/m72out
+ GRID=(['theodb']='150 250 400' ['pgvector']='80 120 200')
+ declare -A GRID
+ for ENG in theodb pgvector
+ for EF in ${GRID[$ENG]}
+ for RUN in 1 2 3
++ date +%H:%M:%S
+ echo '### theodb ef=150 run=1 18:38:10'
### theodb ef=150 run=1 18:38:10
+ python3 run_m72_multiclient.py --engine theodb --n 1000000 --dim 128 --clients 8 --ef 150 --secs 15 --out /home/theo/m72out/theodb_ef150_r1.json
+ tail -2
M72 theodb: 8 clients, ef=150, recall=0.917 → QPS_agg=597.2 p50=13.606 p95=16.166 p99=18.381ms
+ for RUN in 1 2 3
++ date +%H:%M:%S
+ echo '### theodb ef=150 run=2 18:49:15'
### theodb ef=150 run=2 18:49:15
+ python3 run_m72_multiclient.py --engine theodb --n 1000000 --dim 128 --clients 8 --ef 150 --secs 15 --out /home/theo/m72out/theodb_ef150_r2.json
+ tail -2
M72 theodb: 8 clients, ef=150, recall=0.917 → QPS_agg=599.9 p50=13.581 p95=16.007 p99=17.928ms
+ for RUN in 1 2 3
++ date +%H:%M:%S
+ echo '### theodb ef=150 run=3 18:51:57'
### theodb ef=150 run=3 18:51:57
+ python3 run_m72_multiclient.py --engine theodb --n 1000000 --dim 128 --clients 8 --ef 150 --secs 15 --out /home/theo/m72out/theodb_ef150_r3.json
+ tail -2
M72 theodb: 8 clients, ef=150, recall=0.917 → QPS_agg=595.9 p50=13.642 p95=16.239 p99=18.404ms
+ for EF in ${GRID[$ENG]}
+ for RUN in 1 2 3
++ date +%H:%M:%S
+ echo '### theodb ef=250 run=1 18:54:39'
### theodb ef=250 run=1 18:54:39
+ tail -2
+ python3 run_m72_multiclient.py --engine theodb --n 1000000 --dim 128 --clients 8 --ef 250 --secs 15 --out /home/theo/m72out/theodb_ef250_r1.json
M72 theodb: 8 clients, ef=250, recall=0.9515 → QPS_agg=442.8 p50=18.427 p95=21.824 p99=26.939ms
+ for RUN in 1 2 3
++ date +%H:%M:%S
+ echo '### theodb ef=250 run=2 18:57:21'
### theodb ef=250 run=2 18:57:21
+ python3 run_m72_multiclient.py --engine theodb --n 1000000 --dim 128 --clients 8 --ef 250 --secs 15 --out /home/theo/m72out/theodb_ef250_r2.json
+ tail -2
M72 theodb: 8 clients, ef=250, recall=0.9515 → QPS_agg=446.8 p50=18.309 p95=21.669 p99=23.928ms
+ for RUN in 1 2 3
++ date +%H:%M:%S
+ echo '### theodb ef=250 run=3 19:00:03'
### theodb ef=250 run=3 19:00:03
+ python3 run_m72_multiclient.py --engine theodb --n 1000000 --dim 128 --clients 8 --ef 250 --secs 15 --out /home/theo/m72out/theodb_ef250_r3.json
+ tail -2
M72 theodb: 8 clients, ef=250, recall=0.9515 → QPS_agg=446.2 p50=18.332 p95=21.593 p99=27.239ms
+ for EF in ${GRID[$ENG]}
+ for RUN in 1 2 3
++ date +%H:%M:%S
+ echo '### theodb ef=400 run=1 19:02:44'
### theodb ef=400 run=1 19:02:44
+ python3 run_m72_multiclient.py --engine theodb --n 1000000 --dim 128 --clients 8 --ef 400 --secs 15 --out /home/theo/m72out/theodb_ef400_r1.json
+ tail -2
M72 theodb: 8 clients, ef=400, recall=0.97 → QPS_agg=352.7 p50=23.749 p95=27.146 p99=32.325ms
+ for RUN in 1 2 3
++ date +%H:%M:%S
+ echo '### theodb ef=400 run=2 19:05:26'
### theodb ef=400 run=2 19:05:26
+ python3 run_m72_multiclient.py --engine theodb --n 1000000 --dim 128 --clients 8 --ef 400 --secs 15 --out /home/theo/m72out/theodb_ef400_r2.json
+ tail -2
M72 theodb: 8 clients, ef=400, recall=0.97 → QPS_agg=354.5 p50=23.468 p95=26.913 p99=31.689ms
+ for RUN in 1 2 3
++ date +%H:%M:%S
+ echo '### theodb ef=400 run=3 19:08:09'
### theodb ef=400 run=3 19:08:09
+ python3 run_m72_multiclient.py --engine theodb --n 1000000 --dim 128 --clients 8 --ef 400 --secs 15 --out /home/theo/m72out/theodb_ef400_r3.json
+ tail -2
M72 theodb: 8 clients, ef=400, recall=0.97 → QPS_agg=353.2 p50=23.557 p95=27.178 p99=32.115ms
+ for ENG in theodb pgvector
+ for EF in ${GRID[$ENG]}
+ for RUN in 1 2 3
++ date +%H:%M:%S
+ echo '### pgvector ef=80 run=1 19:10:53'
### pgvector ef=80 run=1 19:10:53
+ python3 run_m72_multiclient.py --engine pgvector --n 1000000 --dim 128 --clients 8 --ef 80 --secs 15 --out /home/theo/m72out/pgvector_ef80_r1.json
+ tail -2
M72 pgvector: 8 clients, ef=80, recall=0.8755 → QPS_agg=773.8 p50=11.487 p95=12.653 p99=13.875ms
+ for RUN in 1 2 3
++ date +%H:%M:%S
+ echo '### pgvector ef=80 run=2 19:32:04'
### pgvector ef=80 run=2 19:32:04
+ python3 run_m72_multiclient.py --engine pgvector --n 1000000 --dim 128 --clients 8 --ef 80 --secs 15 --out /home/theo/m72out/pgvector_ef80_r2.json
+ tail -2
M72 pgvector: 8 clients, ef=80, recall=0.8755 → QPS_agg=771.5 p50=11.536 p95=12.689 p99=13.457ms
+ for RUN in 1 2 3
++ date +%H:%M:%S
+ echo '### pgvector ef=80 run=3 19:32:51'
### pgvector ef=80 run=3 19:32:51
+ python3 run_m72_multiclient.py --engine pgvector --n 1000000 --dim 128 --clients 8 --ef 80 --secs 15 --out /home/theo/m72out/pgvector_ef80_r3.json
+ tail -2
M72 pgvector: 8 clients, ef=80, recall=0.8755 → QPS_agg=772.0 p50=11.57 p95=12.612 p99=13.111ms
+ for EF in ${GRID[$ENG]}
+ for RUN in 1 2 3
++ date +%H:%M:%S
+ echo '### pgvector ef=120 run=1 19:33:39'
### pgvector ef=120 run=1 19:33:39
+ python3 run_m72_multiclient.py --engine pgvector --n 1000000 --dim 128 --clients 8 --ef 120 --secs 15 --out /home/theo/m72out/pgvector_ef120_r1.json
+ tail -2
M72 pgvector: 8 clients, ef=120, recall=0.899 → QPS_agg=643.3 p50=13.864 p95=14.938 p99=15.522ms
+ for RUN in 1 2 3
++ date +%H:%M:%S
+ echo '### pgvector ef=120 run=2 19:34:27'
### pgvector ef=120 run=2 19:34:27
+ tail -2
+ python3 run_m72_multiclient.py --engine pgvector --n 1000000 --dim 128 --clients 8 --ef 120 --secs 15 --out /home/theo/m72out/pgvector_ef120_r2.json
M72 pgvector: 8 clients, ef=120, recall=0.899 → QPS_agg=642.4 p50=13.878 p95=14.97 p99=15.977ms
+ for RUN in 1 2 3
++ date +%H:%M:%S
+ echo '### pgvector ef=120 run=3 19:35:16'
### pgvector ef=120 run=3 19:35:16
+ python3 run_m72_multiclient.py --engine pgvector --n 1000000 --dim 128 --clients 8 --ef 120 --secs 15 --out /home/theo/m72out/pgvector_ef120_r3.json
+ tail -2
M72 pgvector: 8 clients, ef=120, recall=0.899 → QPS_agg=642.4 p50=13.87 p95=14.965 p99=15.758ms
+ for EF in ${GRID[$ENG]}
+ for RUN in 1 2 3
++ date +%H:%M:%S
+ echo '### pgvector ef=200 run=1 19:36:03'
### pgvector ef=200 run=1 19:36:03
+ python3 run_m72_multiclient.py --engine pgvector --n 1000000 --dim 128 --clients 8 --ef 200 --secs 15 --out /home/theo/m72out/pgvector_ef200_r1.json
+ tail -2
M72 pgvector: 8 clients, ef=200, recall=0.9095 → QPS_agg=539.5 p50=16.513 p95=17.6 p99=18.153ms
+ for RUN in 1 2 3
++ date +%H:%M:%S
+ echo '### pgvector ef=200 run=2 19:36:52'
### pgvector ef=200 run=2 19:36:52
+ python3 run_m72_multiclient.py --engine pgvector --n 1000000 --dim 128 --clients 8 --ef 200 --secs 15 --out /home/theo/m72out/pgvector_ef200_r2.json
+ tail -2
M72 pgvector: 8 clients, ef=200, recall=0.9095 → QPS_agg=540.5 p50=16.485 p95=17.538 p99=18.338ms
+ for RUN in 1 2 3
++ date +%H:%M:%S
+ echo '### pgvector ef=200 run=3 19:37:40'
### pgvector ef=200 run=3 19:37:40
+ tail -2
+ python3 run_m72_multiclient.py --engine pgvector --n 1000000 --dim 128 --clients 8 --ef 200 --secs 15 --out /home/theo/m72out/pgvector_ef200_r3.json
M72 pgvector: 8 clients, ef=200, recall=0.9095 → QPS_agg=538.4 p50=16.533 p95=17.683 p99=18.608ms
+ echo M72_BENCH_DONE
M72_BENCH_DONE
