=== cancel-oracle (execução 1/1) start 2026-07-29T16:52:27+00:00 ===
so_md5=ba2af99482a45455777ba193fb8b6fb9
so_path=/root/.pgrx/18.4/pgrx-install/lib/postgresql/theodb_rs.so
postmaster=2026-07-29 16:38:45.911977+00
SET
SET
SET
SET
psql:/root/theo-db/benchmarks/m168_cancel_oracle.sql:42: NOTICE:  table "cancel_res" does not exist, skipping
DROP TABLE
CREATE TABLE
### M168-C0: precondição — a forma CTAS TEM de rotear para o caminho colunar
psql:/root/theo-db/benchmarks/m168_cancel_oracle.sql:75: WARNING:  theodb_admit_decline: topk_entered_sort
psql:/root/theo-db/benchmarks/m168_cancel_oracle.sql:75: WARNING:  theodb_admit_decline: swap_topk_admitted
psql:/root/theo-db/benchmarks/m168_cancel_oracle.sql:75: NOTICE:  M168-C0 ok: a forma CTAS roteia — o cancelamento vai cair no safe-point de verdade
DO
### M168-C1: cancela um top-k streaming no meio via statement_timeout
SET
SET
 theodb_columnar_stream_reset 
------------------------------
 
(1 row)

psql:/root/theo-db/benchmarks/m168_cancel_oracle.sql:122: WARNING:  theodb_admit_decline: topk_entered_sort
psql:/root/theo-db/benchmarks/m168_cancel_oracle.sql:122: WARNING:  theodb_admit_decline: swap_topk_admitted
psql:/root/theo-db/benchmarks/m168_cancel_oracle.sql:122: WARNING:  theodb_admit_decline: topk_entered_sort
psql:/root/theo-db/benchmarks/m168_cancel_oracle.sql:122: WARNING:  theodb_admit_decline: topk_parent_not_limit
psql:/root/theo-db/benchmarks/m168_cancel_oracle.sql:122: WARNING:  theodb_decode_batch_stream: rows=10000 bytes=386044 probe=1
psql:/root/theo-db/benchmarks/m168_cancel_oracle.sql:122: WARNING:  theodb_decode_batch_stream: rows=10000 bytes=451580
psql:/root/theo-db/benchmarks/m168_cancel_oracle.sql:122: WARNING:  theodb_decode_batch_stream: rows=10000 bytes=582652
psql:/root/theo-db/benchmarks/m168_cancel_oracle.sql:122: WARNING:  theodb_decode_batch_stream: rows=10000 bytes=451580
psql:/root/theo-db/benchmarks/m168_cancel_oracle.sql:122: WARNING:  theodb_decode_batch_stream: rows=10000 bytes=451580
psql:/root/theo-db/benchmarks/m168_cancel_oracle.sql:122: WARNING:  theodb_decode_batch_stream: rows=10000 bytes=386044
psql:/root/theo-db/benchmarks/m168_cancel_oracle.sql:122: WARNING:  theodb_decode_batch_stream: rows=10000 bytes=386044
psql:/root/theo-db/benchmarks/m168_cancel_oracle.sql:122: WARNING:  theodb_decode_batch_stream: rows=10000 bytes=386044
psql:/root/theo-db/benchmarks/m168_cancel_oracle.sql:122: WARNING:  theodb_decode_batch_stream: rows=10000 bytes=386044
psql:/root/theo-db/benchmarks/m168_cancel_oracle.sql:122: WARNING:  theodb_decode_batch_stream: rows=10000 bytes=451580
psql:/root/theo-db/benchmarks/m168_cancel_oracle.sql:122: WARNING:  theodb_decode_batch_stream: rows=10000 bytes=386044
psql:/root/theo-db/benchmarks/m168_cancel_oracle.sql:122: WARNING:  theodb_decode_batch_stream: rows=10000 bytes=451580
psql:/root/theo-db/benchmarks/m168_cancel_oracle.sql:122: WARNING:  theodb_decode_batch_stream: rows=10000 bytes=353276
psql:/root/theo-db/benchmarks/m168_cancel_oracle.sql:122: WARNING:  theodb_decode_batch_stream: rows=10000 bytes=336892
psql:/root/theo-db/benchmarks/m168_cancel_oracle.sql:122: WARNING:  theodb_decode_batch_stream: rows=10000 bytes=386044
psql:/root/theo-db/benchmarks/m168_cancel_oracle.sql:122: WARNING:  theodb_decode_batch_stream: rows=10000 bytes=451580
DO
RESET
### M168-C2: A SESSÃO SOBREVIVEU? — este é o teste, não o C1
psql:/root/theo-db/benchmarks/m168_cancel_oracle.sql:149: WARNING:  theodb_admit_decline: topk_entered_sort
psql:/root/theo-db/benchmarks/m168_cancel_oracle.sql:149: WARNING:  theodb_admit_decline: swap_topk_admitted
psql:/root/theo-db/benchmarks/m168_cancel_oracle.sql:149: WARNING:  theodb_admit_decline: topk_entered_sort
psql:/root/theo-db/benchmarks/m168_cancel_oracle.sql:149: WARNING:  theodb_admit_decline: swap_topk_admitted
psql:/root/theo-db/benchmarks/m168_cancel_oracle.sql:149: WARNING:  theodb_admit_decline: topk_entered_sort
psql:/root/theo-db/benchmarks/m168_cancel_oracle.sql:149: WARNING:  theodb_admit_decline: topk_parent_not_limit
psql:/root/theo-db/benchmarks/m168_cancel_oracle.sql:149: WARNING:  theodb_decode_batch_stream: rows=10000 bytes=386044 probe=1
psql:/root/theo-db/benchmarks/m168_cancel_oracle.sql:149: WARNING:  theodb_decode_batch_stream: rows=10000 bytes=451580
psql:/root/theo-db/benchmarks/m168_cancel_oracle.sql:149: WARNING:  theodb_decode_batch_stream: rows=10000 bytes=582652
psql:/root/theo-db/benchmarks/m168_cancel_oracle.sql:149: WARNING:  theodb_decode_batch_stream: rows=10000 bytes=451580
psql:/root/theo-db/benchmarks/m168_cancel_oracle.sql:149: WARNING:  theodb_decode_batch_stream: rows=10000 bytes=451580
psql:/root/theo-db/benchmarks/m168_cancel_oracle.sql:149: WARNING:  theodb_decode_batch_stream: rows=10000 bytes=386044
psql:/root/theo-db/benchmarks/m168_cancel_oracle.sql:149: WARNING:  theodb_decode_batch_stream: rows=10000 bytes=386044
psql:/root/theo-db/benchmarks/m168_cancel_oracle.sql:149: WARNING:  theodb_decode_batch_stream: rows=10000 bytes=386044
psql:/root/theo-db/benchmarks/m168_cancel_oracle.sql:149: WARNING:  theodb_decode_batch_stream: rows=10000 bytes=386044
psql:/root/theo-db/benchmarks/m168_cancel_oracle.sql:149: WARNING:  theodb_decode_batch_stream: rows=10000 bytes=451580
psql:/root/theo-db/benchmarks/m168_cancel_oracle.sql:149: WARNING:  theodb_decode_batch_stream: rows=10000 bytes=386044
psql:/root/theo-db/benchmarks/m168_cancel_oracle.sql:149: WARNING:  theodb_decode_batch_stream: rows=10000 bytes=451580
psql:/root/theo-db/benchmarks/m168_cancel_oracle.sql:149: WARNING:  theodb_decode_batch_stream: rows=10000 bytes=353276
psql:/root/theo-db/benchmarks/m168_cancel_oracle.sql:149: WARNING:  theodb_decode_batch_stream: rows=10000 bytes=336892
psql:/root/theo-db/benchmarks/m168_cancel_oracle.sql:149: WARNING:  theodb_decode_batch_stream: rows=10000 bytes=386044
psql:/root/theo-db/benchmarks/m168_cancel_oracle.sql:149: WARNING:  theodb_decode_batch_stream: rows=10000 bytes=451580
psql:/root/theo-db/benchmarks/m168_cancel_oracle.sql:149: WARNING:  theodb_decode_batch_stream: rows=10000 bytes=353276
psql:/root/theo-db/benchmarks/m168_cancel_oracle.sql:149: WARNING:  theodb_decode_batch_stream: rows=10000 bytes=386044
psql:/root/theo-db/benchmarks/m168_cancel_oracle.sql:149: WARNING:  theodb_decode_batch_stream: rows=10000 bytes=451580
psql:/root/theo-db/benchmarks/m168_cancel_oracle.sql:149: WARNING:  theodb_decode_batch_stream: rows=10000 bytes=386044
psql:/root/theo-db/benchmarks/m168_cancel_oracle.sql:149: WARNING:  theodb_decode_batch_stream: rows=10000 bytes=386044
psql:/root/theo-db/benchmarks/m168_cancel_oracle.sql:149: WARNING:  theodb_decode_batch_stream: rows=10000 bytes=386044
psql:/root/theo-db/benchmarks/m168_cancel_oracle.sql:149: WARNING:  theodb_decode_batch_stream: rows=10000 bytes=353276
psql:/root/theo-db/benchmarks/m168_cancel_oracle.sql:149: WARNING:  theodb_decode_batch_stream: rows=10000 bytes=336892
psql:/root/theo-db/benchmarks/m168_cancel_oracle.sql:149: WARNING:  theodb_decode_batch_stream: rows=10000 bytes=336892
psql:/root/theo-db/benchmarks/m168_cancel_oracle.sql:149: WARNING:  theodb_decode_batch_stream: rows=10000 bytes=386044
psql:/root/theo-db/benchmarks/m168_cancel_oracle.sql:149: WARNING:  theodb_decode_batch_stream: rows=10000 bytes=582652
psql:/root/theo-db/benchmarks/m168_cancel_oracle.sql:149: WARNING:  theodb_decode_batch_stream: rows=10000 bytes=336892
psql:/root/theo-db/benchmarks/m168_cancel_oracle.sql:149: WARNING:  theodb_decode_batch_stream: rows=10000 bytes=336892
psql:/root/theo-db/benchmarks/m168_cancel_oracle.sql:149: WARNING:  theodb_decode_batch_stream: rows=10000 bytes=353276
psql:/root/theo-db/benchmarks/m168_cancel_oracle.sql:149: WARNING:  theodb_decode_batch_stream: rows=10000 bytes=386044
psql:/root/theo-db/benchmarks/m168_cancel_oracle.sql:149: WARNING:  theodb_decode_batch_stream: rows=10000 bytes=386044
psql:/root/theo-db/benchmarks/m168_cancel_oracle.sql:149: WARNING:  theodb_decode_batch_stream: rows=10000 bytes=353276
psql:/root/theo-db/benchmarks/m168_cancel_oracle.sql:149: WARNING:  theodb_decode_batch_stream: rows=10000 bytes=386044
psql:/root/theo-db/benchmarks/m168_cancel_oracle.sql:149: WARNING:  theodb_decode_batch_stream: rows=10000 bytes=386044
psql:/root/theo-db/benchmarks/m168_cancel_oracle.sql:149: WARNING:  theodb_decode_batch_stream: rows=10000 bytes=451580
psql:/root/theo-db/benchmarks/m168_cancel_oracle.sql:149: WARNING:  theodb_decode_batch_stream: rows=10000 bytes=451580
psql:/root/theo-db/benchmarks/m168_cancel_oracle.sql:149: WARNING:  theodb_decode_batch_stream: rows=10000 bytes=336892
psql:/root/theo-db/benchmarks/m168_cancel_oracle.sql:149: WARNING:  theodb_decode_batch_stream: rows=10000 bytes=451580
psql:/root/theo-db/benchmarks/m168_cancel_oracle.sql:149: WARNING:  theodb_decode_batch_stream: rows=10000 bytes=353276
psql:/root/theo-db/benchmarks/m168_cancel_oracle.sql:149: WARNING:  theodb_decode_batch_stream: rows=10000 bytes=353276
psql:/root/theo-db/benchmarks/m168_cancel_oracle.sql:149: WARNING:  theodb_decode_batch_stream: rows=10000 bytes=582652
psql:/root/theo-db/benchmarks/m168_cancel_oracle.sql:149: WARNING:  theodb_decode_batch_stream: rows=10000 bytes=844796
psql:/root/theo-db/benchmarks/m168_cancel_oracle.sql:149: WARNING:  theodb_decode_batch_stream: rows=10000 bytes=844796
psql:/root/theo-db/benchmarks/m168_cancel_oracle.sql:149: WARNING:  theodb_decode_batch_stream: rows=10000 bytes=844796
psql:/root/theo-db/benchmarks/m168_cancel_oracle.sql:149: WARNING:  theodb_decode_batch_stream: rows=10000 bytes=582652
psql:/root/theo-db/benchmarks/m168_cancel_oracle.sql:149: WARNING:  theodb_decode_batch_stream: rows=10000 bytes=451580
psql:/root/theo-db/benchmarks/m168_cancel_oracle.sql:149: WARNING:  theodb_decode_batch_stream: rows=10000 bytes=386044
psql:/root/theo-db/benchmarks/m168_cancel_oracle.sql:149: WARNING:  theodb_decode_batch_stream: rows=10000 bytes=328700
psql:/root/theo-db/benchmarks/m168_cancel_oracle.sql:149: WARNING:  theodb_decode_batch_stream: rows=10000 bytes=386044
psql:/root/theo-db/benchmarks/m168_cancel_oracle.sql:149: WARNING:  theodb_decode_batch_stream: rows=10000 bytes=353276
psql:/root/theo-db/benchmarks/m168_cancel_oracle.sql:149: WARNING:  theodb_decode_batch_stream: rows=10000 bytes=386044
psql:/root/theo-db/benchmarks/m168_cancel_oracle.sql:149: WARNING:  theodb_decode_batch_stream: rows=10000 bytes=386044
psql:/root/theo-db/benchmarks/m168_cancel_oracle.sql:149: WARNING:  theodb_decode_batch_stream: rows=10000 bytes=451580
psql:/root/theo-db/benchmarks/m168_cancel_oracle.sql:149: WARNING:  theodb_decode_batch_stream: rows=10000 bytes=451580
psql:/root/theo-db/benchmarks/m168_cancel_oracle.sql:149: WARNING:  theodb_decode_batch_stream: rows=10000 bytes=353276
psql:/root/theo-db/benchmarks/m168_cancel_oracle.sql:149: WARNING:  theodb_decode_batch_stream: rows=10000 bytes=451580
psql:/root/theo-db/benchmarks/m168_cancel_oracle.sql:149: WARNING:  theodb_decode_batch_stream: rows=10000 bytes=386044
psql:/root/theo-db/benchmarks/m168_cancel_oracle.sql:149: WARNING:  theodb_decode_batch_stream: rows=10000 bytes=582652
psql:/root/theo-db/benchmarks/m168_cancel_oracle.sql:149: WARNING:  theodb_decode_batch_stream: rows=10000 bytes=451580
psql:/root/theo-db/benchmarks/m168_cancel_oracle.sql:149: WARNING:  theodb_decode_batch_stream: rows=10000 bytes=386044
psql:/root/theo-db/benchmarks/m168_cancel_oracle.sql:149: WARNING:  theodb_decode_batch_stream: rows=10000 bytes=451580
psql:/root/theo-db/benchmarks/m168_cancel_oracle.sql:149: WARNING:  theodb_decode_batch_stream: rows=10000 bytes=386044
psql:/root/theo-db/benchmarks/m168_cancel_oracle.sql:149: WARNING:  theodb_decode_batch_stream: rows=10000 bytes=451580
psql:/root/theo-db/benchmarks/m168_cancel_oracle.sql:149: WARNING:  theodb_decode_batch_stream: rows=10000 bytes=353276
psql:/root/theo-db/benchmarks/m168_cancel_oracle.sql:149: WARNING:  theodb_decode_batch_stream: rows=10000 bytes=353276
psql:/root/theo-db/benchmarks/m168_cancel_oracle.sql:149: WARNING:  theodb_decode_batch_stream: rows=10000 bytes=582652
psql:/root/theo-db/benchmarks/m168_cancel_oracle.sql:149: WARNING:  theodb_decode_batch_stream: rows=10000 bytes=386044
psql:/root/theo-db/benchmarks/m168_cancel_oracle.sql:149: WARNING:  theodb_decode_batch_stream: rows=10000 bytes=386044
psql:/root/theo-db/benchmarks/m168_cancel_oracle.sql:149: WARNING:  theodb_decode_batch_stream: rows=10000 bytes=386044
psql:/root/theo-db/benchmarks/m168_cancel_oracle.sql:149: WARNING:  theodb_decode_batch_stream: rows=10000 bytes=582652
psql:/root/theo-db/benchmarks/m168_cancel_oracle.sql:149: WARNING:  theodb_decode_batch_stream: rows=10000 bytes=451580
psql:/root/theo-db/benchmarks/m168_cancel_oracle.sql:149: WARNING:  theodb_decode_batch_stream: rows=10000 bytes=386044
psql:/root/theo-db/benchmarks/m168_cancel_oracle.sql:149: WARNING:  theodb_decode_batch_stream: rows=10000 bytes=386044
psql:/root/theo-db/benchmarks/m168_cancel_oracle.sql:149: WARNING:  theodb_decode_batch_stream: rows=10000 bytes=451580
psql:/root/theo-db/benchmarks/m168_cancel_oracle.sql:149: WARNING:  theodb_decode_batch_stream: rows=10000 bytes=386044
psql:/root/theo-db/benchmarks/m168_cancel_oracle.sql:149: WARNING:  theodb_decode_batch_stream: rows=10000 bytes=336892
psql:/root/theo-db/benchmarks/m168_cancel_oracle.sql:149: WARNING:  theodb_decode_batch_stream: rows=10000 bytes=451580
psql:/root/theo-db/benchmarks/m168_cancel_oracle.sql:149: WARNING:  theodb_decode_batch_stream: rows=10000 bytes=582652
psql:/root/theo-db/benchmarks/m168_cancel_oracle.sql:149: WARNING:  theodb_decode_batch_stream: rows=10000 bytes=353276
psql:/root/theo-db/benchmarks/m168_cancel_oracle.sql:149: WARNING:  theodb_decode_batch_stream: rows=10000 bytes=386044
psql:/root/theo-db/benchmarks/m168_cancel_oracle.sql:149: WARNING:  theodb_decode_batch_stream: rows=10000 bytes=451580
psql:/root/theo-db/benchmarks/m168_cancel_oracle.sql:149: WARNING:  theodb_decode_batch_stream: rows=10000 bytes=451580
psql:/root/theo-db/benchmarks/m168_cancel_oracle.sql:149: WARNING:  theodb_decode_batch_stream: rows=10000 bytes=386044
psql:/root/theo-db/benchmarks/m168_cancel_oracle.sql:149: WARNING:  theodb_decode_batch_stream: rows=10000 bytes=386044
psql:/root/theo-db/benchmarks/m168_cancel_oracle.sql:149: WARNING:  theodb_decode_batch_stream: rows=10000 bytes=451580
psql:/root/theo-db/benchmarks/m168_cancel_oracle.sql:149: WARNING:  theodb_decode_batch_stream: rows=10000 bytes=353276
psql:/root/theo-db/benchmarks/m168_cancel_oracle.sql:149: WARNING:  theodb_decode_batch_stream: rows=10000 bytes=353276
psql:/root/theo-db/benchmarks/m168_cancel_oracle.sql:149: WARNING:  theodb_decode_batch_stream: rows=10000 bytes=582652
psql:/root/theo-db/benchmarks/m168_cancel_oracle.sql:149: WARNING:  theodb_decode_batch_stream: rows=10000 bytes=451580
psql:/root/theo-db/benchmarks/m168_cancel_oracle.sql:149: WARNING:  theodb_decode_batch_stream: rows=10000 bytes=353276
psql:/root/theo-db/benchmarks/m168_cancel_oracle.sql:149: WARNING:  theodb_decode_batch_stream: rows=10000 bytes=386044
psql:/root/theo-db/benchmarks/m168_cancel_oracle.sql:149: WARNING:  theodb_decode_batch_stream: rows=10000 bytes=386044
psql:/root/theo-db/benchmarks/m168_cancel_oracle.sql:149: WARNING:  theodb_decode_batch_stream: rows=10000 bytes=451580
psql:/root/theo-db/benchmarks/m168_cancel_oracle.sql:149: WARNING:  theodb_decode_batch_stream: rows=10000 bytes=386044
psql:/root/theo-db/benchmarks/m168_cancel_oracle.sql:149: WARNING:  theodb_decode_batch_stream: rows=10000 bytes=451580
psql:/root/theo-db/benchmarks/m168_cancel_oracle.sql:149: WARNING:  theodb_decode_batch_stream: rows=10000 bytes=386044
psql:/root/theo-db/benchmarks/m168_cancel_oracle.sql:149: WARNING:  theodb_decode_batch_stream: rows=10000 bytes=451580
psql:/root/theo-db/benchmarks/m168_cancel_oracle.sql:149: WARNING:  theodb_decode_batch_stream: rows=10000 bytes=451580
psql:/root/theo-db/benchmarks/m168_cancel_oracle.sql:149: WARNING:  theodb_decode_batch_stream: rows=10000 bytes=386044
psql:/root/theo-db/benchmarks/m168_cancel_oracle.sql:149: WARNING:  theodb_topk_pool: peak_reserved=854032 reserved_at_end=0 pool_limit=201326592
DO
### M168-C3: e o caminho eager da mesma sessão também sobreviveu?
SET
psql:/root/theo-db/benchmarks/m168_cancel_oracle.sql:173: WARNING:  theodb_admit_decline: topk_entered_sort
psql:/root/theo-db/benchmarks/m168_cancel_oracle.sql:173: WARNING:  theodb_admit_decline: swap_topk_admitted
psql:/root/theo-db/benchmarks/m168_cancel_oracle.sql:173: WARNING:  theodb_admit_decline: topk_entered_sort
psql:/root/theo-db/benchmarks/m168_cancel_oracle.sql:173: WARNING:  theodb_admit_decline: swap_topk_admitted
psql:/root/theo-db/benchmarks/m168_cancel_oracle.sql:173: WARNING:  theodb_admit_decline: topk_entered_sort
psql:/root/theo-db/benchmarks/m168_cancel_oracle.sql:173: WARNING:  theodb_admit_decline: topk_parent_not_limit
psql:/root/theo-db/benchmarks/m168_cancel_oracle.sql:173: WARNING:  theodb_decode_batch: rows=1000000 bytes=40389116 work_mem_bytes=67108864
DO
SET
### M168-C4: quanto tempo o scan COMPLETO leva? — a referência do sinal diferencial
SET
 theodb_columnar_stream_reset 
------------------------------
 
(1 row)

psql:/root/theo-db/benchmarks/m168_cancel_oracle.sql:200: WARNING:  theodb_admit_decline: topk_entered_sort
psql:/root/theo-db/benchmarks/m168_cancel_oracle.sql:200: WARNING:  theodb_admit_decline: swap_topk_admitted
psql:/root/theo-db/benchmarks/m168_cancel_oracle.sql:200: WARNING:  theodb_admit_decline: topk_entered_sort
psql:/root/theo-db/benchmarks/m168_cancel_oracle.sql:200: WARNING:  theodb_admit_decline: swap_topk_admitted
psql:/root/theo-db/benchmarks/m168_cancel_oracle.sql:200: WARNING:  theodb_admit_decline: topk_entered_sort
psql:/root/theo-db/benchmarks/m168_cancel_oracle.sql:200: WARNING:  theodb_admit_decline: topk_parent_not_limit
psql:/root/theo-db/benchmarks/m168_cancel_oracle.sql:200: WARNING:  theodb_decode_batch_stream: rows=10000 bytes=386044 probe=1
psql:/root/theo-db/benchmarks/m168_cancel_oracle.sql:200: WARNING:  theodb_decode_batch_stream: rows=10000 bytes=451580
psql:/root/theo-db/benchmarks/m168_cancel_oracle.sql:200: WARNING:  theodb_decode_batch_stream: rows=10000 bytes=582652
psql:/root/theo-db/benchmarks/m168_cancel_oracle.sql:200: WARNING:  theodb_decode_batch_stream: rows=10000 bytes=451580
psql:/root/theo-db/benchmarks/m168_cancel_oracle.sql:200: WARNING:  theodb_decode_batch_stream: rows=10000 bytes=451580
psql:/root/theo-db/benchmarks/m168_cancel_oracle.sql:200: WARNING:  theodb_decode_batch_stream: rows=10000 bytes=386044
psql:/root/theo-db/benchmarks/m168_cancel_oracle.sql:200: WARNING:  theodb_decode_batch_stream: rows=10000 bytes=386044
psql:/root/theo-db/benchmarks/m168_cancel_oracle.sql:200: WARNING:  theodb_decode_batch_stream: rows=10000 bytes=386044
psql:/root/theo-db/benchmarks/m168_cancel_oracle.sql:200: WARNING:  theodb_decode_batch_stream: rows=10000 bytes=386044
psql:/root/theo-db/benchmarks/m168_cancel_oracle.sql:200: WARNING:  theodb_decode_batch_stream: rows=10000 bytes=451580
psql:/root/theo-db/benchmarks/m168_cancel_oracle.sql:200: WARNING:  theodb_decode_batch_stream: rows=10000 bytes=386044
psql:/root/theo-db/benchmarks/m168_cancel_oracle.sql:200: WARNING:  theodb_decode_batch_stream: rows=10000 bytes=451580
psql:/root/theo-db/benchmarks/m168_cancel_oracle.sql:200: WARNING:  theodb_decode_batch_stream: rows=10000 bytes=353276
psql:/root/theo-db/benchmarks/m168_cancel_oracle.sql:200: WARNING:  theodb_decode_batch_stream: rows=10000 bytes=336892
psql:/root/theo-db/benchmarks/m168_cancel_oracle.sql:200: WARNING:  theodb_decode_batch_stream: rows=10000 bytes=386044
psql:/root/theo-db/benchmarks/m168_cancel_oracle.sql:200: WARNING:  theodb_decode_batch_stream: rows=10000 bytes=451580
psql:/root/theo-db/benchmarks/m168_cancel_oracle.sql:200: WARNING:  theodb_decode_batch_stream: rows=10000 bytes=353276
psql:/root/theo-db/benchmarks/m168_cancel_oracle.sql:200: WARNING:  theodb_decode_batch_stream: rows=10000 bytes=386044
psql:/root/theo-db/benchmarks/m168_cancel_oracle.sql:200: WARNING:  theodb_decode_batch_stream: rows=10000 bytes=451580
psql:/root/theo-db/benchmarks/m168_cancel_oracle.sql:200: WARNING:  theodb_decode_batch_stream: rows=10000 bytes=386044
psql:/root/theo-db/benchmarks/m168_cancel_oracle.sql:200: WARNING:  theodb_decode_batch_stream: rows=10000 bytes=386044
psql:/root/theo-db/benchmarks/m168_cancel_oracle.sql:200: WARNING:  theodb_decode_batch_stream: rows=10000 bytes=386044
psql:/root/theo-db/benchmarks/m168_cancel_oracle.sql:200: WARNING:  theodb_decode_batch_stream: rows=10000 bytes=353276
psql:/root/theo-db/benchmarks/m168_cancel_oracle.sql:200: WARNING:  theodb_decode_batch_stream: rows=10000 bytes=336892
psql:/root/theo-db/benchmarks/m168_cancel_oracle.sql:200: WARNING:  theodb_decode_batch_stream: rows=10000 bytes=336892
psql:/root/theo-db/benchmarks/m168_cancel_oracle.sql:200: WARNING:  theodb_decode_batch_stream: rows=10000 bytes=386044
psql:/root/theo-db/benchmarks/m168_cancel_oracle.sql:200: WARNING:  theodb_decode_batch_stream: rows=10000 bytes=582652
psql:/root/theo-db/benchmarks/m168_cancel_oracle.sql:200: WARNING:  theodb_decode_batch_stream: rows=10000 bytes=336892
psql:/root/theo-db/benchmarks/m168_cancel_oracle.sql:200: WARNING:  theodb_decode_batch_stream: rows=10000 bytes=336892
psql:/root/theo-db/benchmarks/m168_cancel_oracle.sql:200: WARNING:  theodb_decode_batch_stream: rows=10000 bytes=353276
psql:/root/theo-db/benchmarks/m168_cancel_oracle.sql:200: WARNING:  theodb_decode_batch_stream: rows=10000 bytes=386044
psql:/root/theo-db/benchmarks/m168_cancel_oracle.sql:200: WARNING:  theodb_decode_batch_stream: rows=10000 bytes=386044
psql:/root/theo-db/benchmarks/m168_cancel_oracle.sql:200: WARNING:  theodb_decode_batch_stream: rows=10000 bytes=353276
psql:/root/theo-db/benchmarks/m168_cancel_oracle.sql:200: WARNING:  theodb_decode_batch_stream: rows=10000 bytes=386044
psql:/root/theo-db/benchmarks/m168_cancel_oracle.sql:200: WARNING:  theodb_decode_batch_stream: rows=10000 bytes=386044
psql:/root/theo-db/benchmarks/m168_cancel_oracle.sql:200: WARNING:  theodb_decode_batch_stream: rows=10000 bytes=451580
psql:/root/theo-db/benchmarks/m168_cancel_oracle.sql:200: WARNING:  theodb_decode_batch_stream: rows=10000 bytes=451580
psql:/root/theo-db/benchmarks/m168_cancel_oracle.sql:200: WARNING:  theodb_decode_batch_stream: rows=10000 bytes=336892
psql:/root/theo-db/benchmarks/m168_cancel_oracle.sql:200: WARNING:  theodb_decode_batch_stream: rows=10000 bytes=451580
psql:/root/theo-db/benchmarks/m168_cancel_oracle.sql:200: WARNING:  theodb_decode_batch_stream: rows=10000 bytes=353276
psql:/root/theo-db/benchmarks/m168_cancel_oracle.sql:200: WARNING:  theodb_decode_batch_stream: rows=10000 bytes=353276
psql:/root/theo-db/benchmarks/m168_cancel_oracle.sql:200: WARNING:  theodb_decode_batch_stream: rows=10000 bytes=582652
psql:/root/theo-db/benchmarks/m168_cancel_oracle.sql:200: WARNING:  theodb_decode_batch_stream: rows=10000 bytes=844796
psql:/root/theo-db/benchmarks/m168_cancel_oracle.sql:200: WARNING:  theodb_decode_batch_stream: rows=10000 bytes=844796
psql:/root/theo-db/benchmarks/m168_cancel_oracle.sql:200: WARNING:  theodb_decode_batch_stream: rows=10000 bytes=844796
psql:/root/theo-db/benchmarks/m168_cancel_oracle.sql:200: WARNING:  theodb_decode_batch_stream: rows=10000 bytes=582652
psql:/root/theo-db/benchmarks/m168_cancel_oracle.sql:200: WARNING:  theodb_decode_batch_stream: rows=10000 bytes=451580
psql:/root/theo-db/benchmarks/m168_cancel_oracle.sql:200: WARNING:  theodb_decode_batch_stream: rows=10000 bytes=386044
psql:/root/theo-db/benchmarks/m168_cancel_oracle.sql:200: WARNING:  theodb_decode_batch_stream: rows=10000 bytes=328700
psql:/root/theo-db/benchmarks/m168_cancel_oracle.sql:200: WARNING:  theodb_decode_batch_stream: rows=10000 bytes=386044
psql:/root/theo-db/benchmarks/m168_cancel_oracle.sql:200: WARNING:  theodb_decode_batch_stream: rows=10000 bytes=353276
psql:/root/theo-db/benchmarks/m168_cancel_oracle.sql:200: WARNING:  theodb_decode_batch_stream: rows=10000 bytes=386044
psql:/root/theo-db/benchmarks/m168_cancel_oracle.sql:200: WARNING:  theodb_decode_batch_stream: rows=10000 bytes=386044
psql:/root/theo-db/benchmarks/m168_cancel_oracle.sql:200: WARNING:  theodb_decode_batch_stream: rows=10000 bytes=451580
psql:/root/theo-db/benchmarks/m168_cancel_oracle.sql:200: WARNING:  theodb_decode_batch_stream: rows=10000 bytes=451580
psql:/root/theo-db/benchmarks/m168_cancel_oracle.sql:200: WARNING:  theodb_decode_batch_stream: rows=10000 bytes=353276
psql:/root/theo-db/benchmarks/m168_cancel_oracle.sql:200: WARNING:  theodb_decode_batch_stream: rows=10000 bytes=451580
psql:/root/theo-db/benchmarks/m168_cancel_oracle.sql:200: WARNING:  theodb_decode_batch_stream: rows=10000 bytes=386044
psql:/root/theo-db/benchmarks/m168_cancel_oracle.sql:200: WARNING:  theodb_decode_batch_stream: rows=10000 bytes=582652
psql:/root/theo-db/benchmarks/m168_cancel_oracle.sql:200: WARNING:  theodb_decode_batch_stream: rows=10000 bytes=451580
psql:/root/theo-db/benchmarks/m168_cancel_oracle.sql:200: WARNING:  theodb_decode_batch_stream: rows=10000 bytes=386044
psql:/root/theo-db/benchmarks/m168_cancel_oracle.sql:200: WARNING:  theodb_decode_batch_stream: rows=10000 bytes=451580
psql:/root/theo-db/benchmarks/m168_cancel_oracle.sql:200: WARNING:  theodb_decode_batch_stream: rows=10000 bytes=386044
psql:/root/theo-db/benchmarks/m168_cancel_oracle.sql:200: WARNING:  theodb_decode_batch_stream: rows=10000 bytes=451580
psql:/root/theo-db/benchmarks/m168_cancel_oracle.sql:200: WARNING:  theodb_decode_batch_stream: rows=10000 bytes=353276
psql:/root/theo-db/benchmarks/m168_cancel_oracle.sql:200: WARNING:  theodb_decode_batch_stream: rows=10000 bytes=353276
psql:/root/theo-db/benchmarks/m168_cancel_oracle.sql:200: WARNING:  theodb_decode_batch_stream: rows=10000 bytes=582652
psql:/root/theo-db/benchmarks/m168_cancel_oracle.sql:200: WARNING:  theodb_decode_batch_stream: rows=10000 bytes=386044
psql:/root/theo-db/benchmarks/m168_cancel_oracle.sql:200: WARNING:  theodb_decode_batch_stream: rows=10000 bytes=386044
psql:/root/theo-db/benchmarks/m168_cancel_oracle.sql:200: WARNING:  theodb_decode_batch_stream: rows=10000 bytes=386044
psql:/root/theo-db/benchmarks/m168_cancel_oracle.sql:200: WARNING:  theodb_decode_batch_stream: rows=10000 bytes=582652
psql:/root/theo-db/benchmarks/m168_cancel_oracle.sql:200: WARNING:  theodb_decode_batch_stream: rows=10000 bytes=451580
psql:/root/theo-db/benchmarks/m168_cancel_oracle.sql:200: WARNING:  theodb_decode_batch_stream: rows=10000 bytes=386044
psql:/root/theo-db/benchmarks/m168_cancel_oracle.sql:200: WARNING:  theodb_decode_batch_stream: rows=10000 bytes=386044
psql:/root/theo-db/benchmarks/m168_cancel_oracle.sql:200: WARNING:  theodb_decode_batch_stream: rows=10000 bytes=451580
psql:/root/theo-db/benchmarks/m168_cancel_oracle.sql:200: WARNING:  theodb_decode_batch_stream: rows=10000 bytes=386044
psql:/root/theo-db/benchmarks/m168_cancel_oracle.sql:200: WARNING:  theodb_decode_batch_stream: rows=10000 bytes=336892
psql:/root/theo-db/benchmarks/m168_cancel_oracle.sql:200: WARNING:  theodb_decode_batch_stream: rows=10000 bytes=451580
psql:/root/theo-db/benchmarks/m168_cancel_oracle.sql:200: WARNING:  theodb_decode_batch_stream: rows=10000 bytes=582652
psql:/root/theo-db/benchmarks/m168_cancel_oracle.sql:200: WARNING:  theodb_decode_batch_stream: rows=10000 bytes=353276
psql:/root/theo-db/benchmarks/m168_cancel_oracle.sql:200: WARNING:  theodb_decode_batch_stream: rows=10000 bytes=386044
psql:/root/theo-db/benchmarks/m168_cancel_oracle.sql:200: WARNING:  theodb_decode_batch_stream: rows=10000 bytes=451580
psql:/root/theo-db/benchmarks/m168_cancel_oracle.sql:200: WARNING:  theodb_decode_batch_stream: rows=10000 bytes=451580
psql:/root/theo-db/benchmarks/m168_cancel_oracle.sql:200: WARNING:  theodb_decode_batch_stream: rows=10000 bytes=386044
psql:/root/theo-db/benchmarks/m168_cancel_oracle.sql:200: WARNING:  theodb_decode_batch_stream: rows=10000 bytes=386044
psql:/root/theo-db/benchmarks/m168_cancel_oracle.sql:200: WARNING:  theodb_decode_batch_stream: rows=10000 bytes=451580
psql:/root/theo-db/benchmarks/m168_cancel_oracle.sql:200: WARNING:  theodb_decode_batch_stream: rows=10000 bytes=353276
psql:/root/theo-db/benchmarks/m168_cancel_oracle.sql:200: WARNING:  theodb_decode_batch_stream: rows=10000 bytes=353276
psql:/root/theo-db/benchmarks/m168_cancel_oracle.sql:200: WARNING:  theodb_decode_batch_stream: rows=10000 bytes=582652
psql:/root/theo-db/benchmarks/m168_cancel_oracle.sql:200: WARNING:  theodb_decode_batch_stream: rows=10000 bytes=451580
psql:/root/theo-db/benchmarks/m168_cancel_oracle.sql:200: WARNING:  theodb_decode_batch_stream: rows=10000 bytes=353276
psql:/root/theo-db/benchmarks/m168_cancel_oracle.sql:200: WARNING:  theodb_decode_batch_stream: rows=10000 bytes=386044
psql:/root/theo-db/benchmarks/m168_cancel_oracle.sql:200: WARNING:  theodb_decode_batch_stream: rows=10000 bytes=386044
psql:/root/theo-db/benchmarks/m168_cancel_oracle.sql:200: WARNING:  theodb_decode_batch_stream: rows=10000 bytes=451580
psql:/root/theo-db/benchmarks/m168_cancel_oracle.sql:200: WARNING:  theodb_decode_batch_stream: rows=10000 bytes=386044
psql:/root/theo-db/benchmarks/m168_cancel_oracle.sql:200: WARNING:  theodb_decode_batch_stream: rows=10000 bytes=451580
psql:/root/theo-db/benchmarks/m168_cancel_oracle.sql:200: WARNING:  theodb_decode_batch_stream: rows=10000 bytes=386044
psql:/root/theo-db/benchmarks/m168_cancel_oracle.sql:200: WARNING:  theodb_decode_batch_stream: rows=10000 bytes=451580
psql:/root/theo-db/benchmarks/m168_cancel_oracle.sql:200: WARNING:  theodb_decode_batch_stream: rows=10000 bytes=451580
psql:/root/theo-db/benchmarks/m168_cancel_oracle.sql:200: WARNING:  theodb_decode_batch_stream: rows=10000 bytes=386044
psql:/root/theo-db/benchmarks/m168_cancel_oracle.sql:200: WARNING:  theodb_topk_pool: peak_reserved=10250292 reserved_at_end=0 pool_limit=201326592
DO
### GATE FINAL
psql:/root/theo-db/benchmarks/m168_cancel_oracle.sql:203: WARNING:  theodb_admit_decline: topk_entered_sort
psql:/root/theo-db/benchmarks/m168_cancel_oracle.sql:203: WARNING:  theodb_admit_decline: topk_parent_not_limit
             q              |    v     
----------------------------+----------
 c1_chunk_groups            | 16
 c1_elapsed_ms              | 165
 c1_outcome                 | canceled
 c2_rows_after_cancel       | 100
 c3_eager_rows_after_cancel | 100
 c4_chunk_groups            | 101
 c4_full_scan_ms            | 661
(7 rows)

psql:/root/theo-db/benchmarks/m168_cancel_oracle.sql:283: NOTICE:  M168 CANCEL GATE ok: o top-k streaming foi cancelado de verdade (57014) e a sessão continuou servindo consultas DataFusion nos dois caminhos, e o corte aconteceu no MEIO do scan (gate de contagem de chunk-groups).
DO
DROP TABLE
=== cancel-oracle (execução 1/1) rc=0 end 2026-07-29T16:52:28+00:00 ===
