=== inversion-narrow (execução 1/1) start 2026-07-29T15:59:34+00:00 ===
so_md5=7a242fcae49602ba9625cd73e7680201
so_path=/root/.pgrx/18.4/pgrx-install/lib/postgresql/theodb_rs.so
postmaster=2026-07-29 15:55:08.621968+00
SET
SET
SET
=== stream=ON ===
SET
psql:/root/theo-db/benchmarks/m168_inversion_narrow.sql:11: NOTICE:  table "t1" does not exist, skipping
DROP TABLE
psql:/root/theo-db/benchmarks/m168_inversion_narrow.sql:12: WARNING:  theodb_admit_decline: topk_entered_sort
psql:/root/theo-db/benchmarks/m168_inversion_narrow.sql:12: WARNING:  theodb_admit_decline: swap_topk_admitted
psql:/root/theo-db/benchmarks/m168_inversion_narrow.sql:12: WARNING:  theodb_admit_decline: topk_entered_sort
psql:/root/theo-db/benchmarks/m168_inversion_narrow.sql:12: WARNING:  theodb_admit_decline: topk_parent_not_limit
psql:/root/theo-db/benchmarks/m168_inversion_narrow.sql:12: WARNING:  theodb_decode_batch_stream: rows=10000 bytes=185756 probe=1
psql:/root/theo-db/benchmarks/m168_inversion_narrow.sql:12: WARNING:  theodb_decode_batch_stream: rows=10000 bytes=251292
psql:/root/theo-db/benchmarks/m168_inversion_narrow.sql:12: WARNING:  theodb_decode_batch_stream: rows=10000 bytes=382364
psql:/root/theo-db/benchmarks/m168_inversion_narrow.sql:12: WARNING:  theodb_decode_batch_stream: rows=10000 bytes=251292
psql:/root/theo-db/benchmarks/m168_inversion_narrow.sql:12: WARNING:  theodb_decode_batch_stream: rows=10000 bytes=251292
psql:/root/theo-db/benchmarks/m168_inversion_narrow.sql:12: WARNING:  theodb_decode_batch_stream: rows=10000 bytes=185756
psql:/root/theo-db/benchmarks/m168_inversion_narrow.sql:12: WARNING:  theodb_decode_batch_stream: rows=10000 bytes=185756
psql:/root/theo-db/benchmarks/m168_inversion_narrow.sql:12: WARNING:  theodb_decode_batch_stream: rows=10000 bytes=185756
psql:/root/theo-db/benchmarks/m168_inversion_narrow.sql:12: WARNING:  theodb_decode_batch_stream: rows=10000 bytes=185756
psql:/root/theo-db/benchmarks/m168_inversion_narrow.sql:12: WARNING:  theodb_decode_batch_stream: rows=10000 bytes=251292
psql:/root/theo-db/benchmarks/m168_inversion_narrow.sql:12: WARNING:  theodb_decode_batch_stream: rows=10000 bytes=185756
psql:/root/theo-db/benchmarks/m168_inversion_narrow.sql:12: WARNING:  theodb_decode_batch_stream: rows=10000 bytes=251292
psql:/root/theo-db/benchmarks/m168_inversion_narrow.sql:12: WARNING:  theodb_decode_batch_stream: rows=10000 bytes=152988
psql:/root/theo-db/benchmarks/m168_inversion_narrow.sql:12: WARNING:  theodb_decode_batch_stream: rows=10000 bytes=136604
psql:/root/theo-db/benchmarks/m168_inversion_narrow.sql:12: WARNING:  theodb_decode_batch_stream: rows=10000 bytes=185756
psql:/root/theo-db/benchmarks/m168_inversion_narrow.sql:12: WARNING:  theodb_decode_batch_stream: rows=10000 bytes=251292
psql:/root/theo-db/benchmarks/m168_inversion_narrow.sql:12: WARNING:  theodb_decode_batch_stream: rows=10000 bytes=152988
psql:/root/theo-db/benchmarks/m168_inversion_narrow.sql:12: WARNING:  theodb_decode_batch_stream: rows=10000 bytes=185756
psql:/root/theo-db/benchmarks/m168_inversion_narrow.sql:12: WARNING:  theodb_decode_batch_stream: rows=10000 bytes=251292
psql:/root/theo-db/benchmarks/m168_inversion_narrow.sql:12: WARNING:  theodb_decode_batch_stream: rows=10000 bytes=185756
psql:/root/theo-db/benchmarks/m168_inversion_narrow.sql:12: WARNING:  theodb_decode_batch_stream: rows=10000 bytes=185756
psql:/root/theo-db/benchmarks/m168_inversion_narrow.sql:12: WARNING:  theodb_decode_batch_stream: rows=10000 bytes=185756
psql:/root/theo-db/benchmarks/m168_inversion_narrow.sql:12: WARNING:  theodb_decode_batch_stream: rows=10000 bytes=152988
psql:/root/theo-db/benchmarks/m168_inversion_narrow.sql:12: WARNING:  theodb_decode_batch_stream: rows=10000 bytes=136604
psql:/root/theo-db/benchmarks/m168_inversion_narrow.sql:12: WARNING:  theodb_decode_batch_stream: rows=10000 bytes=136604
psql:/root/theo-db/benchmarks/m168_inversion_narrow.sql:12: WARNING:  theodb_decode_batch_stream: rows=10000 bytes=185756
psql:/root/theo-db/benchmarks/m168_inversion_narrow.sql:12: WARNING:  theodb_decode_batch_stream: rows=10000 bytes=382364
psql:/root/theo-db/benchmarks/m168_inversion_narrow.sql:12: WARNING:  theodb_decode_batch_stream: rows=10000 bytes=136604
psql:/root/theo-db/benchmarks/m168_inversion_narrow.sql:12: WARNING:  theodb_decode_batch_stream: rows=10000 bytes=136604
psql:/root/theo-db/benchmarks/m168_inversion_narrow.sql:12: WARNING:  theodb_decode_batch_stream: rows=10000 bytes=152988
psql:/root/theo-db/benchmarks/m168_inversion_narrow.sql:12: WARNING:  theodb_decode_batch_stream: rows=10000 bytes=185756
psql:/root/theo-db/benchmarks/m168_inversion_narrow.sql:12: WARNING:  theodb_decode_batch_stream: rows=10000 bytes=185756
psql:/root/theo-db/benchmarks/m168_inversion_narrow.sql:12: WARNING:  theodb_decode_batch_stream: rows=10000 bytes=152988
psql:/root/theo-db/benchmarks/m168_inversion_narrow.sql:12: WARNING:  theodb_decode_batch_stream: rows=10000 bytes=185756
psql:/root/theo-db/benchmarks/m168_inversion_narrow.sql:12: WARNING:  theodb_decode_batch_stream: rows=10000 bytes=185756
psql:/root/theo-db/benchmarks/m168_inversion_narrow.sql:12: WARNING:  theodb_decode_batch_stream: rows=10000 bytes=251292
psql:/root/theo-db/benchmarks/m168_inversion_narrow.sql:12: WARNING:  theodb_decode_batch_stream: rows=10000 bytes=251292
psql:/root/theo-db/benchmarks/m168_inversion_narrow.sql:12: WARNING:  theodb_decode_batch_stream: rows=10000 bytes=136604
psql:/root/theo-db/benchmarks/m168_inversion_narrow.sql:12: WARNING:  theodb_decode_batch_stream: rows=10000 bytes=251292
psql:/root/theo-db/benchmarks/m168_inversion_narrow.sql:12: WARNING:  theodb_decode_batch_stream: rows=10000 bytes=152988
psql:/root/theo-db/benchmarks/m168_inversion_narrow.sql:12: WARNING:  theodb_decode_batch_stream: rows=10000 bytes=152988
psql:/root/theo-db/benchmarks/m168_inversion_narrow.sql:12: WARNING:  theodb_decode_batch_stream: rows=10000 bytes=382364
psql:/root/theo-db/benchmarks/m168_inversion_narrow.sql:12: WARNING:  theodb_decode_batch_stream: rows=10000 bytes=644508
psql:/root/theo-db/benchmarks/m168_inversion_narrow.sql:12: WARNING:  theodb_decode_batch_stream: rows=10000 bytes=644508
psql:/root/theo-db/benchmarks/m168_inversion_narrow.sql:12: WARNING:  theodb_decode_batch_stream: rows=10000 bytes=644508
psql:/root/theo-db/benchmarks/m168_inversion_narrow.sql:12: WARNING:  theodb_decode_batch_stream: rows=10000 bytes=382364
psql:/root/theo-db/benchmarks/m168_inversion_narrow.sql:12: WARNING:  theodb_decode_batch_stream: rows=10000 bytes=251292
psql:/root/theo-db/benchmarks/m168_inversion_narrow.sql:12: WARNING:  theodb_decode_batch_stream: rows=10000 bytes=185756
psql:/root/theo-db/benchmarks/m168_inversion_narrow.sql:12: WARNING:  theodb_decode_batch_stream: rows=10000 bytes=128412
psql:/root/theo-db/benchmarks/m168_inversion_narrow.sql:12: WARNING:  theodb_decode_batch_stream: rows=10000 bytes=185756
psql:/root/theo-db/benchmarks/m168_inversion_narrow.sql:12: WARNING:  theodb_decode_batch_stream: rows=10000 bytes=152988
psql:/root/theo-db/benchmarks/m168_inversion_narrow.sql:12: WARNING:  theodb_decode_batch_stream: rows=10000 bytes=185756
psql:/root/theo-db/benchmarks/m168_inversion_narrow.sql:12: WARNING:  theodb_decode_batch_stream: rows=10000 bytes=185756
psql:/root/theo-db/benchmarks/m168_inversion_narrow.sql:12: WARNING:  theodb_decode_batch_stream: rows=10000 bytes=251292
psql:/root/theo-db/benchmarks/m168_inversion_narrow.sql:12: WARNING:  theodb_decode_batch_stream: rows=10000 bytes=251292
psql:/root/theo-db/benchmarks/m168_inversion_narrow.sql:12: WARNING:  theodb_decode_batch_stream: rows=10000 bytes=152988
psql:/root/theo-db/benchmarks/m168_inversion_narrow.sql:12: WARNING:  theodb_decode_batch_stream: rows=10000 bytes=251292
psql:/root/theo-db/benchmarks/m168_inversion_narrow.sql:12: WARNING:  theodb_decode_batch_stream: rows=10000 bytes=185756
psql:/root/theo-db/benchmarks/m168_inversion_narrow.sql:12: WARNING:  theodb_decode_batch_stream: rows=10000 bytes=382364
psql:/root/theo-db/benchmarks/m168_inversion_narrow.sql:12: WARNING:  theodb_decode_batch_stream: rows=10000 bytes=251292
psql:/root/theo-db/benchmarks/m168_inversion_narrow.sql:12: WARNING:  theodb_decode_batch_stream: rows=10000 bytes=185756
psql:/root/theo-db/benchmarks/m168_inversion_narrow.sql:12: WARNING:  theodb_decode_batch_stream: rows=10000 bytes=251292
psql:/root/theo-db/benchmarks/m168_inversion_narrow.sql:12: WARNING:  theodb_decode_batch_stream: rows=10000 bytes=185756
psql:/root/theo-db/benchmarks/m168_inversion_narrow.sql:12: WARNING:  theodb_decode_batch_stream: rows=10000 bytes=251292
psql:/root/theo-db/benchmarks/m168_inversion_narrow.sql:12: WARNING:  theodb_decode_batch_stream: rows=10000 bytes=152988
psql:/root/theo-db/benchmarks/m168_inversion_narrow.sql:12: WARNING:  theodb_decode_batch_stream: rows=10000 bytes=152988
psql:/root/theo-db/benchmarks/m168_inversion_narrow.sql:12: WARNING:  theodb_decode_batch_stream: rows=10000 bytes=382364
psql:/root/theo-db/benchmarks/m168_inversion_narrow.sql:12: WARNING:  theodb_decode_batch_stream: rows=10000 bytes=185756
psql:/root/theo-db/benchmarks/m168_inversion_narrow.sql:12: WARNING:  theodb_decode_batch_stream: rows=10000 bytes=185756
psql:/root/theo-db/benchmarks/m168_inversion_narrow.sql:12: WARNING:  theodb_decode_batch_stream: rows=10000 bytes=185756
psql:/root/theo-db/benchmarks/m168_inversion_narrow.sql:12: WARNING:  theodb_decode_batch_stream: rows=10000 bytes=382364
psql:/root/theo-db/benchmarks/m168_inversion_narrow.sql:12: WARNING:  theodb_decode_batch_stream: rows=10000 bytes=251292
psql:/root/theo-db/benchmarks/m168_inversion_narrow.sql:12: WARNING:  theodb_decode_batch_stream: rows=10000 bytes=185756
psql:/root/theo-db/benchmarks/m168_inversion_narrow.sql:12: WARNING:  theodb_decode_batch_stream: rows=10000 bytes=185756
psql:/root/theo-db/benchmarks/m168_inversion_narrow.sql:12: WARNING:  theodb_decode_batch_stream: rows=10000 bytes=251292
psql:/root/theo-db/benchmarks/m168_inversion_narrow.sql:12: WARNING:  theodb_decode_batch_stream: rows=10000 bytes=185756
psql:/root/theo-db/benchmarks/m168_inversion_narrow.sql:12: WARNING:  theodb_decode_batch_stream: rows=10000 bytes=136604
psql:/root/theo-db/benchmarks/m168_inversion_narrow.sql:12: WARNING:  theodb_decode_batch_stream: rows=10000 bytes=251292
psql:/root/theo-db/benchmarks/m168_inversion_narrow.sql:12: WARNING:  theodb_decode_batch_stream: rows=10000 bytes=382364
psql:/root/theo-db/benchmarks/m168_inversion_narrow.sql:12: WARNING:  theodb_decode_batch_stream: rows=10000 bytes=152988
psql:/root/theo-db/benchmarks/m168_inversion_narrow.sql:12: WARNING:  theodb_decode_batch_stream: rows=10000 bytes=185756
psql:/root/theo-db/benchmarks/m168_inversion_narrow.sql:12: WARNING:  theodb_decode_batch_stream: rows=10000 bytes=251292
psql:/root/theo-db/benchmarks/m168_inversion_narrow.sql:12: WARNING:  theodb_decode_batch_stream: rows=10000 bytes=251292
psql:/root/theo-db/benchmarks/m168_inversion_narrow.sql:12: WARNING:  theodb_decode_batch_stream: rows=10000 bytes=185756
psql:/root/theo-db/benchmarks/m168_inversion_narrow.sql:12: WARNING:  theodb_decode_batch_stream: rows=10000 bytes=185756
psql:/root/theo-db/benchmarks/m168_inversion_narrow.sql:12: WARNING:  theodb_decode_batch_stream: rows=10000 bytes=251292
psql:/root/theo-db/benchmarks/m168_inversion_narrow.sql:12: WARNING:  theodb_decode_batch_stream: rows=10000 bytes=152988
psql:/root/theo-db/benchmarks/m168_inversion_narrow.sql:12: WARNING:  theodb_decode_batch_stream: rows=10000 bytes=152988
psql:/root/theo-db/benchmarks/m168_inversion_narrow.sql:12: WARNING:  theodb_decode_batch_stream: rows=10000 bytes=382364
psql:/root/theo-db/benchmarks/m168_inversion_narrow.sql:12: WARNING:  theodb_decode_batch_stream: rows=10000 bytes=251292
psql:/root/theo-db/benchmarks/m168_inversion_narrow.sql:12: WARNING:  theodb_decode_batch_stream: rows=10000 bytes=152988
psql:/root/theo-db/benchmarks/m168_inversion_narrow.sql:12: WARNING:  theodb_decode_batch_stream: rows=10000 bytes=185756
psql:/root/theo-db/benchmarks/m168_inversion_narrow.sql:12: WARNING:  theodb_decode_batch_stream: rows=10000 bytes=185756
psql:/root/theo-db/benchmarks/m168_inversion_narrow.sql:12: WARNING:  theodb_decode_batch_stream: rows=10000 bytes=251292
psql:/root/theo-db/benchmarks/m168_inversion_narrow.sql:12: WARNING:  theodb_decode_batch_stream: rows=10000 bytes=185756
psql:/root/theo-db/benchmarks/m168_inversion_narrow.sql:12: WARNING:  theodb_decode_batch_stream: rows=10000 bytes=251292
psql:/root/theo-db/benchmarks/m168_inversion_narrow.sql:12: WARNING:  theodb_decode_batch_stream: rows=10000 bytes=185756
psql:/root/theo-db/benchmarks/m168_inversion_narrow.sql:12: WARNING:  theodb_decode_batch_stream: rows=10000 bytes=251292
psql:/root/theo-db/benchmarks/m168_inversion_narrow.sql:12: WARNING:  theodb_decode_batch_stream: rows=10000 bytes=251292
psql:/root/theo-db/benchmarks/m168_inversion_narrow.sql:12: WARNING:  theodb_decode_batch_stream: rows=10000 bytes=185756
psql:/root/theo-db/benchmarks/m168_inversion_narrow.sql:12: WARNING:  theodb_topk_pool: peak_reserved=43240056 reserved_at_end=0 pool_limit=134217728
SELECT 400000
 stream_on_rows 
----------------
         400000
(1 row)

=== stream=OFF ===
SET
psql:/root/theo-db/benchmarks/m168_inversion_narrow.sql:16: NOTICE:  table "t2" does not exist, skipping
DROP TABLE
psql:/root/theo-db/benchmarks/m168_inversion_narrow.sql:17: WARNING:  theodb_admit_decline: topk_entered_sort
psql:/root/theo-db/benchmarks/m168_inversion_narrow.sql:17: WARNING:  theodb_admit_decline: swap_topk_admitted
psql:/root/theo-db/benchmarks/m168_inversion_narrow.sql:17: WARNING:  theodb_admit_decline: topk_entered_sort
psql:/root/theo-db/benchmarks/m168_inversion_narrow.sql:17: WARNING:  theodb_admit_decline: topk_parent_not_limit
psql:/root/theo-db/benchmarks/m168_inversion_narrow.sql:17: WARNING:  theodb_decode_batch: rows=1000000 bytes=20388828 work_mem_bytes=33554432
psql:/root/theo-db/benchmarks/m168_inversion_narrow.sql:17: ERROR:  df_executor: DataFusion: Resources exhausted: Failed to allocate additional 19.5 MB for TopK[0] with 100.3 MB already allocated for this reservation - 2.6 MB remain available for the total memory pool: greedy(used: 100.3 MB, pool_size: 102.9 MB)
psql:/root/theo-db/benchmarks/m168_inversion_narrow.sql:18: ERROR:  relation "t2" does not exist
LINE 1: SELECT count(*) AS stream_off_rows FROM t2;
                                                ^
=== inversion-narrow (execução 1/1) rc=0 end 2026-07-29T15:59:37+00:00 ===
