SET
SET
SET
=== q23 (SELECT *, 105 colunas) ===
psql:/tmp/peak.sql:5: WARNING:  theodb_admit_decline: topk_entered_sort
psql:/tmp/peak.sql:5: WARNING:  theodb_admit_decline: swap_topk_admitted
psql:/tmp/peak.sql:5: WARNING:  theodb_admit_decline: topk_entered_sort
psql:/tmp/peak.sql:5: WARNING:  theodb_admit_decline: topk_parent_not_limit
psql:/tmp/peak.sql:5: WARNING:  theodb_decode_batch_stream: rows=10000 bytes=8331504
psql:/tmp/peak.sql:5: WARNING:  theodb_decode_batch_stream: rows=10000 bytes=8606960
psql:/tmp/peak.sql:5: WARNING:  theodb_decode_batch_stream: rows=10000 bytes=9520368
psql:/tmp/peak.sql:5: WARNING:  theodb_decode_batch_stream: rows=10000 bytes=8605936
psql:/tmp/peak.sql:5: WARNING:  theodb_decode_batch_stream: rows=10000 bytes=7796976
psql:/tmp/peak.sql:5: WARNING:  theodb_decode_batch_stream: rows=10000 bytes=7798000
psql:/tmp/peak.sql:5: WARNING:  theodb_decode_batch_stream: rows=10000 bytes=7540976
psql:/tmp/peak.sql:5: WARNING:  theodb_decode_batch_stream: rows=10000 bytes=7803120
psql:/tmp/peak.sql:5: WARNING:  theodb_decode_batch_stream: rows=10000 bytes=7595248
psql:/tmp/peak.sql:5: WARNING:  theodb_decode_batch_stream: rows=10000 bytes=7365872
psql:/tmp/peak.sql:5: WARNING:  theodb_decode_batch_stream: rows=10000 bytes=8596720
psql:/tmp/peak.sql:5: WARNING:  theodb_decode_batch_stream: rows=10000 bytes=8703216
psql:/tmp/peak.sql:5: WARNING:  theodb_decode_batch_stream: rows=10000 bytes=8504560
psql:/tmp/peak.sql:5: WARNING:  theodb_decode_batch_stream: rows=10000 bytes=8534256
psql:/tmp/peak.sql:5: WARNING:  theodb_decode_batch_stream: rows=10000 bytes=7548144
psql:/tmp/peak.sql:5: WARNING:  theodb_decode_batch_stream: rows=10000 bytes=7292144
psql:/tmp/peak.sql:5: WARNING:  theodb_decode_batch_stream: rows=10000 bytes=7386352
psql:/tmp/peak.sql:5: WARNING:  theodb_decode_batch_stream: rows=10000 bytes=8725744
psql:/tmp/peak.sql:5: WARNING:  theodb_decode_batch_stream: rows=10000 bytes=7266544
psql:/tmp/peak.sql:5: WARNING:  theodb_decode_batch_stream: rows=10000 bytes=6332656
psql:/tmp/peak.sql:5: WARNING:  theodb_decode_batch_stream: rows=10000 bytes=6346992
psql:/tmp/peak.sql:5: WARNING:  theodb_decode_batch_stream: rows=10000 bytes=6428912
psql:/tmp/peak.sql:5: WARNING:  theodb_decode_batch_stream: rows=10000 bytes=6150384
psql:/tmp/peak.sql:5: WARNING:  theodb_decode_batch_stream: rows=10000 bytes=6151408
psql:/tmp/peak.sql:5: WARNING:  theodb_decode_batch_stream: rows=10000 bytes=6724848
psql:/tmp/peak.sql:5: WARNING:  theodb_decode_batch_stream: rows=10000 bytes=7812336
psql:/tmp/peak.sql:5: WARNING:  theodb_decode_batch_stream: rows=10000 bytes=11492592
psql:/tmp/peak.sql:5: WARNING:  theodb_decode_batch_stream: rows=10000 bytes=11503920
psql:/tmp/peak.sql:5: WARNING:  theodb_decode_batch_stream: rows=10000 bytes=9479408
psql:/tmp/peak.sql:5: WARNING:  theodb_decode_batch_stream: rows=10000 bytes=8464624
psql:/tmp/peak.sql:5: WARNING:  theodb_decode_batch_stream: rows=10000 bytes=7480560
psql:/tmp/peak.sql:5: WARNING:  theodb_decode_batch_stream: rows=10000 bytes=6268144
psql:/tmp/peak.sql:5: WARNING:  theodb_decode_batch_stream: rows=10000 bytes=7451888
psql:/tmp/peak.sql:5: WARNING:  theodb_decode_batch_stream: rows=10000 bytes=7256304
psql:/tmp/peak.sql:5: WARNING:  theodb_decode_batch_stream: rows=10000 bytes=7546096
psql:/tmp/peak.sql:5: WARNING:  theodb_decode_batch_stream: rows=10000 bytes=8398064
psql:/tmp/peak.sql:5: WARNING:  theodb_decode_batch_stream: rows=10000 bytes=6126832
psql:/tmp/peak.sql:5: WARNING:  theodb_decode_batch_stream: rows=10000 bytes=8534256
psql:/tmp/peak.sql:5: WARNING:  theodb_decode_batch_stream: rows=10000 bytes=7583984
psql:/tmp/peak.sql:5: WARNING:  theodb_decode_batch_stream: rows=10000 bytes=6822128
psql:/tmp/peak.sql:5: WARNING:  theodb_decode_batch_stream: rows=10000 bytes=9510128
psql:/tmp/peak.sql:5: WARNING:  theodb_decode_batch_stream: rows=10000 bytes=10853616
psql:/tmp/peak.sql:5: WARNING:  theodb_decode_batch_stream: rows=10000 bytes=10853616
psql:/tmp/peak.sql:5: WARNING:  theodb_decode_batch_stream: rows=10000 bytes=10820848
psql:/tmp/peak.sql:5: WARNING:  theodb_decode_batch_stream: rows=10000 bytes=9515248
psql:/tmp/peak.sql:5: WARNING:  theodb_decode_batch_stream: rows=10000 bytes=7553264
psql:/tmp/peak.sql:5: WARNING:  theodb_decode_batch_stream: rows=10000 bytes=7315696
psql:/tmp/peak.sql:5: WARNING:  theodb_decode_batch_stream: rows=10000 bytes=6469872
psql:/tmp/peak.sql:5: WARNING:  theodb_decode_batch_stream: rows=10000 bytes=6789360
psql:/tmp/peak.sql:5: WARNING:  theodb_decode_batch_stream: rows=10000 bytes=6169840
psql:/tmp/peak.sql:5: WARNING:  theodb_decode_batch_stream: rows=10000 bytes=18754800
psql:/tmp/peak.sql:5: WARNING:  theodb_decode_batch_stream: rows=10000 bytes=14563568
psql:/tmp/peak.sql:5: WARNING:  theodb_decode_batch_stream: rows=10000 bytes=7447792
psql:/tmp/peak.sql:5: WARNING:  theodb_decode_batch_stream: rows=10000 bytes=7939312
psql:/tmp/peak.sql:5: WARNING:  theodb_decode_batch_stream: rows=10000 bytes=14135536
psql:/tmp/peak.sql:5: WARNING:  theodb_decode_batch_stream: rows=10000 bytes=9512176
psql:/tmp/peak.sql:5: WARNING:  theodb_decode_batch_stream: rows=10000 bytes=10526960
psql:/tmp/peak.sql:5: WARNING:  theodb_decode_batch_stream: rows=10000 bytes=8865008
psql:/tmp/peak.sql:5: WARNING:  theodb_decode_batch_stream: rows=10000 bytes=7552240
psql:/tmp/peak.sql:5: WARNING:  theodb_decode_batch_stream: rows=10000 bytes=8505584
psql:/tmp/peak.sql:5: WARNING:  theodb_decode_batch_stream: rows=10000 bytes=8483056
psql:/tmp/peak.sql:5: WARNING:  theodb_decode_batch_stream: rows=10000 bytes=7257328
psql:/tmp/peak.sql:5: WARNING:  theodb_decode_batch_stream: rows=10000 bytes=8463600
psql:/tmp/peak.sql:5: WARNING:  theodb_decode_batch_stream: rows=10000 bytes=7257328
psql:/tmp/peak.sql:5: WARNING:  theodb_decode_batch_stream: rows=10000 bytes=7316720
psql:/tmp/peak.sql:5: WARNING:  theodb_decode_batch_stream: rows=10000 bytes=9510128
psql:/tmp/peak.sql:5: WARNING:  theodb_decode_batch_stream: rows=10000 bytes=7281904
psql:/tmp/peak.sql:5: WARNING:  theodb_decode_batch_stream: rows=10000 bytes=14163184
psql:/tmp/peak.sql:5: WARNING:  theodb_decode_batch_stream: rows=10000 bytes=9446640
psql:/tmp/peak.sql:5: WARNING:  theodb_decode_batch_stream: rows=10000 bytes=7681264
psql:/tmp/peak.sql:5: WARNING:  theodb_decode_batch_stream: rows=10000 bytes=7421168
psql:/tmp/peak.sql:5: WARNING:  theodb_decode_batch_stream: rows=10000 bytes=8550640
psql:/tmp/peak.sql:5: WARNING:  theodb_decode_batch_stream: rows=10000 bytes=6971632
psql:/tmp/peak.sql:5: WARNING:  theodb_decode_batch_stream: rows=10000 bytes=7816432
psql:/tmp/peak.sql:5: WARNING:  theodb_decode_batch_stream: rows=10000 bytes=9381104
psql:/tmp/peak.sql:5: WARNING:  theodb_decode_batch_stream: rows=10000 bytes=7185648
psql:/tmp/peak.sql:5: WARNING:  theodb_decode_batch_stream: rows=10000 bytes=8367344
psql:/tmp/peak.sql:5: WARNING:  theodb_decode_batch_stream: rows=10000 bytes=9510128
psql:/tmp/peak.sql:5: WARNING:  theodb_decode_batch_stream: rows=10000 bytes=14556400
psql:/tmp/peak.sql:5: WARNING:  theodb_decode_batch_stream: rows=10000 bytes=10497264
psql:/tmp/peak.sql:5: WARNING:  theodb_decode_batch_stream: rows=10000 bytes=7414000
psql:/tmp/peak.sql:5: WARNING:  theodb_decode_batch_stream: rows=10000 bytes=7557360
psql:/tmp/peak.sql:5: WARNING:  theodb_decode_batch_stream: rows=10000 bytes=8589552
psql:/tmp/peak.sql:5: WARNING:  theodb_decode_batch_stream: rows=10000 bytes=7594224
psql:/tmp/peak.sql:5: WARNING:  theodb_decode_batch_stream: rows=10000 bytes=7321840
psql:/tmp/peak.sql:5: WARNING:  theodb_decode_batch_stream: rows=10000 bytes=8268016
psql:/tmp/peak.sql:5: WARNING:  theodb_decode_batch_stream: rows=10000 bytes=7233776
psql:/tmp/peak.sql:5: WARNING:  theodb_decode_batch_stream: rows=10000 bytes=9526512
psql:/tmp/peak.sql:5: WARNING:  theodb_decode_batch_stream: rows=10000 bytes=8331504
psql:/tmp/peak.sql:5: WARNING:  theodb_decode_batch_stream: rows=10000 bytes=15144176
psql:/tmp/peak.sql:5: WARNING:  theodb_decode_batch_stream: rows=10000 bytes=9318640
psql:/tmp/peak.sql:5: WARNING:  theodb_decode_batch_stream: rows=10000 bytes=7492848
psql:/tmp/peak.sql:5: WARNING:  theodb_decode_batch_stream: rows=10000 bytes=10439920
psql:/tmp/peak.sql:5: WARNING:  theodb_decode_batch_stream: rows=10000 bytes=8547568
psql:/tmp/peak.sql:5: WARNING:  theodb_decode_batch_stream: rows=10000 bytes=10438896
psql:/tmp/peak.sql:5: WARNING:  theodb_decode_batch_stream: rows=10000 bytes=8543472
psql:/tmp/peak.sql:5: WARNING:  theodb_decode_batch_stream: rows=10000 bytes=9392368
psql:/tmp/peak.sql:5: WARNING:  theodb_decode_batch_stream: rows=10000 bytes=8859888
psql:/tmp/peak.sql:5: WARNING:  theodb_decode_batch_stream: rows=10000 bytes=7756016
=== q24 (projeção estreita) ===
psql:/tmp/peak.sql:7: WARNING:  theodb_admit_decline: topk_entered_sort
psql:/tmp/peak.sql:7: WARNING:  theodb_admit_decline: swap_topk_admitted
psql:/tmp/peak.sql:7: WARNING:  theodb_admit_decline: topk_entered_sort
psql:/tmp/peak.sql:7: WARNING:  theodb_admit_decline: topk_parent_not_limit
psql:/tmp/peak.sql:7: WARNING:  theodb_decode_batch_stream: rows=10000 bytes=251292
psql:/tmp/peak.sql:7: WARNING:  theodb_decode_batch_stream: rows=10000 bytes=382364
psql:/tmp/peak.sql:7: WARNING:  theodb_decode_batch_stream: rows=10000 bytes=251292
psql:/tmp/peak.sql:7: WARNING:  theodb_decode_batch_stream: rows=10000 bytes=251292
psql:/tmp/peak.sql:7: WARNING:  theodb_decode_batch_stream: rows=10000 bytes=185756
psql:/tmp/peak.sql:7: WARNING:  theodb_decode_batch_stream: rows=10000 bytes=185756
psql:/tmp/peak.sql:7: WARNING:  theodb_decode_batch_stream: rows=10000 bytes=185756
psql:/tmp/peak.sql:7: WARNING:  theodb_decode_batch_stream: rows=10000 bytes=185756
psql:/tmp/peak.sql:7: WARNING:  theodb_decode_batch_stream: rows=10000 bytes=251292
psql:/tmp/peak.sql:7: WARNING:  theodb_decode_batch_stream: rows=10000 bytes=185756
psql:/tmp/peak.sql:7: WARNING:  theodb_decode_batch_stream: rows=10000 bytes=251292
psql:/tmp/peak.sql:7: WARNING:  theodb_decode_batch_stream: rows=10000 bytes=152988
psql:/tmp/peak.sql:7: WARNING:  theodb_decode_batch_stream: rows=10000 bytes=136604
psql:/tmp/peak.sql:7: WARNING:  theodb_decode_batch_stream: rows=10000 bytes=185756
psql:/tmp/peak.sql:7: WARNING:  theodb_decode_batch_stream: rows=10000 bytes=251292
psql:/tmp/peak.sql:7: WARNING:  theodb_decode_batch_stream: rows=10000 bytes=152988
psql:/tmp/peak.sql:7: WARNING:  theodb_decode_batch_stream: rows=10000 bytes=185756
psql:/tmp/peak.sql:7: WARNING:  theodb_decode_batch_stream: rows=10000 bytes=251292
psql:/tmp/peak.sql:7: WARNING:  theodb_decode_batch_stream: rows=10000 bytes=185756
psql:/tmp/peak.sql:7: WARNING:  theodb_decode_batch_stream: rows=10000 bytes=185756
psql:/tmp/peak.sql:7: WARNING:  theodb_decode_batch_stream: rows=10000 bytes=185756
psql:/tmp/peak.sql:7: WARNING:  theodb_decode_batch_stream: rows=10000 bytes=152988
psql:/tmp/peak.sql:7: WARNING:  theodb_decode_batch_stream: rows=10000 bytes=136604
psql:/tmp/peak.sql:7: WARNING:  theodb_decode_batch_stream: rows=10000 bytes=136604
psql:/tmp/peak.sql:7: WARNING:  theodb_decode_batch_stream: rows=10000 bytes=185756
psql:/tmp/peak.sql:7: WARNING:  theodb_decode_batch_stream: rows=10000 bytes=382364
psql:/tmp/peak.sql:7: WARNING:  theodb_decode_batch_stream: rows=10000 bytes=136604
psql:/tmp/peak.sql:7: WARNING:  theodb_decode_batch_stream: rows=10000 bytes=136604
psql:/tmp/peak.sql:7: WARNING:  theodb_decode_batch_stream: rows=10000 bytes=152988
psql:/tmp/peak.sql:7: WARNING:  theodb_decode_batch_stream: rows=10000 bytes=185756
psql:/tmp/peak.sql:7: WARNING:  theodb_decode_batch_stream: rows=10000 bytes=185756
psql:/tmp/peak.sql:7: WARNING:  theodb_decode_batch_stream: rows=10000 bytes=152988
psql:/tmp/peak.sql:7: WARNING:  theodb_decode_batch_stream: rows=10000 bytes=185756
psql:/tmp/peak.sql:7: WARNING:  theodb_decode_batch_stream: rows=10000 bytes=185756
psql:/tmp/peak.sql:7: WARNING:  theodb_decode_batch_stream: rows=10000 bytes=251292
psql:/tmp/peak.sql:7: WARNING:  theodb_decode_batch_stream: rows=10000 bytes=251292
psql:/tmp/peak.sql:7: WARNING:  theodb_decode_batch_stream: rows=10000 bytes=136604
psql:/tmp/peak.sql:7: WARNING:  theodb_decode_batch_stream: rows=10000 bytes=251292
psql:/tmp/peak.sql:7: WARNING:  theodb_decode_batch_stream: rows=10000 bytes=152988
psql:/tmp/peak.sql:7: WARNING:  theodb_decode_batch_stream: rows=10000 bytes=152988
psql:/tmp/peak.sql:7: WARNING:  theodb_decode_batch_stream: rows=10000 bytes=382364
psql:/tmp/peak.sql:7: WARNING:  theodb_decode_batch_stream: rows=10000 bytes=644508
psql:/tmp/peak.sql:7: WARNING:  theodb_decode_batch_stream: rows=10000 bytes=644508
psql:/tmp/peak.sql:7: WARNING:  theodb_decode_batch_stream: rows=10000 bytes=644508
psql:/tmp/peak.sql:7: WARNING:  theodb_decode_batch_stream: rows=10000 bytes=382364
psql:/tmp/peak.sql:7: WARNING:  theodb_decode_batch_stream: rows=10000 bytes=251292
psql:/tmp/peak.sql:7: WARNING:  theodb_decode_batch_stream: rows=10000 bytes=185756
psql:/tmp/peak.sql:7: WARNING:  theodb_decode_batch_stream: rows=10000 bytes=128412
psql:/tmp/peak.sql:7: WARNING:  theodb_decode_batch_stream: rows=10000 bytes=185756
psql:/tmp/peak.sql:7: WARNING:  theodb_decode_batch_stream: rows=10000 bytes=152988
psql:/tmp/peak.sql:7: WARNING:  theodb_decode_batch_stream: rows=10000 bytes=185756
psql:/tmp/peak.sql:7: WARNING:  theodb_decode_batch_stream: rows=10000 bytes=185756
psql:/tmp/peak.sql:7: WARNING:  theodb_decode_batch_stream: rows=10000 bytes=251292
psql:/tmp/peak.sql:7: WARNING:  theodb_decode_batch_stream: rows=10000 bytes=251292
psql:/tmp/peak.sql:7: WARNING:  theodb_decode_batch_stream: rows=10000 bytes=152988
psql:/tmp/peak.sql:7: WARNING:  theodb_decode_batch_stream: rows=10000 bytes=251292
psql:/tmp/peak.sql:7: WARNING:  theodb_decode_batch_stream: rows=10000 bytes=185756
psql:/tmp/peak.sql:7: WARNING:  theodb_decode_batch_stream: rows=10000 bytes=382364
psql:/tmp/peak.sql:7: WARNING:  theodb_decode_batch_stream: rows=10000 bytes=251292
psql:/tmp/peak.sql:7: WARNING:  theodb_decode_batch_stream: rows=10000 bytes=185756
psql:/tmp/peak.sql:7: WARNING:  theodb_decode_batch_stream: rows=10000 bytes=251292
psql:/tmp/peak.sql:7: WARNING:  theodb_decode_batch_stream: rows=10000 bytes=185756
psql:/tmp/peak.sql:7: WARNING:  theodb_decode_batch_stream: rows=10000 bytes=251292
psql:/tmp/peak.sql:7: WARNING:  theodb_decode_batch_stream: rows=10000 bytes=152988
psql:/tmp/peak.sql:7: WARNING:  theodb_decode_batch_stream: rows=10000 bytes=152988
psql:/tmp/peak.sql:7: WARNING:  theodb_decode_batch_stream: rows=10000 bytes=382364
psql:/tmp/peak.sql:7: WARNING:  theodb_decode_batch_stream: rows=10000 bytes=185756
psql:/tmp/peak.sql:7: WARNING:  theodb_decode_batch_stream: rows=10000 bytes=185756
psql:/tmp/peak.sql:7: WARNING:  theodb_decode_batch_stream: rows=10000 bytes=185756
psql:/tmp/peak.sql:7: WARNING:  theodb_decode_batch_stream: rows=10000 bytes=382364
psql:/tmp/peak.sql:7: WARNING:  theodb_decode_batch_stream: rows=10000 bytes=251292
psql:/tmp/peak.sql:7: WARNING:  theodb_decode_batch_stream: rows=10000 bytes=185756
psql:/tmp/peak.sql:7: WARNING:  theodb_decode_batch_stream: rows=10000 bytes=185756
psql:/tmp/peak.sql:7: WARNING:  theodb_decode_batch_stream: rows=10000 bytes=251292
psql:/tmp/peak.sql:7: WARNING:  theodb_decode_batch_stream: rows=10000 bytes=185756
psql:/tmp/peak.sql:7: WARNING:  theodb_decode_batch_stream: rows=10000 bytes=136604
psql:/tmp/peak.sql:7: WARNING:  theodb_decode_batch_stream: rows=10000 bytes=251292
psql:/tmp/peak.sql:7: WARNING:  theodb_decode_batch_stream: rows=10000 bytes=382364
psql:/tmp/peak.sql:7: WARNING:  theodb_decode_batch_stream: rows=10000 bytes=152988
psql:/tmp/peak.sql:7: WARNING:  theodb_decode_batch_stream: rows=10000 bytes=185756
psql:/tmp/peak.sql:7: WARNING:  theodb_decode_batch_stream: rows=10000 bytes=251292
psql:/tmp/peak.sql:7: WARNING:  theodb_decode_batch_stream: rows=10000 bytes=251292
psql:/tmp/peak.sql:7: WARNING:  theodb_decode_batch_stream: rows=10000 bytes=185756
psql:/tmp/peak.sql:7: WARNING:  theodb_decode_batch_stream: rows=10000 bytes=185756
psql:/tmp/peak.sql:7: WARNING:  theodb_decode_batch_stream: rows=10000 bytes=251292
psql:/tmp/peak.sql:7: WARNING:  theodb_decode_batch_stream: rows=10000 bytes=152988
psql:/tmp/peak.sql:7: WARNING:  theodb_decode_batch_stream: rows=10000 bytes=152988
psql:/tmp/peak.sql:7: WARNING:  theodb_decode_batch_stream: rows=10000 bytes=382364
psql:/tmp/peak.sql:7: WARNING:  theodb_decode_batch_stream: rows=10000 bytes=251292
psql:/tmp/peak.sql:7: WARNING:  theodb_decode_batch_stream: rows=10000 bytes=152988
psql:/tmp/peak.sql:7: WARNING:  theodb_decode_batch_stream: rows=10000 bytes=185756
psql:/tmp/peak.sql:7: WARNING:  theodb_decode_batch_stream: rows=10000 bytes=185756
psql:/tmp/peak.sql:7: WARNING:  theodb_decode_batch_stream: rows=10000 bytes=251292
psql:/tmp/peak.sql:7: WARNING:  theodb_decode_batch_stream: rows=10000 bytes=185756
psql:/tmp/peak.sql:7: WARNING:  theodb_decode_batch_stream: rows=10000 bytes=251292
psql:/tmp/peak.sql:7: WARNING:  theodb_decode_batch_stream: rows=10000 bytes=185756
psql:/tmp/peak.sql:7: WARNING:  theodb_decode_batch_stream: rows=10000 bytes=251292
psql:/tmp/peak.sql:7: WARNING:  theodb_decode_batch_stream: rows=10000 bytes=251292
psql:/tmp/peak.sql:7: WARNING:  theodb_decode_batch_stream: rows=10000 bytes=185756
=== q25 (chave de texto) ===
psql:/tmp/peak.sql:9: WARNING:  theodb_admit_decline: topk_entered_sort
psql:/tmp/peak.sql:9: WARNING:  theodb_admit_decline: swap_topk_admitted
psql:/tmp/peak.sql:9: WARNING:  theodb_admit_decline: topk_entered_sort
psql:/tmp/peak.sql:9: WARNING:  theodb_admit_decline: topk_parent_not_limit
psql:/tmp/peak.sql:9: WARNING:  theodb_decode_batch_stream: rows=10000 bytes=171196
psql:/tmp/peak.sql:9: WARNING:  theodb_decode_batch_stream: rows=10000 bytes=302268
psql:/tmp/peak.sql:9: WARNING:  theodb_decode_batch_stream: rows=10000 bytes=171196
psql:/tmp/peak.sql:9: WARNING:  theodb_decode_batch_stream: rows=10000 bytes=171196
psql:/tmp/peak.sql:9: WARNING:  theodb_decode_batch_stream: rows=10000 bytes=105660
psql:/tmp/peak.sql:9: WARNING:  theodb_decode_batch_stream: rows=10000 bytes=105660
psql:/tmp/peak.sql:9: WARNING:  theodb_decode_batch_stream: rows=10000 bytes=105660
psql:/tmp/peak.sql:9: WARNING:  theodb_decode_batch_stream: rows=10000 bytes=105660
psql:/tmp/peak.sql:9: WARNING:  theodb_decode_batch_stream: rows=10000 bytes=171196
psql:/tmp/peak.sql:9: WARNING:  theodb_decode_batch_stream: rows=10000 bytes=105660
psql:/tmp/peak.sql:9: WARNING:  theodb_decode_batch_stream: rows=10000 bytes=171196
psql:/tmp/peak.sql:9: WARNING:  theodb_decode_batch_stream: rows=10000 bytes=72892
psql:/tmp/peak.sql:9: WARNING:  theodb_decode_batch_stream: rows=10000 bytes=56508
psql:/tmp/peak.sql:9: WARNING:  theodb_decode_batch_stream: rows=10000 bytes=105660
psql:/tmp/peak.sql:9: WARNING:  theodb_decode_batch_stream: rows=10000 bytes=171196
psql:/tmp/peak.sql:9: WARNING:  theodb_decode_batch_stream: rows=10000 bytes=72892
psql:/tmp/peak.sql:9: WARNING:  theodb_decode_batch_stream: rows=10000 bytes=105660
psql:/tmp/peak.sql:9: WARNING:  theodb_decode_batch_stream: rows=10000 bytes=171196
psql:/tmp/peak.sql:9: WARNING:  theodb_decode_batch_stream: rows=10000 bytes=105660
psql:/tmp/peak.sql:9: WARNING:  theodb_decode_batch_stream: rows=10000 bytes=105660
psql:/tmp/peak.sql:9: WARNING:  theodb_decode_batch_stream: rows=10000 bytes=105660
psql:/tmp/peak.sql:9: WARNING:  theodb_decode_batch_stream: rows=10000 bytes=72892
psql:/tmp/peak.sql:9: WARNING:  theodb_decode_batch_stream: rows=10000 bytes=56508
psql:/tmp/peak.sql:9: WARNING:  theodb_decode_batch_stream: rows=10000 bytes=56508
psql:/tmp/peak.sql:9: WARNING:  theodb_decode_batch_stream: rows=10000 bytes=105660
psql:/tmp/peak.sql:9: WARNING:  theodb_decode_batch_stream: rows=10000 bytes=302268
psql:/tmp/peak.sql:9: WARNING:  theodb_decode_batch_stream: rows=10000 bytes=56508
psql:/tmp/peak.sql:9: WARNING:  theodb_decode_batch_stream: rows=10000 bytes=56508
psql:/tmp/peak.sql:9: WARNING:  theodb_decode_batch_stream: rows=10000 bytes=72892
psql:/tmp/peak.sql:9: WARNING:  theodb_decode_batch_stream: rows=10000 bytes=105660
psql:/tmp/peak.sql:9: WARNING:  theodb_decode_batch_stream: rows=10000 bytes=105660
psql:/tmp/peak.sql:9: WARNING:  theodb_decode_batch_stream: rows=10000 bytes=72892
psql:/tmp/peak.sql:9: WARNING:  theodb_decode_batch_stream: rows=10000 bytes=105660
psql:/tmp/peak.sql:9: WARNING:  theodb_decode_batch_stream: rows=10000 bytes=105660
psql:/tmp/peak.sql:9: WARNING:  theodb_decode_batch_stream: rows=10000 bytes=171196
psql:/tmp/peak.sql:9: WARNING:  theodb_decode_batch_stream: rows=10000 bytes=171196
psql:/tmp/peak.sql:9: WARNING:  theodb_decode_batch_stream: rows=10000 bytes=56508
psql:/tmp/peak.sql:9: WARNING:  theodb_decode_batch_stream: rows=10000 bytes=171196
psql:/tmp/peak.sql:9: WARNING:  theodb_decode_batch_stream: rows=10000 bytes=72892
psql:/tmp/peak.sql:9: WARNING:  theodb_decode_batch_stream: rows=10000 bytes=72892
psql:/tmp/peak.sql:9: WARNING:  theodb_decode_batch_stream: rows=10000 bytes=302268
psql:/tmp/peak.sql:9: WARNING:  theodb_decode_batch_stream: rows=10000 bytes=564412
psql:/tmp/peak.sql:9: WARNING:  theodb_decode_batch_stream: rows=10000 bytes=564412
psql:/tmp/peak.sql:9: WARNING:  theodb_decode_batch_stream: rows=10000 bytes=564412
psql:/tmp/peak.sql:9: WARNING:  theodb_decode_batch_stream: rows=10000 bytes=302268
psql:/tmp/peak.sql:9: WARNING:  theodb_decode_batch_stream: rows=10000 bytes=171196
psql:/tmp/peak.sql:9: WARNING:  theodb_decode_batch_stream: rows=10000 bytes=105660
psql:/tmp/peak.sql:9: WARNING:  theodb_decode_batch_stream: rows=10000 bytes=48316
psql:/tmp/peak.sql:9: WARNING:  theodb_decode_batch_stream: rows=10000 bytes=105660
psql:/tmp/peak.sql:9: WARNING:  theodb_decode_batch_stream: rows=10000 bytes=72892
psql:/tmp/peak.sql:9: WARNING:  theodb_decode_batch_stream: rows=10000 bytes=105660
psql:/tmp/peak.sql:9: WARNING:  theodb_decode_batch_stream: rows=10000 bytes=105660
psql:/tmp/peak.sql:9: WARNING:  theodb_decode_batch_stream: rows=10000 bytes=171196
psql:/tmp/peak.sql:9: WARNING:  theodb_decode_batch_stream: rows=10000 bytes=171196
psql:/tmp/peak.sql:9: WARNING:  theodb_decode_batch_stream: rows=10000 bytes=72892
psql:/tmp/peak.sql:9: WARNING:  theodb_decode_batch_stream: rows=10000 bytes=171196
psql:/tmp/peak.sql:9: WARNING:  theodb_decode_batch_stream: rows=10000 bytes=105660
psql:/tmp/peak.sql:9: WARNING:  theodb_decode_batch_stream: rows=10000 bytes=302268
psql:/tmp/peak.sql:9: WARNING:  theodb_decode_batch_stream: rows=10000 bytes=171196
psql:/tmp/peak.sql:9: WARNING:  theodb_decode_batch_stream: rows=10000 bytes=105660
psql:/tmp/peak.sql:9: WARNING:  theodb_decode_batch_stream: rows=10000 bytes=171196
psql:/tmp/peak.sql:9: WARNING:  theodb_decode_batch_stream: rows=10000 bytes=105660
psql:/tmp/peak.sql:9: WARNING:  theodb_decode_batch_stream: rows=10000 bytes=171196
psql:/tmp/peak.sql:9: WARNING:  theodb_decode_batch_stream: rows=10000 bytes=72892
psql:/tmp/peak.sql:9: WARNING:  theodb_decode_batch_stream: rows=10000 bytes=72892
psql:/tmp/peak.sql:9: WARNING:  theodb_decode_batch_stream: rows=10000 bytes=302268
psql:/tmp/peak.sql:9: WARNING:  theodb_decode_batch_stream: rows=10000 bytes=105660
psql:/tmp/peak.sql:9: WARNING:  theodb_decode_batch_stream: rows=10000 bytes=105660
psql:/tmp/peak.sql:9: WARNING:  theodb_decode_batch_stream: rows=10000 bytes=105660
psql:/tmp/peak.sql:9: WARNING:  theodb_decode_batch_stream: rows=10000 bytes=302268
psql:/tmp/peak.sql:9: WARNING:  theodb_decode_batch_stream: rows=10000 bytes=171196
psql:/tmp/peak.sql:9: WARNING:  theodb_decode_batch_stream: rows=10000 bytes=105660
psql:/tmp/peak.sql:9: WARNING:  theodb_decode_batch_stream: rows=10000 bytes=105660
psql:/tmp/peak.sql:9: WARNING:  theodb_decode_batch_stream: rows=10000 bytes=171196
psql:/tmp/peak.sql:9: WARNING:  theodb_decode_batch_stream: rows=10000 bytes=105660
psql:/tmp/peak.sql:9: WARNING:  theodb_decode_batch_stream: rows=10000 bytes=56508
psql:/tmp/peak.sql:9: WARNING:  theodb_decode_batch_stream: rows=10000 bytes=171196
psql:/tmp/peak.sql:9: WARNING:  theodb_decode_batch_stream: rows=10000 bytes=302268
psql:/tmp/peak.sql:9: WARNING:  theodb_decode_batch_stream: rows=10000 bytes=72892
psql:/tmp/peak.sql:9: WARNING:  theodb_decode_batch_stream: rows=10000 bytes=105660
psql:/tmp/peak.sql:9: WARNING:  theodb_decode_batch_stream: rows=10000 bytes=171196
psql:/tmp/peak.sql:9: WARNING:  theodb_decode_batch_stream: rows=10000 bytes=171196
psql:/tmp/peak.sql:9: WARNING:  theodb_decode_batch_stream: rows=10000 bytes=105660
psql:/tmp/peak.sql:9: WARNING:  theodb_decode_batch_stream: rows=10000 bytes=105660
psql:/tmp/peak.sql:9: WARNING:  theodb_decode_batch_stream: rows=10000 bytes=171196
psql:/tmp/peak.sql:9: WARNING:  theodb_decode_batch_stream: rows=10000 bytes=72892
psql:/tmp/peak.sql:9: WARNING:  theodb_decode_batch_stream: rows=10000 bytes=72892
psql:/tmp/peak.sql:9: WARNING:  theodb_decode_batch_stream: rows=10000 bytes=302268
psql:/tmp/peak.sql:9: WARNING:  theodb_decode_batch_stream: rows=10000 bytes=171196
psql:/tmp/peak.sql:9: WARNING:  theodb_decode_batch_stream: rows=10000 bytes=72892
psql:/tmp/peak.sql:9: WARNING:  theodb_decode_batch_stream: rows=10000 bytes=105660
psql:/tmp/peak.sql:9: WARNING:  theodb_decode_batch_stream: rows=10000 bytes=105660
psql:/tmp/peak.sql:9: WARNING:  theodb_decode_batch_stream: rows=10000 bytes=171196
psql:/tmp/peak.sql:9: WARNING:  theodb_decode_batch_stream: rows=10000 bytes=105660
psql:/tmp/peak.sql:9: WARNING:  theodb_decode_batch_stream: rows=10000 bytes=171196
psql:/tmp/peak.sql:9: WARNING:  theodb_decode_batch_stream: rows=10000 bytes=105660
psql:/tmp/peak.sql:9: WARNING:  theodb_decode_batch_stream: rows=10000 bytes=171196
psql:/tmp/peak.sql:9: WARNING:  theodb_decode_batch_stream: rows=10000 bytes=171196
psql:/tmp/peak.sql:9: WARNING:  theodb_decode_batch_stream: rows=10000 bytes=105660
=== q26 (multi-chave) ===
psql:/tmp/peak.sql:11: WARNING:  theodb_admit_decline: topk_entered_sort
psql:/tmp/peak.sql:11: WARNING:  theodb_admit_decline: swap_topk_admitted
psql:/tmp/peak.sql:11: WARNING:  theodb_admit_decline: topk_entered_sort
psql:/tmp/peak.sql:11: WARNING:  theodb_admit_decline: topk_parent_not_limit
psql:/tmp/peak.sql:11: WARNING:  theodb_decode_batch_stream: rows=10000 bytes=251292
psql:/tmp/peak.sql:11: WARNING:  theodb_decode_batch_stream: rows=10000 bytes=382364
psql:/tmp/peak.sql:11: WARNING:  theodb_decode_batch_stream: rows=10000 bytes=251292
psql:/tmp/peak.sql:11: WARNING:  theodb_decode_batch_stream: rows=10000 bytes=251292
psql:/tmp/peak.sql:11: WARNING:  theodb_decode_batch_stream: rows=10000 bytes=185756
psql:/tmp/peak.sql:11: WARNING:  theodb_decode_batch_stream: rows=10000 bytes=185756
psql:/tmp/peak.sql:11: WARNING:  theodb_decode_batch_stream: rows=10000 bytes=185756
psql:/tmp/peak.sql:11: WARNING:  theodb_decode_batch_stream: rows=10000 bytes=185756
psql:/tmp/peak.sql:11: WARNING:  theodb_decode_batch_stream: rows=10000 bytes=251292
psql:/tmp/peak.sql:11: WARNING:  theodb_decode_batch_stream: rows=10000 bytes=185756
psql:/tmp/peak.sql:11: WARNING:  theodb_decode_batch_stream: rows=10000 bytes=251292
psql:/tmp/peak.sql:11: WARNING:  theodb_decode_batch_stream: rows=10000 bytes=152988
psql:/tmp/peak.sql:11: WARNING:  theodb_decode_batch_stream: rows=10000 bytes=136604
psql:/tmp/peak.sql:11: WARNING:  theodb_decode_batch_stream: rows=10000 bytes=185756
psql:/tmp/peak.sql:11: WARNING:  theodb_decode_batch_stream: rows=10000 bytes=251292
psql:/tmp/peak.sql:11: WARNING:  theodb_decode_batch_stream: rows=10000 bytes=152988
psql:/tmp/peak.sql:11: WARNING:  theodb_decode_batch_stream: rows=10000 bytes=185756
psql:/tmp/peak.sql:11: WARNING:  theodb_decode_batch_stream: rows=10000 bytes=251292
psql:/tmp/peak.sql:11: WARNING:  theodb_decode_batch_stream: rows=10000 bytes=185756
psql:/tmp/peak.sql:11: WARNING:  theodb_decode_batch_stream: rows=10000 bytes=185756
psql:/tmp/peak.sql:11: WARNING:  theodb_decode_batch_stream: rows=10000 bytes=185756
psql:/tmp/peak.sql:11: WARNING:  theodb_decode_batch_stream: rows=10000 bytes=152988
psql:/tmp/peak.sql:11: WARNING:  theodb_decode_batch_stream: rows=10000 bytes=136604
psql:/tmp/peak.sql:11: WARNING:  theodb_decode_batch_stream: rows=10000 bytes=136604
psql:/tmp/peak.sql:11: WARNING:  theodb_decode_batch_stream: rows=10000 bytes=185756
psql:/tmp/peak.sql:11: WARNING:  theodb_decode_batch_stream: rows=10000 bytes=382364
psql:/tmp/peak.sql:11: WARNING:  theodb_decode_batch_stream: rows=10000 bytes=136604
psql:/tmp/peak.sql:11: WARNING:  theodb_decode_batch_stream: rows=10000 bytes=136604
psql:/tmp/peak.sql:11: WARNING:  theodb_decode_batch_stream: rows=10000 bytes=152988
psql:/tmp/peak.sql:11: WARNING:  theodb_decode_batch_stream: rows=10000 bytes=185756
psql:/tmp/peak.sql:11: WARNING:  theodb_decode_batch_stream: rows=10000 bytes=185756
psql:/tmp/peak.sql:11: WARNING:  theodb_decode_batch_stream: rows=10000 bytes=152988
psql:/tmp/peak.sql:11: WARNING:  theodb_decode_batch_stream: rows=10000 bytes=185756
psql:/tmp/peak.sql:11: WARNING:  theodb_decode_batch_stream: rows=10000 bytes=185756
psql:/tmp/peak.sql:11: WARNING:  theodb_decode_batch_stream: rows=10000 bytes=251292
psql:/tmp/peak.sql:11: WARNING:  theodb_decode_batch_stream: rows=10000 bytes=251292
psql:/tmp/peak.sql:11: WARNING:  theodb_decode_batch_stream: rows=10000 bytes=136604
psql:/tmp/peak.sql:11: WARNING:  theodb_decode_batch_stream: rows=10000 bytes=251292
psql:/tmp/peak.sql:11: WARNING:  theodb_decode_batch_stream: rows=10000 bytes=152988
psql:/tmp/peak.sql:11: WARNING:  theodb_decode_batch_stream: rows=10000 bytes=152988
psql:/tmp/peak.sql:11: WARNING:  theodb_decode_batch_stream: rows=10000 bytes=382364
psql:/tmp/peak.sql:11: WARNING:  theodb_decode_batch_stream: rows=10000 bytes=644508
psql:/tmp/peak.sql:11: WARNING:  theodb_decode_batch_stream: rows=10000 bytes=644508
psql:/tmp/peak.sql:11: WARNING:  theodb_decode_batch_stream: rows=10000 bytes=644508
psql:/tmp/peak.sql:11: WARNING:  theodb_decode_batch_stream: rows=10000 bytes=382364
psql:/tmp/peak.sql:11: WARNING:  theodb_decode_batch_stream: rows=10000 bytes=251292
psql:/tmp/peak.sql:11: WARNING:  theodb_decode_batch_stream: rows=10000 bytes=185756
psql:/tmp/peak.sql:11: WARNING:  theodb_decode_batch_stream: rows=10000 bytes=128412
psql:/tmp/peak.sql:11: WARNING:  theodb_decode_batch_stream: rows=10000 bytes=185756
psql:/tmp/peak.sql:11: WARNING:  theodb_decode_batch_stream: rows=10000 bytes=152988
psql:/tmp/peak.sql:11: WARNING:  theodb_decode_batch_stream: rows=10000 bytes=185756
psql:/tmp/peak.sql:11: WARNING:  theodb_decode_batch_stream: rows=10000 bytes=185756
psql:/tmp/peak.sql:11: WARNING:  theodb_decode_batch_stream: rows=10000 bytes=251292
psql:/tmp/peak.sql:11: WARNING:  theodb_decode_batch_stream: rows=10000 bytes=251292
psql:/tmp/peak.sql:11: WARNING:  theodb_decode_batch_stream: rows=10000 bytes=152988
psql:/tmp/peak.sql:11: WARNING:  theodb_decode_batch_stream: rows=10000 bytes=251292
psql:/tmp/peak.sql:11: WARNING:  theodb_decode_batch_stream: rows=10000 bytes=185756
psql:/tmp/peak.sql:11: WARNING:  theodb_decode_batch_stream: rows=10000 bytes=382364
psql:/tmp/peak.sql:11: WARNING:  theodb_decode_batch_stream: rows=10000 bytes=251292
psql:/tmp/peak.sql:11: WARNING:  theodb_decode_batch_stream: rows=10000 bytes=185756
psql:/tmp/peak.sql:11: WARNING:  theodb_decode_batch_stream: rows=10000 bytes=251292
psql:/tmp/peak.sql:11: WARNING:  theodb_decode_batch_stream: rows=10000 bytes=185756
psql:/tmp/peak.sql:11: WARNING:  theodb_decode_batch_stream: rows=10000 bytes=251292
psql:/tmp/peak.sql:11: WARNING:  theodb_decode_batch_stream: rows=10000 bytes=152988
psql:/tmp/peak.sql:11: WARNING:  theodb_decode_batch_stream: rows=10000 bytes=152988
psql:/tmp/peak.sql:11: WARNING:  theodb_decode_batch_stream: rows=10000 bytes=382364
psql:/tmp/peak.sql:11: WARNING:  theodb_decode_batch_stream: rows=10000 bytes=185756
psql:/tmp/peak.sql:11: WARNING:  theodb_decode_batch_stream: rows=10000 bytes=185756
psql:/tmp/peak.sql:11: WARNING:  theodb_decode_batch_stream: rows=10000 bytes=185756
psql:/tmp/peak.sql:11: WARNING:  theodb_decode_batch_stream: rows=10000 bytes=382364
psql:/tmp/peak.sql:11: WARNING:  theodb_decode_batch_stream: rows=10000 bytes=251292
psql:/tmp/peak.sql:11: WARNING:  theodb_decode_batch_stream: rows=10000 bytes=185756
psql:/tmp/peak.sql:11: WARNING:  theodb_decode_batch_stream: rows=10000 bytes=185756
psql:/tmp/peak.sql:11: WARNING:  theodb_decode_batch_stream: rows=10000 bytes=251292
psql:/tmp/peak.sql:11: WARNING:  theodb_decode_batch_stream: rows=10000 bytes=185756
psql:/tmp/peak.sql:11: WARNING:  theodb_decode_batch_stream: rows=10000 bytes=136604
psql:/tmp/peak.sql:11: WARNING:  theodb_decode_batch_stream: rows=10000 bytes=251292
psql:/tmp/peak.sql:11: WARNING:  theodb_decode_batch_stream: rows=10000 bytes=382364
psql:/tmp/peak.sql:11: WARNING:  theodb_decode_batch_stream: rows=10000 bytes=152988
psql:/tmp/peak.sql:11: WARNING:  theodb_decode_batch_stream: rows=10000 bytes=185756
psql:/tmp/peak.sql:11: WARNING:  theodb_decode_batch_stream: rows=10000 bytes=251292
psql:/tmp/peak.sql:11: WARNING:  theodb_decode_batch_stream: rows=10000 bytes=251292
psql:/tmp/peak.sql:11: WARNING:  theodb_decode_batch_stream: rows=10000 bytes=185756
psql:/tmp/peak.sql:11: WARNING:  theodb_decode_batch_stream: rows=10000 bytes=185756
psql:/tmp/peak.sql:11: WARNING:  theodb_decode_batch_stream: rows=10000 bytes=251292
psql:/tmp/peak.sql:11: WARNING:  theodb_decode_batch_stream: rows=10000 bytes=152988
psql:/tmp/peak.sql:11: WARNING:  theodb_decode_batch_stream: rows=10000 bytes=152988
psql:/tmp/peak.sql:11: WARNING:  theodb_decode_batch_stream: rows=10000 bytes=382364
psql:/tmp/peak.sql:11: WARNING:  theodb_decode_batch_stream: rows=10000 bytes=251292
psql:/tmp/peak.sql:11: WARNING:  theodb_decode_batch_stream: rows=10000 bytes=152988
psql:/tmp/peak.sql:11: WARNING:  theodb_decode_batch_stream: rows=10000 bytes=185756
psql:/tmp/peak.sql:11: WARNING:  theodb_decode_batch_stream: rows=10000 bytes=185756
psql:/tmp/peak.sql:11: WARNING:  theodb_decode_batch_stream: rows=10000 bytes=251292
psql:/tmp/peak.sql:11: WARNING:  theodb_decode_batch_stream: rows=10000 bytes=185756
psql:/tmp/peak.sql:11: WARNING:  theodb_decode_batch_stream: rows=10000 bytes=251292
psql:/tmp/peak.sql:11: WARNING:  theodb_decode_batch_stream: rows=10000 bytes=185756
psql:/tmp/peak.sql:11: WARNING:  theodb_decode_batch_stream: rows=10000 bytes=251292
psql:/tmp/peak.sql:11: WARNING:  theodb_decode_batch_stream: rows=10000 bytes=251292
psql:/tmp/peak.sql:11: WARNING:  theodb_decode_batch_stream: rows=10000 bytes=185756
