=== routing-shapes (execução 1/1) start 2026-07-29T16:52:29+00:00 ===
so_md5=ba2af99482a45455777ba193fb8b6fb9
so_path=/root/.pgrx/18.4/pgrx-install/lib/postgresql/theodb_rs.so
postmaster=2026-07-29 16:38:45.911977+00
SET
SET
SET
SET
SET
################ FORMA A — CTAS (a que o oráculo usa): DEVE rotear ################
psql:/root/theo-db/benchmarks/m168_routing_shapes.sql:23: WARNING:  theodb_admit_decline: topk_entered_sort
psql:/root/theo-db/benchmarks/m168_routing_shapes.sql:23: WARNING:  theodb_admit_decline: swap_topk_admitted
               QUERY PLAN                
-----------------------------------------
 Limit
   ->  Custom Scan (theodb_columnar_agg)
(2 rows)

################ FORMA B — count(*) wrapper (a da 1ª versão): NÃO roteia ################
psql:/root/theo-db/benchmarks/m168_routing_shapes.sql:29: WARNING:  theodb_admit_decline: topk_entered_sort
                                    QUERY PLAN                                     
-----------------------------------------------------------------------------------
 Aggregate
   ->  Limit
         ->  Sort
               Sort Key: hits.eventtime, hits.counterid, hits.watchid, hits.userid
               ->  Result
                     ->  Custom Scan (theodb_columnar_project) on hits
(6 rows)

################ GATE — a diferença TEM de estar presente, senão a explicação do §3.6 é falsa ##########
psql:/root/theo-db/benchmarks/m168_routing_shapes.sql:54: WARNING:  theodb_admit_decline: topk_entered_sort
psql:/root/theo-db/benchmarks/m168_routing_shapes.sql:54: WARNING:  theodb_admit_decline: swap_topk_admitted
psql:/root/theo-db/benchmarks/m168_routing_shapes.sql:54: WARNING:  theodb_admit_decline: topk_entered_sort
psql:/root/theo-db/benchmarks/m168_routing_shapes.sql:54: NOTICE:  M168 ROUTING-SHAPES GATE ok: CTAS roteia, count(*) wrapper NÃO roteia — é a diferença que o §3.6 do verdict alega, agora com artefato.
DO
=== routing-shapes (execução 1/1) rc=0 end 2026-07-29T16:52:30+00:00 ===
