SET
SET
SET
SET
SET
DO
psql:<stdin>:36: NOTICE:  table "t_peak" does not exist, skipping
DROP TABLE
CREATE TABLE
INSERT 0 2000000
### T3.2-A — AggregateMode do plano: Single ou Partial?
            QUERY PLAN             
-----------------------------------
 Custom Scan (theodb_columnar_agg)
   Output: k1, (count(*))
(2 rows)

### T3.2-A2 — as 5 formas ROTEIAM mesmo? (se declinarem, o pico medido é de outro executor)
            QUERY PLAN             
-----------------------------------
 Custom Scan (theodb_columnar_agg)
(1 row)

            QUERY PLAN             
-----------------------------------
 Custom Scan (theodb_columnar_agg)
(1 row)

### T3.2-B — varredura de cardinalidade: onde o pico cruza o teto da pool
psql:<stdin>:57: WARNING:  theodb_scan_plan: stripes=2 chunk_dir_entries=1206 natts=6 wanted=1 bytes_in_mem≈57888
psql:<stdin>:57: WARNING:  theodb_decode_batch_stream: rows=10000 bytes=80096 probe=1
psql:<stdin>:57: WARNING:  theodb_decode_batch_stream: rows=10000 bytes=80096
psql:<stdin>:57: WARNING:  theodb_decode_batch_stream: rows=10000 bytes=80096
psql:<stdin>:57: WARNING:  theodb_decode_batch_stream: rows=10000 bytes=80096
psql:<stdin>:57: WARNING:  theodb_decode_batch_stream: rows=10000 bytes=80096
psql:<stdin>:57: WARNING:  theodb_decode_batch_stream: rows=10000 bytes=80096
psql:<stdin>:57: WARNING:  theodb_decode_batch_stream: rows=10000 bytes=80096
psql:<stdin>:57: WARNING:  theodb_decode_batch_stream: rows=10000 bytes=80096
psql:<stdin>:57: WARNING:  theodb_decode_batch_stream: rows=10000 bytes=80096
psql:<stdin>:57: WARNING:  theodb_decode_batch_stream: rows=10000 bytes=80096
psql:<stdin>:57: WARNING:  theodb_decode_batch_stream: rows=10000 bytes=80096
psql:<stdin>:57: WARNING:  theodb_decode_batch_stream: rows=10000 bytes=80096
psql:<stdin>:57: WARNING:  theodb_decode_batch_stream: rows=10000 bytes=80096
psql:<stdin>:57: WARNING:  theodb_decode_batch_stream: rows=10000 bytes=80096
psql:<stdin>:57: WARNING:  theodb_decode_batch_stream: rows=10000 bytes=80096
psql:<stdin>:57: WARNING:  theodb_decode_batch_stream: rows=10000 bytes=80096
psql:<stdin>:57: WARNING:  theodb_decode_batch_stream: rows=10000 bytes=80096
psql:<stdin>:57: WARNING:  theodb_decode_batch_stream: rows=10000 bytes=80096
psql:<stdin>:57: WARNING:  theodb_decode_batch_stream: rows=10000 bytes=80096
psql:<stdin>:57: WARNING:  theodb_decode_batch_stream: rows=10000 bytes=80096
psql:<stdin>:57: WARNING:  theodb_decode_batch_stream: rows=10000 bytes=80096
psql:<stdin>:57: WARNING:  theodb_decode_batch_stream: rows=10000 bytes=80096
psql:<stdin>:57: WARNING:  theodb_decode_batch_stream: rows=10000 bytes=80096
psql:<stdin>:57: WARNING:  theodb_decode_batch_stream: rows=10000 bytes=80096
psql:<stdin>:57: WARNING:  theodb_decode_batch_stream: rows=10000 bytes=80096
psql:<stdin>:57: WARNING:  theodb_decode_batch_stream: rows=10000 bytes=80096
psql:<stdin>:57: WARNING:  theodb_decode_batch_stream: rows=10000 bytes=80096
psql:<stdin>:57: WARNING:  theodb_decode_batch_stream: rows=10000 bytes=80096
psql:<stdin>:57: WARNING:  theodb_decode_batch_stream: rows=10000 bytes=80096
psql:<stdin>:57: WARNING:  theodb_decode_batch_stream: rows=10000 bytes=80096
psql:<stdin>:57: WARNING:  theodb_decode_batch_stream: rows=10000 bytes=80096
psql:<stdin>:57: WARNING:  theodb_decode_batch_stream: rows=10000 bytes=80096
psql:<stdin>:57: WARNING:  theodb_decode_batch_stream: rows=10000 bytes=80096
psql:<stdin>:57: WARNING:  theodb_decode_batch_stream: rows=10000 bytes=80096
psql:<stdin>:57: WARNING:  theodb_decode_batch_stream: rows=10000 bytes=80096
psql:<stdin>:57: WARNING:  theodb_decode_batch_stream: rows=10000 bytes=80096
psql:<stdin>:57: WARNING:  theodb_decode_batch_stream: rows=10000 bytes=80096
psql:<stdin>:57: WARNING:  theodb_decode_batch_stream: rows=10000 bytes=80096
psql:<stdin>:57: WARNING:  theodb_decode_batch_stream: rows=10000 bytes=80096
psql:<stdin>:57: WARNING:  theodb_decode_batch_stream: rows=10000 bytes=80096
psql:<stdin>:57: WARNING:  theodb_decode_batch_stream: rows=10000 bytes=80096
psql:<stdin>:57: WARNING:  theodb_decode_batch_stream: rows=10000 bytes=80096
psql:<stdin>:57: WARNING:  theodb_decode_batch_stream: rows=10000 bytes=80096
psql:<stdin>:57: WARNING:  theodb_decode_batch_stream: rows=10000 bytes=80096
psql:<stdin>:57: WARNING:  theodb_decode_batch_stream: rows=10000 bytes=80096
psql:<stdin>:57: WARNING:  theodb_decode_batch_stream: rows=10000 bytes=80096
psql:<stdin>:57: WARNING:  theodb_decode_batch_stream: rows=10000 bytes=80096
psql:<stdin>:57: WARNING:  theodb_decode_batch_stream: rows=10000 bytes=80096
psql:<stdin>:57: WARNING:  theodb_decode_batch_stream: rows=10000 bytes=80096
psql:<stdin>:57: WARNING:  theodb_decode_batch_stream: rows=10000 bytes=80096
psql:<stdin>:57: WARNING:  theodb_decode_batch_stream: rows=10000 bytes=80096
psql:<stdin>:57: WARNING:  theodb_decode_batch_stream: rows=10000 bytes=80096
psql:<stdin>:57: WARNING:  theodb_decode_batch_stream: rows=10000 bytes=80096
psql:<stdin>:57: WARNING:  theodb_decode_batch_stream: rows=10000 bytes=80096
psql:<stdin>:57: WARNING:  theodb_decode_batch_stream: rows=10000 bytes=80096
psql:<stdin>:57: WARNING:  theodb_decode_batch_stream: rows=10000 bytes=80096
psql:<stdin>:57: WARNING:  theodb_decode_batch_stream: rows=10000 bytes=80096
psql:<stdin>:57: WARNING:  theodb_decode_batch_stream: rows=10000 bytes=80096
psql:<stdin>:57: WARNING:  theodb_decode_batch_stream: rows=10000 bytes=80096
psql:<stdin>:57: WARNING:  theodb_decode_batch_stream: rows=10000 bytes=80096
psql:<stdin>:57: WARNING:  theodb_decode_batch_stream: rows=10000 bytes=80096
psql:<stdin>:57: WARNING:  theodb_decode_batch_stream: rows=10000 bytes=80096
psql:<stdin>:57: WARNING:  theodb_decode_batch_stream: rows=10000 bytes=80096
psql:<stdin>:57: WARNING:  theodb_decode_batch_stream: rows=10000 bytes=80096
psql:<stdin>:57: WARNING:  theodb_decode_batch_stream: rows=10000 bytes=80096
psql:<stdin>:57: WARNING:  theodb_decode_batch_stream: rows=10000 bytes=80096
psql:<stdin>:57: WARNING:  theodb_decode_batch_stream: rows=10000 bytes=80096
psql:<stdin>:57: WARNING:  theodb_decode_batch_stream: rows=10000 bytes=80096
psql:<stdin>:57: WARNING:  theodb_decode_batch_stream: rows=10000 bytes=80096
psql:<stdin>:57: WARNING:  theodb_decode_batch_stream: rows=10000 bytes=80096
psql:<stdin>:57: WARNING:  theodb_decode_batch_stream: rows=10000 bytes=80096
psql:<stdin>:57: WARNING:  theodb_decode_batch_stream: rows=10000 bytes=80096
psql:<stdin>:57: WARNING:  theodb_decode_batch_stream: rows=10000 bytes=80096
psql:<stdin>:57: WARNING:  theodb_decode_batch_stream: rows=10000 bytes=80096
psql:<stdin>:57: WARNING:  theodb_decode_batch_stream: rows=10000 bytes=80096
psql:<stdin>:57: WARNING:  theodb_decode_batch_stream: rows=10000 bytes=80096
psql:<stdin>:57: WARNING:  theodb_decode_batch_stream: rows=10000 bytes=80096
psql:<stdin>:57: WARNING:  theodb_decode_batch_stream: rows=10000 bytes=80096
psql:<stdin>:57: WARNING:  theodb_decode_batch_stream: rows=10000 bytes=80096
psql:<stdin>:57: WARNING:  theodb_decode_batch_stream: rows=10000 bytes=80096
psql:<stdin>:57: WARNING:  theodb_decode_batch_stream: rows=10000 bytes=80096
psql:<stdin>:57: WARNING:  theodb_decode_batch_stream: rows=10000 bytes=80096
psql:<stdin>:57: WARNING:  theodb_decode_batch_stream: rows=10000 bytes=80096
psql:<stdin>:57: WARNING:  theodb_decode_batch_stream: rows=10000 bytes=80096
psql:<stdin>:57: WARNING:  theodb_decode_batch_stream: rows=10000 bytes=80096
psql:<stdin>:57: WARNING:  theodb_decode_batch_stream: rows=10000 bytes=80096
psql:<stdin>:57: WARNING:  theodb_decode_batch_stream: rows=10000 bytes=80096
psql:<stdin>:57: WARNING:  theodb_decode_batch_stream: rows=10000 bytes=80096
psql:<stdin>:57: WARNING:  theodb_decode_batch_stream: rows=10000 bytes=80096
psql:<stdin>:57: WARNING:  theodb_decode_batch_stream: rows=10000 bytes=80096
psql:<stdin>:57: WARNING:  theodb_decode_batch_stream: rows=10000 bytes=80096
psql:<stdin>:57: WARNING:  theodb_decode_batch_stream: rows=10000 bytes=80096
psql:<stdin>:57: WARNING:  theodb_decode_batch_stream: rows=10000 bytes=80096
psql:<stdin>:57: WARNING:  theodb_decode_batch_stream: rows=10000 bytes=80096
psql:<stdin>:57: WARNING:  theodb_decode_batch_stream: rows=10000 bytes=80096
psql:<stdin>:57: WARNING:  theodb_decode_batch_stream: rows=10000 bytes=80096
psql:<stdin>:57: WARNING:  theodb_decode_batch_stream: rows=10000 bytes=80096
psql:<stdin>:57: WARNING:  theodb_decode_batch_stream: rows=10000 bytes=80096
psql:<stdin>:57: WARNING:  theodb_decode_batch_stream: rows=10000 bytes=80096
psql:<stdin>:57: WARNING:  theodb_decode_batch_stream: rows=10000 bytes=80096
psql:<stdin>:57: WARNING:  theodb_decode_batch_stream: rows=10000 bytes=80096
psql:<stdin>:57: WARNING:  theodb_decode_batch_stream: rows=10000 bytes=80096
psql:<stdin>:57: WARNING:  theodb_decode_batch_stream: rows=10000 bytes=80096
psql:<stdin>:57: WARNING:  theodb_decode_batch_stream: rows=10000 bytes=80096
psql:<stdin>:57: WARNING:  theodb_decode_batch_stream: rows=10000 bytes=80096
psql:<stdin>:57: WARNING:  theodb_decode_batch_stream: rows=10000 bytes=80096
psql:<stdin>:57: WARNING:  theodb_decode_batch_stream: rows=10000 bytes=80096
psql:<stdin>:57: WARNING:  theodb_decode_batch_stream: rows=10000 bytes=80096
psql:<stdin>:57: WARNING:  theodb_decode_batch_stream: rows=10000 bytes=80096
psql:<stdin>:57: WARNING:  theodb_decode_batch_stream: rows=10000 bytes=80096
psql:<stdin>:57: WARNING:  theodb_decode_batch_stream: rows=10000 bytes=80096
psql:<stdin>:57: WARNING:  theodb_decode_batch_stream: rows=10000 bytes=80096
psql:<stdin>:57: WARNING:  theodb_decode_batch_stream: rows=10000 bytes=80096
psql:<stdin>:57: WARNING:  theodb_decode_batch_stream: rows=10000 bytes=80096
psql:<stdin>:57: WARNING:  theodb_decode_batch_stream: rows=10000 bytes=80096
psql:<stdin>:57: WARNING:  theodb_decode_batch_stream: rows=10000 bytes=80096
psql:<stdin>:57: WARNING:  theodb_decode_batch_stream: rows=10000 bytes=80096
psql:<stdin>:57: WARNING:  theodb_decode_batch_stream: rows=10000 bytes=80096
psql:<stdin>:57: WARNING:  theodb_decode_batch_stream: rows=10000 bytes=80096
psql:<stdin>:57: WARNING:  theodb_decode_batch_stream: rows=10000 bytes=80096
psql:<stdin>:57: WARNING:  theodb_decode_batch_stream: rows=10000 bytes=80096
psql:<stdin>:57: WARNING:  theodb_decode_batch_stream: rows=10000 bytes=80096
psql:<stdin>:57: WARNING:  theodb_decode_batch_stream: rows=10000 bytes=80096
psql:<stdin>:57: WARNING:  theodb_decode_batch_stream: rows=10000 bytes=80096
psql:<stdin>:57: WARNING:  theodb_decode_batch_stream: rows=10000 bytes=80096
psql:<stdin>:57: WARNING:  theodb_decode_batch_stream: rows=10000 bytes=80096
psql:<stdin>:57: WARNING:  theodb_decode_batch_stream: rows=10000 bytes=80096
psql:<stdin>:57: WARNING:  theodb_decode_batch_stream: rows=10000 bytes=80096
psql:<stdin>:57: WARNING:  theodb_decode_batch_stream: rows=10000 bytes=80096
psql:<stdin>:57: WARNING:  theodb_decode_batch_stream: rows=10000 bytes=80096
psql:<stdin>:57: WARNING:  theodb_decode_batch_stream: rows=10000 bytes=80096
psql:<stdin>:57: WARNING:  theodb_decode_batch_stream: rows=10000 bytes=80096
psql:<stdin>:57: WARNING:  theodb_decode_batch_stream: rows=10000 bytes=80096
psql:<stdin>:57: WARNING:  theodb_decode_batch_stream: rows=10000 bytes=80096
psql:<stdin>:57: WARNING:  theodb_decode_batch_stream: rows=10000 bytes=80096
psql:<stdin>:57: WARNING:  theodb_decode_batch_stream: rows=10000 bytes=80096
psql:<stdin>:57: WARNING:  theodb_decode_batch_stream: rows=10000 bytes=80096
psql:<stdin>:57: WARNING:  theodb_decode_batch_stream: rows=10000 bytes=80096
psql:<stdin>:57: WARNING:  theodb_decode_batch_stream: rows=10000 bytes=80096
psql:<stdin>:57: WARNING:  theodb_decode_batch_stream: rows=10000 bytes=80096
psql:<stdin>:57: WARNING:  theodb_decode_batch_stream: rows=10000 bytes=80096
psql:<stdin>:57: WARNING:  theodb_decode_batch_stream: rows=10000 bytes=80096
psql:<stdin>:57: WARNING:  theodb_decode_batch_stream: rows=10000 bytes=80096
psql:<stdin>:57: WARNING:  theodb_decode_batch_stream: rows=10000 bytes=80096
psql:<stdin>:57: WARNING:  theodb_decode_batch_stream: rows=10000 bytes=80096
psql:<stdin>:57: WARNING:  theodb_decode_batch_stream: rows=10000 bytes=80096
psql:<stdin>:57: WARNING:  theodb_decode_batch_stream: rows=10000 bytes=80096
psql:<stdin>:57: WARNING:  theodb_decode_batch_stream: rows=10000 bytes=80096
psql:<stdin>:57: WARNING:  theodb_decode_batch_stream: rows=10000 bytes=80096
psql:<stdin>:57: WARNING:  theodb_decode_batch_stream: rows=10000 bytes=80096
psql:<stdin>:57: WARNING:  theodb_decode_batch_stream: rows=10000 bytes=80096
psql:<stdin>:57: WARNING:  theodb_decode_batch_stream: rows=10000 bytes=80096
psql:<stdin>:57: WARNING:  theodb_decode_batch_stream: rows=10000 bytes=80096
psql:<stdin>:57: WARNING:  theodb_decode_batch_stream: rows=10000 bytes=80096
psql:<stdin>:57: WARNING:  theodb_decode_batch_stream: rows=10000 bytes=80096
psql:<stdin>:57: WARNING:  theodb_decode_batch_stream: rows=10000 bytes=80096
psql:<stdin>:57: WARNING:  theodb_decode_batch_stream: rows=10000 bytes=80096
psql:<stdin>:57: WARNING:  theodb_decode_batch_stream: rows=10000 bytes=80096
psql:<stdin>:57: WARNING:  theodb_decode_batch_stream: rows=10000 bytes=80096
psql:<stdin>:57: WARNING:  theodb_decode_batch_stream: rows=10000 bytes=80096
psql:<stdin>:57: WARNING:  theodb_decode_batch_stream: rows=10000 bytes=80096
psql:<stdin>:57: WARNING:  theodb_decode_batch_stream: rows=10000 bytes=80096
psql:<stdin>:57: WARNING:  theodb_decode_batch_stream: rows=10000 bytes=80096
psql:<stdin>:57: WARNING:  theodb_decode_batch_stream: rows=10000 bytes=80096
psql:<stdin>:57: WARNING:  theodb_decode_batch_stream: rows=10000 bytes=80096
psql:<stdin>:57: WARNING:  theodb_decode_batch_stream: rows=10000 bytes=80096
psql:<stdin>:57: WARNING:  theodb_decode_batch_stream: rows=10000 bytes=80096
psql:<stdin>:57: WARNING:  theodb_decode_batch_stream: rows=10000 bytes=80096
psql:<stdin>:57: WARNING:  theodb_decode_batch_stream: rows=10000 bytes=80096
psql:<stdin>:57: WARNING:  theodb_decode_batch_stream: rows=10000 bytes=80096
psql:<stdin>:57: WARNING:  theodb_decode_batch_stream: rows=10000 bytes=80096
psql:<stdin>:57: WARNING:  theodb_decode_batch_stream: rows=10000 bytes=80096
psql:<stdin>:57: WARNING:  theodb_decode_batch_stream: rows=10000 bytes=80096
psql:<stdin>:57: WARNING:  theodb_decode_batch_stream: rows=10000 bytes=80096
psql:<stdin>:57: WARNING:  theodb_decode_batch_stream: rows=10000 bytes=80096
psql:<stdin>:57: WARNING:  theodb_decode_batch_stream: rows=10000 bytes=80096
psql:<stdin>:57: WARNING:  theodb_decode_batch_stream: rows=10000 bytes=80096
psql:<stdin>:57: WARNING:  theodb_decode_batch_stream: rows=10000 bytes=80096
psql:<stdin>:57: WARNING:  theodb_decode_batch_stream: rows=10000 bytes=80096
psql:<stdin>:57: WARNING:  theodb_decode_batch_stream: rows=10000 bytes=80096
psql:<stdin>:57: WARNING:  theodb_decode_batch_stream: rows=10000 bytes=80096
psql:<stdin>:57: WARNING:  theodb_decode_batch_stream: rows=10000 bytes=80096
psql:<stdin>:57: WARNING:  theodb_decode_batch_stream: rows=10000 bytes=80096
psql:<stdin>:57: WARNING:  theodb_decode_batch_stream: rows=10000 bytes=80096
psql:<stdin>:57: WARNING:  theodb_decode_batch_stream: rows=10000 bytes=80096
psql:<stdin>:57: WARNING:  theodb_decode_batch_stream: rows=10000 bytes=80096
psql:<stdin>:57: WARNING:  theodb_decode_batch_stream: rows=4135 bytes=33176
psql:<stdin>:57: WARNING:  theodb_decode_batch_stream: rows=10000 bytes=80096
psql:<stdin>:57: WARNING:  theodb_decode_batch_stream: rows=10000 bytes=80096
psql:<stdin>:57: WARNING:  theodb_decode_batch_stream: rows=10000 bytes=80096
psql:<stdin>:57: WARNING:  theodb_decode_batch_stream: rows=10000 bytes=80096
psql:<stdin>:57: WARNING:  theodb_decode_batch_stream: rows=10000 bytes=80096
psql:<stdin>:57: WARNING:  theodb_decode_batch_stream: rows=10000 bytes=80096
psql:<stdin>:57: WARNING:  theodb_decode_batch_stream: rows=10000 bytes=80096
psql:<stdin>:57: WARNING:  theodb_decode_batch_stream: rows=10000 bytes=80096
psql:<stdin>:57: WARNING:  theodb_decode_batch_stream: rows=10000 bytes=80096
psql:<stdin>:57: WARNING:  theodb_decode_batch_stream: rows=10000 bytes=80096
psql:<stdin>:57: WARNING:  theodb_decode_batch_stream: rows=10000 bytes=80096
psql:<stdin>:57: WARNING:  theodb_decode_batch_stream: rows=10000 bytes=80096
psql:<stdin>:57: WARNING:  theodb_decode_batch_stream: rows=10000 bytes=80096
psql:<stdin>:57: WARNING:  theodb_decode_batch_stream: rows=5865 bytes=47016
psql:<stdin>:57: WARNING:  theodb_stream_pool: peak_reserved=220864 reserved_at_end=0 pool_limit=201326592
psql:<stdin>:58: WARNING:  theodb_scan_plan: stripes=2 chunk_dir_entries=1206 natts=6 wanted=1 bytes_in_mem≈57888
psql:<stdin>:58: WARNING:  theodb_decode_batch_stream: rows=10000 bytes=80096 probe=1
psql:<stdin>:58: WARNING:  theodb_decode_batch_stream: rows=10000 bytes=80096
psql:<stdin>:58: WARNING:  theodb_decode_batch_stream: rows=10000 bytes=80096
psql:<stdin>:58: WARNING:  theodb_decode_batch_stream: rows=10000 bytes=80096
psql:<stdin>:58: WARNING:  theodb_decode_batch_stream: rows=10000 bytes=80096
psql:<stdin>:58: WARNING:  theodb_decode_batch_stream: rows=10000 bytes=80096
psql:<stdin>:58: WARNING:  theodb_decode_batch_stream: rows=10000 bytes=80096
psql:<stdin>:58: WARNING:  theodb_decode_batch_stream: rows=10000 bytes=80096
psql:<stdin>:58: WARNING:  theodb_decode_batch_stream: rows=10000 bytes=80096
psql:<stdin>:58: WARNING:  theodb_decode_batch_stream: rows=10000 bytes=80096
psql:<stdin>:58: WARNING:  theodb_decode_batch_stream: rows=10000 bytes=80096
psql:<stdin>:58: WARNING:  theodb_decode_batch_stream: rows=10000 bytes=80096
psql:<stdin>:58: WARNING:  theodb_decode_batch_stream: rows=10000 bytes=80096
psql:<stdin>:58: WARNING:  theodb_decode_batch_stream: rows=10000 bytes=80096
psql:<stdin>:58: WARNING:  theodb_decode_batch_stream: rows=10000 bytes=80096
psql:<stdin>:58: WARNING:  theodb_decode_batch_stream: rows=10000 bytes=80096
psql:<stdin>:58: WARNING:  theodb_decode_batch_stream: rows=10000 bytes=80096
psql:<stdin>:58: WARNING:  theodb_decode_batch_stream: rows=10000 bytes=80096
psql:<stdin>:58: WARNING:  theodb_decode_batch_stream: rows=10000 bytes=80096
psql:<stdin>:58: WARNING:  theodb_decode_batch_stream: rows=10000 bytes=80096
psql:<stdin>:58: WARNING:  theodb_decode_batch_stream: rows=10000 bytes=80096
psql:<stdin>:58: WARNING:  theodb_decode_batch_stream: rows=10000 bytes=80096
psql:<stdin>:58: WARNING:  theodb_decode_batch_stream: rows=10000 bytes=80096
psql:<stdin>:58: WARNING:  theodb_decode_batch_stream: rows=10000 bytes=80096
psql:<stdin>:58: WARNING:  theodb_decode_batch_stream: rows=10000 bytes=80096
psql:<stdin>:58: WARNING:  theodb_decode_batch_stream: rows=10000 bytes=80096
psql:<stdin>:58: WARNING:  theodb_decode_batch_stream: rows=10000 bytes=80096
psql:<stdin>:58: WARNING:  theodb_decode_batch_stream: rows=10000 bytes=80096
psql:<stdin>:58: WARNING:  theodb_decode_batch_stream: rows=10000 bytes=80096
psql:<stdin>:58: WARNING:  theodb_decode_batch_stream: rows=10000 bytes=80096
psql:<stdin>:58: WARNING:  theodb_decode_batch_stream: rows=10000 bytes=80096
psql:<stdin>:58: WARNING:  theodb_decode_batch_stream: rows=10000 bytes=80096
psql:<stdin>:58: WARNING:  theodb_decode_batch_stream: rows=10000 bytes=80096
psql:<stdin>:58: WARNING:  theodb_decode_batch_stream: rows=10000 bytes=80096
psql:<stdin>:58: WARNING:  theodb_decode_batch_stream: rows=10000 bytes=80096
psql:<stdin>:58: WARNING:  theodb_decode_batch_stream: rows=10000 bytes=80096
psql:<stdin>:58: WARNING:  theodb_decode_batch_stream: rows=10000 bytes=80096
psql:<stdin>:58: WARNING:  theodb_decode_batch_stream: rows=10000 bytes=80096
psql:<stdin>:58: WARNING:  theodb_decode_batch_stream: rows=10000 bytes=80096
psql:<stdin>:58: WARNING:  theodb_decode_batch_stream: rows=10000 bytes=80096
psql:<stdin>:58: WARNING:  theodb_decode_batch_stream: rows=10000 bytes=80096
psql:<stdin>:58: WARNING:  theodb_decode_batch_stream: rows=10000 bytes=80096
psql:<stdin>:58: WARNING:  theodb_decode_batch_stream: rows=10000 bytes=80096
psql:<stdin>:58: WARNING:  theodb_decode_batch_stream: rows=10000 bytes=80096
psql:<stdin>:58: WARNING:  theodb_decode_batch_stream: rows=10000 bytes=80096
psql:<stdin>:58: WARNING:  theodb_decode_batch_stream: rows=10000 bytes=80096
psql:<stdin>:58: WARNING:  theodb_decode_batch_stream: rows=10000 bytes=80096
psql:<stdin>:58: WARNING:  theodb_decode_batch_stream: rows=10000 bytes=80096
psql:<stdin>:58: WARNING:  theodb_decode_batch_stream: rows=10000 bytes=80096
psql:<stdin>:58: WARNING:  theodb_decode_batch_stream: rows=10000 bytes=80096
psql:<stdin>:58: WARNING:  theodb_decode_batch_stream: rows=10000 bytes=80096
psql:<stdin>:58: WARNING:  theodb_decode_batch_stream: rows=10000 bytes=80096
psql:<stdin>:58: WARNING:  theodb_decode_batch_stream: rows=10000 bytes=80096
psql:<stdin>:58: WARNING:  theodb_decode_batch_stream: rows=10000 bytes=80096
psql:<stdin>:58: WARNING:  theodb_decode_batch_stream: rows=10000 bytes=80096
psql:<stdin>:58: WARNING:  theodb_decode_batch_stream: rows=10000 bytes=80096
psql:<stdin>:58: WARNING:  theodb_decode_batch_stream: rows=10000 bytes=80096
psql:<stdin>:58: WARNING:  theodb_decode_batch_stream: rows=10000 bytes=80096
psql:<stdin>:58: WARNING:  theodb_decode_batch_stream: rows=10000 bytes=80096
psql:<stdin>:58: WARNING:  theodb_decode_batch_stream: rows=10000 bytes=80096
psql:<stdin>:58: WARNING:  theodb_decode_batch_stream: rows=10000 bytes=80096
psql:<stdin>:58: WARNING:  theodb_decode_batch_stream: rows=10000 bytes=80096
psql:<stdin>:58: WARNING:  theodb_decode_batch_stream: rows=10000 bytes=80096
psql:<stdin>:58: WARNING:  theodb_decode_batch_stream: rows=10000 bytes=80096
psql:<stdin>:58: WARNING:  theodb_decode_batch_stream: rows=10000 bytes=80096
psql:<stdin>:58: WARNING:  theodb_decode_batch_stream: rows=10000 bytes=80096
psql:<stdin>:58: WARNING:  theodb_decode_batch_stream: rows=10000 bytes=80096
psql:<stdin>:58: WARNING:  theodb_decode_batch_stream: rows=10000 bytes=80096
psql:<stdin>:58: WARNING:  theodb_decode_batch_stream: rows=10000 bytes=80096
psql:<stdin>:58: WARNING:  theodb_decode_batch_stream: rows=10000 bytes=80096
psql:<stdin>:58: WARNING:  theodb_decode_batch_stream: rows=10000 bytes=80096
psql:<stdin>:58: WARNING:  theodb_decode_batch_stream: rows=10000 bytes=80096
psql:<stdin>:58: WARNING:  theodb_decode_batch_stream: rows=10000 bytes=80096
psql:<stdin>:58: WARNING:  theodb_decode_batch_stream: rows=10000 bytes=80096
psql:<stdin>:58: WARNING:  theodb_decode_batch_stream: rows=10000 bytes=80096
psql:<stdin>:58: WARNING:  theodb_decode_batch_stream: rows=10000 bytes=80096
psql:<stdin>:58: WARNING:  theodb_decode_batch_stream: rows=10000 bytes=80096
psql:<stdin>:58: WARNING:  theodb_decode_batch_stream: rows=10000 bytes=80096
psql:<stdin>:58: WARNING:  theodb_decode_batch_stream: rows=10000 bytes=80096
psql:<stdin>:58: WARNING:  theodb_decode_batch_stream: rows=10000 bytes=80096
psql:<stdin>:58: WARNING:  theodb_decode_batch_stream: rows=10000 bytes=80096
psql:<stdin>:58: WARNING:  theodb_decode_batch_stream: rows=10000 bytes=80096
psql:<stdin>:58: WARNING:  theodb_decode_batch_stream: rows=10000 bytes=80096
psql:<stdin>:58: WARNING:  theodb_decode_batch_stream: rows=10000 bytes=80096
psql:<stdin>:58: WARNING:  theodb_decode_batch_stream: rows=10000 bytes=80096
psql:<stdin>:58: WARNING:  theodb_decode_batch_stream: rows=10000 bytes=80096
psql:<stdin>:58: WARNING:  theodb_decode_batch_stream: rows=10000 bytes=80096
psql:<stdin>:58: WARNING:  theodb_decode_batch_stream: rows=10000 bytes=80096
psql:<stdin>:58: WARNING:  theodb_decode_batch_stream: rows=10000 bytes=80096
psql:<stdin>:58: WARNING:  theodb_decode_batch_stream: rows=10000 bytes=80096
psql:<stdin>:58: WARNING:  theodb_decode_batch_stream: rows=10000 bytes=80096
psql:<stdin>:58: WARNING:  theodb_decode_batch_stream: rows=10000 bytes=80096
psql:<stdin>:58: WARNING:  theodb_decode_batch_stream: rows=10000 bytes=80096
psql:<stdin>:58: WARNING:  theodb_decode_batch_stream: rows=10000 bytes=80096
psql:<stdin>:58: WARNING:  theodb_decode_batch_stream: rows=10000 bytes=80096
psql:<stdin>:58: WARNING:  theodb_decode_batch_stream: rows=10000 bytes=80096
psql:<stdin>:58: WARNING:  theodb_decode_batch_stream: rows=10000 bytes=80096
psql:<stdin>:58: WARNING:  theodb_decode_batch_stream: rows=10000 bytes=80096
psql:<stdin>:58: WARNING:  theodb_decode_batch_stream: rows=10000 bytes=80096
psql:<stdin>:58: WARNING:  theodb_decode_batch_stream: rows=10000 bytes=80096
psql:<stdin>:58: WARNING:  theodb_decode_batch_stream: rows=10000 bytes=80096
psql:<stdin>:58: WARNING:  theodb_decode_batch_stream: rows=10000 bytes=80096
psql:<stdin>:58: WARNING:  theodb_decode_batch_stream: rows=10000 bytes=80096
psql:<stdin>:58: WARNING:  theodb_decode_batch_stream: rows=10000 bytes=80096
psql:<stdin>:58: WARNING:  theodb_decode_batch_stream: rows=10000 bytes=80096
psql:<stdin>:58: WARNING:  theodb_decode_batch_stream: rows=10000 bytes=80096
psql:<stdin>:58: WARNING:  theodb_decode_batch_stream: rows=10000 bytes=80096
psql:<stdin>:58: WARNING:  theodb_decode_batch_stream: rows=10000 bytes=80096
psql:<stdin>:58: WARNING:  theodb_decode_batch_stream: rows=10000 bytes=80096
psql:<stdin>:58: WARNING:  theodb_decode_batch_stream: rows=10000 bytes=80096
psql:<stdin>:58: WARNING:  theodb_decode_batch_stream: rows=10000 bytes=80096
psql:<stdin>:58: WARNING:  theodb_decode_batch_stream: rows=10000 bytes=80096
psql:<stdin>:58: WARNING:  theodb_decode_batch_stream: rows=10000 bytes=80096
psql:<stdin>:58: WARNING:  theodb_decode_batch_stream: rows=10000 bytes=80096
psql:<stdin>:58: WARNING:  theodb_decode_batch_stream: rows=10000 bytes=80096
psql:<stdin>:58: WARNING:  theodb_decode_batch_stream: rows=10000 bytes=80096
psql:<stdin>:58: WARNING:  theodb_decode_batch_stream: rows=10000 bytes=80096
psql:<stdin>:58: WARNING:  theodb_decode_batch_stream: rows=10000 bytes=80096
psql:<stdin>:58: WARNING:  theodb_decode_batch_stream: rows=10000 bytes=80096
psql:<stdin>:58: WARNING:  theodb_decode_batch_stream: rows=10000 bytes=80096
psql:<stdin>:58: WARNING:  theodb_decode_batch_stream: rows=10000 bytes=80096
psql:<stdin>:58: WARNING:  theodb_decode_batch_stream: rows=10000 bytes=80096
psql:<stdin>:58: WARNING:  theodb_decode_batch_stream: rows=10000 bytes=80096
psql:<stdin>:58: WARNING:  theodb_decode_batch_stream: rows=10000 bytes=80096
psql:<stdin>:58: WARNING:  theodb_decode_batch_stream: rows=10000 bytes=80096
psql:<stdin>:58: WARNING:  theodb_decode_batch_stream: rows=10000 bytes=80096
psql:<stdin>:58: WARNING:  theodb_decode_batch_stream: rows=10000 bytes=80096
psql:<stdin>:58: WARNING:  theodb_decode_batch_stream: rows=10000 bytes=80096
psql:<stdin>:58: WARNING:  theodb_decode_batch_stream: rows=10000 bytes=80096
psql:<stdin>:58: WARNING:  theodb_decode_batch_stream: rows=10000 bytes=80096
psql:<stdin>:58: WARNING:  theodb_decode_batch_stream: rows=10000 bytes=80096
psql:<stdin>:58: WARNING:  theodb_decode_batch_stream: rows=10000 bytes=80096
psql:<stdin>:58: WARNING:  theodb_decode_batch_stream: rows=10000 bytes=80096
psql:<stdin>:58: WARNING:  theodb_decode_batch_stream: rows=10000 bytes=80096
psql:<stdin>:58: WARNING:  theodb_decode_batch_stream: rows=10000 bytes=80096
psql:<stdin>:58: WARNING:  theodb_decode_batch_stream: rows=10000 bytes=80096
psql:<stdin>:58: WARNING:  theodb_decode_batch_stream: rows=10000 bytes=80096
psql:<stdin>:58: WARNING:  theodb_decode_batch_stream: rows=10000 bytes=80096
psql:<stdin>:58: WARNING:  theodb_decode_batch_stream: rows=10000 bytes=80096
psql:<stdin>:58: WARNING:  theodb_decode_batch_stream: rows=10000 bytes=80096
psql:<stdin>:58: WARNING:  theodb_decode_batch_stream: rows=10000 bytes=80096
psql:<stdin>:58: WARNING:  theodb_decode_batch_stream: rows=10000 bytes=80096
psql:<stdin>:58: WARNING:  theodb_decode_batch_stream: rows=10000 bytes=80096
psql:<stdin>:58: WARNING:  theodb_decode_batch_stream: rows=10000 bytes=80096
psql:<stdin>:58: WARNING:  theodb_decode_batch_stream: rows=10000 bytes=80096
psql:<stdin>:58: WARNING:  theodb_decode_batch_stream: rows=10000 bytes=80096
psql:<stdin>:58: WARNING:  theodb_decode_batch_stream: rows=10000 bytes=80096
psql:<stdin>:58: WARNING:  theodb_decode_batch_stream: rows=10000 bytes=80096
psql:<stdin>:58: WARNING:  theodb_decode_batch_stream: rows=10000 bytes=80096
psql:<stdin>:58: WARNING:  theodb_decode_batch_stream: rows=10000 bytes=80096
psql:<stdin>:58: WARNING:  theodb_decode_batch_stream: rows=10000 bytes=80096
psql:<stdin>:58: WARNING:  theodb_decode_batch_stream: rows=10000 bytes=80096
psql:<stdin>:58: WARNING:  theodb_decode_batch_stream: rows=10000 bytes=80096
psql:<stdin>:58: WARNING:  theodb_decode_batch_stream: rows=10000 bytes=80096
psql:<stdin>:58: WARNING:  theodb_decode_batch_stream: rows=10000 bytes=80096
psql:<stdin>:58: WARNING:  theodb_decode_batch_stream: rows=10000 bytes=80096
psql:<stdin>:58: WARNING:  theodb_decode_batch_stream: rows=10000 bytes=80096
psql:<stdin>:58: WARNING:  theodb_decode_batch_stream: rows=10000 bytes=80096
psql:<stdin>:58: WARNING:  theodb_decode_batch_stream: rows=10000 bytes=80096
psql:<stdin>:58: WARNING:  theodb_decode_batch_stream: rows=10000 bytes=80096
psql:<stdin>:58: WARNING:  theodb_decode_batch_stream: rows=10000 bytes=80096
psql:<stdin>:58: WARNING:  theodb_decode_batch_stream: rows=10000 bytes=80096
psql:<stdin>:58: WARNING:  theodb_decode_batch_stream: rows=10000 bytes=80096
psql:<stdin>:58: WARNING:  theodb_decode_batch_stream: rows=10000 bytes=80096
psql:<stdin>:58: WARNING:  theodb_decode_batch_stream: rows=10000 bytes=80096
psql:<stdin>:58: WARNING:  theodb_decode_batch_stream: rows=10000 bytes=80096
psql:<stdin>:58: WARNING:  theodb_decode_batch_stream: rows=10000 bytes=80096
psql:<stdin>:58: WARNING:  theodb_decode_batch_stream: rows=10000 bytes=80096
psql:<stdin>:58: WARNING:  theodb_decode_batch_stream: rows=10000 bytes=80096
psql:<stdin>:58: WARNING:  theodb_decode_batch_stream: rows=10000 bytes=80096
psql:<stdin>:58: WARNING:  theodb_decode_batch_stream: rows=10000 bytes=80096
psql:<stdin>:58: WARNING:  theodb_decode_batch_stream: rows=10000 bytes=80096
psql:<stdin>:58: WARNING:  theodb_decode_batch_stream: rows=10000 bytes=80096
psql:<stdin>:58: WARNING:  theodb_decode_batch_stream: rows=10000 bytes=80096
psql:<stdin>:58: WARNING:  theodb_decode_batch_stream: rows=10000 bytes=80096
psql:<stdin>:58: WARNING:  theodb_decode_batch_stream: rows=10000 bytes=80096
psql:<stdin>:58: WARNING:  theodb_decode_batch_stream: rows=10000 bytes=80096
psql:<stdin>:58: WARNING:  theodb_decode_batch_stream: rows=10000 bytes=80096
psql:<stdin>:58: WARNING:  theodb_decode_batch_stream: rows=10000 bytes=80096
psql:<stdin>:58: WARNING:  theodb_decode_batch_stream: rows=10000 bytes=80096
psql:<stdin>:58: WARNING:  theodb_decode_batch_stream: rows=10000 bytes=80096
psql:<stdin>:58: WARNING:  theodb_decode_batch_stream: rows=10000 bytes=80096
psql:<stdin>:58: WARNING:  theodb_decode_batch_stream: rows=10000 bytes=80096
psql:<stdin>:58: WARNING:  theodb_decode_batch_stream: rows=10000 bytes=80096
psql:<stdin>:58: WARNING:  theodb_decode_batch_stream: rows=10000 bytes=80096
psql:<stdin>:58: WARNING:  theodb_decode_batch_stream: rows=10000 bytes=80096
psql:<stdin>:58: WARNING:  theodb_decode_batch_stream: rows=4135 bytes=33176
psql:<stdin>:58: WARNING:  theodb_decode_batch_stream: rows=10000 bytes=80096
psql:<stdin>:58: WARNING:  theodb_decode_batch_stream: rows=10000 bytes=80096
psql:<stdin>:58: WARNING:  theodb_decode_batch_stream: rows=10000 bytes=80096
psql:<stdin>:58: WARNING:  theodb_decode_batch_stream: rows=10000 bytes=80096
psql:<stdin>:58: WARNING:  theodb_decode_batch_stream: rows=10000 bytes=80096
psql:<stdin>:58: WARNING:  theodb_decode_batch_stream: rows=10000 bytes=80096
psql:<stdin>:58: WARNING:  theodb_decode_batch_stream: rows=10000 bytes=80096
psql:<stdin>:58: WARNING:  theodb_decode_batch_stream: rows=10000 bytes=80096
psql:<stdin>:58: WARNING:  theodb_decode_batch_stream: rows=10000 bytes=80096
psql:<stdin>:58: WARNING:  theodb_decode_batch_stream: rows=10000 bytes=80096
psql:<stdin>:58: WARNING:  theodb_decode_batch_stream: rows=10000 bytes=80096
psql:<stdin>:58: WARNING:  theodb_decode_batch_stream: rows=10000 bytes=80096
psql:<stdin>:58: WARNING:  theodb_decode_batch_stream: rows=10000 bytes=80096
psql:<stdin>:58: WARNING:  theodb_decode_batch_stream: rows=5865 bytes=47016
psql:<stdin>:58: WARNING:  theodb_stream_pool: peak_reserved=8458304 reserved_at_end=0 pool_limit=201326592
psql:<stdin>:59: WARNING:  theodb_scan_plan: stripes=2 chunk_dir_entries=1206 natts=6 wanted=1 bytes_in_mem≈57888
psql:<stdin>:59: WARNING:  theodb_decode_batch_stream: rows=10000 bytes=80096 probe=1
psql:<stdin>:59: WARNING:  theodb_decode_batch_stream: rows=10000 bytes=80096
psql:<stdin>:59: WARNING:  theodb_decode_batch_stream: rows=10000 bytes=80096
psql:<stdin>:59: WARNING:  theodb_decode_batch_stream: rows=10000 bytes=80096
psql:<stdin>:59: WARNING:  theodb_decode_batch_stream: rows=10000 bytes=80096
psql:<stdin>:59: WARNING:  theodb_decode_batch_stream: rows=10000 bytes=80096
psql:<stdin>:59: WARNING:  theodb_decode_batch_stream: rows=10000 bytes=80096
psql:<stdin>:59: WARNING:  theodb_decode_batch_stream: rows=10000 bytes=80096
psql:<stdin>:59: WARNING:  theodb_decode_batch_stream: rows=10000 bytes=80096
psql:<stdin>:59: WARNING:  theodb_decode_batch_stream: rows=10000 bytes=80096
psql:<stdin>:59: WARNING:  theodb_decode_batch_stream: rows=10000 bytes=80096
psql:<stdin>:59: WARNING:  theodb_decode_batch_stream: rows=10000 bytes=80096
psql:<stdin>:59: WARNING:  theodb_decode_batch_stream: rows=10000 bytes=80096
psql:<stdin>:59: WARNING:  theodb_decode_batch_stream: rows=10000 bytes=80096
psql:<stdin>:59: WARNING:  theodb_decode_batch_stream: rows=10000 bytes=80096
psql:<stdin>:59: WARNING:  theodb_decode_batch_stream: rows=10000 bytes=80096
psql:<stdin>:59: WARNING:  theodb_decode_batch_stream: rows=10000 bytes=80096
psql:<stdin>:59: WARNING:  theodb_decode_batch_stream: rows=10000 bytes=80096
psql:<stdin>:59: WARNING:  theodb_decode_batch_stream: rows=10000 bytes=80096
psql:<stdin>:59: WARNING:  theodb_decode_batch_stream: rows=10000 bytes=80096
psql:<stdin>:59: WARNING:  theodb_decode_batch_stream: rows=10000 bytes=80096
psql:<stdin>:59: WARNING:  theodb_decode_batch_stream: rows=10000 bytes=80096
psql:<stdin>:59: WARNING:  theodb_decode_batch_stream: rows=10000 bytes=80096
psql:<stdin>:59: WARNING:  theodb_decode_batch_stream: rows=10000 bytes=80096
psql:<stdin>:59: WARNING:  theodb_decode_batch_stream: rows=10000 bytes=80096
psql:<stdin>:59: WARNING:  theodb_decode_batch_stream: rows=10000 bytes=80096
psql:<stdin>:59: WARNING:  theodb_decode_batch_stream: rows=10000 bytes=80096
psql:<stdin>:59: WARNING:  theodb_decode_batch_stream: rows=10000 bytes=80096
psql:<stdin>:59: WARNING:  theodb_decode_batch_stream: rows=10000 bytes=80096
psql:<stdin>:59: WARNING:  theodb_decode_batch_stream: rows=10000 bytes=80096
psql:<stdin>:59: WARNING:  theodb_decode_batch_stream: rows=10000 bytes=80096
psql:<stdin>:59: WARNING:  theodb_decode_batch_stream: rows=10000 bytes=80096
psql:<stdin>:59: WARNING:  theodb_decode_batch_stream: rows=10000 bytes=80096
psql:<stdin>:59: WARNING:  theodb_decode_batch_stream: rows=10000 bytes=80096
psql:<stdin>:59: WARNING:  theodb_decode_batch_stream: rows=10000 bytes=80096
psql:<stdin>:59: WARNING:  theodb_decode_batch_stream: rows=10000 bytes=80096
psql:<stdin>:59: WARNING:  theodb_decode_batch_stream: rows=10000 bytes=80096
psql:<stdin>:59: WARNING:  theodb_decode_batch_stream: rows=10000 bytes=80096
psql:<stdin>:59: WARNING:  theodb_decode_batch_stream: rows=10000 bytes=80096
psql:<stdin>:59: WARNING:  theodb_decode_batch_stream: rows=10000 bytes=80096
psql:<stdin>:59: WARNING:  theodb_decode_batch_stream: rows=10000 bytes=80096
psql:<stdin>:59: WARNING:  theodb_decode_batch_stream: rows=10000 bytes=80096
psql:<stdin>:59: WARNING:  theodb_decode_batch_stream: rows=10000 bytes=80096
psql:<stdin>:59: WARNING:  theodb_decode_batch_stream: rows=10000 bytes=80096
psql:<stdin>:59: WARNING:  theodb_decode_batch_stream: rows=10000 bytes=80096
psql:<stdin>:59: WARNING:  theodb_decode_batch_stream: rows=10000 bytes=80096
psql:<stdin>:59: WARNING:  theodb_decode_batch_stream: rows=10000 bytes=80096
psql:<stdin>:59: WARNING:  theodb_decode_batch_stream: rows=10000 bytes=80096
psql:<stdin>:59: WARNING:  theodb_decode_batch_stream: rows=10000 bytes=80096
psql:<stdin>:59: WARNING:  theodb_decode_batch_stream: rows=10000 bytes=80096
psql:<stdin>:59: WARNING:  theodb_decode_batch_stream: rows=10000 bytes=80096
psql:<stdin>:59: WARNING:  theodb_decode_batch_stream: rows=10000 bytes=80096
psql:<stdin>:59: WARNING:  theodb_decode_batch_stream: rows=10000 bytes=80096
psql:<stdin>:59: WARNING:  theodb_decode_batch_stream: rows=10000 bytes=80096
psql:<stdin>:59: WARNING:  theodb_decode_batch_stream: rows=10000 bytes=80096
psql:<stdin>:59: WARNING:  theodb_decode_batch_stream: rows=10000 bytes=80096
psql:<stdin>:59: WARNING:  theodb_decode_batch_stream: rows=10000 bytes=80096
psql:<stdin>:59: WARNING:  theodb_decode_batch_stream: rows=10000 bytes=80096
psql:<stdin>:59: WARNING:  theodb_decode_batch_stream: rows=10000 bytes=80096
psql:<stdin>:59: WARNING:  theodb_decode_batch_stream: rows=10000 bytes=80096
psql:<stdin>:59: WARNING:  theodb_decode_batch_stream: rows=10000 bytes=80096
psql:<stdin>:59: WARNING:  theodb_decode_batch_stream: rows=10000 bytes=80096
psql:<stdin>:59: WARNING:  theodb_decode_batch_stream: rows=10000 bytes=80096
psql:<stdin>:59: WARNING:  theodb_decode_batch_stream: rows=10000 bytes=80096
psql:<stdin>:59: WARNING:  theodb_decode_batch_stream: rows=10000 bytes=80096
psql:<stdin>:59: WARNING:  theodb_decode_batch_stream: rows=10000 bytes=80096
psql:<stdin>:59: WARNING:  theodb_decode_batch_stream: rows=10000 bytes=80096
psql:<stdin>:59: WARNING:  theodb_decode_batch_stream: rows=10000 bytes=80096
psql:<stdin>:59: WARNING:  theodb_decode_batch_stream: rows=10000 bytes=80096
psql:<stdin>:59: WARNING:  theodb_decode_batch_stream: rows=10000 bytes=80096
psql:<stdin>:59: WARNING:  theodb_decode_batch_stream: rows=10000 bytes=80096
psql:<stdin>:59: WARNING:  theodb_decode_batch_stream: rows=10000 bytes=80096
psql:<stdin>:59: WARNING:  theodb_decode_batch_stream: rows=10000 bytes=80096
psql:<stdin>:59: WARNING:  theodb_decode_batch_stream: rows=10000 bytes=80096
psql:<stdin>:59: WARNING:  theodb_decode_batch_stream: rows=10000 bytes=80096
psql:<stdin>:59: WARNING:  theodb_decode_batch_stream: rows=10000 bytes=80096
psql:<stdin>:59: WARNING:  theodb_decode_batch_stream: rows=10000 bytes=80096
psql:<stdin>:59: WARNING:  theodb_decode_batch_stream: rows=10000 bytes=80096
psql:<stdin>:59: WARNING:  theodb_decode_batch_stream: rows=10000 bytes=80096
psql:<stdin>:59: WARNING:  theodb_decode_batch_stream: rows=10000 bytes=80096
psql:<stdin>:59: WARNING:  theodb_decode_batch_stream: rows=10000 bytes=80096
psql:<stdin>:59: WARNING:  theodb_decode_batch_stream: rows=10000 bytes=80096
psql:<stdin>:59: WARNING:  theodb_decode_batch_stream: rows=10000 bytes=80096
psql:<stdin>:59: WARNING:  theodb_decode_batch_stream: rows=10000 bytes=80096
psql:<stdin>:59: WARNING:  theodb_decode_batch_stream: rows=10000 bytes=80096
psql:<stdin>:59: WARNING:  theodb_decode_batch_stream: rows=10000 bytes=80096
psql:<stdin>:59: WARNING:  theodb_decode_batch_stream: rows=10000 bytes=80096
psql:<stdin>:59: WARNING:  theodb_decode_batch_stream: rows=10000 bytes=80096
psql:<stdin>:59: WARNING:  theodb_decode_batch_stream: rows=10000 bytes=80096
psql:<stdin>:59: WARNING:  theodb_decode_batch_stream: rows=10000 bytes=80096
psql:<stdin>:59: WARNING:  theodb_decode_batch_stream: rows=10000 bytes=80096
psql:<stdin>:59: WARNING:  theodb_decode_batch_stream: rows=10000 bytes=80096
psql:<stdin>:59: WARNING:  theodb_decode_batch_stream: rows=10000 bytes=80096
psql:<stdin>:59: WARNING:  theodb_decode_batch_stream: rows=10000 bytes=80096
psql:<stdin>:59: WARNING:  theodb_decode_batch_stream: rows=10000 bytes=80096
psql:<stdin>:59: WARNING:  theodb_decode_batch_stream: rows=10000 bytes=80096
psql:<stdin>:59: WARNING:  theodb_decode_batch_stream: rows=10000 bytes=80096
psql:<stdin>:59: WARNING:  theodb_decode_batch_stream: rows=10000 bytes=80096
psql:<stdin>:59: WARNING:  theodb_decode_batch_stream: rows=10000 bytes=80096
psql:<stdin>:59: WARNING:  theodb_decode_batch_stream: rows=10000 bytes=80096
psql:<stdin>:59: WARNING:  theodb_decode_batch_stream: rows=10000 bytes=80096
psql:<stdin>:59: WARNING:  theodb_decode_batch_stream: rows=10000 bytes=80096
psql:<stdin>:59: WARNING:  theodb_decode_batch_stream: rows=10000 bytes=80096
psql:<stdin>:59: WARNING:  theodb_decode_batch_stream: rows=10000 bytes=80096
psql:<stdin>:59: WARNING:  theodb_decode_batch_stream: rows=10000 bytes=80096
psql:<stdin>:59: WARNING:  theodb_decode_batch_stream: rows=10000 bytes=80096
psql:<stdin>:59: WARNING:  theodb_decode_batch_stream: rows=10000 bytes=80096
psql:<stdin>:59: WARNING:  theodb_decode_batch_stream: rows=10000 bytes=80096
psql:<stdin>:59: WARNING:  theodb_decode_batch_stream: rows=10000 bytes=80096
psql:<stdin>:59: WARNING:  theodb_decode_batch_stream: rows=10000 bytes=80096
psql:<stdin>:59: WARNING:  theodb_decode_batch_stream: rows=10000 bytes=80096
psql:<stdin>:59: WARNING:  theodb_decode_batch_stream: rows=10000 bytes=80096
psql:<stdin>:59: WARNING:  theodb_decode_batch_stream: rows=10000 bytes=80096
psql:<stdin>:59: WARNING:  theodb_decode_batch_stream: rows=10000 bytes=80096
psql:<stdin>:59: WARNING:  theodb_decode_batch_stream: rows=10000 bytes=80096
psql:<stdin>:59: WARNING:  theodb_decode_batch_stream: rows=10000 bytes=80096
psql:<stdin>:59: WARNING:  theodb_decode_batch_stream: rows=10000 bytes=80096
psql:<stdin>:59: WARNING:  theodb_decode_batch_stream: rows=10000 bytes=80096
psql:<stdin>:59: WARNING:  theodb_decode_batch_stream: rows=10000 bytes=80096
psql:<stdin>:59: WARNING:  theodb_decode_batch_stream: rows=10000 bytes=80096
psql:<stdin>:59: WARNING:  theodb_decode_batch_stream: rows=10000 bytes=80096
psql:<stdin>:59: WARNING:  theodb_decode_batch_stream: rows=10000 bytes=80096
psql:<stdin>:59: WARNING:  theodb_decode_batch_stream: rows=10000 bytes=80096
psql:<stdin>:59: WARNING:  theodb_decode_batch_stream: rows=10000 bytes=80096
psql:<stdin>:59: WARNING:  theodb_decode_batch_stream: rows=10000 bytes=80096
psql:<stdin>:59: WARNING:  theodb_decode_batch_stream: rows=10000 bytes=80096
psql:<stdin>:59: WARNING:  theodb_decode_batch_stream: rows=10000 bytes=80096
psql:<stdin>:59: WARNING:  theodb_decode_batch_stream: rows=10000 bytes=80096
psql:<stdin>:59: WARNING:  theodb_decode_batch_stream: rows=10000 bytes=80096
psql:<stdin>:59: WARNING:  theodb_decode_batch_stream: rows=10000 bytes=80096
psql:<stdin>:59: WARNING:  theodb_decode_batch_stream: rows=10000 bytes=80096
psql:<stdin>:59: WARNING:  theodb_decode_batch_stream: rows=10000 bytes=80096
psql:<stdin>:59: WARNING:  theodb_decode_batch_stream: rows=10000 bytes=80096
psql:<stdin>:59: WARNING:  theodb_decode_batch_stream: rows=10000 bytes=80096
psql:<stdin>:59: WARNING:  theodb_decode_batch_stream: rows=10000 bytes=80096
psql:<stdin>:59: WARNING:  theodb_decode_batch_stream: rows=10000 bytes=80096
psql:<stdin>:59: WARNING:  theodb_decode_batch_stream: rows=10000 bytes=80096
psql:<stdin>:59: WARNING:  theodb_decode_batch_stream: rows=10000 bytes=80096
psql:<stdin>:59: WARNING:  theodb_decode_batch_stream: rows=10000 bytes=80096
psql:<stdin>:59: WARNING:  theodb_decode_batch_stream: rows=10000 bytes=80096
psql:<stdin>:59: WARNING:  theodb_decode_batch_stream: rows=10000 bytes=80096
psql:<stdin>:59: WARNING:  theodb_decode_batch_stream: rows=10000 bytes=80096
psql:<stdin>:59: WARNING:  theodb_decode_batch_stream: rows=10000 bytes=80096
psql:<stdin>:59: WARNING:  theodb_decode_batch_stream: rows=10000 bytes=80096
psql:<stdin>:59: WARNING:  theodb_decode_batch_stream: rows=10000 bytes=80096
psql:<stdin>:59: WARNING:  theodb_decode_batch_stream: rows=10000 bytes=80096
psql:<stdin>:59: WARNING:  theodb_decode_batch_stream: rows=10000 bytes=80096
psql:<stdin>:59: WARNING:  theodb_decode_batch_stream: rows=10000 bytes=80096
psql:<stdin>:59: WARNING:  theodb_decode_batch_stream: rows=10000 bytes=80096
psql:<stdin>:59: WARNING:  theodb_decode_batch_stream: rows=10000 bytes=80096
psql:<stdin>:59: WARNING:  theodb_decode_batch_stream: rows=10000 bytes=80096
psql:<stdin>:59: WARNING:  theodb_decode_batch_stream: rows=10000 bytes=80096
psql:<stdin>:59: WARNING:  theodb_decode_batch_stream: rows=10000 bytes=80096
psql:<stdin>:59: WARNING:  theodb_decode_batch_stream: rows=10000 bytes=80096
psql:<stdin>:59: WARNING:  theodb_decode_batch_stream: rows=10000 bytes=80096
psql:<stdin>:59: WARNING:  theodb_decode_batch_stream: rows=10000 bytes=80096
psql:<stdin>:59: WARNING:  theodb_decode_batch_stream: rows=10000 bytes=80096
psql:<stdin>:59: WARNING:  theodb_decode_batch_stream: rows=10000 bytes=80096
psql:<stdin>:59: WARNING:  theodb_decode_batch_stream: rows=10000 bytes=80096
psql:<stdin>:59: WARNING:  theodb_decode_batch_stream: rows=10000 bytes=80096
psql:<stdin>:59: WARNING:  theodb_decode_batch_stream: rows=10000 bytes=80096
psql:<stdin>:59: WARNING:  theodb_decode_batch_stream: rows=10000 bytes=80096
psql:<stdin>:59: WARNING:  theodb_decode_batch_stream: rows=10000 bytes=80096
psql:<stdin>:59: WARNING:  theodb_decode_batch_stream: rows=10000 bytes=80096
psql:<stdin>:59: WARNING:  theodb_decode_batch_stream: rows=10000 bytes=80096
psql:<stdin>:59: WARNING:  theodb_decode_batch_stream: rows=10000 bytes=80096
psql:<stdin>:59: WARNING:  theodb_decode_batch_stream: rows=10000 bytes=80096
psql:<stdin>:59: WARNING:  theodb_decode_batch_stream: rows=10000 bytes=80096
psql:<stdin>:59: WARNING:  theodb_decode_batch_stream: rows=10000 bytes=80096
psql:<stdin>:59: WARNING:  theodb_decode_batch_stream: rows=10000 bytes=80096
psql:<stdin>:59: WARNING:  theodb_decode_batch_stream: rows=10000 bytes=80096
psql:<stdin>:59: WARNING:  theodb_decode_batch_stream: rows=10000 bytes=80096
psql:<stdin>:59: WARNING:  theodb_decode_batch_stream: rows=10000 bytes=80096
psql:<stdin>:59: WARNING:  theodb_decode_batch_stream: rows=10000 bytes=80096
psql:<stdin>:59: WARNING:  theodb_decode_batch_stream: rows=10000 bytes=80096
psql:<stdin>:59: WARNING:  theodb_decode_batch_stream: rows=10000 bytes=80096
psql:<stdin>:59: WARNING:  theodb_decode_batch_stream: rows=10000 bytes=80096
psql:<stdin>:59: WARNING:  theodb_decode_batch_stream: rows=10000 bytes=80096
psql:<stdin>:59: WARNING:  theodb_decode_batch_stream: rows=10000 bytes=80096
psql:<stdin>:59: WARNING:  theodb_decode_batch_stream: rows=10000 bytes=80096
psql:<stdin>:59: WARNING:  theodb_decode_batch_stream: rows=10000 bytes=80096
psql:<stdin>:59: WARNING:  theodb_decode_batch_stream: rows=10000 bytes=80096
psql:<stdin>:59: WARNING:  theodb_decode_batch_stream: rows=10000 bytes=80096
psql:<stdin>:59: WARNING:  theodb_decode_batch_stream: rows=10000 bytes=80096
psql:<stdin>:59: WARNING:  theodb_decode_batch_stream: rows=10000 bytes=80096
psql:<stdin>:59: WARNING:  theodb_decode_batch_stream: rows=10000 bytes=80096
psql:<stdin>:59: WARNING:  theodb_decode_batch_stream: rows=4135 bytes=33176
psql:<stdin>:59: WARNING:  theodb_decode_batch_stream: rows=10000 bytes=80096
psql:<stdin>:59: WARNING:  theodb_decode_batch_stream: rows=10000 bytes=80096
psql:<stdin>:59: WARNING:  theodb_decode_batch_stream: rows=10000 bytes=80096
psql:<stdin>:59: WARNING:  theodb_decode_batch_stream: rows=10000 bytes=80096
psql:<stdin>:59: WARNING:  theodb_decode_batch_stream: rows=10000 bytes=80096
psql:<stdin>:59: WARNING:  theodb_decode_batch_stream: rows=10000 bytes=80096
psql:<stdin>:59: WARNING:  theodb_decode_batch_stream: rows=10000 bytes=80096
psql:<stdin>:59: WARNING:  theodb_decode_batch_stream: rows=10000 bytes=80096
psql:<stdin>:59: WARNING:  theodb_decode_batch_stream: rows=10000 bytes=80096
psql:<stdin>:59: WARNING:  theodb_decode_batch_stream: rows=10000 bytes=80096
psql:<stdin>:59: WARNING:  theodb_decode_batch_stream: rows=10000 bytes=80096
psql:<stdin>:59: WARNING:  theodb_decode_batch_stream: rows=10000 bytes=80096
psql:<stdin>:59: WARNING:  theodb_decode_batch_stream: rows=10000 bytes=80096
psql:<stdin>:59: WARNING:  theodb_decode_batch_stream: rows=5865 bytes=47016
psql:<stdin>:59: WARNING:  theodb_stream_pool: peak_reserved=96108608 reserved_at_end=0 pool_limit=201326592
psql:<stdin>:60: WARNING:  theodb_scan_plan: stripes=2 chunk_dir_entries=1206 natts=6 wanted=1 bytes_in_mem≈57888
psql:<stdin>:60: WARNING:  theodb_decode_batch_stream: rows=10000 bytes=80096 probe=1
psql:<stdin>:60: WARNING:  theodb_decode_batch_stream: rows=10000 bytes=80096
psql:<stdin>:60: WARNING:  theodb_decode_batch_stream: rows=10000 bytes=80096
psql:<stdin>:60: WARNING:  theodb_decode_batch_stream: rows=10000 bytes=80096
psql:<stdin>:60: WARNING:  theodb_decode_batch_stream: rows=10000 bytes=80096
psql:<stdin>:60: WARNING:  theodb_decode_batch_stream: rows=10000 bytes=80096
psql:<stdin>:60: WARNING:  theodb_decode_batch_stream: rows=10000 bytes=80096
psql:<stdin>:60: WARNING:  theodb_decode_batch_stream: rows=10000 bytes=80096
psql:<stdin>:60: WARNING:  theodb_decode_batch_stream: rows=10000 bytes=80096
psql:<stdin>:60: WARNING:  theodb_decode_batch_stream: rows=10000 bytes=80096
psql:<stdin>:60: WARNING:  theodb_decode_batch_stream: rows=10000 bytes=80096
psql:<stdin>:60: WARNING:  theodb_decode_batch_stream: rows=10000 bytes=80096
psql:<stdin>:60: WARNING:  theodb_decode_batch_stream: rows=10000 bytes=80096
psql:<stdin>:60: WARNING:  theodb_decode_batch_stream: rows=10000 bytes=80096
psql:<stdin>:60: WARNING:  theodb_decode_batch_stream: rows=10000 bytes=80096
psql:<stdin>:60: WARNING:  theodb_decode_batch_stream: rows=10000 bytes=80096
psql:<stdin>:60: WARNING:  theodb_decode_batch_stream: rows=10000 bytes=80096
psql:<stdin>:60: WARNING:  theodb_decode_batch_stream: rows=10000 bytes=80096
psql:<stdin>:60: WARNING:  theodb_decode_batch_stream: rows=10000 bytes=80096
psql:<stdin>:60: WARNING:  theodb_decode_batch_stream: rows=10000 bytes=80096
psql:<stdin>:60: WARNING:  theodb_decode_batch_stream: rows=10000 bytes=80096
psql:<stdin>:60: WARNING:  theodb_decode_batch_stream: rows=10000 bytes=80096
psql:<stdin>:60: WARNING:  theodb_decode_batch_stream: rows=10000 bytes=80096
psql:<stdin>:60: WARNING:  theodb_decode_batch_stream: rows=10000 bytes=80096
psql:<stdin>:60: WARNING:  theodb_decode_batch_stream: rows=10000 bytes=80096
psql:<stdin>:60: WARNING:  theodb_decode_batch_stream: rows=10000 bytes=80096
psql:<stdin>:60: WARNING:  theodb_decode_batch_stream: rows=10000 bytes=80096
psql:<stdin>:60: WARNING:  theodb_decode_batch_stream: rows=10000 bytes=80096
psql:<stdin>:60: WARNING:  theodb_decode_batch_stream: rows=10000 bytes=80096
psql:<stdin>:60: WARNING:  theodb_decode_batch_stream: rows=10000 bytes=80096
psql:<stdin>:60: WARNING:  theodb_decode_batch_stream: rows=10000 bytes=80096
psql:<stdin>:60: WARNING:  theodb_decode_batch_stream: rows=10000 bytes=80096
psql:<stdin>:60: WARNING:  theodb_decode_batch_stream: rows=10000 bytes=80096
psql:<stdin>:60: WARNING:  theodb_decode_batch_stream: rows=10000 bytes=80096
psql:<stdin>:60: WARNING:  theodb_decode_batch_stream: rows=10000 bytes=80096
psql:<stdin>:60: WARNING:  theodb_decode_batch_stream: rows=10000 bytes=80096
psql:<stdin>:60: WARNING:  theodb_decode_batch_stream: rows=10000 bytes=80096
psql:<stdin>:60: WARNING:  theodb_decode_batch_stream: rows=10000 bytes=80096
psql:<stdin>:60: WARNING:  theodb_decode_batch_stream: rows=10000 bytes=80096
psql:<stdin>:60: WARNING:  theodb_decode_batch_stream: rows=10000 bytes=80096
psql:<stdin>:60: WARNING:  theodb_decode_batch_stream: rows=10000 bytes=80096
psql:<stdin>:60: WARNING:  theodb_decode_batch_stream: rows=10000 bytes=80096
psql:<stdin>:60: WARNING:  theodb_decode_batch_stream: rows=10000 bytes=80096
psql:<stdin>:60: WARNING:  theodb_decode_batch_stream: rows=10000 bytes=80096
psql:<stdin>:60: WARNING:  theodb_decode_batch_stream: rows=10000 bytes=80096
psql:<stdin>:60: WARNING:  theodb_decode_batch_stream: rows=10000 bytes=80096
psql:<stdin>:60: WARNING:  theodb_decode_batch_stream: rows=10000 bytes=80096
psql:<stdin>:60: WARNING:  theodb_decode_batch_stream: rows=10000 bytes=80096
psql:<stdin>:60: WARNING:  theodb_decode_batch_stream: rows=10000 bytes=80096
psql:<stdin>:60: WARNING:  theodb_decode_batch_stream: rows=10000 bytes=80096
psql:<stdin>:60: WARNING:  theodb_decode_batch_stream: rows=10000 bytes=80096
psql:<stdin>:60: WARNING:  theodb_decode_batch_stream: rows=10000 bytes=80096
psql:<stdin>:60: WARNING:  theodb_decode_batch_stream: rows=10000 bytes=80096
psql:<stdin>:60: WARNING:  theodb_decode_batch_stream: rows=10000 bytes=80096
psql:<stdin>:60: WARNING:  theodb_decode_batch_stream: rows=10000 bytes=80096
psql:<stdin>:60: WARNING:  theodb_decode_batch_stream: rows=10000 bytes=80096
psql:<stdin>:60: WARNING:  theodb_decode_batch_stream: rows=10000 bytes=80096
psql:<stdin>:60: WARNING:  theodb_decode_batch_stream: rows=10000 bytes=80096
psql:<stdin>:60: WARNING:  theodb_decode_batch_stream: rows=10000 bytes=80096
psql:<stdin>:60: WARNING:  theodb_decode_batch_stream: rows=10000 bytes=80096
psql:<stdin>:60: WARNING:  theodb_decode_batch_stream: rows=10000 bytes=80096
psql:<stdin>:60: WARNING:  theodb_decode_batch_stream: rows=10000 bytes=80096
psql:<stdin>:60: WARNING:  theodb_decode_batch_stream: rows=10000 bytes=80096
psql:<stdin>:60: WARNING:  theodb_decode_batch_stream: rows=10000 bytes=80096
psql:<stdin>:60: WARNING:  theodb_decode_batch_stream: rows=10000 bytes=80096
psql:<stdin>:60: WARNING:  theodb_decode_batch_stream: rows=10000 bytes=80096
psql:<stdin>:60: WARNING:  theodb_decode_batch_stream: rows=10000 bytes=80096
psql:<stdin>:60: WARNING:  theodb_decode_batch_stream: rows=10000 bytes=80096
psql:<stdin>:60: WARNING:  theodb_decode_batch_stream: rows=10000 bytes=80096
psql:<stdin>:60: WARNING:  theodb_decode_batch_stream: rows=10000 bytes=80096
psql:<stdin>:60: WARNING:  theodb_decode_batch_stream: rows=10000 bytes=80096
psql:<stdin>:60: WARNING:  theodb_decode_batch_stream: rows=10000 bytes=80096
psql:<stdin>:60: WARNING:  theodb_decode_batch_stream: rows=10000 bytes=80096
psql:<stdin>:60: WARNING:  theodb_decode_batch_stream: rows=10000 bytes=80096
psql:<stdin>:60: WARNING:  theodb_decode_batch_stream: rows=10000 bytes=80096
psql:<stdin>:60: WARNING:  theodb_decode_batch_stream: rows=10000 bytes=80096
psql:<stdin>:60: WARNING:  theodb_decode_batch_stream: rows=10000 bytes=80096
psql:<stdin>:60: WARNING:  theodb_decode_batch_stream: rows=10000 bytes=80096
psql:<stdin>:60: WARNING:  theodb_decode_batch_stream: rows=10000 bytes=80096
psql:<stdin>:60: WARNING:  theodb_decode_batch_stream: rows=10000 bytes=80096
psql:<stdin>:60: WARNING:  theodb_decode_batch_stream: rows=10000 bytes=80096
psql:<stdin>:60: WARNING:  theodb_decode_batch_stream: rows=10000 bytes=80096
psql:<stdin>:60: WARNING:  theodb_decode_batch_stream: rows=10000 bytes=80096
psql:<stdin>:60: WARNING:  theodb_decode_batch_stream: rows=10000 bytes=80096
psql:<stdin>:60: WARNING:  theodb_decode_batch_stream: rows=10000 bytes=80096
psql:<stdin>:60: WARNING:  theodb_decode_batch_stream: rows=10000 bytes=80096
psql:<stdin>:60: WARNING:  theodb_decode_batch_stream: rows=10000 bytes=80096
psql:<stdin>:60: WARNING:  theodb_decode_batch_stream: rows=10000 bytes=80096
psql:<stdin>:60: WARNING:  theodb_decode_batch_stream: rows=10000 bytes=80096
psql:<stdin>:60: WARNING:  theodb_decode_batch_stream: rows=10000 bytes=80096
psql:<stdin>:60: WARNING:  theodb_decode_batch_stream: rows=10000 bytes=80096
psql:<stdin>:60: WARNING:  theodb_decode_batch_stream: rows=10000 bytes=80096
psql:<stdin>:60: WARNING:  theodb_decode_batch_stream: rows=10000 bytes=80096
psql:<stdin>:60: WARNING:  theodb_decode_batch_stream: rows=10000 bytes=80096
psql:<stdin>:60: WARNING:  theodb_decode_batch_stream: rows=10000 bytes=80096
psql:<stdin>:60: WARNING:  theodb_decode_batch_stream: rows=10000 bytes=80096
psql:<stdin>:60: WARNING:  theodb_decode_batch_stream: rows=10000 bytes=80096
psql:<stdin>:60: WARNING:  theodb_decode_batch_stream: rows=10000 bytes=80096
psql:<stdin>:60: WARNING:  theodb_decode_batch_stream: rows=10000 bytes=80096
psql:<stdin>:60: WARNING:  theodb_decode_batch_stream: rows=10000 bytes=80096
psql:<stdin>:60: WARNING:  theodb_decode_batch_stream: rows=10000 bytes=80096
psql:<stdin>:60: WARNING:  theodb_decode_batch_stream: rows=10000 bytes=80096
psql:<stdin>:60: WARNING:  theodb_decode_batch_stream: rows=10000 bytes=80096
psql:<stdin>:60: WARNING:  theodb_decode_batch_stream: rows=10000 bytes=80096
psql:<stdin>:60: WARNING:  theodb_decode_batch_stream: rows=10000 bytes=80096
psql:<stdin>:60: WARNING:  theodb_decode_batch_stream: rows=10000 bytes=80096
psql:<stdin>:60: WARNING:  theodb_decode_batch_stream: rows=10000 bytes=80096
psql:<stdin>:60: WARNING:  theodb_decode_batch_stream: rows=10000 bytes=80096
psql:<stdin>:60: WARNING:  theodb_decode_batch_stream: rows=10000 bytes=80096
psql:<stdin>:60: WARNING:  theodb_decode_batch_stream: rows=10000 bytes=80096
psql:<stdin>:60: WARNING:  theodb_decode_batch_stream: rows=10000 bytes=80096
psql:<stdin>:60: WARNING:  theodb_decode_batch_stream: rows=10000 bytes=80096
psql:<stdin>:60: WARNING:  theodb_decode_batch_stream: rows=10000 bytes=80096
psql:<stdin>:60: WARNING:  theodb_decode_batch_stream: rows=10000 bytes=80096
psql:<stdin>:60: WARNING:  theodb_decode_batch_stream: rows=10000 bytes=80096
psql:<stdin>:60: WARNING:  theodb_decode_batch_stream: rows=10000 bytes=80096
psql:<stdin>:60: WARNING:  theodb_decode_batch_stream: rows=10000 bytes=80096
psql:<stdin>:60: WARNING:  theodb_decode_batch_stream: rows=10000 bytes=80096
psql:<stdin>:60: WARNING:  theodb_decode_batch_stream: rows=10000 bytes=80096
psql:<stdin>:60: WARNING:  theodb_decode_batch_stream: rows=10000 bytes=80096
psql:<stdin>:60: WARNING:  theodb_decode_batch_stream: rows=10000 bytes=80096
psql:<stdin>:60: WARNING:  theodb_decode_batch_stream: rows=10000 bytes=80096
psql:<stdin>:60: WARNING:  theodb_decode_batch_stream: rows=10000 bytes=80096
psql:<stdin>:60: WARNING:  theodb_decode_batch_stream: rows=10000 bytes=80096
psql:<stdin>:60: WARNING:  theodb_decode_batch_stream: rows=10000 bytes=80096
psql:<stdin>:60: WARNING:  theodb_decode_batch_stream: rows=10000 bytes=80096
psql:<stdin>:60: WARNING:  theodb_decode_batch_stream: rows=10000 bytes=80096
psql:<stdin>:60: WARNING:  theodb_decode_batch_stream: rows=10000 bytes=80096
psql:<stdin>:60: WARNING:  theodb_decode_batch_stream: rows=10000 bytes=80096
psql:<stdin>:60: WARNING:  theodb_decode_batch_stream: rows=10000 bytes=80096
psql:<stdin>:60: WARNING:  theodb_decode_batch_stream: rows=10000 bytes=80096
psql:<stdin>:60: WARNING:  theodb_decode_batch_stream: rows=10000 bytes=80096
psql:<stdin>:60: WARNING:  theodb_decode_batch_stream: rows=10000 bytes=80096
psql:<stdin>:60: WARNING:  theodb_decode_batch_stream: rows=10000 bytes=80096
psql:<stdin>:60: WARNING:  theodb_decode_batch_stream: rows=10000 bytes=80096
psql:<stdin>:60: WARNING:  theodb_decode_batch_stream: rows=10000 bytes=80096
psql:<stdin>:60: WARNING:  theodb_decode_batch_stream: rows=10000 bytes=80096
psql:<stdin>:60: WARNING:  theodb_decode_batch_stream: rows=10000 bytes=80096
psql:<stdin>:60: WARNING:  theodb_decode_batch_stream: rows=10000 bytes=80096
psql:<stdin>:60: WARNING:  theodb_decode_batch_stream: rows=10000 bytes=80096
psql:<stdin>:60: WARNING:  theodb_decode_batch_stream: rows=10000 bytes=80096
psql:<stdin>:60: WARNING:  theodb_decode_batch_stream: rows=10000 bytes=80096
psql:<stdin>:60: WARNING:  theodb_decode_batch_stream: rows=10000 bytes=80096
psql:<stdin>:60: WARNING:  theodb_decode_batch_stream: rows=10000 bytes=80096
psql:<stdin>:60: WARNING:  theodb_decode_batch_stream: rows=10000 bytes=80096
psql:<stdin>:60: WARNING:  theodb_decode_batch_stream: rows=10000 bytes=80096
psql:<stdin>:60: WARNING:  theodb_decode_batch_stream: rows=10000 bytes=80096
psql:<stdin>:60: WARNING:  theodb_decode_batch_stream: rows=10000 bytes=80096
psql:<stdin>:60: WARNING:  theodb_decode_batch_stream: rows=10000 bytes=80096
psql:<stdin>:60: WARNING:  theodb_decode_batch_stream: rows=10000 bytes=80096
psql:<stdin>:60: WARNING:  theodb_decode_batch_stream: rows=10000 bytes=80096
psql:<stdin>:60: WARNING:  theodb_decode_batch_stream: rows=10000 bytes=80096
psql:<stdin>:60: WARNING:  theodb_decode_batch_stream: rows=10000 bytes=80096
psql:<stdin>:60: WARNING:  theodb_decode_batch_stream: rows=10000 bytes=80096
psql:<stdin>:60: WARNING:  theodb_decode_batch_stream: rows=10000 bytes=80096
psql:<stdin>:60: WARNING:  theodb_decode_batch_stream: rows=10000 bytes=80096
psql:<stdin>:60: WARNING:  theodb_decode_batch_stream: rows=10000 bytes=80096
psql:<stdin>:60: WARNING:  theodb_decode_batch_stream: rows=10000 bytes=80096
psql:<stdin>:60: WARNING:  theodb_decode_batch_stream: rows=10000 bytes=80096
psql:<stdin>:60: WARNING:  theodb_decode_batch_stream: rows=10000 bytes=80096
psql:<stdin>:60: WARNING:  theodb_decode_batch_stream: rows=10000 bytes=80096
psql:<stdin>:60: WARNING:  theodb_decode_batch_stream: rows=10000 bytes=80096
psql:<stdin>:60: WARNING:  theodb_decode_batch_stream: rows=10000 bytes=80096
psql:<stdin>:60: WARNING:  theodb_decode_batch_stream: rows=10000 bytes=80096
psql:<stdin>:60: WARNING:  theodb_decode_batch_stream: rows=10000 bytes=80096
psql:<stdin>:60: WARNING:  theodb_decode_batch_stream: rows=10000 bytes=80096
psql:<stdin>:60: WARNING:  theodb_decode_batch_stream: rows=10000 bytes=80096
psql:<stdin>:60: WARNING:  theodb_decode_batch_stream: rows=10000 bytes=80096
psql:<stdin>:60: WARNING:  theodb_decode_batch_stream: rows=10000 bytes=80096
psql:<stdin>:60: WARNING:  theodb_decode_batch_stream: rows=10000 bytes=80096
psql:<stdin>:60: WARNING:  theodb_decode_batch_stream: rows=10000 bytes=80096
psql:<stdin>:60: WARNING:  theodb_decode_batch_stream: rows=10000 bytes=80096
psql:<stdin>:60: WARNING:  theodb_decode_batch_stream: rows=10000 bytes=80096
psql:<stdin>:60: WARNING:  theodb_decode_batch_stream: rows=10000 bytes=80096
psql:<stdin>:60: WARNING:  theodb_decode_batch_stream: rows=10000 bytes=80096
psql:<stdin>:60: WARNING:  theodb_decode_batch_stream: rows=10000 bytes=80096
psql:<stdin>:60: WARNING:  theodb_decode_batch_stream: rows=10000 bytes=80096
psql:<stdin>:60: WARNING:  theodb_decode_batch_stream: rows=10000 bytes=80096
psql:<stdin>:60: WARNING:  theodb_decode_batch_stream: rows=10000 bytes=80096
psql:<stdin>:60: WARNING:  theodb_decode_batch_stream: rows=10000 bytes=80096
psql:<stdin>:60: WARNING:  theodb_decode_batch_stream: rows=10000 bytes=80096
psql:<stdin>:60: WARNING:  theodb_decode_batch_stream: rows=10000 bytes=80096
psql:<stdin>:60: WARNING:  theodb_decode_batch_stream: rows=10000 bytes=80096
psql:<stdin>:60: WARNING:  theodb_decode_batch_stream: rows=10000 bytes=80096
psql:<stdin>:60: WARNING:  theodb_decode_batch_stream: rows=10000 bytes=80096
psql:<stdin>:60: WARNING:  theodb_decode_batch_stream: rows=10000 bytes=80096
psql:<stdin>:60: WARNING:  theodb_decode_batch_stream: rows=4135 bytes=33176
psql:<stdin>:60: WARNING:  theodb_decode_batch_stream: rows=10000 bytes=80096
psql:<stdin>:60: WARNING:  theodb_decode_batch_stream: rows=10000 bytes=80096
psql:<stdin>:60: WARNING:  theodb_decode_batch_stream: rows=10000 bytes=80096
psql:<stdin>:60: WARNING:  theodb_decode_batch_stream: rows=10000 bytes=80096
psql:<stdin>:60: WARNING:  theodb_decode_batch_stream: rows=10000 bytes=80096
psql:<stdin>:60: WARNING:  theodb_decode_batch_stream: rows=10000 bytes=80096
psql:<stdin>:60: WARNING:  theodb_decode_batch_stream: rows=10000 bytes=80096
psql:<stdin>:60: WARNING:  theodb_decode_batch_stream: rows=10000 bytes=80096
psql:<stdin>:60: WARNING:  theodb_decode_batch_stream: rows=10000 bytes=80096
psql:<stdin>:60: WARNING:  theodb_decode_batch_stream: rows=10000 bytes=80096
psql:<stdin>:60: WARNING:  theodb_decode_batch_stream: rows=10000 bytes=80096
psql:<stdin>:60: WARNING:  theodb_decode_batch_stream: rows=10000 bytes=80096
psql:<stdin>:60: WARNING:  theodb_decode_batch_stream: rows=10000 bytes=80096
psql:<stdin>:60: WARNING:  theodb_decode_batch_stream: rows=5865 bytes=47016
psql:<stdin>:60: WARNING:  theodb_stream_pool: peak_reserved=192086080 reserved_at_end=0 pool_limit=201326592
psql:<stdin>:62: WARNING:  theodb_scan_plan: stripes=2 chunk_dir_entries=1206 natts=6 wanted=2 bytes_in_mem≈57888
psql:<stdin>:62: WARNING:  theodb_decode_batch_stream: rows=10000 bytes=160192 probe=1
psql:<stdin>:62: WARNING:  theodb_decode_batch_stream: rows=10000 bytes=160192
psql:<stdin>:62: WARNING:  theodb_decode_batch_stream: rows=10000 bytes=160192
psql:<stdin>:62: WARNING:  theodb_decode_batch_stream: rows=10000 bytes=160192
psql:<stdin>:62: WARNING:  theodb_decode_batch_stream: rows=10000 bytes=160192
psql:<stdin>:62: WARNING:  theodb_decode_batch_stream: rows=10000 bytes=160192
psql:<stdin>:62: WARNING:  theodb_decode_batch_stream: rows=10000 bytes=160192
psql:<stdin>:62: WARNING:  theodb_decode_batch_stream: rows=10000 bytes=160192
psql:<stdin>:62: WARNING:  theodb_decode_batch_stream: rows=10000 bytes=160192
psql:<stdin>:62: WARNING:  theodb_decode_batch_stream: rows=10000 bytes=160192
psql:<stdin>:62: WARNING:  theodb_decode_batch_stream: rows=10000 bytes=160192
psql:<stdin>:62: WARNING:  theodb_decode_batch_stream: rows=10000 bytes=160192
psql:<stdin>:62: WARNING:  theodb_decode_batch_stream: rows=10000 bytes=160192
psql:<stdin>:62: WARNING:  theodb_decode_batch_stream: rows=10000 bytes=160192
psql:<stdin>:62: WARNING:  theodb_decode_batch_stream: rows=10000 bytes=160192
psql:<stdin>:62: WARNING:  theodb_decode_batch_stream: rows=10000 bytes=160192
psql:<stdin>:62: WARNING:  theodb_decode_batch_stream: rows=10000 bytes=160192
psql:<stdin>:62: WARNING:  theodb_decode_batch_stream: rows=10000 bytes=160192
psql:<stdin>:62: WARNING:  theodb_decode_batch_stream: rows=10000 bytes=160192
psql:<stdin>:62: WARNING:  theodb_decode_batch_stream: rows=10000 bytes=160192
psql:<stdin>:62: WARNING:  theodb_decode_batch_stream: rows=10000 bytes=160192
psql:<stdin>:62: WARNING:  theodb_decode_batch_stream: rows=10000 bytes=160192
psql:<stdin>:62: WARNING:  theodb_decode_batch_stream: rows=10000 bytes=160192
psql:<stdin>:62: WARNING:  theodb_decode_batch_stream: rows=10000 bytes=160192
psql:<stdin>:62: WARNING:  theodb_decode_batch_stream: rows=10000 bytes=160192
psql:<stdin>:62: WARNING:  theodb_decode_batch_stream: rows=10000 bytes=160192
psql:<stdin>:62: WARNING:  theodb_decode_batch_stream: rows=10000 bytes=160192
psql:<stdin>:62: WARNING:  theodb_decode_batch_stream: rows=10000 bytes=160192
psql:<stdin>:62: WARNING:  theodb_decode_batch_stream: rows=10000 bytes=160192
psql:<stdin>:62: WARNING:  theodb_decode_batch_stream: rows=10000 bytes=160192
psql:<stdin>:62: WARNING:  theodb_decode_batch_stream: rows=10000 bytes=160192
psql:<stdin>:62: WARNING:  theodb_decode_batch_stream: rows=10000 bytes=160192
psql:<stdin>:62: WARNING:  theodb_decode_batch_stream: rows=10000 bytes=160192
psql:<stdin>:62: WARNING:  theodb_decode_batch_stream: rows=10000 bytes=160192
psql:<stdin>:62: WARNING:  theodb_decode_batch_stream: rows=10000 bytes=160192
psql:<stdin>:62: WARNING:  theodb_decode_batch_stream: rows=10000 bytes=160192
psql:<stdin>:62: WARNING:  theodb_decode_batch_stream: rows=10000 bytes=160192
psql:<stdin>:62: WARNING:  theodb_decode_batch_stream: rows=10000 bytes=160192
psql:<stdin>:62: WARNING:  theodb_decode_batch_stream: rows=10000 bytes=160192
psql:<stdin>:62: WARNING:  theodb_decode_batch_stream: rows=10000 bytes=160192
psql:<stdin>:62: WARNING:  theodb_decode_batch_stream: rows=10000 bytes=160192
psql:<stdin>:62: WARNING:  theodb_decode_batch_stream: rows=10000 bytes=160192
psql:<stdin>:62: WARNING:  theodb_decode_batch_stream: rows=10000 bytes=160192
psql:<stdin>:62: WARNING:  theodb_decode_batch_stream: rows=10000 bytes=160192
psql:<stdin>:62: WARNING:  theodb_decode_batch_stream: rows=10000 bytes=160192
psql:<stdin>:62: WARNING:  theodb_decode_batch_stream: rows=10000 bytes=160192
psql:<stdin>:62: WARNING:  theodb_decode_batch_stream: rows=10000 bytes=160192
psql:<stdin>:62: WARNING:  theodb_decode_batch_stream: rows=10000 bytes=160192
psql:<stdin>:62: WARNING:  theodb_decode_batch_stream: rows=10000 bytes=160192
psql:<stdin>:62: WARNING:  theodb_decode_batch_stream: rows=10000 bytes=160192
psql:<stdin>:62: WARNING:  theodb_decode_batch_stream: rows=10000 bytes=160192
psql:<stdin>:62: WARNING:  theodb_decode_batch_stream: rows=10000 bytes=160192
psql:<stdin>:62: WARNING:  theodb_decode_batch_stream: rows=10000 bytes=160192
psql:<stdin>:62: WARNING:  theodb_decode_batch_stream: rows=10000 bytes=160192
psql:<stdin>:62: WARNING:  theodb_decode_batch_stream: rows=10000 bytes=160192
psql:<stdin>:62: WARNING:  theodb_decode_batch_stream: rows=10000 bytes=160192
psql:<stdin>:62: WARNING:  theodb_decode_batch_stream: rows=10000 bytes=160192
psql:<stdin>:62: WARNING:  theodb_decode_batch_stream: rows=10000 bytes=160192
psql:<stdin>:62: WARNING:  theodb_decode_batch_stream: rows=10000 bytes=160192
psql:<stdin>:62: WARNING:  theodb_decode_batch_stream: rows=10000 bytes=160192
psql:<stdin>:62: WARNING:  theodb_decode_batch_stream: rows=10000 bytes=160192
psql:<stdin>:62: WARNING:  theodb_decode_batch_stream: rows=10000 bytes=160192
psql:<stdin>:62: WARNING:  theodb_decode_batch_stream: rows=10000 bytes=160192
psql:<stdin>:62: WARNING:  theodb_decode_batch_stream: rows=10000 bytes=160192
psql:<stdin>:62: WARNING:  theodb_decode_batch_stream: rows=10000 bytes=160192
psql:<stdin>:62: WARNING:  theodb_decode_batch_stream: rows=10000 bytes=160192
psql:<stdin>:62: WARNING:  theodb_decode_batch_stream: rows=10000 bytes=160192
psql:<stdin>:62: WARNING:  theodb_decode_batch_stream: rows=10000 bytes=160192
psql:<stdin>:62: WARNING:  theodb_decode_batch_stream: rows=10000 bytes=160192
psql:<stdin>:62: WARNING:  theodb_decode_batch_stream: rows=10000 bytes=160192
psql:<stdin>:62: WARNING:  theodb_decode_batch_stream: rows=10000 bytes=160192
psql:<stdin>:62: WARNING:  theodb_decode_batch_stream: rows=10000 bytes=160192
psql:<stdin>:62: WARNING:  theodb_decode_batch_stream: rows=10000 bytes=160192
psql:<stdin>:62: WARNING:  theodb_decode_batch_stream: rows=10000 bytes=160192
psql:<stdin>:62: WARNING:  theodb_decode_batch_stream: rows=10000 bytes=160192
psql:<stdin>:62: WARNING:  theodb_decode_batch_stream: rows=10000 bytes=160192
psql:<stdin>:62: WARNING:  theodb_decode_batch_stream: rows=10000 bytes=160192
psql:<stdin>:62: WARNING:  theodb_decode_batch_stream: rows=10000 bytes=160192
psql:<stdin>:62: WARNING:  theodb_decode_batch_stream: rows=10000 bytes=160192
psql:<stdin>:62: WARNING:  theodb_decode_batch_stream: rows=10000 bytes=160192
psql:<stdin>:62: WARNING:  theodb_decode_batch_stream: rows=10000 bytes=160192
psql:<stdin>:62: WARNING:  theodb_decode_batch_stream: rows=10000 bytes=160192
psql:<stdin>:62: WARNING:  theodb_decode_batch_stream: rows=10000 bytes=160192
psql:<stdin>:62: WARNING:  theodb_decode_batch_stream: rows=10000 bytes=160192
psql:<stdin>:62: WARNING:  theodb_decode_batch_stream: rows=10000 bytes=160192
psql:<stdin>:62: WARNING:  theodb_decode_batch_stream: rows=10000 bytes=160192
psql:<stdin>:62: WARNING:  theodb_decode_batch_stream: rows=10000 bytes=160192
psql:<stdin>:62: WARNING:  theodb_decode_batch_stream: rows=10000 bytes=160192
psql:<stdin>:62: WARNING:  theodb_decode_batch_stream: rows=10000 bytes=160192
psql:<stdin>:62: WARNING:  theodb_decode_batch_stream: rows=10000 bytes=160192
psql:<stdin>:62: WARNING:  theodb_decode_batch_stream: rows=10000 bytes=160192
psql:<stdin>:62: WARNING:  theodb_decode_batch_stream: rows=10000 bytes=160192
psql:<stdin>:62: WARNING:  theodb_decode_batch_stream: rows=10000 bytes=160192
psql:<stdin>:62: WARNING:  theodb_decode_batch_stream: rows=10000 bytes=160192
psql:<stdin>:62: WARNING:  theodb_decode_batch_stream: rows=10000 bytes=160192
psql:<stdin>:62: WARNING:  theodb_decode_batch_stream: rows=10000 bytes=160192
psql:<stdin>:62: WARNING:  theodb_decode_batch_stream: rows=10000 bytes=160192
psql:<stdin>:62: WARNING:  theodb_decode_batch_stream: rows=10000 bytes=160192
psql:<stdin>:62: WARNING:  theodb_decode_batch_stream: rows=10000 bytes=160192
psql:<stdin>:62: WARNING:  theodb_decode_batch_stream: rows=10000 bytes=160192
psql:<stdin>:62: WARNING:  theodb_decode_batch_stream: rows=10000 bytes=160192
psql:<stdin>:62: WARNING:  theodb_decode_batch_stream: rows=10000 bytes=160192
psql:<stdin>:62: WARNING:  theodb_decode_batch_stream: rows=10000 bytes=160192
psql:<stdin>:62: WARNING:  theodb_decode_batch_stream: rows=10000 bytes=160192
psql:<stdin>:62: WARNING:  theodb_decode_batch_stream: rows=10000 bytes=160192
psql:<stdin>:62: WARNING:  theodb_decode_batch_stream: rows=10000 bytes=160192
psql:<stdin>:62: WARNING:  theodb_decode_batch_stream: rows=10000 bytes=160192
psql:<stdin>:62: WARNING:  theodb_decode_batch_stream: rows=10000 bytes=160192
psql:<stdin>:62: WARNING:  theodb_decode_batch_stream: rows=10000 bytes=160192
psql:<stdin>:62: WARNING:  theodb_decode_batch_stream: rows=10000 bytes=160192
psql:<stdin>:62: WARNING:  theodb_decode_batch_stream: rows=10000 bytes=160192
psql:<stdin>:62: WARNING:  theodb_decode_batch_stream: rows=10000 bytes=160192
psql:<stdin>:62: WARNING:  theodb_decode_batch_stream: rows=10000 bytes=160192
psql:<stdin>:62: WARNING:  theodb_decode_batch_stream: rows=10000 bytes=160192
psql:<stdin>:62: WARNING:  theodb_decode_batch_stream: rows=10000 bytes=160192
psql:<stdin>:62: WARNING:  theodb_decode_batch_stream: rows=10000 bytes=160192
psql:<stdin>:62: WARNING:  theodb_decode_batch_stream: rows=10000 bytes=160192
psql:<stdin>:62: WARNING:  theodb_decode_batch_stream: rows=10000 bytes=160192
psql:<stdin>:62: WARNING:  theodb_decode_batch_stream: rows=10000 bytes=160192
psql:<stdin>:62: WARNING:  theodb_decode_batch_stream: rows=10000 bytes=160192
psql:<stdin>:62: WARNING:  theodb_decode_batch_stream: rows=10000 bytes=160192
psql:<stdin>:62: WARNING:  theodb_decode_batch_stream: rows=10000 bytes=160192
psql:<stdin>:62: WARNING:  theodb_decode_batch_stream: rows=10000 bytes=160192
psql:<stdin>:62: WARNING:  theodb_decode_batch_stream: rows=10000 bytes=160192
psql:<stdin>:62: WARNING:  theodb_decode_batch_stream: rows=10000 bytes=160192
psql:<stdin>:62: WARNING:  theodb_decode_batch_stream: rows=10000 bytes=160192
psql:<stdin>:62: WARNING:  theodb_decode_batch_stream: rows=10000 bytes=160192
psql:<stdin>:62: WARNING:  theodb_decode_batch_stream: rows=10000 bytes=160192
psql:<stdin>:62: WARNING:  theodb_decode_batch_stream: rows=10000 bytes=160192
psql:<stdin>:62: WARNING:  theodb_decode_batch_stream: rows=10000 bytes=160192
psql:<stdin>:62: WARNING:  theodb_decode_batch_stream: rows=10000 bytes=160192
psql:<stdin>:62: WARNING:  theodb_decode_batch_stream: rows=10000 bytes=160192
psql:<stdin>:62: WARNING:  theodb_decode_batch_stream: rows=10000 bytes=160192
psql:<stdin>:62: WARNING:  theodb_decode_batch_stream: rows=10000 bytes=160192
psql:<stdin>:62: WARNING:  theodb_decode_batch_stream: rows=10000 bytes=160192
psql:<stdin>:62: WARNING:  theodb_decode_batch_stream: rows=10000 bytes=160192
psql:<stdin>:62: WARNING:  theodb_decode_batch_stream: rows=10000 bytes=160192
psql:<stdin>:62: WARNING:  theodb_decode_batch_stream: rows=10000 bytes=160192
psql:<stdin>:62: WARNING:  theodb_decode_batch_stream: rows=10000 bytes=160192
psql:<stdin>:62: WARNING:  theodb_decode_batch_stream: rows=10000 bytes=160192
psql:<stdin>:62: WARNING:  theodb_decode_batch_stream: rows=10000 bytes=160192
psql:<stdin>:62: WARNING:  theodb_decode_batch_stream: rows=10000 bytes=160192
psql:<stdin>:62: WARNING:  theodb_decode_batch_stream: rows=10000 bytes=160192
psql:<stdin>:62: WARNING:  theodb_decode_batch_stream: rows=10000 bytes=160192
psql:<stdin>:62: WARNING:  theodb_decode_batch_stream: rows=10000 bytes=160192
psql:<stdin>:62: WARNING:  theodb_decode_batch_stream: rows=10000 bytes=160192
psql:<stdin>:62: WARNING:  theodb_decode_batch_stream: rows=10000 bytes=160192
psql:<stdin>:62: WARNING:  theodb_decode_batch_stream: rows=10000 bytes=160192
psql:<stdin>:62: WARNING:  theodb_decode_batch_stream: rows=10000 bytes=160192
psql:<stdin>:62: WARNING:  theodb_decode_batch_stream: rows=10000 bytes=160192
psql:<stdin>:62: WARNING:  theodb_decode_batch_stream: rows=10000 bytes=160192
psql:<stdin>:62: WARNING:  theodb_decode_batch_stream: rows=10000 bytes=160192
psql:<stdin>:62: WARNING:  theodb_decode_batch_stream: rows=10000 bytes=160192
psql:<stdin>:62: WARNING:  theodb_decode_batch_stream: rows=10000 bytes=160192
psql:<stdin>:62: WARNING:  theodb_decode_batch_stream: rows=10000 bytes=160192
psql:<stdin>:62: WARNING:  theodb_decode_batch_stream: rows=10000 bytes=160192
psql:<stdin>:62: WARNING:  theodb_decode_batch_stream: rows=10000 bytes=160192
psql:<stdin>:62: WARNING:  theodb_decode_batch_stream: rows=10000 bytes=160192
psql:<stdin>:62: WARNING:  theodb_decode_batch_stream: rows=10000 bytes=160192
psql:<stdin>:62: WARNING:  theodb_decode_batch_stream: rows=10000 bytes=160192
psql:<stdin>:62: WARNING:  theodb_decode_batch_stream: rows=10000 bytes=160192
psql:<stdin>:62: WARNING:  theodb_decode_batch_stream: rows=10000 bytes=160192
psql:<stdin>:62: WARNING:  theodb_decode_batch_stream: rows=10000 bytes=160192
psql:<stdin>:62: WARNING:  theodb_decode_batch_stream: rows=10000 bytes=160192
psql:<stdin>:62: WARNING:  theodb_decode_batch_stream: rows=10000 bytes=160192
psql:<stdin>:62: WARNING:  theodb_decode_batch_stream: rows=10000 bytes=160192
psql:<stdin>:62: WARNING:  theodb_decode_batch_stream: rows=10000 bytes=160192
psql:<stdin>:62: WARNING:  theodb_decode_batch_stream: rows=10000 bytes=160192
psql:<stdin>:62: WARNING:  theodb_decode_batch_stream: rows=10000 bytes=160192
psql:<stdin>:62: WARNING:  theodb_decode_batch_stream: rows=10000 bytes=160192
psql:<stdin>:62: WARNING:  theodb_decode_batch_stream: rows=10000 bytes=160192
psql:<stdin>:62: WARNING:  theodb_decode_batch_stream: rows=10000 bytes=160192
psql:<stdin>:62: WARNING:  theodb_decode_batch_stream: rows=10000 bytes=160192
psql:<stdin>:62: WARNING:  theodb_decode_batch_stream: rows=10000 bytes=160192
psql:<stdin>:62: WARNING:  theodb_decode_batch_stream: rows=10000 bytes=160192
psql:<stdin>:62: WARNING:  theodb_decode_batch_stream: rows=10000 bytes=160192
psql:<stdin>:62: WARNING:  theodb_decode_batch_stream: rows=10000 bytes=160192
psql:<stdin>:62: WARNING:  theodb_decode_batch_stream: rows=10000 bytes=160192
psql:<stdin>:62: WARNING:  theodb_decode_batch_stream: rows=10000 bytes=160192
psql:<stdin>:62: WARNING:  theodb_decode_batch_stream: rows=10000 bytes=160192
psql:<stdin>:62: WARNING:  theodb_decode_batch_stream: rows=10000 bytes=160192
psql:<stdin>:62: WARNING:  theodb_decode_batch_stream: rows=10000 bytes=160192
psql:<stdin>:62: WARNING:  theodb_decode_batch_stream: rows=10000 bytes=160192
psql:<stdin>:62: WARNING:  theodb_decode_batch_stream: rows=10000 bytes=160192
psql:<stdin>:62: WARNING:  theodb_decode_batch_stream: rows=10000 bytes=160192
psql:<stdin>:62: WARNING:  theodb_decode_batch_stream: rows=10000 bytes=160192
psql:<stdin>:62: WARNING:  theodb_decode_batch_stream: rows=4135 bytes=66352
psql:<stdin>:62: WARNING:  theodb_decode_batch_stream: rows=10000 bytes=160192
psql:<stdin>:62: WARNING:  theodb_decode_batch_stream: rows=10000 bytes=160192
psql:<stdin>:62: WARNING:  theodb_decode_batch_stream: rows=10000 bytes=160192
psql:<stdin>:62: WARNING:  theodb_decode_batch_stream: rows=10000 bytes=160192
psql:<stdin>:62: WARNING:  theodb_decode_batch_stream: rows=10000 bytes=160192
psql:<stdin>:62: WARNING:  theodb_decode_batch_stream: rows=10000 bytes=160192
psql:<stdin>:62: WARNING:  theodb_decode_batch_stream: rows=10000 bytes=160192
psql:<stdin>:62: WARNING:  theodb_decode_batch_stream: rows=10000 bytes=160192
psql:<stdin>:62: WARNING:  theodb_decode_batch_stream: rows=10000 bytes=160192
psql:<stdin>:62: WARNING:  theodb_decode_batch_stream: rows=10000 bytes=160192
psql:<stdin>:62: WARNING:  theodb_decode_batch_stream: rows=10000 bytes=160192
psql:<stdin>:62: WARNING:  theodb_decode_batch_stream: rows=10000 bytes=160192
psql:<stdin>:62: WARNING:  theodb_decode_batch_stream: rows=10000 bytes=160192
psql:<stdin>:62: WARNING:  theodb_decode_batch_stream: rows=5865 bytes=94032
psql:<stdin>:62: WARNING:  theodb_stream_pool: peak_reserved=167028800 reserved_at_end=0 pool_limit=201326592
### T3.2 — leitura
psql:<stdin>:72: NOTICE:  M169 T3.2: 5 agregações emitidas com cardinalidades 1e3 / 1e5 / 1e6 / 2e6 / 2e6-duas-chaves. O pico de cada uma está nas linhas WARNING `theodb_stream_pool: peak_reserved=…` acima, em BYTES. ZERO dessas linhas = THEODB_ADMIT_TRACE ausente no postmaster = corrida inválida, não pico baixo.
DO
