=== M167 fixture oracle start 2026-07-29T00:44:06+00:00 (postmaster: 2026-07-29 00:17:54.370517+00) ===
SET
DROP TABLE
CREATE TABLE
INSERT 0 20000
========== M158 A/B — each query: (off EXCEPT on) UNION ALL (on EXCEPT off) must be 0 ==========
### Q1: SELECT * ORDER BY wid LIMIT 10 (prime late-mat target)
SET
               QUERY PLAN                
-----------------------------------------
 Limit
   ->  Custom Scan (theodb_columnar_agg)
(2 rows)

SET
SELECT 10
SET
SELECT 10
     q      | n 
------------+---
 q1_ab_mism | 0
(1 row)

    q     | off_n | on_n 
----------+-------+------
 q1_count |    10 |   10
(1 row)

SET
SELECT 10
SET
SELECT 10
       q       | n 
---------------+---
 q1_order_mism | 0
(1 row)

### Q2: SELECT * WHERE v >= 3 ORDER BY wid LIMIT 10
SET
SELECT 10
SET
               QUERY PLAN                
-----------------------------------------
 Limit
   ->  Custom Scan (theodb_columnar_agg)
(2 rows)

SELECT 10
     q      | n 
------------+---
 q2_ab_mism | 0
(1 row)

### Q3: SELECT * WHERE s LIKE '%foo%' ORDER BY wid LIMIT 10
SET
SELECT 10
SET
               QUERY PLAN                
-----------------------------------------
 Limit
   ->  Custom Scan (theodb_columnar_agg)
(2 rows)

SELECT 10
     q      | n 
------------+---
 q3_ab_mism | 0
(1 row)

### Q4: SELECT * ORDER BY wid DESC LIMIT 10
SET
SELECT 10
SET
               QUERY PLAN                
-----------------------------------------
 Limit
   ->  Custom Scan (theodb_columnar_agg)
(2 rows)

SELECT 10
     q      | n 
------------+---
 q4_ab_mism | 0
(1 row)

### Q5: SELECT wid, cid, f WHERE cid > 0 ORDER BY wid LIMIT 15
SET
SELECT 15
SET
               QUERY PLAN                
-----------------------------------------
 Limit
   ->  Custom Scan (theodb_columnar_agg)
(2 rows)

SELECT 15
     q      | n 
------------+---
 q5_ab_mism | 0
(1 row)

### Q6: SELECT wid, bc(char(8)) ORDER BY wid LIMIT 12 (bpchar projected output)
DROP TABLE
CREATE TABLE
INSERT 0 5000
SET
SELECT 12
SET
               QUERY PLAN                
-----------------------------------------
 Limit
   ->  Custom Scan (theodb_columnar_agg)
(2 rows)

SELECT 12
     q      | n 
------------+---
 q6_ab_mism | 0
(1 row)

### Q7: text sort key under DB collation (en_US, linguistic) MUST show Sort (declined to native)
SET
               QUERY PLAN                
-----------------------------------------
 Limit
   ->  Custom Scan (theodb_columnar_agg)
(2 rows)

### Q8: BARE text sort key on a COLLATE "C" column MUST show Custom Scan (admitted — byte order == PG C order)
DROP TABLE
CREATE TABLE
INSERT 0 5000
               QUERY PLAN                
-----------------------------------------
 Limit
   ->  Custom Scan (theodb_columnar_agg)
(2 rows)

SET
SELECT 10
SET
SELECT 10
     q      | n 
------------+---
 q8_ab_mism | 0
(1 row)

### M167-A (q23): SELECT * WHERE s LIKE '%foo%' ORDER BY wid LIMIT 10
SET
               QUERY PLAN                
-----------------------------------------
 Limit
   ->  Custom Scan (theodb_columnar_agg)
(2 rows)

SET
SELECT 10
SET
SELECT 10
       q       | n 
---------------+---
 m167a_ab_mism | 0
(1 row)

### M167-B (q24): SELECT s WHERE s <> '' ORDER BY wid LIMIT 10 (emission-order oracle)
SET
               QUERY PLAN                
-----------------------------------------
 Limit
   ->  Custom Scan (theodb_columnar_agg)
(2 rows)

SET
SELECT 10
SET
SELECT 10
        q         | n 
------------------+---
 m167b_order_mism | 0
(1 row)

### M167-C (q25): text sort key with DEFAULT collation — routes iff datcollate is byte-order
        q         | v 
------------------+---
 m167c_datcollate | C
(1 row)

DROP TABLE
CREATE TABLE
INSERT 0 5000
DROP TABLE
CREATE TABLE
INSERT 0 5000
SET
               QUERY PLAN                
-----------------------------------------
 Limit
   ->  Custom Scan (theodb_columnar_agg)
(2 rows)

SET
SELECT 10
SET
SELECT 10
       q       | n 
---------------+---
 m167c_ab_mism | 0
(1 row)

### M167-C2: ORDER BY sd COLLATE "en_US.utf8" MUST decline (linguistic != byte order)
SET
                           QUERY PLAN                            
-----------------------------------------------------------------
 Limit
   ->  Sort
         Sort Key: sd COLLATE "en_US.utf8"
         ->  Result
               ->  Custom Scan (theodb_columnar_project) on t_dc
(5 rows)

### M167-D (q26): ORDER BY v, wid LIMIT 10 (v ties on purpose; wid breaks them)
SET
               QUERY PLAN                
-----------------------------------------
 Limit
   ->  Custom Scan (theodb_columnar_agg)
(2 rows)

SET
SELECT 10
SET
SELECT 10
        q         | n 
------------------+---
 m167d_order_mism | 0
(1 row)

### M167-D2: ORDER BY v, sd LIMIT 10 (multi-key with a TEXT second key)
SET
               QUERY PLAN                
-----------------------------------------
 Limit
   ->  Custom Scan (theodb_columnar_agg)
(2 rows)

SET
SELECT 10
SET
SELECT 10
         q         | n 
-------------------+---
 m167d2_order_mism | 0
(1 row)

### M167-D3: ORDER BY v, sd COLLATE "en_US.utf8" MUST decline (second key not byte-order)
SET
                            QUERY PLAN                            
------------------------------------------------------------------
 Limit
   ->  Sort
         Sort Key: v, sd COLLATE "en_US.utf8"
         ->  Result
               ->  Custom Scan (theodb_columnar_project) on t_dc2
(5 rows)

### M167-D3b: bpchar as a NON-FIRST sort key MUST decline (PG trims trailing blanks, DataFusion does not)
                         QUERY PLAN                         
------------------------------------------------------------
 Limit
   ->  Sort
         Sort Key: v, bc
         ->  Custom Scan (theodb_columnar_project) on t_dc2
(4 rows)

DROP TABLE
CREATE TABLE
INSERT 0 5000
### M167-D4a: exactly 8 sort keys (== TOPK_MAX_SORT_KEYS) MUST route
               QUERY PLAN                
-----------------------------------------
 Limit
   ->  Custom Scan (theodb_columnar_agg)
(2 rows)

### M167-D4: 9 DISTINCT sort keys MUST decline (over TOPK_MAX_SORT_KEYS)
                         QUERY PLAN                         
------------------------------------------------------------
 Limit
   ->  Sort
         Sort Key: k1, k2, k3, k4, k5, k6, k7, k8, k9
         ->  Custom Scan (theodb_columnar_project) on t_dc9
(4 rows)

### M167-E: negative control — seeded divergence MUST report n > 0
DROP TABLE
CREATE TABLE
INSERT 0 20000
SET
SELECT 10
SELECT 10
         q          | n 
--------------------+---
 m167e_control_diff | 2
(1 row)

========== ALL *_ab_mism / *_order_mism above MUST be 0, AND m167e_control_diff MUST be > 0 (an oracle that cannot fail is not an oracle) ==========
=== M167 fixture oracle rc=0 end 2026-07-29T00:44:08+00:00 ===
