=== 1M FINAL GATE POS. CONTROL start 2026-07-29T02:33:41+00:00 ===
postmaster=2026-07-29 01:27:21.29745+00
so_path=/root/.pgrx/18.4/pgrx-install/lib/postgresql/theodb_rs.so
so_mtime=2026-07-29 01:26:46.242582116 +0000
so_md5=9b9342f7e925d37ce0e1cf2ce1c356e0
expected_rc=3
SET
SET
SET
### M167-H0: routing precondition — EVERY shape run below MUST show the top-k node
psql:/root/theo-db/benchmarks/m167_hits_topk_ab.sql:66: NOTICE:  M167-H0 ok: all 9 shapes route to theodb_columnar_agg with no surviving Sort
DO
psql:/root/theo-db/benchmarks/m167_hits_topk_ab.sql:71: NOTICE:  table "h_res" does not exist, skipping
DROP TABLE
CREATE TABLE
### M167-H1 (q23): SELECT * WHERE URL LIKE ... ORDER BY EventTime LIMIT 10 — sort-key multiset
psql:/root/theo-db/benchmarks/m167_hits_topk_ab.sql:75: NOTICE:  table "h1_col" does not exist, skipping
DROP TABLE
psql:/root/theo-db/benchmarks/m167_hits_topk_ab.sql:75: NOTICE:  table "h1_heap" does not exist, skipping
DROP TABLE
SELECT 10
SELECT 10
INSERT 0 1
INSERT 0 1
### M167-H2 (q24): narrow projection, ORDER BY EventTime LIMIT 10 — sort-key multiset
psql:/root/theo-db/benchmarks/m167_hits_topk_ab.sql:85: NOTICE:  table "h2_col" does not exist, skipping
DROP TABLE
psql:/root/theo-db/benchmarks/m167_hits_topk_ab.sql:85: NOTICE:  table "h2_heap" does not exist, skipping
DROP TABLE
SELECT 10
SELECT 10
INSERT 0 1
INSERT 0 1
### M167-H3 (q25): text sort key, ORDER BY SearchPhrase LIMIT 10 — sort-key multiset
psql:/root/theo-db/benchmarks/m167_hits_topk_ab.sql:95: NOTICE:  table "h3_col" does not exist, skipping
DROP TABLE
psql:/root/theo-db/benchmarks/m167_hits_topk_ab.sql:95: NOTICE:  table "h3_heap" does not exist, skipping
DROP TABLE
SELECT 10
SELECT 10
INSERT 0 1
INSERT 0 1
### M167-H4 (q26): multi-key, ORDER BY EventTime, SearchPhrase LIMIT 10 — sort-key multiset
psql:/root/theo-db/benchmarks/m167_hits_topk_ab.sql:105: NOTICE:  table "h4_col" does not exist, skipping
DROP TABLE
psql:/root/theo-db/benchmarks/m167_hits_topk_ab.sql:105: NOTICE:  table "h4_heap" does not exist, skipping
DROP TABLE
SELECT 10
SELECT 10
INSERT 0 1
INSERT 0 1
### M167-H5: TIE-BROKEN total order -> FULL ROWS compared (catches key<->payload misalignment)
psql:/root/theo-db/benchmarks/m167_hits_topk_ab.sql:115: NOTICE:  table "h5_col" does not exist, skipping
DROP TABLE
psql:/root/theo-db/benchmarks/m167_hits_topk_ab.sql:115: NOTICE:  table "h5_heap" does not exist, skipping
DROP TABLE
SELECT 20
SELECT 20
INSERT 0 1
INSERT 0 1
INSERT 0 1
### M167-H5b: WIDE projection (all 105 columns), tie-broken -> FULL ROWS compared
psql:/root/theo-db/benchmarks/m167_hits_topk_ab.sql:129: NOTICE:  table "h5b_col" does not exist, skipping
DROP TABLE
psql:/root/theo-db/benchmarks/m167_hits_topk_ab.sql:129: NOTICE:  table "h5b_heap" does not exist, skipping
DROP TABLE
SELECT 10
SELECT 10
INSERT 0 1
INSERT 0 1
INSERT 0 1
### M167-H6: NEGATIVE CONTROL — the same comparison must FAIL on seeded data
psql:/root/theo-db/benchmarks/m167_hits_topk_ab.sql:140: NOTICE:  table "h6_bad" does not exist, skipping
DROP TABLE
SELECT 20
INSERT 0 1
### GATE SELF-TEST ARMED: forcing h1_key_mism = 1 — the FINAL GATE MUST abort below
UPDATE 1
### M167 FINAL GATE — machine-checked, not printed
           q           |  n  
-----------------------+-----
 h1_key_mism           |   1
 h1_rows               |  10
 h2_key_mism           |   0
 h2_rows               |  10
 h3_key_mism           |   0
 h3_rows               |  10
 h4_key_mism           |   0
 h4_rows               |  10
 h5_distinct_firstkey  |   1
 h5_fullrow_mism       |   0
 h5_rows               |  20
 h5b_cols              | 105
 h5b_rows              |  10
 h5b_wide_fullrow_mism |   0
 h6_control_diff       |  40
(15 rows)

psql:/root/theo-db/benchmarks/m167_hits_topk_ab.sql:189: ERROR:  M167 FINAL GATE FAILED: non-zero mismatch counters: h1_key_mism=1; 
CONTEXT:  PL/pgSQL function inline_code_block line 30 at RAISE
=== 1M FINAL GATE POS. CONTROL rc=3 end 2026-07-29T02:33:56+00:00 ===
