=== EC GATE POSITIVE CONTROL (seeded mism -> MUST abort) start 2026-07-29T02:01:44+00:00 ===
postmaster=2026-07-29 01:27:21.29745+00
so_path=/root/.pgrx/18.4/pgrx-install/lib/postgresql/theodb_rs.so
so_mtime=2026-07-29 01:26:46.242582116 +0000
so_md5=9b9342f7e925d37ce0e1cf2ce1c356e0
SET
DROP TABLE
CREATE TABLE
INSERT 0 20000
========== M158 A/B — each query: (off EXCEPT on) UNION ALL (on EXCEPT off) must be 0 ==========
psql:/root/theo-db/benchmarks/m158_ec_harness.sql:36: NOTICE:  table "ec_res" does not exist, skipping
DROP TABLE
CREATE TABLE
### Q1: SELECT * ORDER BY wid LIMIT 10 (prime late-mat target)
SET
               QUERY PLAN                
-----------------------------------------
 Limit
   ->  Custom Scan (theodb_columnar_agg)
(2 rows)

SET
SELECT 10
SET
SELECT 10
INSERT 0 1
    q     | off_n | on_n 
----------+-------+------
 q1_count |    10 |   10
(1 row)

SET
SELECT 10
SET
SELECT 10
INSERT 0 1
### Q2: SELECT * WHERE v >= 3 ORDER BY wid LIMIT 10
SET
SELECT 10
SET
               QUERY PLAN                
-----------------------------------------
 Limit
   ->  Custom Scan (theodb_columnar_agg)
(2 rows)

SELECT 10
INSERT 0 1
### Q3: SELECT * WHERE s LIKE '%foo%' ORDER BY wid LIMIT 10
SET
SELECT 10
SET
               QUERY PLAN                
-----------------------------------------
 Limit
   ->  Custom Scan (theodb_columnar_agg)
(2 rows)

SELECT 10
INSERT 0 1
### Q4: SELECT * ORDER BY wid DESC LIMIT 10
SET
SELECT 10
SET
               QUERY PLAN                
-----------------------------------------
 Limit
   ->  Custom Scan (theodb_columnar_agg)
(2 rows)

SELECT 10
INSERT 0 1
### Q5: SELECT wid, cid, f WHERE cid > 0 ORDER BY wid LIMIT 15
SET
SELECT 15
SET
               QUERY PLAN                
-----------------------------------------
 Limit
   ->  Custom Scan (theodb_columnar_agg)
(2 rows)

SELECT 15
INSERT 0 1
### Q6: SELECT wid, bc(char(8)) ORDER BY wid LIMIT 12 (bpchar projected output)
DROP TABLE
CREATE TABLE
INSERT 0 5000
SET
SELECT 12
SET
               QUERY PLAN                
-----------------------------------------
 Limit
   ->  Custom Scan (theodb_columnar_agg)
(2 rows)

SELECT 12
INSERT 0 1
### Q7: text sort key under the DATABASE DEFAULT collation — outcome depends on the cluster, so this
###     block asserts NOTHING by itself. On a byte-order cluster (datcollate=C + libc) it ROUTES; on a
###     linguistic one it declines. The environment-independent assertions are M167-C2 / D3 / D3b.
###     (The old text said "MUST show Sort", a premise false on this C cluster — the committed log
###      showed that MUST next to a Custom Scan, i.e. a violated assertion nobody was asserting.)
SET
               QUERY PLAN                
-----------------------------------------
 Limit
   ->  Custom Scan (theodb_columnar_agg)
(2 rows)

### Q8: BARE text sort key on a COLLATE "C" column MUST show Custom Scan (admitted — byte order == PG C order)
DROP TABLE
CREATE TABLE
INSERT 0 5000
               QUERY PLAN                
-----------------------------------------
 Limit
   ->  Custom Scan (theodb_columnar_agg)
(2 rows)

SET
SELECT 10
SET
SELECT 10
INSERT 0 1
### M167-A (q23): SELECT * WHERE s LIKE '%foo%' ORDER BY wid LIMIT 10
SET
               QUERY PLAN                
-----------------------------------------
 Limit
   ->  Custom Scan (theodb_columnar_agg)
(2 rows)

SET
SELECT 10
SET
SELECT 10
INSERT 0 1
### M167-B (q24): SELECT s WHERE s <> '' ORDER BY wid LIMIT 10 (emission-order oracle)
SET
               QUERY PLAN                
-----------------------------------------
 Limit
   ->  Custom Scan (theodb_columnar_agg)
(2 rows)

SET
SELECT 10
SET
SELECT 10
INSERT 0 1
### M167-C (q25): text sort key with DEFAULT collation — routes iff datcollate is byte-order
        q         | v 
------------------+---
 m167c_datcollate | C
(1 row)

DROP TABLE
CREATE TABLE
INSERT 0 5000
DROP TABLE
CREATE TABLE
INSERT 0 5000
SET
               QUERY PLAN                
-----------------------------------------
 Limit
   ->  Custom Scan (theodb_columnar_agg)
(2 rows)

SET
SELECT 10
SET
SELECT 10
INSERT 0 1
### M167-C2: ORDER BY sd COLLATE "en_US.utf8" MUST decline (linguistic != byte order)
SET
                           QUERY PLAN                            
-----------------------------------------------------------------
 Limit
   ->  Sort
         Sort Key: sd COLLATE "en_US.utf8"
         ->  Result
               ->  Custom Scan (theodb_columnar_project) on t_dc
(5 rows)

### M167-D (q26): ORDER BY v, wid LIMIT 10 (v ties on purpose; wid breaks them)
SET
               QUERY PLAN                
-----------------------------------------
 Limit
   ->  Custom Scan (theodb_columnar_agg)
(2 rows)

SET
SELECT 10
SET
SELECT 10
INSERT 0 1
### M167-D2: ORDER BY v, sd LIMIT 10 (multi-key with a TEXT second key)
SET
               QUERY PLAN                
-----------------------------------------
 Limit
   ->  Custom Scan (theodb_columnar_agg)
(2 rows)

SET
SELECT 10
SET
SELECT 10
INSERT 0 1
### M167-D3: ORDER BY v, sd COLLATE "en_US.utf8" MUST decline (second key not byte-order)
SET
                            QUERY PLAN                            
------------------------------------------------------------------
 Limit
   ->  Sort
         Sort Key: v, sd COLLATE "en_US.utf8"
         ->  Result
               ->  Custom Scan (theodb_columnar_project) on t_dc2
(5 rows)

### M167-D3b: bpchar as a NON-FIRST sort key MUST decline (PG trims trailing blanks, DataFusion does not)
                         QUERY PLAN                         
------------------------------------------------------------
 Limit
   ->  Sort
         Sort Key: v, bc
         ->  Custom Scan (theodb_columnar_project) on t_dc2
(4 rows)

DROP TABLE
CREATE TABLE
INSERT 0 5000
### M167-D4a: exactly 8 sort keys (== TOPK_MAX_SORT_KEYS) MUST route
               QUERY PLAN                
-----------------------------------------
 Limit
   ->  Custom Scan (theodb_columnar_agg)
(2 rows)

### M167-D4: 9 DISTINCT sort keys MUST decline (over TOPK_MAX_SORT_KEYS)
                         QUERY PLAN                         
------------------------------------------------------------
 Limit
   ->  Sort
         Sort Key: k1, k2, k3, k4, k5, k6, k7, k8, k9
         ->  Custom Scan (theodb_columnar_project) on t_dc9
(4 rows)

### M167-E: negative control — seeded divergence MUST report n > 0
DROP TABLE
CREATE TABLE
INSERT 0 20000
SET
SELECT 10
SELECT 10
INSERT 0 1
### FINAL GATE — machine-checked, not printed
         q          | n 
--------------------+---
 m167a_ab_mism      | 0
 m167b_order_mism   | 0
 m167c_ab_mism      | 0
 m167d2_order_mism  | 0
 m167d_order_mism   | 0
 m167e_control_diff | 2
 q1_ab_mism         | 0
 q1_order_mism      | 0
 q2_ab_mism         | 0
 q3_ab_mism         | 0
 q4_ab_mism         | 0
 q5_ab_mism         | 0
 q6_ab_mism         | 0
 q8_ab_mism         | 0
(14 rows)

### GATE SELF-TEST ARMED: forcing q1_ab_mism = 1 — the FINAL GATE MUST abort below
UPDATE 1
psql:/root/theo-db/benchmarks/m158_ec_harness.sql:304: ERROR:  M167 EC FINAL GATE FAILED: non-zero mismatch counters: q1_ab_mism=1; 
CONTEXT:  PL/pgSQL function inline_code_block line 14 at RAISE
=== EC GATE POSITIVE CONTROL (seeded mism -> MUST abort) rc=3 end 2026-07-29T02:01:45+00:00 ===
