=== H0 gate POSITIVE CONTROL (work_mem=64kB -> gate MUST abort) start 2026-07-29T00:44:08+00:00 (postmaster: 2026-07-29 00:17:54.370517+00) ===
SET
SET
SET
### M167-H0: routing precondition — EVERY shape run below MUST show the top-k node
psql:/root/theo-db/benchmarks/m167_hits_topk_ab.sql:66: ERROR:  M167-H0 FAILED: shape 1 did not route to the top-k node; every block below would pass vacuously. Plan: [
  {
    "Plan": {
      "Node Type": "Limit",
      "Parallel Aware": false,
      "Async Capable": false,
      "Disabled": false,
      "Plans": [
        {
          "Node Type": "Sort",
          "Parent Relationship": "Outer",
          "Parallel Aware": false,
          "Async Capable": false,
          "Disabled": false,
          "Sort Key": ["eventtime"],
          "Plans": [
            {
              "Node Type": "Custom Scan",
              "Parent Relationship": "Outer",
              "Custom Plan Provider": "theodb_columnar_project",
              "Parallel Aware": false,
              "Async Capable": false,
              "Relation Name": "hits",
              "Alias": "hits",
              "Disabled": false,
              "Filter": "(url ~~ '%google%'::text)"
            }
          ]
        }
      ]
    }
  }
]
CONTEXT:  PL/pgSQL function inline_code_block line 28 at RAISE
=== H0 gate POSITIVE CONTROL (work_mem=64kB -> gate MUST abort) rc=3 end 2026-07-29T00:44:08+00:00 ===
