=== start 2026-07-28T23:11:24+00:00 ===
=== M167 paired A/B (CTAS, 5 alternating off/on pairs per query) ===
--- q23 ---
psql:/root/theo-db/benchmarks/m167_paired_ab.sql:20: NOTICE:  table "w_q23" does not exist, skipping
psql:/root/theo-db/benchmarks/m167_paired_ab.sql:21: WARNING:  theodb_admit_decline: topk_entered_sort
psql:/root/theo-db/benchmarks/m167_paired_ab.sql:21: WARNING:  theodb_admit_decline: swap_topk_admitted
psql:/root/theo-db/benchmarks/m167_paired_ab.sql:21: WARNING:  theodb_admit_decline: topk_entered_sort
psql:/root/theo-db/benchmarks/m167_paired_ab.sql:21: WARNING:  theodb_admit_decline: topk_parent_not_limit
psql:/root/theo-db/benchmarks/m167_paired_ab.sql:23: NOTICE:  table "p_q23_1o" does not exist, skipping
OFF
Time: 21337.176 ms (00:21.337)
psql:/root/theo-db/benchmarks/m167_paired_ab.sql:29: NOTICE:  table "p_q23_1n" does not exist, skipping
ON
psql:/root/theo-db/benchmarks/m167_paired_ab.sql:32: WARNING:  theodb_admit_decline: topk_entered_sort
psql:/root/theo-db/benchmarks/m167_paired_ab.sql:32: WARNING:  theodb_admit_decline: swap_topk_admitted
psql:/root/theo-db/benchmarks/m167_paired_ab.sql:32: WARNING:  theodb_admit_decline: topk_entered_sort
psql:/root/theo-db/benchmarks/m167_paired_ab.sql:32: WARNING:  theodb_admit_decline: topk_parent_not_limit
Time: 4789.310 ms (00:04.789)
psql:/root/theo-db/benchmarks/m167_paired_ab.sql:35: NOTICE:  table "p_q23_2o" does not exist, skipping
OFF
Time: 22312.625 ms (00:22.313)
psql:/root/theo-db/benchmarks/m167_paired_ab.sql:41: NOTICE:  table "p_q23_2n" does not exist, skipping
ON
psql:/root/theo-db/benchmarks/m167_paired_ab.sql:44: WARNING:  theodb_admit_decline: topk_entered_sort
psql:/root/theo-db/benchmarks/m167_paired_ab.sql:44: WARNING:  theodb_admit_decline: swap_topk_admitted
psql:/root/theo-db/benchmarks/m167_paired_ab.sql:44: WARNING:  theodb_admit_decline: topk_entered_sort
psql:/root/theo-db/benchmarks/m167_paired_ab.sql:44: WARNING:  theodb_admit_decline: topk_parent_not_limit
Time: 4289.695 ms (00:04.290)
psql:/root/theo-db/benchmarks/m167_paired_ab.sql:47: NOTICE:  table "p_q23_3o" does not exist, skipping
OFF
Time: 21453.294 ms (00:21.453)
psql:/root/theo-db/benchmarks/m167_paired_ab.sql:53: NOTICE:  table "p_q23_3n" does not exist, skipping
ON
psql:/root/theo-db/benchmarks/m167_paired_ab.sql:56: WARNING:  theodb_admit_decline: topk_entered_sort
psql:/root/theo-db/benchmarks/m167_paired_ab.sql:56: WARNING:  theodb_admit_decline: swap_topk_admitted
psql:/root/theo-db/benchmarks/m167_paired_ab.sql:56: WARNING:  theodb_admit_decline: topk_entered_sort
psql:/root/theo-db/benchmarks/m167_paired_ab.sql:56: WARNING:  theodb_admit_decline: topk_parent_not_limit
Time: 4145.726 ms (00:04.146)
psql:/root/theo-db/benchmarks/m167_paired_ab.sql:59: NOTICE:  table "p_q23_4o" does not exist, skipping
OFF
Time: 21332.185 ms (00:21.332)
psql:/root/theo-db/benchmarks/m167_paired_ab.sql:65: NOTICE:  table "p_q23_4n" does not exist, skipping
ON
psql:/root/theo-db/benchmarks/m167_paired_ab.sql:68: WARNING:  theodb_admit_decline: topk_entered_sort
psql:/root/theo-db/benchmarks/m167_paired_ab.sql:68: WARNING:  theodb_admit_decline: swap_topk_admitted
psql:/root/theo-db/benchmarks/m167_paired_ab.sql:68: WARNING:  theodb_admit_decline: topk_entered_sort
psql:/root/theo-db/benchmarks/m167_paired_ab.sql:68: WARNING:  theodb_admit_decline: topk_parent_not_limit
Time: 4563.135 ms (00:04.563)
psql:/root/theo-db/benchmarks/m167_paired_ab.sql:71: NOTICE:  table "p_q23_5o" does not exist, skipping
OFF
Time: 21381.389 ms (00:21.381)
psql:/root/theo-db/benchmarks/m167_paired_ab.sql:77: NOTICE:  table "p_q23_5n" does not exist, skipping
ON
psql:/root/theo-db/benchmarks/m167_paired_ab.sql:80: WARNING:  theodb_admit_decline: topk_entered_sort
psql:/root/theo-db/benchmarks/m167_paired_ab.sql:80: WARNING:  theodb_admit_decline: swap_topk_admitted
psql:/root/theo-db/benchmarks/m167_paired_ab.sql:80: WARNING:  theodb_admit_decline: topk_entered_sort
psql:/root/theo-db/benchmarks/m167_paired_ab.sql:80: WARNING:  theodb_admit_decline: topk_parent_not_limit
Time: 4228.541 ms (00:04.229)
--- q24 ---
psql:/root/theo-db/benchmarks/m167_paired_ab.sql:85: NOTICE:  table "w_q24" does not exist, skipping
psql:/root/theo-db/benchmarks/m167_paired_ab.sql:86: WARNING:  theodb_admit_decline: topk_entered_sort
psql:/root/theo-db/benchmarks/m167_paired_ab.sql:86: WARNING:  theodb_admit_decline: swap_topk_admitted
psql:/root/theo-db/benchmarks/m167_paired_ab.sql:86: WARNING:  theodb_admit_decline: topk_entered_sort
psql:/root/theo-db/benchmarks/m167_paired_ab.sql:86: WARNING:  theodb_admit_decline: topk_parent_not_limit
psql:/root/theo-db/benchmarks/m167_paired_ab.sql:88: NOTICE:  table "p_q24_1o" does not exist, skipping
OFF
Time: 6192.860 ms (00:06.193)
psql:/root/theo-db/benchmarks/m167_paired_ab.sql:94: NOTICE:  table "p_q24_1n" does not exist, skipping
ON
psql:/root/theo-db/benchmarks/m167_paired_ab.sql:97: WARNING:  theodb_admit_decline: topk_entered_sort
psql:/root/theo-db/benchmarks/m167_paired_ab.sql:97: WARNING:  theodb_admit_decline: swap_topk_admitted
psql:/root/theo-db/benchmarks/m167_paired_ab.sql:97: WARNING:  theodb_admit_decline: topk_entered_sort
psql:/root/theo-db/benchmarks/m167_paired_ab.sql:97: WARNING:  theodb_admit_decline: topk_parent_not_limit
Time: 168.276 ms
psql:/root/theo-db/benchmarks/m167_paired_ab.sql:100: NOTICE:  table "p_q24_2o" does not exist, skipping
OFF
Time: 6035.173 ms (00:06.035)
psql:/root/theo-db/benchmarks/m167_paired_ab.sql:106: NOTICE:  table "p_q24_2n" does not exist, skipping
ON
psql:/root/theo-db/benchmarks/m167_paired_ab.sql:109: WARNING:  theodb_admit_decline: topk_entered_sort
psql:/root/theo-db/benchmarks/m167_paired_ab.sql:109: WARNING:  theodb_admit_decline: swap_topk_admitted
psql:/root/theo-db/benchmarks/m167_paired_ab.sql:109: WARNING:  theodb_admit_decline: topk_entered_sort
psql:/root/theo-db/benchmarks/m167_paired_ab.sql:109: WARNING:  theodb_admit_decline: topk_parent_not_limit
Time: 135.390 ms
psql:/root/theo-db/benchmarks/m167_paired_ab.sql:112: NOTICE:  table "p_q24_3o" does not exist, skipping
OFF
Time: 5921.994 ms (00:05.922)
psql:/root/theo-db/benchmarks/m167_paired_ab.sql:118: NOTICE:  table "p_q24_3n" does not exist, skipping
ON
psql:/root/theo-db/benchmarks/m167_paired_ab.sql:121: WARNING:  theodb_admit_decline: topk_entered_sort
psql:/root/theo-db/benchmarks/m167_paired_ab.sql:121: WARNING:  theodb_admit_decline: swap_topk_admitted
psql:/root/theo-db/benchmarks/m167_paired_ab.sql:121: WARNING:  theodb_admit_decline: topk_entered_sort
psql:/root/theo-db/benchmarks/m167_paired_ab.sql:121: WARNING:  theodb_admit_decline: topk_parent_not_limit
Time: 135.877 ms
psql:/root/theo-db/benchmarks/m167_paired_ab.sql:124: NOTICE:  table "p_q24_4o" does not exist, skipping
OFF
Time: 6328.893 ms (00:06.329)
psql:/root/theo-db/benchmarks/m167_paired_ab.sql:130: NOTICE:  table "p_q24_4n" does not exist, skipping
ON
psql:/root/theo-db/benchmarks/m167_paired_ab.sql:133: WARNING:  theodb_admit_decline: topk_entered_sort
psql:/root/theo-db/benchmarks/m167_paired_ab.sql:133: WARNING:  theodb_admit_decline: swap_topk_admitted
psql:/root/theo-db/benchmarks/m167_paired_ab.sql:133: WARNING:  theodb_admit_decline: topk_entered_sort
psql:/root/theo-db/benchmarks/m167_paired_ab.sql:133: WARNING:  theodb_admit_decline: topk_parent_not_limit
Time: 138.309 ms
psql:/root/theo-db/benchmarks/m167_paired_ab.sql:136: NOTICE:  table "p_q24_5o" does not exist, skipping
OFF
Time: 6302.345 ms (00:06.302)
psql:/root/theo-db/benchmarks/m167_paired_ab.sql:142: NOTICE:  table "p_q24_5n" does not exist, skipping
ON
psql:/root/theo-db/benchmarks/m167_paired_ab.sql:145: WARNING:  theodb_admit_decline: topk_entered_sort
psql:/root/theo-db/benchmarks/m167_paired_ab.sql:145: WARNING:  theodb_admit_decline: swap_topk_admitted
psql:/root/theo-db/benchmarks/m167_paired_ab.sql:145: WARNING:  theodb_admit_decline: topk_entered_sort
psql:/root/theo-db/benchmarks/m167_paired_ab.sql:145: WARNING:  theodb_admit_decline: topk_parent_not_limit
Time: 143.535 ms
--- q25 ---
psql:/root/theo-db/benchmarks/m167_paired_ab.sql:150: NOTICE:  table "w_q25" does not exist, skipping
psql:/root/theo-db/benchmarks/m167_paired_ab.sql:151: WARNING:  theodb_admit_decline: topk_entered_sort
psql:/root/theo-db/benchmarks/m167_paired_ab.sql:151: WARNING:  theodb_admit_decline: swap_topk_admitted
psql:/root/theo-db/benchmarks/m167_paired_ab.sql:151: WARNING:  theodb_admit_decline: topk_entered_sort
psql:/root/theo-db/benchmarks/m167_paired_ab.sql:151: WARNING:  theodb_admit_decline: topk_parent_not_limit
psql:/root/theo-db/benchmarks/m167_paired_ab.sql:153: NOTICE:  table "p_q25_1o" does not exist, skipping
OFF
Time: 6413.140 ms (00:06.413)
psql:/root/theo-db/benchmarks/m167_paired_ab.sql:159: NOTICE:  table "p_q25_1n" does not exist, skipping
ON
psql:/root/theo-db/benchmarks/m167_paired_ab.sql:162: WARNING:  theodb_admit_decline: topk_entered_sort
psql:/root/theo-db/benchmarks/m167_paired_ab.sql:162: WARNING:  theodb_admit_decline: swap_topk_admitted
psql:/root/theo-db/benchmarks/m167_paired_ab.sql:162: WARNING:  theodb_admit_decline: topk_entered_sort
psql:/root/theo-db/benchmarks/m167_paired_ab.sql:162: WARNING:  theodb_admit_decline: topk_parent_not_limit
Time: 93.988 ms
psql:/root/theo-db/benchmarks/m167_paired_ab.sql:165: NOTICE:  table "p_q25_2o" does not exist, skipping
OFF
Time: 5756.676 ms (00:05.757)
psql:/root/theo-db/benchmarks/m167_paired_ab.sql:171: NOTICE:  table "p_q25_2n" does not exist, skipping
ON
psql:/root/theo-db/benchmarks/m167_paired_ab.sql:174: WARNING:  theodb_admit_decline: topk_entered_sort
psql:/root/theo-db/benchmarks/m167_paired_ab.sql:174: WARNING:  theodb_admit_decline: swap_topk_admitted
psql:/root/theo-db/benchmarks/m167_paired_ab.sql:174: WARNING:  theodb_admit_decline: topk_entered_sort
psql:/root/theo-db/benchmarks/m167_paired_ab.sql:174: WARNING:  theodb_admit_decline: topk_parent_not_limit
Time: 104.558 ms
psql:/root/theo-db/benchmarks/m167_paired_ab.sql:177: NOTICE:  table "p_q25_3o" does not exist, skipping
OFF
Time: 5978.378 ms (00:05.978)
psql:/root/theo-db/benchmarks/m167_paired_ab.sql:183: NOTICE:  table "p_q25_3n" does not exist, skipping
ON
psql:/root/theo-db/benchmarks/m167_paired_ab.sql:186: WARNING:  theodb_admit_decline: topk_entered_sort
psql:/root/theo-db/benchmarks/m167_paired_ab.sql:186: WARNING:  theodb_admit_decline: swap_topk_admitted
psql:/root/theo-db/benchmarks/m167_paired_ab.sql:186: WARNING:  theodb_admit_decline: topk_entered_sort
psql:/root/theo-db/benchmarks/m167_paired_ab.sql:186: WARNING:  theodb_admit_decline: topk_parent_not_limit
Time: 110.563 ms
psql:/root/theo-db/benchmarks/m167_paired_ab.sql:189: NOTICE:  table "p_q25_4o" does not exist, skipping
OFF
Time: 5874.247 ms (00:05.874)
psql:/root/theo-db/benchmarks/m167_paired_ab.sql:195: NOTICE:  table "p_q25_4n" does not exist, skipping
ON
psql:/root/theo-db/benchmarks/m167_paired_ab.sql:198: WARNING:  theodb_admit_decline: topk_entered_sort
psql:/root/theo-db/benchmarks/m167_paired_ab.sql:198: WARNING:  theodb_admit_decline: swap_topk_admitted
psql:/root/theo-db/benchmarks/m167_paired_ab.sql:198: WARNING:  theodb_admit_decline: topk_entered_sort
psql:/root/theo-db/benchmarks/m167_paired_ab.sql:198: WARNING:  theodb_admit_decline: topk_parent_not_limit
Time: 110.674 ms
psql:/root/theo-db/benchmarks/m167_paired_ab.sql:201: NOTICE:  table "p_q25_5o" does not exist, skipping
OFF
Time: 5596.789 ms (00:05.597)
psql:/root/theo-db/benchmarks/m167_paired_ab.sql:207: NOTICE:  table "p_q25_5n" does not exist, skipping
ON
psql:/root/theo-db/benchmarks/m167_paired_ab.sql:210: WARNING:  theodb_admit_decline: topk_entered_sort
psql:/root/theo-db/benchmarks/m167_paired_ab.sql:210: WARNING:  theodb_admit_decline: swap_topk_admitted
psql:/root/theo-db/benchmarks/m167_paired_ab.sql:210: WARNING:  theodb_admit_decline: topk_entered_sort
psql:/root/theo-db/benchmarks/m167_paired_ab.sql:210: WARNING:  theodb_admit_decline: topk_parent_not_limit
Time: 99.269 ms
--- q26 ---
psql:/root/theo-db/benchmarks/m167_paired_ab.sql:215: NOTICE:  table "w_q26" does not exist, skipping
psql:/root/theo-db/benchmarks/m167_paired_ab.sql:216: WARNING:  theodb_admit_decline: topk_entered_sort
psql:/root/theo-db/benchmarks/m167_paired_ab.sql:216: WARNING:  theodb_admit_decline: swap_topk_admitted
psql:/root/theo-db/benchmarks/m167_paired_ab.sql:216: WARNING:  theodb_admit_decline: topk_entered_sort
psql:/root/theo-db/benchmarks/m167_paired_ab.sql:216: WARNING:  theodb_admit_decline: topk_parent_not_limit
psql:/root/theo-db/benchmarks/m167_paired_ab.sql:218: NOTICE:  table "p_q26_1o" does not exist, skipping
OFF
Time: 5790.012 ms (00:05.790)
psql:/root/theo-db/benchmarks/m167_paired_ab.sql:224: NOTICE:  table "p_q26_1n" does not exist, skipping
ON
psql:/root/theo-db/benchmarks/m167_paired_ab.sql:227: WARNING:  theodb_admit_decline: topk_entered_sort
psql:/root/theo-db/benchmarks/m167_paired_ab.sql:227: WARNING:  theodb_admit_decline: swap_topk_admitted
psql:/root/theo-db/benchmarks/m167_paired_ab.sql:227: WARNING:  theodb_admit_decline: topk_entered_sort
psql:/root/theo-db/benchmarks/m167_paired_ab.sql:227: WARNING:  theodb_admit_decline: topk_parent_not_limit
Time: 133.851 ms
psql:/root/theo-db/benchmarks/m167_paired_ab.sql:230: NOTICE:  table "p_q26_2o" does not exist, skipping
OFF
Time: 5809.373 ms (00:05.809)
psql:/root/theo-db/benchmarks/m167_paired_ab.sql:236: NOTICE:  table "p_q26_2n" does not exist, skipping
ON
psql:/root/theo-db/benchmarks/m167_paired_ab.sql:239: WARNING:  theodb_admit_decline: topk_entered_sort
psql:/root/theo-db/benchmarks/m167_paired_ab.sql:239: WARNING:  theodb_admit_decline: swap_topk_admitted
psql:/root/theo-db/benchmarks/m167_paired_ab.sql:239: WARNING:  theodb_admit_decline: topk_entered_sort
psql:/root/theo-db/benchmarks/m167_paired_ab.sql:239: WARNING:  theodb_admit_decline: topk_parent_not_limit
Time: 134.491 ms
psql:/root/theo-db/benchmarks/m167_paired_ab.sql:242: NOTICE:  table "p_q26_3o" does not exist, skipping
OFF
Time: 5852.920 ms (00:05.853)
psql:/root/theo-db/benchmarks/m167_paired_ab.sql:248: NOTICE:  table "p_q26_3n" does not exist, skipping
ON
psql:/root/theo-db/benchmarks/m167_paired_ab.sql:251: WARNING:  theodb_admit_decline: topk_entered_sort
psql:/root/theo-db/benchmarks/m167_paired_ab.sql:251: WARNING:  theodb_admit_decline: swap_topk_admitted
psql:/root/theo-db/benchmarks/m167_paired_ab.sql:251: WARNING:  theodb_admit_decline: topk_entered_sort
psql:/root/theo-db/benchmarks/m167_paired_ab.sql:251: WARNING:  theodb_admit_decline: topk_parent_not_limit
Time: 142.006 ms
psql:/root/theo-db/benchmarks/m167_paired_ab.sql:254: NOTICE:  table "p_q26_4o" does not exist, skipping
OFF
Time: 6709.430 ms (00:06.709)
psql:/root/theo-db/benchmarks/m167_paired_ab.sql:260: NOTICE:  table "p_q26_4n" does not exist, skipping
ON
psql:/root/theo-db/benchmarks/m167_paired_ab.sql:263: WARNING:  theodb_admit_decline: topk_entered_sort
psql:/root/theo-db/benchmarks/m167_paired_ab.sql:263: WARNING:  theodb_admit_decline: swap_topk_admitted
psql:/root/theo-db/benchmarks/m167_paired_ab.sql:263: WARNING:  theodb_admit_decline: topk_entered_sort
psql:/root/theo-db/benchmarks/m167_paired_ab.sql:263: WARNING:  theodb_admit_decline: topk_parent_not_limit
Time: 153.995 ms
psql:/root/theo-db/benchmarks/m167_paired_ab.sql:266: NOTICE:  table "p_q26_5o" does not exist, skipping
OFF
Time: 6423.639 ms (00:06.424)
psql:/root/theo-db/benchmarks/m167_paired_ab.sql:272: NOTICE:  table "p_q26_5n" does not exist, skipping
ON
psql:/root/theo-db/benchmarks/m167_paired_ab.sql:275: WARNING:  theodb_admit_decline: topk_entered_sort
psql:/root/theo-db/benchmarks/m167_paired_ab.sql:275: WARNING:  theodb_admit_decline: swap_topk_admitted
psql:/root/theo-db/benchmarks/m167_paired_ab.sql:275: WARNING:  theodb_admit_decline: topk_entered_sort
psql:/root/theo-db/benchmarks/m167_paired_ab.sql:275: WARNING:  theodb_admit_decline: topk_parent_not_limit
Time: 140.457 ms
=== rc=0 end 2026-07-28T23:15:13+00:00 ===
