2026-08-13 03:28:10,750 | [92mINFO[0m: [92mTask:
TaskConfig(db=<DB.TheoDB: 'TheoDB'>, db_config=TheoDBConfig(db_label='com-stemming', version='', note='', user_name=SecretStr('**********'), password=SecretStr('**********'), host='127.0.0.1', port=55435, db_name='theo'), db_case_config=TheoDBFTSConfig(metric_type=<MetricType.BM25: 'BM25'>, create_index_before_load=False, create_index_after_load=True, index=<IndexType.FTS: 'FTS'>, k1=None, b=None), case_config=CaseConfig(case_id=<CaseType.FTSBm25Performance: 503>, custom_case={'dataset_with_size_type': 'MS MARCO Small (100K documents)', 'payload_profile': 'ids_only'}, k=10, concurrency_search_config=ConcurrencySearchConfig(num_concurrency=[1, 5, 10, 20, 30, 40, 60, 80], concurrency_duration=30, concurrency_timeout=3600, serial_cooldown=0.0)), stages=['drop_old', 'load', 'search_serial', 'search_concurrent'], load_concurrency=0)
[0m (cli.py:973) (18660)
2026-08-13 03:28:10,750 | [92mINFO[0m: [92mgenerated uuid for the tasks: d5073bfaf3454bcc97a39bfa7cbff284[0m (interface.py:77) (18660)
2026-08-13 03:28:10,750 | INFO | DB             | CaseType     Dataset               Filter | task_label (task_runner.py:757)
2026-08-13 03:28:10,750 | INFO | -----------    | ------------ -------------------- ------- | -------    (task_runner.py:757)
2026-08-13 03:28:10,750 | INFO | TheoDB-com-stemming | FullTextSearchPerformance MS MARCO-SMALL-100K      0.0 | d5073bfaf3454bcc97a39bfa7cbff284 (task_runner.py:757)
2026-08-13 03:28:10,750 | [92mINFO[0m: [92mtask submitted: id=d5073bfaf3454bcc97a39bfa7cbff284, d5073bfaf3454bcc97a39bfa7cbff284, case number: 1[0m (interface.py:253) (18660)
2026-08-13 03:28:11,589 | [92mINFO[0m: [92m[1/1] start case: {'label': <CaseLabel.FullTextSearchPerformance: 6>, 'name': 'FTS BM25 Performance - MS MARCO Small (100K documents)', 'dataset': {'data': {'name': 'MS MARCO', 'size': 100000, 'metric_type': <MetricType.BM25: 'BM25'>}}, 'db': 'TheoDB-com-stemming'}, drop_old=True[0m (interface.py:185) (18681)
2026-08-13 03:28:11,589 | [92mINFO[0m: [92mStarting run[0m (task_runner.py:268) (18681)
2026-08-13 03:28:11,589 | [92mINFO[0m: [92mPreparing FTS dataset: MS MARCO FTS (SMALL)[0m (dataset.py:1009) (18681)
2026-08-13 03:28:11,589 | [92mINFO[0m: [92mDownloading FTS dataset 'msmarco-passage/dev/small' using ir_datasets[0m (data_source.py:192) (18681)
2026-08-13 03:28:11,589 | [92mINFO[0m: [92mSuccessfully loaded dataset: msmarco-passage/dev/small[0m (data_source.py:199) (18681)
2026-08-13 03:28:11,589 | [92mINFO[0m: [92mSuccessfully loaded ir_datasets dataset: msmarco-passage/dev/small[0m (dataset.py:1022) (18681)
2026-08-13 03:28:11,603 | [92mINFO[0m: [92mLoaded 6980 queries into memory[0m (dataset.py:1027) (18681)
2026-08-13 03:28:35,353 | [92mINFO[0m: [92mLoaded semantic qrels for 6980 queries; recall uses 6980 queries; selected 100000 corpus docs including 7433 qrel docs[0m (dataset.py:1055) (18681)
2026-08-13 03:28:35,353 | [92mINFO[0m: [92mFTS dataset preparation completed: MS MARCO FTS (SMALL)[0m (dataset.py:1080) (18681)
2026-08-13 03:28:35,372 | [92mINFO[0m: [92mStart performance case[0m (task_runner.py:317) (18681)
2026-08-13 03:28:35,372 | [92mINFO[0m: [92mDB TheoDB is not thread-safe, falling back to max_workers=1[0m (concurrent_runner.py:89) (18681)
2026-08-13 03:28:35,385 | [92mINFO[0m: [92m(SpawnProcess-1  ) Start concurrent insert, batch_size=100, max_workers=1, workload=full_text[0m (concurrent_runner.py:266) (18681)
2026-08-13 03:28:59,816 | [92mINFO[0m: [92m(SpawnProcess-1  ) Finish concurrent insert, count=100000, dur=24.43s[0m (concurrent_runner.py:287) (18681)
2026-08-13 03:29:03,030 | [92mINFO[0m: [92mTheoDB built lexical index 74093697488494: 100000 documents[0m (theodb.py:276) (18681)
2026-08-13 03:29:03,031 | [92mINFO[0m: [92mFinish loading the entire dataset into VectorDB, insert_duration=24.444236973999978, optimize_duration=3.2141158169999926 load_duration(insert + optimize) = 27.6584[0m (task_runner.py:342) (18681)
2026-08-13 03:29:03,031 | [92mINFO[0m: [92mFTS concurrent test will use 6980 queries for testing[0m (task_runner.py:645) (18681)
2026-08-13 03:29:03,031 | [92mINFO[0m: [92mFTS serial recall will use 6980 queries[0m (task_runner.py:667) (18681)
2026-08-13 03:29:03,893 | [92mINFO[0m: [92mStart search 30s in concurrency 1, filters: type=<FilterOp.NonFilter: 'NonFilter'> filter_rate=0.0 gt_file_name='neighbors.parquet'[0m (mp_runner.py:189) (18681)
2026-08-13 03:29:04,896 | [92mINFO[0m: [92mSyncing all process and start concurrency search, concurrency=1[0m (mp_runner.py:196) (18681)
2026-08-13 03:29:34,912 | [92mINFO[0m: [92mSpawnProcess-1:2 search 30s: actual_dur=30.0016s, count=12030, qps in this process: 400.9786[0m (mp_runner.py:161) (19105)
2026-08-13 03:29:34,915 | [92mINFO[0m: [92mEnd search in concurrency 1: dur=30.018684313999984s, total_count=12030, qps=400.7504[0m (mp_runner.py:212) (18681)
2026-08-13 03:29:35,215 | [92mINFO[0m: [92mUpdate largest qps with concurrency 1: current max_qps=400.7504[0m (mp_runner.py:216) (18681)
2026-08-13 03:29:36,065 | [92mINFO[0m: [92mStart search 30s in concurrency 5, filters: type=<FilterOp.NonFilter: 'NonFilter'> filter_rate=0.0 gt_file_name='neighbors.parquet'[0m (mp_runner.py:189) (18681)
2026-08-13 03:29:41,070 | [92mINFO[0m: [92mSyncing all process and start concurrency search, concurrency=5[0m (mp_runner.py:196) (18681)
2026-08-13 03:30:11,088 | [92mINFO[0m: [92mSpawnProcess-1:7 search 30s: actual_dur=30.0009s, count=8174, qps in this process: 272.4585[0m (mp_runner.py:161) (19482)
2026-08-13 03:30:11,088 | [92mINFO[0m: [92mSpawnProcess-1:4 search 30s: actual_dur=30.0019s, count=7784, qps in this process: 259.4502[0m (mp_runner.py:161) (19477)
2026-08-13 03:30:11,090 | [92mINFO[0m: [92mSpawnProcess-1:8 search 30s: actual_dur=30.0024s, count=8086, qps in this process: 269.5118[0m (mp_runner.py:161) (19483)
2026-08-13 03:30:11,091 | [92mINFO[0m: [92mSpawnProcess-1:5 search 30s: actual_dur=30.0032s, count=7909, qps in this process: 263.6052[0m (mp_runner.py:161) (19480)
2026-08-13 03:30:11,095 | [92mINFO[0m: [92mSpawnProcess-1:6 search 30s: actual_dur=30.0029s, count=8027, qps in this process: 267.5408[0m (mp_runner.py:161) (19481)
2026-08-13 03:30:11,101 | [92mINFO[0m: [92mEnd search in concurrency 5: dur=30.030570710999882s, total_count=39980, qps=1331.31[0m (mp_runner.py:212) (18681)
2026-08-13 03:30:11,482 | [92mINFO[0m: [92mUpdate largest qps with concurrency 5: current max_qps=1331.31[0m (mp_runner.py:216) (18681)
2026-08-13 03:30:12,330 | [92mINFO[0m: [92mStart search 30s in concurrency 10, filters: type=<FilterOp.NonFilter: 'NonFilter'> filter_rate=0.0 gt_file_name='neighbors.parquet'[0m (mp_runner.py:189) (18681)
2026-08-13 03:30:22,338 | [92mINFO[0m: [92mSyncing all process and start concurrency search, concurrency=10[0m (mp_runner.py:196) (18681)
2026-08-13 03:30:52,358 | [92mINFO[0m: [92mSpawnProcess-1:15 search 30s: actual_dur=30.0005s, count=5298, qps in this process: 176.5971[0m (mp_runner.py:161) (19897)
2026-08-13 03:30:52,359 | [92mINFO[0m: [92mSpawnProcess-1:10 search 30s: actual_dur=30.0035s, count=5527, qps in this process: 184.2118[0m (mp_runner.py:161) (19890)
2026-08-13 03:30:52,360 | [92mINFO[0m: [92mSpawnProcess-1:19 search 30s: actual_dur=30.0004s, count=5083, qps in this process: 169.4311[0m (mp_runner.py:161) (19901)
2026-08-13 03:30:52,362 | [92mINFO[0m: [92mSpawnProcess-1:17 search 30s: actual_dur=30.0027s, count=5620, qps in this process: 187.3165[0m (mp_runner.py:161) (19899)
2026-08-13 03:30:52,363 | [92mINFO[0m: [92mSpawnProcess-1:14 search 30s: actual_dur=30.0015s, count=5538, qps in this process: 184.5908[0m (mp_runner.py:161) (19896)
2026-08-13 03:30:52,364 | [92mINFO[0m: [92mSpawnProcess-1:16 search 30s: actual_dur=30.0044s, count=4856, qps in this process: 161.8429[0m (mp_runner.py:161) (19898)
2026-08-13 03:30:52,364 | [92mINFO[0m: [92mSpawnProcess-1:18 search 30s: actual_dur=30.0046s, count=5137, qps in this process: 171.2071[0m (mp_runner.py:161) (19900)
2026-08-13 03:30:52,366 | [92mINFO[0m: [92mSpawnProcess-1:11 search 30s: actual_dur=30.0045s, count=5216, qps in this process: 173.8406[0m (mp_runner.py:161) (19893)
2026-08-13 03:30:52,369 | [92mINFO[0m: [92mSpawnProcess-1:13 search 30s: actual_dur=30.0036s, count=5040, qps in this process: 167.9798[0m (mp_runner.py:161) (19895)
2026-08-13 03:30:52,396 | [92mINFO[0m: [92mSpawnProcess-1:12 search 30s: actual_dur=30.0023s, count=4818, qps in this process: 160.5877[0m (mp_runner.py:161) (19894)
2026-08-13 03:30:52,403 | [92mINFO[0m: [92mEnd search in concurrency 10: dur=30.065008927000008s, total_count=52133, qps=1734.0091[0m (mp_runner.py:212) (18681)
2026-08-13 03:30:52,902 | [92mINFO[0m: [92mUpdate largest qps with concurrency 10: current max_qps=1734.0091[0m (mp_runner.py:216) (18681)
2026-08-13 03:30:53,761 | [92mINFO[0m: [92mStart search 30s in concurrency 20, filters: type=<FilterOp.NonFilter: 'NonFilter'> filter_rate=0.0 gt_file_name='neighbors.parquet'[0m (mp_runner.py:189) (18681)
2026-08-13 03:31:03,949 | [92mINFO[0m: [92mSyncing all process and start concurrency search, concurrency=20[0m (mp_runner.py:196) (18681)
2026-08-13 03:31:33,980 | [92mINFO[0m: [92mSpawnProcess-1:21 search 30s: actual_dur=30.0049s, count=2984, qps in this process: 99.4504[0m (mp_runner.py:161) (20450)
2026-08-13 03:31:33,983 | [92mINFO[0m: [92mSpawnProcess-1:24 search 30s: actual_dur=30.0039s, count=2910, qps in this process: 96.9874[0m (mp_runner.py:161) (20455)
2026-08-13 03:31:33,987 | [92mINFO[0m: [92mSpawnProcess-1:35 search 30s: actual_dur=30.0059s, count=3017, qps in this process: 100.5469[0m (mp_runner.py:161) (20466)
2026-08-13 03:31:33,991 | [92mINFO[0m: [92mSpawnProcess-1:34 search 30s: actual_dur=30.0084s, count=2832, qps in this process: 94.3736[0m (mp_runner.py:161) (20465)
2026-08-13 03:31:33,992 | [92mINFO[0m: [92mSpawnProcess-1:22 search 30s: actual_dur=30.0012s, count=2663, qps in this process: 88.7631[0m (mp_runner.py:161) (20453)
2026-08-13 03:31:33,995 | [92mINFO[0m: [92mSpawnProcess-1:25 search 30s: actual_dur=30.0006s, count=2825, qps in this process: 94.1648[0m (mp_runner.py:161) (20456)
2026-08-13 03:31:33,996 | [92mINFO[0m: [92mSpawnProcess-1:40 search 30s: actual_dur=30.0062s, count=3156, qps in this process: 105.1783[0m (mp_runner.py:161) (20471)
2026-08-13 03:31:33,996 | [92mINFO[0m: [92mSpawnProcess-1:28 search 30s: actual_dur=30.0066s, count=2918, qps in this process: 97.2453[0m (mp_runner.py:161) (20459)
2026-08-13 03:31:33,999 | [92mINFO[0m: [92mSpawnProcess-1:32 search 30s: actual_dur=30.0046s, count=3049, qps in this process: 101.6178[0m (mp_runner.py:161) (20463)
2026-08-13 03:31:34,000 | [92mINFO[0m: [92mSpawnProcess-1:23 search 30s: actual_dur=30.0047s, count=2961, qps in this process: 98.6845[0m (mp_runner.py:161) (20454)
2026-08-13 03:31:34,000 | [92mINFO[0m: [92mSpawnProcess-1:27 search 30s: actual_dur=30.0034s, count=2962, qps in this process: 98.7221[0m (mp_runner.py:161) (20458)
2026-08-13 03:31:34,000 | [92mINFO[0m: [92mSpawnProcess-1:31 search 30s: actual_dur=30.0118s, count=2765, qps in this process: 92.1304[0m (mp_runner.py:161) (20462)
2026-08-13 03:31:34,001 | [92mINFO[0m: [92mSpawnProcess-1:36 search 30s: actual_dur=30.0054s, count=2864, qps in this process: 95.4495[0m (mp_runner.py:161) (20467)
2026-08-13 03:31:34,002 | [92mINFO[0m: [92mSpawnProcess-1:33 search 30s: actual_dur=30.0026s, count=2786, qps in this process: 92.8586[0m (mp_runner.py:161) (20464)
2026-08-13 03:31:34,002 | [92mINFO[0m: [92mSpawnProcess-1:26 search 30s: actual_dur=30.0058s, count=2957, qps in this process: 98.5476[0m (mp_runner.py:161) (20457)
2026-08-13 03:31:34,008 | [92mINFO[0m: [92mSpawnProcess-1:37 search 30s: actual_dur=30.0034s, count=2565, qps in this process: 85.4903[0m (mp_runner.py:161) (20468)
2026-08-13 03:31:34,043 | [92mINFO[0m: [92mSpawnProcess-1:30 search 30s: actual_dur=30.0018s, count=3004, qps in this process: 100.1273[0m (mp_runner.py:161) (20461)
2026-08-13 03:31:34,045 | [92mINFO[0m: [92mSpawnProcess-1:29 search 30s: actual_dur=30.0008s, count=2787, qps in this process: 92.8975[0m (mp_runner.py:161) (20460)
2026-08-13 03:31:34,051 | [92mINFO[0m: [92mSpawnProcess-1:38 search 30s: actual_dur=30.0026s, count=2856, qps in this process: 95.1918[0m (mp_runner.py:161) (20469)
2026-08-13 03:31:34,060 | [92mINFO[0m: [92mSpawnProcess-1:39 search 30s: actual_dur=30.0037s, count=2463, qps in this process: 82.0899[0m (mp_runner.py:161) (20470)
2026-08-13 03:31:34,067 | [92mINFO[0m: [92mEnd search in concurrency 20: dur=30.11850116300002s, total_count=57324, qps=1903.282[0m (mp_runner.py:212) (18681)
2026-08-13 03:31:34,765 | [92mINFO[0m: [92mUpdate largest qps with concurrency 20: current max_qps=1903.282[0m (mp_runner.py:216) (18681)
2026-08-13 03:31:35,613 | [92mINFO[0m: [92mStart search 30s in concurrency 30, filters: type=<FilterOp.NonFilter: 'NonFilter'> filter_rate=0.0 gt_file_name='neighbors.parquet'[0m (mp_runner.py:189) (18681)
2026-08-13 03:31:45,793 | [92mINFO[0m: [92mSyncing all process and start concurrency search, concurrency=30[0m (mp_runner.py:196) (18681)
2026-08-13 03:32:15,819 | [92mINFO[0m: [92mSpawnProcess-1:65 search 30s: actual_dur=30.0064s, count=1766, qps in this process: 58.8541[0m (mp_runner.py:161) (21407)
2026-08-13 03:32:15,824 | [92mINFO[0m: [92mSpawnProcess-1:64 search 30s: actual_dur=30.0006s, count=2264, qps in this process: 75.4652[0m (mp_runner.py:161) (21406)
2026-08-13 03:32:15,832 | [92mINFO[0m: [92mSpawnProcess-1:66 search 30s: actual_dur=30.002s, count=1672, qps in this process: 55.7296[0m (mp_runner.py:161) (21408)
2026-08-13 03:32:15,832 | [92mINFO[0m: [92mSpawnProcess-1:71 search 30s: actual_dur=30.0074s, count=1829, qps in this process: 60.9516[0m (mp_runner.py:161) (21413)
2026-08-13 03:32:15,835 | [92mINFO[0m: [92mSpawnProcess-1:46 search 30s: actual_dur=30.0051s, count=1773, qps in this process: 59.09[0m (mp_runner.py:161) (21388)
2026-08-13 03:32:15,835 | [92mINFO[0m: [92mSpawnProcess-1:68 search 30s: actual_dur=30.0042s, count=1818, qps in this process: 60.5915[0m (mp_runner.py:161) (21410)
2026-08-13 03:32:15,836 | [92mINFO[0m: [92mSpawnProcess-1:60 search 30s: actual_dur=30.0062s, count=2292, qps in this process: 76.3842[0m (mp_runner.py:161) (21402)
2026-08-13 03:32:15,837 | [92mINFO[0m: [92mSpawnProcess-1:49 search 30s: actual_dur=30.0178s, count=1710, qps in this process: 56.9662[0m (mp_runner.py:161) (21391)
2026-08-13 03:32:15,840 | [92mINFO[0m: [92mSpawnProcess-1:54 search 30s: actual_dur=30.017s, count=1791, qps in this process: 59.6662[0m (mp_runner.py:161) (21396)
2026-08-13 03:32:15,840 | [92mINFO[0m: [92mSpawnProcess-1:47 search 30s: actual_dur=30.0044s, count=1527, qps in this process: 50.8925[0m (mp_runner.py:161) (21389)
2026-08-13 03:32:15,842 | [92mINFO[0m: [92mSpawnProcess-1:59 search 30s: actual_dur=30.0033s, count=1798, qps in this process: 59.9267[0m (mp_runner.py:161) (21401)
2026-08-13 03:32:15,847 | [92mINFO[0m: [92mSpawnProcess-1:48 search 30s: actual_dur=30.0069s, count=2061, qps in this process: 68.6842[0m (mp_runner.py:161) (21390)
2026-08-13 03:32:15,849 | [92mINFO[0m: [92mSpawnProcess-1:55 search 30s: actual_dur=30.0112s, count=2035, qps in this process: 67.808[0m (mp_runner.py:161) (21397)
2026-08-13 03:32:15,851 | [92mINFO[0m: [92mSpawnProcess-1:44 search 30s: actual_dur=30.0169s, count=2110, qps in this process: 70.2937[0m (mp_runner.py:161) (21386)
2026-08-13 03:32:15,852 | [92mINFO[0m: [92mSpawnProcess-1:42 search 30s: actual_dur=30.004s, count=1773, qps in this process: 59.0921[0m (mp_runner.py:161) (21382)
2026-08-13 03:32:15,852 | [92mINFO[0m: [92mSpawnProcess-1:57 search 30s: actual_dur=30.0216s, count=2041, qps in this process: 67.9844[0m (mp_runner.py:161) (21399)
2026-08-13 03:32:15,867 | [92mINFO[0m: [92mSpawnProcess-1:58 search 30s: actual_dur=30.0149s, count=1736, qps in this process: 57.8379[0m (mp_runner.py:161) (21400)
2026-08-13 03:32:15,876 | [92mINFO[0m: [92mSpawnProcess-1:50 search 30s: actual_dur=30.0123s, count=1798, qps in this process: 59.9088[0m (mp_runner.py:161) (21392)
2026-08-13 03:32:15,900 | [92mINFO[0m: [92mSpawnProcess-1:56 search 30s: actual_dur=30.0074s, count=2142, qps in this process: 71.3824[0m (mp_runner.py:161) (21398)
2026-08-13 03:32:15,901 | [92mINFO[0m: [92mSpawnProcess-1:62 search 30s: actual_dur=30.0054s, count=1828, qps in this process: 60.9224[0m (mp_runner.py:161) (21404)
2026-08-13 03:32:15,924 | [92mINFO[0m: [92mSpawnProcess-1:43 search 30s: actual_dur=30.0008s, count=1946, qps in this process: 64.8649[0m (mp_runner.py:161) (21385)
2026-08-13 03:32:15,927 | [92mINFO[0m: [92mSpawnProcess-1:51 search 30s: actual_dur=30.0016s, count=2299, qps in this process: 76.6292[0m (mp_runner.py:161) (21393)
2026-08-13 03:32:15,931 | [92mINFO[0m: [92mSpawnProcess-1:53 search 30s: actual_dur=30.0018s, count=1516, qps in this process: 50.5303[0m (mp_runner.py:161) (21395)
2026-08-13 03:32:15,932 | [92mINFO[0m: [92mSpawnProcess-1:61 search 30s: actual_dur=30.0007s, count=2146, qps in this process: 71.5317[0m (mp_runner.py:161) (21403)
2026-08-13 03:32:15,935 | [92mINFO[0m: [92mSpawnProcess-1:70 search 30s: actual_dur=30.0034s, count=1699, qps in this process: 56.6269[0m (mp_runner.py:161) (21412)
2026-08-13 03:32:15,947 | [92mINFO[0m: [92mSpawnProcess-1:67 search 30s: actual_dur=30.0036s, count=1870, qps in this process: 62.3259[0m (mp_runner.py:161) (21409)
2026-08-13 03:32:15,959 | [92mINFO[0m: [92mSpawnProcess-1:69 search 30s: actual_dur=30.0007s, count=2121, qps in this process: 70.6984[0m (mp_runner.py:161) (21411)
2026-08-13 03:32:15,963 | [92mINFO[0m: [92mSpawnProcess-1:63 search 30s: actual_dur=30.003s, count=2138, qps in this process: 71.2595[0m (mp_runner.py:161) (21405)
2026-08-13 03:32:15,965 | [92mINFO[0m: [92mSpawnProcess-1:52 search 30s: actual_dur=30.0023s, count=2282, qps in this process: 76.0608[0m (mp_runner.py:161) (21394)
2026-08-13 03:32:15,973 | [92mINFO[0m: [92mSpawnProcess-1:45 search 30s: actual_dur=30.0007s, count=1898, qps in this process: 63.2652[0m (mp_runner.py:161) (21387)
2026-08-13 03:32:15,987 | [92mINFO[0m: [92mEnd search in concurrency 30: dur=30.1929586199999s, total_count=57679, qps=1910.3461[0m (mp_runner.py:212) (18681)
2026-08-13 03:32:16,941 | [92mINFO[0m: [92mUpdate largest qps with concurrency 30: current max_qps=1910.3461[0m (mp_runner.py:216) (18681)
2026-08-13 03:32:17,789 | [92mINFO[0m: [92mStart search 30s in concurrency 40, filters: type=<FilterOp.NonFilter: 'NonFilter'> filter_rate=0.0 gt_file_name='neighbors.parquet'[0m (mp_runner.py:189) (18681)
2026-08-13 03:32:28,189 | [92mINFO[0m: [92mSyncing all process and start concurrency search, concurrency=40[0m (mp_runner.py:196) (18681)
2026-08-13 03:32:58,225 | [92mINFO[0m: [92mSpawnProcess-1:82 search 30s: actual_dur=30.0034s, count=1246, qps in this process: 41.5286[0m (mp_runner.py:161) (22470)
2026-08-13 03:32:58,229 | [92mINFO[0m: [92mSpawnProcess-1:97 search 30s: actual_dur=30.0071s, count=1363, qps in this process: 45.4226[0m (mp_runner.py:161) (22485)
2026-08-13 03:32:58,233 | [92mINFO[0m: [92mSpawnProcess-1:89 search 30s: actual_dur=30.0162s, count=1479, qps in this process: 49.2734[0m (mp_runner.py:161) (22477)
2026-08-13 03:32:58,239 | [92mINFO[0m: [92mSpawnProcess-1:87 search 30s: actual_dur=30.0164s, count=1355, qps in this process: 45.142[0m (mp_runner.py:161) (22475)
2026-08-13 03:32:58,240 | [92mINFO[0m: [92mSpawnProcess-1:109 search 30s: actual_dur=30.0048s, count=1485, qps in this process: 49.4921[0m (mp_runner.py:161) (22497)
2026-08-13 03:32:58,240 | [92mINFO[0m: [92mSpawnProcess-1:73 search 30s: actual_dur=30.0064s, count=1392, qps in this process: 46.3901[0m (mp_runner.py:161) (22459)
2026-08-13 03:32:58,240 | [92mINFO[0m: [92mSpawnProcess-1:88 search 30s: actual_dur=30.0022s, count=1287, qps in this process: 42.8969[0m (mp_runner.py:161) (22476)
2026-08-13 03:32:58,244 | [92mINFO[0m: [92mSpawnProcess-1:106 search 30s: actual_dur=30.0057s, count=1675, qps in this process: 55.8227[0m (mp_runner.py:161) (22494)
2026-08-13 03:32:58,252 | [92mINFO[0m: [92mSpawnProcess-1:75 search 30s: actual_dur=30.0044s, count=1445, qps in this process: 48.1596[0m (mp_runner.py:161) (22463)
2026-08-13 03:32:58,255 | [92mINFO[0m: [92mSpawnProcess-1:91 search 30s: actual_dur=30.0078s, count=1357, qps in this process: 45.2216[0m (mp_runner.py:161) (22479)
2026-08-13 03:32:58,256 | [92mINFO[0m: [92mSpawnProcess-1:107 search 30s: actual_dur=30.0269s, count=1464, qps in this process: 48.7563[0m (mp_runner.py:161) (22495)
2026-08-13 03:32:58,256 | [92mINFO[0m: [92mSpawnProcess-1:79 search 30s: actual_dur=30.011s, count=1422, qps in this process: 47.3826[0m (mp_runner.py:161) (22467)
2026-08-13 03:32:58,259 | [92mINFO[0m: [92mSpawnProcess-1:99 search 30s: actual_dur=30.0028s, count=1400, qps in this process: 46.6623[0m (mp_runner.py:161) (22487)
2026-08-13 03:32:58,260 | [92mINFO[0m: [92mSpawnProcess-1:104 search 30s: actual_dur=30.0244s, count=1344, qps in this process: 44.7636[0m (mp_runner.py:161) (22492)
2026-08-13 03:32:58,268 | [92mINFO[0m: [92mSpawnProcess-1:103 search 30s: actual_dur=30.0092s, count=1350, qps in this process: 44.9862[0m (mp_runner.py:161) (22491)
2026-08-13 03:32:58,270 | [92mINFO[0m: [92mSpawnProcess-1:74 search 30s: actual_dur=30.0231s, count=1374, qps in this process: 45.7648[0m (mp_runner.py:161) (22462)
2026-08-13 03:32:58,272 | [92mINFO[0m: [92mSpawnProcess-1:90 search 30s: actual_dur=30.0356s, count=1359, qps in this process: 45.2463[0m (mp_runner.py:161) (22478)
2026-08-13 03:32:58,279 | [92mINFO[0m: [92mSpawnProcess-1:95 search 30s: actual_dur=30.0083s, count=1327, qps in this process: 44.2211[0m (mp_runner.py:161) (22483)
2026-08-13 03:32:58,279 | [92mINFO[0m: [92mSpawnProcess-1:98 search 30s: actual_dur=30.0288s, count=1372, qps in this process: 45.6895[0m (mp_runner.py:161) (22486)
2026-08-13 03:32:58,280 | [92mINFO[0m: [92mSpawnProcess-1:76 search 30s: actual_dur=30.0083s, count=1507, qps in this process: 50.2194[0m (mp_runner.py:161) (22464)
2026-08-13 03:32:58,290 | [92mINFO[0m: [92mSpawnProcess-1:110 search 30s: actual_dur=30.0141s, count=1580, qps in this process: 52.6419[0m (mp_runner.py:161) (22498)
2026-08-13 03:32:58,307 | [92mINFO[0m: [92mSpawnProcess-1:86 search 30s: actual_dur=30.0032s, count=1374, qps in this process: 45.7951[0m (mp_runner.py:161) (22474)
2026-08-13 03:32:58,319 | [92mINFO[0m: [92mSpawnProcess-1:80 search 30s: actual_dur=30.0061s, count=1307, qps in this process: 43.5578[0m (mp_runner.py:161) (22468)
2026-08-13 03:32:58,324 | [92mINFO[0m: [92mSpawnProcess-1:96 search 30s: actual_dur=30.0034s, count=1456, qps in this process: 48.5278[0m (mp_runner.py:161) (22484)
2026-08-13 03:32:58,328 | [92mINFO[0m: [92mSpawnProcess-1:102 search 30s: actual_dur=30.007s, count=1348, qps in this process: 44.9229[0m (mp_runner.py:161) (22490)
2026-08-13 03:32:58,351 | [92mINFO[0m: [92mSpawnProcess-1:77 search 30s: actual_dur=30.0058s, count=1297, qps in this process: 43.225[0m (mp_runner.py:161) (22465)
2026-08-13 03:32:58,352 | [92mINFO[0m: [92mSpawnProcess-1:112 search 30s: actual_dur=30.0054s, count=1672, qps in this process: 55.7233[0m (mp_runner.py:161) (22500)
2026-08-13 03:32:58,352 | [92mINFO[0m: [92mSpawnProcess-1:85 search 30s: actual_dur=30.0068s, count=1348, qps in this process: 44.9232[0m (mp_runner.py:161) (22473)
2026-08-13 03:32:58,359 | [92mINFO[0m: [92mSpawnProcess-1:100 search 30s: actual_dur=30.0052s, count=1346, qps in this process: 44.8589[0m (mp_runner.py:161) (22488)
2026-08-13 03:32:58,362 | [92mINFO[0m: [92mSpawnProcess-1:93 search 30s: actual_dur=30.004s, count=1457, qps in this process: 48.5602[0m (mp_runner.py:161) (22481)
2026-08-13 03:32:58,365 | [92mINFO[0m: [92mSpawnProcess-1:81 search 30s: actual_dur=30.0005s, count=1511, qps in this process: 50.3658[0m (mp_runner.py:161) (22469)
2026-08-13 03:32:58,367 | [92mINFO[0m: [92mSpawnProcess-1:78 search 30s: actual_dur=30.0021s, count=1556, qps in this process: 51.863[0m (mp_runner.py:161) (22466)
2026-08-13 03:32:58,369 | [92mINFO[0m: [92mSpawnProcess-1:84 search 30s: actual_dur=30.0006s, count=1462, qps in this process: 48.7324[0m (mp_runner.py:161) (22472)
2026-08-13 03:32:58,372 | [92mINFO[0m: [92mSpawnProcess-1:92 search 30s: actual_dur=30.004s, count=1433, qps in this process: 47.7603[0m (mp_runner.py:161) (22480)
2026-08-13 03:32:58,375 | [92mINFO[0m: [92mSpawnProcess-1:94 search 30s: actual_dur=30.0027s, count=1552, qps in this process: 51.7287[0m (mp_runner.py:161) (22482)
2026-08-13 03:32:58,377 | [92mINFO[0m: [92mSpawnProcess-1:83 search 30s: actual_dur=30.0002s, count=1507, qps in this process: 50.233[0m (mp_runner.py:161) (22471)
2026-08-13 03:32:58,380 | [92mINFO[0m: [92mSpawnProcess-1:111 search 30s: actual_dur=30.0038s, count=1377, qps in this process: 45.8942[0m (mp_runner.py:161) (22499)
2026-08-13 03:32:58,385 | [92mINFO[0m: [92mSpawnProcess-1:105 search 30s: actual_dur=30.0008s, count=1267, qps in this process: 42.2322[0m (mp_runner.py:161) (22493)
2026-08-13 03:32:58,389 | [92mINFO[0m: [92mSpawnProcess-1:101 search 30s: actual_dur=30.0007s, count=1397, qps in this process: 46.5656[0m (mp_runner.py:161) (22489)
2026-08-13 03:32:58,429 | [92mINFO[0m: [92mSpawnProcess-1:108 search 30s: actual_dur=30.0005s, count=1377, qps in this process: 45.8992[0m (mp_runner.py:161) (22496)
2026-08-13 03:32:58,438 | [92mINFO[0m: [92mEnd search in concurrency 40: dur=30.248896553000122s, total_count=56627, qps=1872.0352[0m (mp_runner.py:212) (18681)
2026-08-13 03:33:00,491 | [92mINFO[0m: [92mStart search 30s in concurrency 60, filters: type=<FilterOp.NonFilter: 'NonFilter'> filter_rate=0.0 gt_file_name='neighbors.parquet'[0m (mp_runner.py:189) (18681)
2026-08-13 03:33:11,334 | [92mINFO[0m: [92mSyncing all process and start concurrency search, concurrency=60[0m (mp_runner.py:196) (18681)
2026-08-13 03:33:41,366 | [92mINFO[0m: [92mSpawnProcess-1:158 search 30s: actual_dur=30.0063s, count=894, qps in this process: 29.7937[0m (mp_runner.py:161) (23985)
2026-08-13 03:33:41,380 | [92mINFO[0m: [92mSpawnProcess-1:159 search 30s: actual_dur=30.0022s, count=1124, qps in this process: 37.4639[0m (mp_runner.py:161) (23986)
2026-08-13 03:33:41,385 | [92mINFO[0m: [92mSpawnProcess-1:124 search 30s: actual_dur=30.0163s, count=650, qps in this process: 21.6549[0m (mp_runner.py:161) (23951)
2026-08-13 03:33:41,388 | [92mINFO[0m: [92mSpawnProcess-1:117 search 30s: actual_dur=30.0027s, count=854, qps in this process: 28.4641[0m (mp_runner.py:161) (23944)
2026-08-13 03:33:41,392 | [92mINFO[0m: [92mSpawnProcess-1:172 search 30s: actual_dur=30.0138s, count=723, qps in this process: 24.0889[0m (mp_runner.py:161) (23999)
2026-08-13 03:33:41,397 | [92mINFO[0m: [92mSpawnProcess-1:148 search 30s: actual_dur=30.0225s, count=805, qps in this process: 26.8132[0m (mp_runner.py:161) (23975)
2026-08-13 03:33:41,398 | [92mINFO[0m: [92mSpawnProcess-1:122 search 30s: actual_dur=30.0173s, count=849, qps in this process: 28.2837[0m (mp_runner.py:161) (23949)
2026-08-13 03:33:41,400 | [92mINFO[0m: [92mSpawnProcess-1:149 search 30s: actual_dur=30.0004s, count=1064, qps in this process: 35.4662[0m (mp_runner.py:161) (23976)
2026-08-13 03:33:41,403 | [92mINFO[0m: [92mSpawnProcess-1:132 search 30s: actual_dur=30.0038s, count=1377, qps in this process: 45.8942[0m (mp_runner.py:161) (23959)
2026-08-13 03:33:41,404 | [92mINFO[0m: [92mSpawnProcess-1:161 search 30s: actual_dur=30.008s, count=677, qps in this process: 22.5607[0m (mp_runner.py:161) (23988)
2026-08-13 03:33:41,406 | [92mINFO[0m: [92mSpawnProcess-1:145 search 30s: actual_dur=30.0097s, count=735, qps in this process: 24.4921[0m (mp_runner.py:161) (23972)
2026-08-13 03:33:41,418 | [92mINFO[0m: [92mSpawnProcess-1:136 search 30s: actual_dur=30.0033s, count=1023, qps in this process: 34.0962[0m (mp_runner.py:161) (23963)
2026-08-13 03:33:41,419 | [92mINFO[0m: [92mSpawnProcess-1:138 search 30s: actual_dur=30.0067s, count=744, qps in this process: 24.7945[0m (mp_runner.py:161) (23965)
2026-08-13 03:33:41,420 | [92mINFO[0m: [92mSpawnProcess-1:123 search 30s: actual_dur=30.0167s, count=974, qps in this process: 32.4486[0m (mp_runner.py:161) (23950)
2026-08-13 03:33:41,423 | [92mINFO[0m: [92mSpawnProcess-1:135 search 30s: actual_dur=30.0146s, count=876, qps in this process: 29.1858[0m (mp_runner.py:161) (23962)
2026-08-13 03:33:41,431 | [92mINFO[0m: [92mSpawnProcess-1:125 search 30s: actual_dur=30.0423s, count=904, qps in this process: 30.0909[0m (mp_runner.py:161) (23952)
2026-08-13 03:33:41,438 | [92mINFO[0m: [92mSpawnProcess-1:154 search 30s: actual_dur=30.0361s, count=1384, qps in this process: 46.0779[0m (mp_runner.py:161) (23981)
2026-08-13 03:33:41,440 | [92mINFO[0m: [92mSpawnProcess-1:151 search 30s: actual_dur=30.0029s, count=789, qps in this process: 26.2975[0m (mp_runner.py:161) (23978)
2026-08-13 03:33:41,446 | [92mINFO[0m: [92mSpawnProcess-1:163 search 30s: actual_dur=30.0446s, count=1241, qps in this process: 41.3053[0m (mp_runner.py:161) (23990)
2026-08-13 03:33:41,446 | [92mINFO[0m: [92mSpawnProcess-1:119 search 30s: actual_dur=30.0038s, count=977, qps in this process: 32.5625[0m (mp_runner.py:161) (23946)
2026-08-13 03:33:41,446 | [92mINFO[0m: [92mSpawnProcess-1:157 search 30s: actual_dur=30.0102s, count=1036, qps in this process: 34.5216[0m (mp_runner.py:161) (23984)
2026-08-13 03:33:41,448 | [92mINFO[0m: [92mSpawnProcess-1:141 search 30s: actual_dur=30.0003s, count=1136, qps in this process: 37.8663[0m (mp_runner.py:161) (23968)
2026-08-13 03:33:41,449 | [92mINFO[0m: [92mSpawnProcess-1:165 search 30s: actual_dur=30.0103s, count=991, qps in this process: 33.022[0m (mp_runner.py:161) (23992)
2026-08-13 03:33:41,450 | [92mINFO[0m: [92mSpawnProcess-1:120 search 30s: actual_dur=30.0096s, count=935, qps in this process: 31.1567[0m (mp_runner.py:161) (23947)
2026-08-13 03:33:41,456 | [92mINFO[0m: [92mSpawnProcess-1:134 search 30s: actual_dur=30.0177s, count=847, qps in this process: 28.2167[0m (mp_runner.py:161) (23961)
2026-08-13 03:33:41,456 | [92mINFO[0m: [92mSpawnProcess-1:150 search 30s: actual_dur=30.0115s, count=897, qps in this process: 29.8885[0m (mp_runner.py:161) (23977)
2026-08-13 03:33:41,461 | [92mINFO[0m: [92mSpawnProcess-1:118 search 30s: actual_dur=30.0365s, count=909, qps in this process: 30.2632[0m (mp_runner.py:161) (23945)
2026-08-13 03:33:41,463 | [92mINFO[0m: [92mSpawnProcess-1:142 search 30s: actual_dur=30.0534s, count=927, qps in this process: 30.8451[0m (mp_runner.py:161) (23969)
2026-08-13 03:33:41,487 | [92mINFO[0m: [92mSpawnProcess-1:173 search 30s: actual_dur=30.0086s, count=1217, qps in this process: 40.555[0m (mp_runner.py:161) (24000)
2026-08-13 03:33:41,495 | [92mINFO[0m: [92mSpawnProcess-1:147 search 30s: actual_dur=30.0029s, count=722, qps in this process: 24.0643[0m (mp_runner.py:161) (23974)
2026-08-13 03:33:41,497 | [92mINFO[0m: [92mSpawnProcess-1:139 search 30s: actual_dur=30.0108s, count=839, qps in this process: 27.9566[0m (mp_runner.py:161) (23966)
2026-08-13 03:33:41,499 | [92mINFO[0m: [92mSpawnProcess-1:169 search 30s: actual_dur=30.023s, count=871, qps in this process: 29.0111[0m (mp_runner.py:161) (23996)
2026-08-13 03:33:41,502 | [92mINFO[0m: [92mSpawnProcess-1:168 search 30s: actual_dur=30.002s, count=1027, qps in this process: 34.2311[0m (mp_runner.py:161) (23995)
2026-08-13 03:33:41,508 | [92mINFO[0m: [92mSpawnProcess-1:116 search 30s: actual_dur=30.0356s, count=1050, qps in this process: 34.9585[0m (mp_runner.py:161) (23943)
2026-08-13 03:33:41,509 | [92mINFO[0m: [92mSpawnProcess-1:140 search 30s: actual_dur=30.0091s, count=936, qps in this process: 31.1905[0m (mp_runner.py:161) (23967)
2026-08-13 03:33:41,515 | [92mINFO[0m: [92mSpawnProcess-1:126 search 30s: actual_dur=30.0024s, count=1156, qps in this process: 38.5303[0m (mp_runner.py:161) (23953)
2026-08-13 03:33:41,518 | [92mINFO[0m: [92mSpawnProcess-1:166 search 30s: actual_dur=30.0012s, count=965, qps in this process: 32.1654[0m (mp_runner.py:161) (23993)
2026-08-13 03:33:41,522 | [92mINFO[0m: [92mSpawnProcess-1:133 search 30s: actual_dur=30.0015s, count=943, qps in this process: 31.4318[0m (mp_runner.py:161) (23960)
2026-08-13 03:33:41,524 | [92mINFO[0m: [92mSpawnProcess-1:164 search 30s: actual_dur=30.0111s, count=1122, qps in this process: 37.3862[0m (mp_runner.py:161) (23991)
2026-08-13 03:33:41,527 | [92mINFO[0m: [92mSpawnProcess-1:127 search 30s: actual_dur=30.0032s, count=989, qps in this process: 32.9632[0m (mp_runner.py:161) (23954)
2026-08-13 03:33:41,530 | [92mINFO[0m: [92mSpawnProcess-1:144 search 30s: actual_dur=30.0046s, count=908, qps in this process: 30.262[0m (mp_runner.py:161) (23971)
2026-08-13 03:33:41,532 | [92mINFO[0m: [92mSpawnProcess-1:146 search 30s: actual_dur=30.0018s, count=793, qps in this process: 26.4317[0m (mp_runner.py:161) (23973)
2026-08-13 03:33:41,536 | [92mINFO[0m: [92mSpawnProcess-1:143 search 30s: actual_dur=30.0081s, count=943, qps in this process: 31.4248[0m (mp_runner.py:161) (23970)
2026-08-13 03:33:41,537 | [92mINFO[0m: [92mSpawnProcess-1:121 search 30s: actual_dur=30.0125s, count=894, qps in this process: 29.7876[0m (mp_runner.py:161) (23948)
2026-08-13 03:33:41,538 | [92mINFO[0m: [92mSpawnProcess-1:115 search 30s: actual_dur=30.0018s, count=951, qps in this process: 31.6981[0m (mp_runner.py:161) (23942)
2026-08-13 03:33:41,541 | [92mINFO[0m: [92mSpawnProcess-1:137 search 30s: actual_dur=30.0052s, count=936, qps in this process: 31.1946[0m (mp_runner.py:161) (23964)
2026-08-13 03:33:41,545 | [92mINFO[0m: [92mSpawnProcess-1:156 search 30s: actual_dur=30.0013s, count=869, qps in this process: 28.9654[0m (mp_runner.py:161) (23983)
2026-08-13 03:33:41,546 | [92mINFO[0m: [92mSpawnProcess-1:131 search 30s: actual_dur=30.0192s, count=825, qps in this process: 27.4824[0m (mp_runner.py:161) (23958)
2026-08-13 03:33:41,547 | [92mINFO[0m: [92mSpawnProcess-1:114 search 30s: actual_dur=30.0027s, count=840, qps in this process: 27.9975[0m (mp_runner.py:161) (23939)
2026-08-13 03:33:41,549 | [92mINFO[0m: [92mSpawnProcess-1:128 search 30s: actual_dur=30.0051s, count=972, qps in this process: 32.3945[0m (mp_runner.py:161) (23955)
2026-08-13 03:33:41,550 | [92mINFO[0m: [92mSpawnProcess-1:155 search 30s: actual_dur=30.0057s, count=902, qps in this process: 30.061[0m (mp_runner.py:161) (23982)
2026-08-13 03:33:41,552 | [92mINFO[0m: [92mSpawnProcess-1:130 search 30s: actual_dur=30.0118s, count=957, qps in this process: 31.8875[0m (mp_runner.py:161) (23957)
2026-08-13 03:33:41,559 | [92mINFO[0m: [92mSpawnProcess-1:152 search 30s: actual_dur=30.0034s, count=1254, qps in this process: 41.7953[0m (mp_runner.py:161) (23979)
2026-08-13 03:33:41,563 | [92mINFO[0m: [92mSpawnProcess-1:162 search 30s: actual_dur=30.0027s, count=1052, qps in this process: 35.0635[0m (mp_runner.py:161) (23989)
2026-08-13 03:33:41,563 | [92mINFO[0m: [92mSpawnProcess-1:170 search 30s: actual_dur=30.0027s, count=1189, qps in this process: 39.6298[0m (mp_runner.py:161) (23997)
2026-08-13 03:33:41,564 | [92mINFO[0m: [92mSpawnProcess-1:160 search 30s: actual_dur=30.0002s, count=986, qps in this process: 32.8664[0m (mp_runner.py:161) (23987)
2026-08-13 03:33:41,564 | [92mINFO[0m: [92mSpawnProcess-1:167 search 30s: actual_dur=30.0045s, count=749, qps in this process: 24.9629[0m (mp_runner.py:161) (23994)
2026-08-13 03:33:41,574 | [92mINFO[0m: [92mSpawnProcess-1:153 search 30s: actual_dur=30.002s, count=1025, qps in this process: 34.1644[0m (mp_runner.py:161) (23980)
2026-08-13 03:33:41,590 | [92mINFO[0m: [92mSpawnProcess-1:171 search 30s: actual_dur=30.0025s, count=1000, qps in this process: 33.3306[0m (mp_runner.py:161) (23998)
2026-08-13 03:33:41,613 | [92mINFO[0m: [92mSpawnProcess-1:129 search 30s: actual_dur=30.0015s, count=962, qps in this process: 32.0651[0m (mp_runner.py:161) (23956)
2026-08-13 03:33:41,625 | [92mINFO[0m: [92mEnd search in concurrency 60: dur=30.290490743999953s, total_count=57186, qps=1887.9192[0m (mp_runner.py:212) (18681)
2026-08-13 03:33:44,195 | [92mINFO[0m: [92mStart search 30s in concurrency 80, filters: type=<FilterOp.NonFilter: 'NonFilter'> filter_rate=0.0 gt_file_name='neighbors.parquet'[0m (mp_runner.py:189) (18681)
2026-08-13 03:33:55,325 | [92mINFO[0m: [92mSyncing all process and start concurrency search, concurrency=80[0m (mp_runner.py:196) (18681)
2026-08-13 03:34:25,388 | [92mINFO[0m: [92mSpawnProcess-1:232 search 30s: actual_dur=30.0114s, count=905, qps in this process: 30.1552[0m (mp_runner.py:161) (25856)
2026-08-13 03:34:25,412 | [92mINFO[0m: [92mSpawnProcess-1:203 search 30s: actual_dur=30.0041s, count=526, qps in this process: 17.5309[0m (mp_runner.py:161) (25827)
2026-08-13 03:34:25,415 | [92mINFO[0m: [92mSpawnProcess-1:216 search 30s: actual_dur=30.0179s, count=769, qps in this process: 25.618[0m (mp_runner.py:161) (25840)
2026-08-13 03:34:25,428 | [92mINFO[0m: [92mSpawnProcess-1:185 search 30s: actual_dur=30.0022s, count=558, qps in this process: 18.5986[0m (mp_runner.py:161) (25809)
2026-08-13 03:34:25,430 | [92mINFO[0m: [92mSpawnProcess-1:175 search 30s: actual_dur=30.0136s, count=819, qps in this process: 27.2876[0m (mp_runner.py:161) (25797)
2026-08-13 03:34:25,433 | [92mINFO[0m: [92mSpawnProcess-1:178 search 30s: actual_dur=30.0076s, count=752, qps in this process: 25.0603[0m (mp_runner.py:161) (25802)
2026-08-13 03:34:25,434 | [92mINFO[0m: [92mSpawnProcess-1:234 search 30s: actual_dur=30.0214s, count=666, qps in this process: 22.1842[0m (mp_runner.py:161) (25858)
2026-08-13 03:34:25,439 | [92mINFO[0m: [92mSpawnProcess-1:223 search 30s: actual_dur=30.0224s, count=612, qps in this process: 20.3848[0m (mp_runner.py:161) (25847)
2026-08-13 03:34:25,444 | [92mINFO[0m: [92mSpawnProcess-1:209 search 30s: actual_dur=30.0202s, count=660, qps in this process: 21.9852[0m (mp_runner.py:161) (25833)
2026-08-13 03:34:25,444 | [92mINFO[0m: [92mSpawnProcess-1:187 search 30s: actual_dur=30.0159s, count=790, qps in this process: 26.3194[0m (mp_runner.py:161) (25811)
2026-08-13 03:34:25,445 | [92mINFO[0m: [92mSpawnProcess-1:237 search 30s: actual_dur=30.038s, count=662, qps in this process: 22.0388[0m (mp_runner.py:161) (25861)
2026-08-13 03:34:25,448 | [92mINFO[0m: [92mSpawnProcess-1:202 search 30s: actual_dur=30.009s, count=854, qps in this process: 28.4581[0m (mp_runner.py:161) (25826)
2026-08-13 03:34:25,452 | [92mINFO[0m: [92mSpawnProcess-1:186 search 30s: actual_dur=30.0329s, count=552, qps in this process: 18.3798[0m (mp_runner.py:161) (25810)
2026-08-13 03:34:25,452 | [92mINFO[0m: [92mSpawnProcess-1:188 search 30s: actual_dur=30.0065s, count=722, qps in this process: 24.0615[0m (mp_runner.py:161) (25812)
2026-08-13 03:34:25,453 | [92mINFO[0m: [92mSpawnProcess-1:206 search 30s: actual_dur=30.0018s, count=664, qps in this process: 22.132[0m (mp_runner.py:161) (25830)
2026-08-13 03:34:25,456 | [92mINFO[0m: [92mSpawnProcess-1:196 search 30s: actual_dur=30.0259s, count=668, qps in this process: 22.2475[0m (mp_runner.py:161) (25820)
2026-08-13 03:34:25,458 | [92mINFO[0m: [92mSpawnProcess-1:192 search 30s: actual_dur=30.007s, count=710, qps in this process: 23.6611[0m (mp_runner.py:161) (25816)
2026-08-13 03:34:25,460 | [92mINFO[0m: [92mSpawnProcess-1:229 search 30s: actual_dur=30.003s, count=1045, qps in this process: 34.8299[0m (mp_runner.py:161) (25853)
2026-08-13 03:34:25,461 | [92mINFO[0m: [92mSpawnProcess-1:207 search 30s: actual_dur=30.0156s, count=721, qps in this process: 24.0208[0m (mp_runner.py:161) (25831)
2026-08-13 03:34:25,464 | [92mINFO[0m: [92mSpawnProcess-1:199 search 30s: actual_dur=30.0317s, count=668, qps in this process: 22.2432[0m (mp_runner.py:161) (25823)
2026-08-13 03:34:25,467 | [92mINFO[0m: [92mSpawnProcess-1:193 search 30s: actual_dur=30.0375s, count=943, qps in this process: 31.3941[0m (mp_runner.py:161) (25817)
2026-08-13 03:34:25,468 | [92mINFO[0m: [92mSpawnProcess-1:205 search 30s: actual_dur=30.0033s, count=784, qps in this process: 26.1305[0m (mp_runner.py:161) (25829)
2026-08-13 03:34:25,468 | [92mINFO[0m: [92mSpawnProcess-1:227 search 30s: actual_dur=30.0169s, count=638, qps in this process: 21.2547[0m (mp_runner.py:161) (25851)
2026-08-13 03:34:25,479 | [92mINFO[0m: [92mSpawnProcess-1:200 search 30s: actual_dur=30.0068s, count=675, qps in this process: 22.4949[0m (mp_runner.py:161) (25824)
2026-08-13 03:34:25,480 | [92mINFO[0m: [92mSpawnProcess-1:243 search 30s: actual_dur=30.0106s, count=686, qps in this process: 22.8586[0m (mp_runner.py:161) (25867)
2026-08-13 03:34:25,480 | [92mINFO[0m: [92mSpawnProcess-1:176 search 30s: actual_dur=30.0513s, count=576, qps in this process: 19.1672[0m (mp_runner.py:161) (25800)
2026-08-13 03:34:25,480 | [92mINFO[0m: [92mSpawnProcess-1:231 search 30s: actual_dur=30.0237s, count=607, qps in this process: 20.2174[0m (mp_runner.py:161) (25855)
2026-08-13 03:34:25,488 | [92mINFO[0m: [92mSpawnProcess-1:226 search 30s: actual_dur=30.0288s, count=779, qps in this process: 25.9418[0m (mp_runner.py:161) (25850)
2026-08-13 03:34:25,491 | [92mINFO[0m: [92mSpawnProcess-1:197 search 30s: actual_dur=30.0104s, count=614, qps in this process: 20.4596[0m (mp_runner.py:161) (25821)
2026-08-13 03:34:25,493 | [92mINFO[0m: [92mSpawnProcess-1:181 search 30s: actual_dur=30.0227s, count=593, qps in this process: 19.7517[0m (mp_runner.py:161) (25805)
2026-08-13 03:34:25,500 | [92mINFO[0m: [92mSpawnProcess-1:194 search 30s: actual_dur=30.0195s, count=645, qps in this process: 21.486[0m (mp_runner.py:161) (25818)
2026-08-13 03:34:25,502 | [92mINFO[0m: [92mSpawnProcess-1:251 search 30s: actual_dur=30.0051s, count=742, qps in this process: 24.7291[0m (mp_runner.py:161) (25905)
2026-08-13 03:34:25,504 | [92mINFO[0m: [92mSpawnProcess-1:177 search 30s: actual_dur=30.0355s, count=972, qps in this process: 32.3617[0m (mp_runner.py:161) (25801)
2026-08-13 03:34:25,505 | [92mINFO[0m: [92mSpawnProcess-1:183 search 30s: actual_dur=30.0034s, count=582, qps in this process: 19.3978[0m (mp_runner.py:161) (25807)
2026-08-13 03:34:25,508 | [92mINFO[0m: [92mSpawnProcess-1:212 search 30s: actual_dur=30.0512s, count=753, qps in this process: 25.0572[0m (mp_runner.py:161) (25836)
2026-08-13 03:34:25,510 | [92mINFO[0m: [92mSpawnProcess-1:242 search 30s: actual_dur=30.006s, count=649, qps in this process: 21.629[0m (mp_runner.py:161) (25866)
2026-08-13 03:34:25,512 | [92mINFO[0m: [92mSpawnProcess-1:179 search 30s: actual_dur=30.0241s, count=760, qps in this process: 25.313[0m (mp_runner.py:161) (25803)
2026-08-13 03:34:25,513 | [92mINFO[0m: [92mSpawnProcess-1:184 search 30s: actual_dur=30.0007s, count=737, qps in this process: 24.5661[0m (mp_runner.py:161) (25808)
2026-08-13 03:34:25,515 | [92mINFO[0m: [92mSpawnProcess-1:246 search 30s: actual_dur=30.0225s, count=832, qps in this process: 27.7125[0m (mp_runner.py:161) (25885)
2026-08-13 03:34:25,517 | [92mINFO[0m: [92mSpawnProcess-1:198 search 30s: actual_dur=30.0224s, count=628, qps in this process: 20.9177[0m (mp_runner.py:161) (25822)
2026-08-13 03:34:25,517 | [92mINFO[0m: [92mSpawnProcess-1:180 search 30s: actual_dur=30.0093s, count=693, qps in this process: 23.0928[0m (mp_runner.py:161) (25804)
2026-08-13 03:34:25,519 | [92mINFO[0m: [92mSpawnProcess-1:211 search 30s: actual_dur=30.0054s, count=854, qps in this process: 28.4615[0m (mp_runner.py:161) (25835)
2026-08-13 03:34:25,525 | [92mINFO[0m: [92mSpawnProcess-1:235 search 30s: actual_dur=30.0226s, count=722, qps in this process: 24.0486[0m (mp_runner.py:161) (25859)
2026-08-13 03:34:25,527 | [92mINFO[0m: [92mSpawnProcess-1:208 search 30s: actual_dur=30.0016s, count=705, qps in this process: 23.4987[0m (mp_runner.py:161) (25832)
2026-08-13 03:34:25,528 | [92mINFO[0m: [92mSpawnProcess-1:182 search 30s: actual_dur=30.0031s, count=759, qps in this process: 25.2974[0m (mp_runner.py:161) (25806)
2026-08-13 03:34:25,532 | [92mINFO[0m: [92mSpawnProcess-1:238 search 30s: actual_dur=30.0068s, count=868, qps in this process: 28.9268[0m (mp_runner.py:161) (25862)
2026-08-13 03:34:25,533 | [92mINFO[0m: [92mSpawnProcess-1:241 search 30s: actual_dur=30.0212s, count=518, qps in this process: 17.2545[0m (mp_runner.py:161) (25865)
2026-08-13 03:34:25,539 | [92mINFO[0m: [92mSpawnProcess-1:240 search 30s: actual_dur=30.001s, count=727, qps in this process: 24.2325[0m (mp_runner.py:161) (25864)
2026-08-13 03:34:25,540 | [92mINFO[0m: [92mSpawnProcess-1:201 search 30s: actual_dur=30.004s, count=675, qps in this process: 22.497[0m (mp_runner.py:161) (25825)
2026-08-13 03:34:25,544 | [92mINFO[0m: [92mSpawnProcess-1:215 search 30s: actual_dur=30.0313s, count=843, qps in this process: 28.0707[0m (mp_runner.py:161) (25839)
2026-08-13 03:34:25,544 | [92mINFO[0m: [92mSpawnProcess-1:236 search 30s: actual_dur=30.0073s, count=551, qps in this process: 18.3622[0m (mp_runner.py:161) (25860)
2026-08-13 03:34:25,544 | [92mINFO[0m: [92mSpawnProcess-1:245 search 30s: actual_dur=30.0113s, count=693, qps in this process: 23.0913[0m (mp_runner.py:161) (25869)
2026-08-13 03:34:25,544 | [92mINFO[0m: [92mSpawnProcess-1:222 search 30s: actual_dur=30.0239s, count=835, qps in this process: 27.8112[0m (mp_runner.py:161) (25846)
2026-08-13 03:34:25,547 | [92mINFO[0m: [92mSpawnProcess-1:195 search 30s: actual_dur=30.0114s, count=809, qps in this process: 26.9564[0m (mp_runner.py:161) (25819)
2026-08-13 03:34:25,548 | [92mINFO[0m: [92mSpawnProcess-1:220 search 30s: actual_dur=30.0044s, count=696, qps in this process: 23.1966[0m (mp_runner.py:161) (25844)
2026-08-13 03:34:25,549 | [92mINFO[0m: [92mSpawnProcess-1:210 search 30s: actual_dur=30.0013s, count=775, qps in this process: 25.8322[0m (mp_runner.py:161) (25834)
2026-08-13 03:34:25,549 | [92mINFO[0m: [92mSpawnProcess-1:247 search 30s: actual_dur=30.0133s, count=756, qps in this process: 25.1888[0m (mp_runner.py:161) (25886)
2026-08-13 03:34:25,554 | [92mINFO[0m: [92mSpawnProcess-1:253 search 30s: actual_dur=30.0293s, count=814, qps in this process: 27.1069[0m (mp_runner.py:161) (25907)
2026-08-13 03:34:25,554 | [92mINFO[0m: [92mSpawnProcess-1:217 search 30s: actual_dur=30.0125s, count=608, qps in this process: 20.2582[0m (mp_runner.py:161) (25841)
2026-08-13 03:34:25,554 | [92mINFO[0m: [92mSpawnProcess-1:214 search 30s: actual_dur=30.0337s, count=699, qps in this process: 23.2739[0m (mp_runner.py:161) (25838)
2026-08-13 03:34:25,554 | [92mINFO[0m: [92mSpawnProcess-1:248 search 30s: actual_dur=30.0113s, count=583, qps in this process: 19.426[0m (mp_runner.py:161) (25887)
2026-08-13 03:34:25,554 | [92mINFO[0m: [92mSpawnProcess-1:233 search 30s: actual_dur=30.0054s, count=516, qps in this process: 17.1969[0m (mp_runner.py:161) (25857)
2026-08-13 03:34:25,557 | [92mINFO[0m: [92mSpawnProcess-1:225 search 30s: actual_dur=30.0297s, count=716, qps in this process: 23.8431[0m (mp_runner.py:161) (25849)
2026-08-13 03:34:25,560 | [92mINFO[0m: [92mSpawnProcess-1:250 search 30s: actual_dur=30.0042s, count=752, qps in this process: 25.0632[0m (mp_runner.py:161) (25904)
2026-08-13 03:34:25,566 | [92mINFO[0m: [92mSpawnProcess-1:190 search 30s: actual_dur=30.0106s, count=582, qps in this process: 19.3931[0m (mp_runner.py:161) (25814)
2026-08-13 03:34:25,573 | [92mINFO[0m: [92mSpawnProcess-1:191 search 30s: actual_dur=30.0168s, count=684, qps in this process: 22.7872[0m (mp_runner.py:161) (25815)
2026-08-13 03:34:25,573 | [92mINFO[0m: [92mSpawnProcess-1:239 search 30s: actual_dur=30.0248s, count=675, qps in this process: 22.4814[0m (mp_runner.py:161) (25863)
2026-08-13 03:34:25,576 | [92mINFO[0m: [92mSpawnProcess-1:219 search 30s: actual_dur=30.0233s, count=616, qps in this process: 20.5174[0m (mp_runner.py:161) (25843)
2026-08-13 03:34:25,576 | [92mINFO[0m: [92mSpawnProcess-1:252 search 30s: actual_dur=30.024s, count=622, qps in this process: 20.7168[0m (mp_runner.py:161) (25906)
2026-08-13 03:34:25,578 | [92mINFO[0m: [92mSpawnProcess-1:224 search 30s: actual_dur=30.0008s, count=605, qps in this process: 20.1661[0m (mp_runner.py:161) (25848)
2026-08-13 03:34:25,583 | [92mINFO[0m: [92mSpawnProcess-1:228 search 30s: actual_dur=30.0124s, count=824, qps in this process: 27.4553[0m (mp_runner.py:161) (25852)
2026-08-13 03:34:25,585 | [92mINFO[0m: [92mSpawnProcess-1:244 search 30s: actual_dur=30.0205s, count=713, qps in this process: 23.7504[0m (mp_runner.py:161) (25868)
2026-08-13 03:34:25,588 | [92mINFO[0m: [92mSpawnProcess-1:218 search 30s: actual_dur=30.0358s, count=622, qps in this process: 20.7086[0m (mp_runner.py:161) (25842)
2026-08-13 03:34:25,589 | [92mINFO[0m: [92mSpawnProcess-1:230 search 30s: actual_dur=30.0127s, count=633, qps in this process: 21.0911[0m (mp_runner.py:161) (25854)
2026-08-13 03:34:25,597 | [92mINFO[0m: [92mSpawnProcess-1:213 search 30s: actual_dur=30.021s, count=762, qps in this process: 25.3822[0m (mp_runner.py:161) (25837)
2026-08-13 03:34:25,600 | [92mINFO[0m: [92mSpawnProcess-1:221 search 30s: actual_dur=30.0364s, count=709, qps in this process: 23.6047[0m (mp_runner.py:161) (25845)
2026-08-13 03:34:25,605 | [92mINFO[0m: [92mSpawnProcess-1:189 search 30s: actual_dur=30.0087s, count=741, qps in this process: 24.6928[0m (mp_runner.py:161) (25813)
2026-08-13 03:34:25,606 | [92mINFO[0m: [92mSpawnProcess-1:249 search 30s: actual_dur=30.0314s, count=703, qps in this process: 23.4088[0m (mp_runner.py:161) (25903)
2026-08-13 03:34:25,631 | [92mINFO[0m: [92mSpawnProcess-1:204 search 30s: actual_dur=30.0032s, count=760, qps in this process: 25.3306[0m (mp_runner.py:161) (25828)
2026-08-13 03:34:25,637 | [92mINFO[0m: [92mSpawnProcess-1:254 search 30s: actual_dur=30.0012s, count=763, qps in this process: 25.4323[0m (mp_runner.py:161) (25908)
2026-08-13 03:34:25,652 | [92mINFO[0m: [92mEnd search in concurrency 80: dur=30.326059865999923s, total_count=56699, qps=1869.6461[0m (mp_runner.py:212) (18681)
2026-08-13 03:34:27,918 | [92mINFO[0m: [92mSpawnProcess-1 start serial search[0m (serial_runner.py:296) (18681)
2026-08-13 03:34:28,768 | [92mINFO[0m: [92mSpawnProcess-1:255 start search the entire test_data to get recall and latency[0m (serial_runner.py:209) (28186)
2026-08-13 03:34:47,942 | [92mINFO[0m: [92mSpawnProcess-1:255 search entire test_data: cost=18.977s, queries=6980, avg_recall=0.8464, avg_ndcg=0.7351, avg_mrr=0.7034, avg_latency=0.0027, p99=0.0035, p95=0.0031[0m (serial_runner.py:264) (28186)
2026-08-13 03:34:48,100 | [92mINFO[0m: [92mPerformance case got result: Metric(max_load_count=0, insert_duration=24.4442, optimize_duration=3.2141, load_duration=27.6584, qps=1910.3461, serial_latency_p99=np.float64(0.0035), serial_latency_p95=np.float64(0.0031), recall=np.float64(0.8464), ndcg=np.float64(0.7351), mrr=np.float64(0.7034), conc_num_list=[1, 5, 10, 20, 30, 40, 60, 80], conc_qps_list=[400.7504, 1331.31, 1734.0091, 1903.282, 1910.3461, 1872.0352, 1887.9192, 1869.6461], conc_latency_p99_list=[np.float64(0.0032076271600226377), np.float64(0.005048868309900172), np.float64(0.008313113520016487), np.float64(0.023426358319934455), np.float64(0.03731323601991789), np.float64(0.04808334700001523), np.float64(0.07963188009994161), np.float64(0.102921881000011)], conc_latency_p95_list=[np.float64(0.002861312599941356), np.float64(0.004248742899892476), np.float64(0.0075918219999493875), np.float64(0.017834264400039494), np.float64(0.02844119379999483), np.float64(0.036836107200019785), np.float64(0.06361731200001941), np.float64(0.08213251220001892)], conc_latency_avg_list=[np.float64(0.0024920842500414596), np.float64(0.0037483862096799616), np.float64(0.0057486190512919715), np.float64(0.010460973054009079), np.float64(0.015599327968879341), np.float64(0.021189828383121893), np.float64(0.03147937603499141), np.float64(0.0423438844046632)], payload_profile='ids_only', payload_estimated_bytes_per_query=200, inserted_count=100000, insert_rows_per_second=0.0, insert_completion_seconds=0.0, searchable_after_insert_seconds=0.0, indexed_after_searchable_seconds=0.0, additional_parameters={'num_per_batch': 100, 'load_concurrency': 0}, st_ideal_insert_duration=0, st_search_stage_list=[], st_search_time_list=[], st_max_qps_list_list=[], st_recall_list=[], st_ndcg_list=[], st_serial_latency_p99_list=[], st_serial_latency_p95_list=[], st_conc_failed_rate_list=[], st_conc_num_list_list=[], st_conc_qps_list_list=[], st_conc_latency_p99_list_list=[], st_conc_latency_p95_list_list=[], st_conc_latency_avg_list_list=[])[0m (task_runner.py:383) (18681)
2026-08-13 03:34:48,100 | [92mINFO[0m: [92m[1/1] finish case: {'label': <CaseLabel.FullTextSearchPerformance: 6>, 'name': 'FTS BM25 Performance - MS MARCO Small (100K documents)', 'dataset': {'data': {'name': 'MS MARCO', 'size': 100000, 'metric_type': <MetricType.BM25: 'BM25'>}}, 'db': 'TheoDB-com-stemming'}, result=Metric(max_load_count=0, insert_duration=24.4442, optimize_duration=3.2141, load_duration=27.6584, qps=1910.3461, serial_latency_p99=np.float64(0.0035), serial_latency_p95=np.float64(0.0031), recall=np.float64(0.8464), ndcg=np.float64(0.7351), mrr=np.float64(0.7034), conc_num_list=[1, 5, 10, 20, 30, 40, 60, 80], conc_qps_list=[400.7504, 1331.31, 1734.0091, 1903.282, 1910.3461, 1872.0352, 1887.9192, 1869.6461], conc_latency_p99_list=[np.float64(0.0032076271600226377), np.float64(0.005048868309900172), np.float64(0.008313113520016487), np.float64(0.023426358319934455), np.float64(0.03731323601991789), np.float64(0.04808334700001523), np.float64(0.07963188009994161), np.float64(0.102921881000011)], conc_latency_p95_list=[np.float64(0.002861312599941356), np.float64(0.004248742899892476), np.float64(0.0075918219999493875), np.float64(0.017834264400039494), np.float64(0.02844119379999483), np.float64(0.036836107200019785), np.float64(0.06361731200001941), np.float64(0.08213251220001892)], conc_latency_avg_list=[np.float64(0.0024920842500414596), np.float64(0.0037483862096799616), np.float64(0.0057486190512919715), np.float64(0.010460973054009079), np.float64(0.015599327968879341), np.float64(0.021189828383121893), np.float64(0.03147937603499141), np.float64(0.0423438844046632)], payload_profile='ids_only', payload_estimated_bytes_per_query=200, inserted_count=100000, insert_rows_per_second=0.0, insert_completion_seconds=0.0, searchable_after_insert_seconds=0.0, indexed_after_searchable_seconds=0.0, additional_parameters={'num_per_batch': 100, 'load_concurrency': 0}, st_ideal_insert_duration=0, st_search_stage_list=[], st_search_time_list=[], st_max_qps_list_list=[], st_recall_list=[], st_ndcg_list=[], st_serial_latency_p99_list=[], st_serial_latency_p95_list=[], st_conc_failed_rate_list=[], st_conc_num_list_list=[], st_conc_qps_list_list=[], st_conc_latency_p99_list_list=[], st_conc_latency_p95_list_list=[], st_conc_latency_avg_list_list=[]), label=ResultLabel.NORMAL[0m (interface.py:187) (18681)
2026-08-13 03:34:48,101 | INFO |Task summary: run_id=d5073, task_label=d5073bfaf3454bcc97a39bfa7cbff284 (models.py:569)
2026-08-13 03:34:48,101 | INFO |DB     | db_label        case                                                   label                            | load_dur    qps          latency(p99)    latency(p95)    recall        max_load_count | label (models.py:569)
2026-08-13 03:34:48,101 | INFO |------ | --------------- ------------------------------------------------------ -------------------------------- | ----------- ------------ --------------- --------------- ------------- -------------- | ----- (models.py:569)
2026-08-13 03:34:48,101 | INFO |TheoDB | com-stemming    FTS BM25 Performance - MS MARCO Small (100K documents) d5073bfaf3454bcc97a39bfa7cbff284 | 27.6584     1910.3461    0.0035          0.0031          0.8464        0              | :)    (models.py:569)
2026-08-13 03:34:48,101 | [92mINFO[0m: [92mwrite results to disk /root/ab/venv/lib/python3.11/site-packages/vectordb_bench/results/TheoDB/result_20260813_d5073bfaf3454bcc97a39bfa7cbff284_theodb.json[0m (models.py:400) (18681)
2026-08-13 03:34:48,102 | [92mINFO[0m: [92mSuccess to finish task: label=d5073bfaf3454bcc97a39bfa7cbff284, run_id=d5073bfaf3454bcc97a39bfa7cbff284[0m (interface.py:224) (18681)
